// Jest Snapshot v1, https://goo.gl/fbAQLP

exports[`Ionicon Icons should ensure the export names have not changed unexpectedly 1`] = `
Array [
  "IonAccessibilityOutline",
  "IonAccessibilitySharp",
  "IonAccessibility",
  "IonAddCircleOutline",
  "IonAddCircleSharp",
  "IonAddCircle",
  "IonAddOutline",
  "IonAddSharp",
  "IonAdd",
  "IonAirplaneOutline",
  "IonAirplaneSharp",
  "IonAirplane",
  "IonAlarmOutline",
  "IonAlarmSharp",
  "IonAlarm",
  "IonAlbumsOutline",
  "IonAlbumsSharp",
  "IonAlbums",
  "IonAlertCircleOutline",
  "IonAlertCircleSharp",
  "IonAlertCircle",
  "IonAlertOutline",
  "IonAlertSharp",
  "IonAlert",
  "IonAmericanFootballOutline",
  "IonAmericanFootballSharp",
  "IonAmericanFootball",
  "IonAnalyticsOutline",
  "IonAnalyticsSharp",
  "IonAnalytics",
  "IonApertureOutline",
  "IonApertureSharp",
  "IonAperture",
  "IonAppsOutline",
  "IonAppsSharp",
  "IonApps",
  "IonArchiveOutline",
  "IonArchiveSharp",
  "IonArchive",
  "IonArrowBackCircleOutline",
  "IonArrowBackCircleSharp",
  "IonArrowBackCircle",
  "IonArrowBackOutline",
  "IonArrowBackSharp",
  "IonArrowBack",
  "IonArrowDownCircleOutline",
  "IonArrowDownCircleSharp",
  "IonArrowDownCircle",
  "IonArrowDownOutline",
  "IonArrowDownSharp",
  "IonArrowDown",
  "IonArrowForwardCircleOutline",
  "IonArrowForwardCircleSharp",
  "IonArrowForwardCircle",
  "IonArrowForwardOutline",
  "IonArrowForwardSharp",
  "IonArrowForward",
  "IonArrowRedoCircleOutline",
  "IonArrowRedoCircleSharp",
  "IonArrowRedoCircle",
  "IonArrowRedoOutline",
  "IonArrowRedoSharp",
  "IonArrowRedo",
  "IonArrowUndoCircleOutline",
  "IonArrowUndoCircleSharp",
  "IonArrowUndoCircle",
  "IonArrowUndoOutline",
  "IonArrowUndoSharp",
  "IonArrowUndo",
  "IonArrowUpCircleOutline",
  "IonArrowUpCircleSharp",
  "IonArrowUpCircle",
  "IonArrowUpOutline",
  "IonArrowUpSharp",
  "IonArrowUp",
  "IonAtCircleOutline",
  "IonAtCircleSharp",
  "IonAtCircle",
  "IonAtOutline",
  "IonAtSharp",
  "IonAt",
  "IonAttachOutline",
  "IonAttachSharp",
  "IonAttach",
  "IonBackspaceOutline",
  "IonBackspaceSharp",
  "IonBackspace",
  "IonBagAddOutline",
  "IonBagAddSharp",
  "IonBagAdd",
  "IonBagCheckOutline",
  "IonBagCheckSharp",
  "IonBagCheck",
  "IonBagHandleOutline",
  "IonBagHandleSharp",
  "IonBagHandle",
  "IonBagOutline",
  "IonBagRemoveOutline",
  "IonBagRemoveSharp",
  "IonBagRemove",
  "IonBagSharp",
  "IonBag",
  "IonBalloonOutline",
  "IonBalloonSharp",
  "IonBalloon",
  "IonBanOutline",
  "IonBanSharp",
  "IonBan",
  "IonBandageOutline",
  "IonBandageSharp",
  "IonBandage",
  "IonBarChartOutline",
  "IonBarChartSharp",
  "IonBarChart",
  "IonBarbellOutline",
  "IonBarbellSharp",
  "IonBarbell",
  "IonBarcodeOutline",
  "IonBarcodeSharp",
  "IonBarcode",
  "IonBaseballOutline",
  "IonBaseballSharp",
  "IonBaseball",
  "IonBasketOutline",
  "IonBasketSharp",
  "IonBasket",
  "IonBasketballOutline",
  "IonBasketballSharp",
  "IonBasketball",
  "IonBatteryChargingOutline",
  "IonBatteryChargingSharp",
  "IonBatteryCharging",
  "IonBatteryDeadOutline",
  "IonBatteryDeadSharp",
  "IonBatteryDead",
  "IonBatteryFullOutline",
  "IonBatteryFullSharp",
  "IonBatteryFull",
  "IonBatteryHalfOutline",
  "IonBatteryHalfSharp",
  "IonBatteryHalf",
  "IonBeakerOutline",
  "IonBeakerSharp",
  "IonBeaker",
  "IonBedOutline",
  "IonBedSharp",
  "IonBed",
  "IonBeerOutline",
  "IonBeerSharp",
  "IonBeer",
  "IonBicycleOutline",
  "IonBicycleSharp",
  "IonBicycle",
  "IonBluetoothOutline",
  "IonBluetoothSharp",
  "IonBluetooth",
  "IonBoatOutline",
  "IonBoatSharp",
  "IonBoat",
  "IonBodyOutline",
  "IonBodySharp",
  "IonBody",
  "IonBonfireOutline",
  "IonBonfireSharp",
  "IonBonfire",
  "IonBookOutline",
  "IonBookSharp",
  "IonBook",
  "IonBookmarkOutline",
  "IonBookmarkSharp",
  "IonBookmark",
  "IonBookmarksOutline",
  "IonBookmarksSharp",
  "IonBookmarks",
  "IonBowlingBallOutline",
  "IonBowlingBallSharp",
  "IonBowlingBall",
  "IonBriefcaseOutline",
  "IonBriefcaseSharp",
  "IonBriefcase",
  "IonBrowsersOutline",
  "IonBrowsersSharp",
  "IonBrowsers",
  "IonBrushOutline",
  "IonBrushSharp",
  "IonBrush",
  "IonBugOutline",
  "IonBugSharp",
  "IonBug",
  "IonBuildOutline",
  "IonBuildSharp",
  "IonBuild",
  "IonBulbOutline",
  "IonBulbSharp",
  "IonBulb",
  "IonBusOutline",
  "IonBusSharp",
  "IonBus",
  "IonBusinessOutline",
  "IonBusinessSharp",
  "IonBusiness",
  "IonCafeOutline",
  "IonCafeSharp",
  "IonCafe",
  "IonCalculatorOutline",
  "IonCalculatorSharp",
  "IonCalculator",
  "IonCalendarClearOutline",
  "IonCalendarClearSharp",
  "IonCalendarClear",
  "IonCalendarNumberOutline",
  "IonCalendarNumberSharp",
  "IonCalendarNumber",
  "IonCalendarOutline",
  "IonCalendarSharp",
  "IonCalendar",
  "IonCallOutline",
  "IonCallSharp",
  "IonCall",
  "IonCameraOutline",
  "IonCameraReverseOutline",
  "IonCameraReverseSharp",
  "IonCameraReverse",
  "IonCameraSharp",
  "IonCamera",
  "IonCarOutline",
  "IonCarSharp",
  "IonCarSportOutline",
  "IonCarSportSharp",
  "IonCarSport",
  "IonCar",
  "IonCardOutline",
  "IonCardSharp",
  "IonCard",
  "IonCaretBackCircleOutline",
  "IonCaretBackCircleSharp",
  "IonCaretBackCircle",
  "IonCaretBackOutline",
  "IonCaretBackSharp",
  "IonCaretBack",
  "IonCaretDownCircleOutline",
  "IonCaretDownCircleSharp",
  "IonCaretDownCircle",
  "IonCaretDownOutline",
  "IonCaretDownSharp",
  "IonCaretDown",
  "IonCaretForwardCircleOutline",
  "IonCaretForwardCircleSharp",
  "IonCaretForwardCircle",
  "IonCaretForwardOutline",
  "IonCaretForwardSharp",
  "IonCaretForward",
  "IonCaretUpCircleOutline",
  "IonCaretUpCircleSharp",
  "IonCaretUpCircle",
  "IonCaretUpOutline",
  "IonCaretUpSharp",
  "IonCaretUp",
  "IonCartOutline",
  "IonCartSharp",
  "IonCart",
  "IonCashOutline",
  "IonCashSharp",
  "IonCash",
  "IonCellularOutline",
  "IonCellularSharp",
  "IonCellular",
  "IonChatboxEllipsesOutline",
  "IonChatboxEllipsesSharp",
  "IonChatboxEllipses",
  "IonChatboxOutline",
  "IonChatboxSharp",
  "IonChatbox",
  "IonChatbubbleEllipsesOutline",
  "IonChatbubbleEllipsesSharp",
  "IonChatbubbleEllipses",
  "IonChatbubbleOutline",
  "IonChatbubbleSharp",
  "IonChatbubble",
  "IonChatbubblesOutline",
  "IonChatbubblesSharp",
  "IonChatbubbles",
  "IonCheckboxOutline",
  "IonCheckboxSharp",
  "IonCheckbox",
  "IonCheckmarkCircleOutline",
  "IonCheckmarkCircleSharp",
  "IonCheckmarkCircle",
  "IonCheckmarkDoneCircleOutline",
  "IonCheckmarkDoneCircleSharp",
  "IonCheckmarkDoneCircle",
  "IonCheckmarkDoneOutline",
  "IonCheckmarkDoneSharp",
  "IonCheckmarkDone",
  "IonCheckmarkOutline",
  "IonCheckmarkSharp",
  "IonCheckmark",
  "IonChevronBackCircleOutline",
  "IonChevronBackCircleSharp",
  "IonChevronBackCircle",
  "IonChevronBackOutline",
  "IonChevronBackSharp",
  "IonChevronBack",
  "IonChevronDownCircleOutline",
  "IonChevronDownCircleSharp",
  "IonChevronDownCircle",
  "IonChevronDownOutline",
  "IonChevronDownSharp",
  "IonChevronDown",
  "IonChevronForwardCircleOutline",
  "IonChevronForwardCircleSharp",
  "IonChevronForwardCircle",
  "IonChevronForwardOutline",
  "IonChevronForwardSharp",
  "IonChevronForward",
  "IonChevronUpCircleOutline",
  "IonChevronUpCircleSharp",
  "IonChevronUpCircle",
  "IonChevronUpOutline",
  "IonChevronUpSharp",
  "IonChevronUp",
  "IonClipboardOutline",
  "IonClipboardSharp",
  "IonClipboard",
  "IonCloseCircleOutline",
  "IonCloseCircleSharp",
  "IonCloseCircle",
  "IonCloseOutline",
  "IonCloseSharp",
  "IonClose",
  "IonCloudCircleOutline",
  "IonCloudCircleSharp",
  "IonCloudCircle",
  "IonCloudDoneOutline",
  "IonCloudDoneSharp",
  "IonCloudDone",
  "IonCloudDownloadOutline",
  "IonCloudDownloadSharp",
  "IonCloudDownload",
  "IonCloudOfflineOutline",
  "IonCloudOfflineSharp",
  "IonCloudOffline",
  "IonCloudOutline",
  "IonCloudSharp",
  "IonCloudUploadOutline",
  "IonCloudUploadSharp",
  "IonCloudUpload",
  "IonCloud",
  "IonCloudyNightOutline",
  "IonCloudyNightSharp",
  "IonCloudyNight",
  "IonCloudyOutline",
  "IonCloudySharp",
  "IonCloudy",
  "IonCodeDownloadOutline",
  "IonCodeDownloadSharp",
  "IonCodeDownload",
  "IonCodeOutline",
  "IonCodeSharp",
  "IonCodeSlashOutline",
  "IonCodeSlashSharp",
  "IonCodeSlash",
  "IonCodeWorkingOutline",
  "IonCodeWorkingSharp",
  "IonCodeWorking",
  "IonCode",
  "IonCogOutline",
  "IonCogSharp",
  "IonCog",
  "IonColorFillOutline",
  "IonColorFillSharp",
  "IonColorFill",
  "IonColorFilterOutline",
  "IonColorFilterSharp",
  "IonColorFilter",
  "IonColorPaletteOutline",
  "IonColorPaletteSharp",
  "IonColorPalette",
  "IonColorWandOutline",
  "IonColorWandSharp",
  "IonColorWand",
  "IonCompassOutline",
  "IonCompassSharp",
  "IonCompass",
  "IonConstructOutline",
  "IonConstructSharp",
  "IonConstruct",
  "IonContractOutline",
  "IonContractSharp",
  "IonContract",
  "IonContrastOutline",
  "IonContrastSharp",
  "IonContrast",
  "IonCopyOutline",
  "IonCopySharp",
  "IonCopy",
  "IonCreateOutline",
  "IonCreateSharp",
  "IonCreate",
  "IonCropOutline",
  "IonCropSharp",
  "IonCrop",
  "IonCubeOutline",
  "IonCubeSharp",
  "IonCube",
  "IonCutOutline",
  "IonCutSharp",
  "IonCut",
  "IonDesktopOutline",
  "IonDesktopSharp",
  "IonDesktop",
  "IonDiamondOutline",
  "IonDiamondSharp",
  "IonDiamond",
  "IonDiceOutline",
  "IonDiceSharp",
  "IonDice",
  "IonDiscOutline",
  "IonDiscSharp",
  "IonDisc",
  "IonDocumentAttachOutline",
  "IonDocumentAttachSharp",
  "IonDocumentAttach",
  "IonDocumentLockOutline",
  "IonDocumentLockSharp",
  "IonDocumentLock",
  "IonDocumentOutline",
  "IonDocumentSharp",
  "IonDocumentTextOutline",
  "IonDocumentTextSharp",
  "IonDocumentText",
  "IonDocument",
  "IonDocumentsOutline",
  "IonDocumentsSharp",
  "IonDocuments",
  "IonDownloadOutline",
  "IonDownloadSharp",
  "IonDownload",
  "IonDuplicateOutline",
  "IonDuplicateSharp",
  "IonDuplicate",
  "IonEarOutline",
  "IonEarSharp",
  "IonEar",
  "IonEarthOutline",
  "IonEarthSharp",
  "IonEarth",
  "IonEaselOutline",
  "IonEaselSharp",
  "IonEasel",
  "IonEggOutline",
  "IonEggSharp",
  "IonEgg",
  "IonEllipseOutline",
  "IonEllipseSharp",
  "IonEllipse",
  "IonEllipsisHorizontalCircleOutline",
  "IonEllipsisHorizontalCircleSharp",
  "IonEllipsisHorizontalCircle",
  "IonEllipsisHorizontalOutline",
  "IonEllipsisHorizontalSharp",
  "IonEllipsisHorizontal",
  "IonEllipsisVerticalCircleOutline",
  "IonEllipsisVerticalCircleSharp",
  "IonEllipsisVerticalCircle",
  "IonEllipsisVerticalOutline",
  "IonEllipsisVerticalSharp",
  "IonEllipsisVertical",
  "IonEnterOutline",
  "IonEnterSharp",
  "IonEnter",
  "IonExitOutline",
  "IonExitSharp",
  "IonExit",
  "IonExpandOutline",
  "IonExpandSharp",
  "IonExpand",
  "IonExtensionPuzzleOutline",
  "IonExtensionPuzzleSharp",
  "IonExtensionPuzzle",
  "IonEyeOffOutline",
  "IonEyeOffSharp",
  "IonEyeOff",
  "IonEyeOutline",
  "IonEyeSharp",
  "IonEye",
  "IonEyedropOutline",
  "IonEyedropSharp",
  "IonEyedrop",
  "IonFastFoodOutline",
  "IonFastFoodSharp",
  "IonFastFood",
  "IonFemaleOutline",
  "IonFemaleSharp",
  "IonFemale",
  "IonFileTrayFullOutline",
  "IonFileTrayFullSharp",
  "IonFileTrayFull",
  "IonFileTrayOutline",
  "IonFileTraySharp",
  "IonFileTrayStackedOutline",
  "IonFileTrayStackedSharp",
  "IonFileTrayStacked",
  "IonFileTray",
  "IonFilmOutline",
  "IonFilmSharp",
  "IonFilm",
  "IonFilterCircleOutline",
  "IonFilterCircleSharp",
  "IonFilterCircle",
  "IonFilterOutline",
  "IonFilterSharp",
  "IonFilter",
  "IonFingerPrintOutline",
  "IonFingerPrintSharp",
  "IonFingerPrint",
  "IonFishOutline",
  "IonFishSharp",
  "IonFish",
  "IonFitnessOutline",
  "IonFitnessSharp",
  "IonFitness",
  "IonFlagOutline",
  "IonFlagSharp",
  "IonFlag",
  "IonFlameOutline",
  "IonFlameSharp",
  "IonFlame",
  "IonFlashOffOutline",
  "IonFlashOffSharp",
  "IonFlashOff",
  "IonFlashOutline",
  "IonFlashSharp",
  "IonFlash",
  "IonFlashlightOutline",
  "IonFlashlightSharp",
  "IonFlashlight",
  "IonFlaskOutline",
  "IonFlaskSharp",
  "IonFlask",
  "IonFlowerOutline",
  "IonFlowerSharp",
  "IonFlower",
  "IonFolderOpenOutline",
  "IonFolderOpenSharp",
  "IonFolderOpen",
  "IonFolderOutline",
  "IonFolderSharp",
  "IonFolder",
  "IonFootballOutline",
  "IonFootballSharp",
  "IonFootball",
  "IonFootstepsOutline",
  "IonFootstepsSharp",
  "IonFootsteps",
  "IonFunnelOutline",
  "IonFunnelSharp",
  "IonFunnel",
  "IonGameControllerOutline",
  "IonGameControllerSharp",
  "IonGameController",
  "IonGiftOutline",
  "IonGiftSharp",
  "IonGift",
  "IonGitBranchOutline",
  "IonGitBranchSharp",
  "IonGitBranch",
  "IonGitCommitOutline",
  "IonGitCommitSharp",
  "IonGitCommit",
  "IonGitCompareOutline",
  "IonGitCompareSharp",
  "IonGitCompare",
  "IonGitMergeOutline",
  "IonGitMergeSharp",
  "IonGitMerge",
  "IonGitNetworkOutline",
  "IonGitNetworkSharp",
  "IonGitNetwork",
  "IonGitPullRequestOutline",
  "IonGitPullRequestSharp",
  "IonGitPullRequest",
  "IonGlassesOutline",
  "IonGlassesSharp",
  "IonGlasses",
  "IonGlobeOutline",
  "IonGlobeSharp",
  "IonGlobe",
  "IonGolfOutline",
  "IonGolfSharp",
  "IonGolf",
  "IonGridOutline",
  "IonGridSharp",
  "IonGrid",
  "IonHammerOutline",
  "IonHammerSharp",
  "IonHammer",
  "IonHandLeftOutline",
  "IonHandLeftSharp",
  "IonHandLeft",
  "IonHandRightOutline",
  "IonHandRightSharp",
  "IonHandRight",
  "IonHappyOutline",
  "IonHappySharp",
  "IonHappy",
  "IonHardwareChipOutline",
  "IonHardwareChipSharp",
  "IonHardwareChip",
  "IonHeadsetOutline",
  "IonHeadsetSharp",
  "IonHeadset",
  "IonHeartCircleOutline",
  "IonHeartCircleSharp",
  "IonHeartCircle",
  "IonHeartDislikeCircleOutline",
  "IonHeartDislikeCircleSharp",
  "IonHeartDislikeCircle",
  "IonHeartDislikeOutline",
  "IonHeartDislikeSharp",
  "IonHeartDislike",
  "IonHeartHalfOutline",
  "IonHeartHalfSharp",
  "IonHeartHalf",
  "IonHeartOutline",
  "IonHeartSharp",
  "IonHeart",
  "IonHelpBuoyOutline",
  "IonHelpBuoySharp",
  "IonHelpBuoy",
  "IonHelpCircleOutline",
  "IonHelpCircleSharp",
  "IonHelpCircle",
  "IonHelpOutline",
  "IonHelpSharp",
  "IonHelp",
  "IonHomeOutline",
  "IonHomeSharp",
  "IonHome",
  "IonHourglassOutline",
  "IonHourglassSharp",
  "IonHourglass",
  "IonIceCreamOutline",
  "IonIceCreamSharp",
  "IonIceCream",
  "IonIdCardOutline",
  "IonIdCardSharp",
  "IonIdCard",
  "IonImageOutline",
  "IonImageSharp",
  "IonImage",
  "IonImagesOutline",
  "IonImagesSharp",
  "IonImages",
  "IonInfiniteOutline",
  "IonInfiniteSharp",
  "IonInfinite",
  "IonInformationCircleOutline",
  "IonInformationCircleSharp",
  "IonInformationCircle",
  "IonInformationOutline",
  "IonInformationSharp",
  "IonInformation",
  "IonInvertModeOutline",
  "IonInvertModeSharp",
  "IonInvertMode",
  "IonJournalOutline",
  "IonJournalSharp",
  "IonJournal",
  "IonKeyOutline",
  "IonKeySharp",
  "IonKey",
  "IonKeypadOutline",
  "IonKeypadSharp",
  "IonKeypad",
  "IonLanguageOutline",
  "IonLanguageSharp",
  "IonLanguage",
  "IonLaptopOutline",
  "IonLaptopSharp",
  "IonLaptop",
  "IonLayersOutline",
  "IonLayersSharp",
  "IonLayers",
  "IonLeafOutline",
  "IonLeafSharp",
  "IonLeaf",
  "IonLibraryOutline",
  "IonLibrarySharp",
  "IonLibrary",
  "IonLinkOutline",
  "IonLinkSharp",
  "IonLink",
  "IonListCircleOutline",
  "IonListCircleSharp",
  "IonListCircle",
  "IonListOutline",
  "IonListSharp",
  "IonList",
  "IonLocateOutline",
  "IonLocateSharp",
  "IonLocate",
  "IonLocationOutline",
  "IonLocationSharp",
  "IonLocation",
  "IonLockClosedOutline",
  "IonLockClosedSharp",
  "IonLockClosed",
  "IonLockOpenOutline",
  "IonLockOpenSharp",
  "IonLockOpen",
  "IonLogInOutline",
  "IonLogInSharp",
  "IonLogIn",
  "IonLogOutOutline",
  "IonLogOutSharp",
  "IonLogOut",
  "IonLogoAlipay",
  "IonLogoAmazon",
  "IonLogoAmplify",
  "IonLogoAndroid",
  "IonLogoAngular",
  "IonLogoAppleAppstore",
  "IonLogoAppleAr",
  "IonLogoApple",
  "IonLogoBehance",
  "IonLogoBitbucket",
  "IonLogoBitcoin",
  "IonLogoBuffer",
  "IonLogoCapacitor",
  "IonLogoChrome",
  "IonLogoClosedCaptioning",
  "IonLogoCodepen",
  "IonLogoCss3",
  "IonLogoDesignernews",
  "IonLogoDeviantart",
  "IonLogoDiscord",
  "IonLogoDocker",
  "IonLogoDribbble",
  "IonLogoDropbox",
  "IonLogoEdge",
  "IonLogoElectron",
  "IonLogoEuro",
  "IonLogoFacebook",
  "IonLogoFigma",
  "IonLogoFirebase",
  "IonLogoFirefox",
  "IonLogoFlickr",
  "IonLogoFoursquare",
  "IonLogoGithub",
  "IonLogoGitlab",
  "IonLogoGooglePlaystore",
  "IonLogoGoogle",
  "IonLogoHackernews",
  "IonLogoHtml5",
  "IonLogoInstagram",
  "IonLogoIonic",
  "IonLogoIonitron",
  "IonLogoJavascript",
  "IonLogoLaravel",
  "IonLogoLinkedin",
  "IonLogoMarkdown",
  "IonLogoMastodon",
  "IonLogoMedium",
  "IonLogoMicrosoft",
  "IonLogoNoSmoking",
  "IonLogoNodejs",
  "IonLogoNpm",
  "IonLogoOctocat",
  "IonLogoPaypal",
  "IonLogoPinterest",
  "IonLogoPlaystation",
  "IonLogoPwa",
  "IonLogoPython",
  "IonLogoReact",
  "IonLogoReddit",
  "IonLogoRss",
  "IonLogoSass",
  "IonLogoSkype",
  "IonLogoSlack",
  "IonLogoSnapchat",
  "IonLogoSoundcloud",
  "IonLogoStackoverflow",
  "IonLogoSteam",
  "IonLogoStencil",
  "IonLogoTableau",
  "IonLogoTiktok",
  "IonLogoTumblr",
  "IonLogoTux",
  "IonLogoTwitch",
  "IonLogoTwitter",
  "IonLogoUsd",
  "IonLogoVenmo",
  "IonLogoVercel",
  "IonLogoVimeo",
  "IonLogoVk",
  "IonLogoVue",
  "IonLogoWebComponent",
  "IonLogoWechat",
  "IonLogoWhatsapp",
  "IonLogoWindows",
  "IonLogoWordpress",
  "IonLogoXbox",
  "IonLogoXing",
  "IonLogoYahoo",
  "IonLogoYen",
  "IonLogoYoutube",
  "IonMagnetOutline",
  "IonMagnetSharp",
  "IonMagnet",
  "IonMailOpenOutline",
  "IonMailOpenSharp",
  "IonMailOpen",
  "IonMailOutline",
  "IonMailSharp",
  "IonMailUnreadOutline",
  "IonMailUnreadSharp",
  "IonMailUnread",
  "IonMail",
  "IonMaleFemaleOutline",
  "IonMaleFemaleSharp",
  "IonMaleFemale",
  "IonMaleOutline",
  "IonMaleSharp",
  "IonMale",
  "IonManOutline",
  "IonManSharp",
  "IonMan",
  "IonMapOutline",
  "IonMapSharp",
  "IonMap",
  "IonMedalOutline",
  "IonMedalSharp",
  "IonMedal",
  "IonMedicalOutline",
  "IonMedicalSharp",
  "IonMedical",
  "IonMedkitOutline",
  "IonMedkitSharp",
  "IonMedkit",
  "IonMegaphoneOutline",
  "IonMegaphoneSharp",
  "IonMegaphone",
  "IonMenuOutline",
  "IonMenuSharp",
  "IonMenu",
  "IonMicCircleOutline",
  "IonMicCircleSharp",
  "IonMicCircle",
  "IonMicOffCircleOutline",
  "IonMicOffCircleSharp",
  "IonMicOffCircle",
  "IonMicOffOutline",
  "IonMicOffSharp",
  "IonMicOff",
  "IonMicOutline",
  "IonMicSharp",
  "IonMic",
  "IonMoonOutline",
  "IonMoonSharp",
  "IonMoon",
  "IonMoveOutline",
  "IonMoveSharp",
  "IonMove",
  "IonMusicalNoteOutline",
  "IonMusicalNoteSharp",
  "IonMusicalNote",
  "IonMusicalNotesOutline",
  "IonMusicalNotesSharp",
  "IonMusicalNotes",
  "IonNavigateCircleOutline",
  "IonNavigateCircleSharp",
  "IonNavigateCircle",
  "IonNavigateOutline",
  "IonNavigateSharp",
  "IonNavigate",
  "IonNewspaperOutline",
  "IonNewspaperSharp",
  "IonNewspaper",
  "IonNotificationsCircleOutline",
  "IonNotificationsCircleSharp",
  "IonNotificationsCircle",
  "IonNotificationsOffCircleOutline",
  "IonNotificationsOffCircleSharp",
  "IonNotificationsOffCircle",
  "IonNotificationsOffOutline",
  "IonNotificationsOffSharp",
  "IonNotificationsOff",
  "IonNotificationsOutline",
  "IonNotificationsSharp",
  "IonNotifications",
  "IonNuclearOutline",
  "IonNuclearSharp",
  "IonNuclear",
  "IonNutritionOutline",
  "IonNutritionSharp",
  "IonNutrition",
  "IonOpenOutline",
  "IonOpenSharp",
  "IonOpen",
  "IonOptionsOutline",
  "IonOptionsSharp",
  "IonOptions",
  "IonPaperPlaneOutline",
  "IonPaperPlaneSharp",
  "IonPaperPlane",
  "IonPartlySunnyOutline",
  "IonPartlySunnySharp",
  "IonPartlySunny",
  "IonPauseCircleOutline",
  "IonPauseCircleSharp",
  "IonPauseCircle",
  "IonPauseOutline",
  "IonPauseSharp",
  "IonPause",
  "IonPawOutline",
  "IonPawSharp",
  "IonPaw",
  "IonPencilOutline",
  "IonPencilSharp",
  "IonPencil",
  "IonPeopleCircleOutline",
  "IonPeopleCircleSharp",
  "IonPeopleCircle",
  "IonPeopleOutline",
  "IonPeopleSharp",
  "IonPeople",
  "IonPersonAddOutline",
  "IonPersonAddSharp",
  "IonPersonAdd",
  "IonPersonCircleOutline",
  "IonPersonCircleSharp",
  "IonPersonCircle",
  "IonPersonOutline",
  "IonPersonRemoveOutline",
  "IonPersonRemoveSharp",
  "IonPersonRemove",
  "IonPersonSharp",
  "IonPerson",
  "IonPhoneLandscapeOutline",
  "IonPhoneLandscapeSharp",
  "IonPhoneLandscape",
  "IonPhonePortraitOutline",
  "IonPhonePortraitSharp",
  "IonPhonePortrait",
  "IonPieChartOutline",
  "IonPieChartSharp",
  "IonPieChart",
  "IonPinOutline",
  "IonPinSharp",
  "IonPin",
  "IonPintOutline",
  "IonPintSharp",
  "IonPint",
  "IonPizzaOutline",
  "IonPizzaSharp",
  "IonPizza",
  "IonPlanetOutline",
  "IonPlanetSharp",
  "IonPlanet",
  "IonPlayBackCircleOutline",
  "IonPlayBackCircleSharp",
  "IonPlayBackCircle",
  "IonPlayBackOutline",
  "IonPlayBackSharp",
  "IonPlayBack",
  "IonPlayCircleOutline",
  "IonPlayCircleSharp",
  "IonPlayCircle",
  "IonPlayForwardCircleOutline",
  "IonPlayForwardCircleSharp",
  "IonPlayForwardCircle",
  "IonPlayForwardOutline",
  "IonPlayForwardSharp",
  "IonPlayForward",
  "IonPlayOutline",
  "IonPlaySharp",
  "IonPlaySkipBackCircleOutline",
  "IonPlaySkipBackCircleSharp",
  "IonPlaySkipBackCircle",
  "IonPlaySkipBackOutline",
  "IonPlaySkipBackSharp",
  "IonPlaySkipBack",
  "IonPlaySkipForwardCircleOutline",
  "IonPlaySkipForwardCircleSharp",
  "IonPlaySkipForwardCircle",
  "IonPlaySkipForwardOutline",
  "IonPlaySkipForwardSharp",
  "IonPlaySkipForward",
  "IonPlay",
  "IonPodiumOutline",
  "IonPodiumSharp",
  "IonPodium",
  "IonPowerOutline",
  "IonPowerSharp",
  "IonPower",
  "IonPricetagOutline",
  "IonPricetagSharp",
  "IonPricetag",
  "IonPricetagsOutline",
  "IonPricetagsSharp",
  "IonPricetags",
  "IonPrintOutline",
  "IonPrintSharp",
  "IonPrint",
  "IonPrismOutline",
  "IonPrismSharp",
  "IonPrism",
  "IonPulseOutline",
  "IonPulseSharp",
  "IonPulse",
  "IonPushOutline",
  "IonPushSharp",
  "IonPush",
  "IonQrCodeOutline",
  "IonQrCodeSharp",
  "IonQrCode",
  "IonRadioButtonOffOutline",
  "IonRadioButtonOffSharp",
  "IonRadioButtonOff",
  "IonRadioButtonOnOutline",
  "IonRadioButtonOnSharp",
  "IonRadioButtonOn",
  "IonRadioOutline",
  "IonRadioSharp",
  "IonRadio",
  "IonRainyOutline",
  "IonRainySharp",
  "IonRainy",
  "IonReaderOutline",
  "IonReaderSharp",
  "IonReader",
  "IonReceiptOutline",
  "IonReceiptSharp",
  "IonReceipt",
  "IonRecordingOutline",
  "IonRecordingSharp",
  "IonRecording",
  "IonRefreshCircleOutline",
  "IonRefreshCircleSharp",
  "IonRefreshCircle",
  "IonRefreshOutline",
  "IonRefreshSharp",
  "IonRefresh",
  "IonReloadCircleOutline",
  "IonReloadCircleSharp",
  "IonReloadCircle",
  "IonReloadOutline",
  "IonReloadSharp",
  "IonReload",
  "IonRemoveCircleOutline",
  "IonRemoveCircleSharp",
  "IonRemoveCircle",
  "IonRemoveOutline",
  "IonRemoveSharp",
  "IonRemove",
  "IonReorderFourOutline",
  "IonReorderFourSharp",
  "IonReorderFour",
  "IonReorderThreeOutline",
  "IonReorderThreeSharp",
  "IonReorderThree",
  "IonReorderTwoOutline",
  "IonReorderTwoSharp",
  "IonReorderTwo",
  "IonRepeatOutline",
  "IonRepeatSharp",
  "IonRepeat",
  "IonResizeOutline",
  "IonResizeSharp",
  "IonResize",
  "IonRestaurantOutline",
  "IonRestaurantSharp",
  "IonRestaurant",
  "IonReturnDownBackOutline",
  "IonReturnDownBackSharp",
  "IonReturnDownBack",
  "IonReturnDownForwardOutline",
  "IonReturnDownForwardSharp",
  "IonReturnDownForward",
  "IonReturnUpBackOutline",
  "IonReturnUpBackSharp",
  "IonReturnUpBack",
  "IonReturnUpForwardOutline",
  "IonReturnUpForwardSharp",
  "IonReturnUpForward",
  "IonRibbonOutline",
  "IonRibbonSharp",
  "IonRibbon",
  "IonRocketOutline",
  "IonRocketSharp",
  "IonRocket",
  "IonRoseOutline",
  "IonRoseSharp",
  "IonRose",
  "IonSadOutline",
  "IonSadSharp",
  "IonSad",
  "IonSaveOutline",
  "IonSaveSharp",
  "IonSave",
  "IonScaleOutline",
  "IonScaleSharp",
  "IonScale",
  "IonScanCircleOutline",
  "IonScanCircleSharp",
  "IonScanCircle",
  "IonScanOutline",
  "IonScanSharp",
  "IonScan",
  "IonSchoolOutline",
  "IonSchoolSharp",
  "IonSchool",
  "IonSearchCircleOutline",
  "IonSearchCircleSharp",
  "IonSearchCircle",
  "IonSearchOutline",
  "IonSearchSharp",
  "IonSearch",
  "IonSendOutline",
  "IonSendSharp",
  "IonSend",
  "IonServerOutline",
  "IonServerSharp",
  "IonServer",
  "IonSettingsOutline",
  "IonSettingsSharp",
  "IonSettings",
  "IonShapesOutline",
  "IonShapesSharp",
  "IonShapes",
  "IonShareOutline",
  "IonShareSharp",
  "IonShareSocialOutline",
  "IonShareSocialSharp",
  "IonShareSocial",
  "IonShare",
  "IonShieldCheckmarkOutline",
  "IonShieldCheckmarkSharp",
  "IonShieldCheckmark",
  "IonShieldHalfOutline",
  "IonShieldHalfSharp",
  "IonShieldHalf",
  "IonShieldOutline",
  "IonShieldSharp",
  "IonShield",
  "IonShirtOutline",
  "IonShirtSharp",
  "IonShirt",
  "IonShuffleOutline",
  "IonShuffleSharp",
  "IonShuffle",
  "IonSkullOutline",
  "IonSkullSharp",
  "IonSkull",
  "IonSnowOutline",
  "IonSnowSharp",
  "IonSnow",
  "IonSparklesOutline",
  "IonSparklesSharp",
  "IonSparkles",
  "IonSpeedometerOutline",
  "IonSpeedometerSharp",
  "IonSpeedometer",
  "IonSquareOutline",
  "IonSquareSharp",
  "IonSquare",
  "IonStarHalfOutline",
  "IonStarHalfSharp",
  "IonStarHalf",
  "IonStarOutline",
  "IonStarSharp",
  "IonStar",
  "IonStatsChartOutline",
  "IonStatsChartSharp",
  "IonStatsChart",
  "IonStopCircleOutline",
  "IonStopCircleSharp",
  "IonStopCircle",
  "IonStopOutline",
  "IonStopSharp",
  "IonStop",
  "IonStopwatchOutline",
  "IonStopwatchSharp",
  "IonStopwatch",
  "IonStorefrontOutline",
  "IonStorefrontSharp",
  "IonStorefront",
  "IonSubwayOutline",
  "IonSubwaySharp",
  "IonSubway",
  "IonSunnyOutline",
  "IonSunnySharp",
  "IonSunny",
  "IonSwapHorizontalOutline",
  "IonSwapHorizontalSharp",
  "IonSwapHorizontal",
  "IonSwapVerticalOutline",
  "IonSwapVerticalSharp",
  "IonSwapVertical",
  "IonSyncCircleOutline",
  "IonSyncCircleSharp",
  "IonSyncCircle",
  "IonSyncOutline",
  "IonSyncSharp",
  "IonSync",
  "IonTabletLandscapeOutline",
  "IonTabletLandscapeSharp",
  "IonTabletLandscape",
  "IonTabletPortraitOutline",
  "IonTabletPortraitSharp",
  "IonTabletPortrait",
  "IonTelescopeOutline",
  "IonTelescopeSharp",
  "IonTelescope",
  "IonTennisballOutline",
  "IonTennisballSharp",
  "IonTennisball",
  "IonTerminalOutline",
  "IonTerminalSharp",
  "IonTerminal",
  "IonTextOutline",
  "IonTextSharp",
  "IonText",
  "IonThermometerOutline",
  "IonThermometerSharp",
  "IonThermometer",
  "IonThumbsDownOutline",
  "IonThumbsDownSharp",
  "IonThumbsDown",
  "IonThumbsUpOutline",
  "IonThumbsUpSharp",
  "IonThumbsUp",
  "IonThunderstormOutline",
  "IonThunderstormSharp",
  "IonThunderstorm",
  "IonTicketOutline",
  "IonTicketSharp",
  "IonTicket",
  "IonTimeOutline",
  "IonTimeSharp",
  "IonTime",
  "IonTimerOutline",
  "IonTimerSharp",
  "IonTimer",
  "IonTodayOutline",
  "IonTodaySharp",
  "IonToday",
  "IonToggleOutline",
  "IonToggleSharp",
  "IonToggle",
  "IonTrailSignOutline",
  "IonTrailSignSharp",
  "IonTrailSign",
  "IonTrainOutline",
  "IonTrainSharp",
  "IonTrain",
  "IonTransgenderOutline",
  "IonTransgenderSharp",
  "IonTransgender",
  "IonTrashBinOutline",
  "IonTrashBinSharp",
  "IonTrashBin",
  "IonTrashOutline",
  "IonTrashSharp",
  "IonTrash",
  "IonTrendingDownOutline",
  "IonTrendingDownSharp",
  "IonTrendingDown",
  "IonTrendingUpOutline",
  "IonTrendingUpSharp",
  "IonTrendingUp",
  "IonTriangleOutline",
  "IonTriangleSharp",
  "IonTriangle",
  "IonTrophyOutline",
  "IonTrophySharp",
  "IonTrophy",
  "IonTvOutline",
  "IonTvSharp",
  "IonTv",
  "IonUmbrellaOutline",
  "IonUmbrellaSharp",
  "IonUmbrella",
  "IonUnlinkOutline",
  "IonUnlinkSharp",
  "IonUnlink",
  "IonVideocamOffOutline",
  "IonVideocamOffSharp",
  "IonVideocamOff",
  "IonVideocamOutline",
  "IonVideocamSharp",
  "IonVideocam",
  "IonVolumeHighOutline",
  "IonVolumeHighSharp",
  "IonVolumeHigh",
  "IonVolumeLowOutline",
  "IonVolumeLowSharp",
  "IonVolumeLow",
  "IonVolumeMediumOutline",
  "IonVolumeMediumSharp",
  "IonVolumeMedium",
  "IonVolumeMuteOutline",
  "IonVolumeMuteSharp",
  "IonVolumeMute",
  "IonVolumeOffOutline",
  "IonVolumeOffSharp",
  "IonVolumeOff",
  "IonWalkOutline",
  "IonWalkSharp",
  "IonWalk",
  "IonWalletOutline",
  "IonWalletSharp",
  "IonWallet",
  "IonWarningOutline",
  "IonWarningSharp",
  "IonWarning",
  "IonWatchOutline",
  "IonWatchSharp",
  "IonWatch",
  "IonWaterOutline",
  "IonWaterSharp",
  "IonWater",
  "IonWifiOutline",
  "IonWifiSharp",
  "IonWifi",
  "IonWineOutline",
  "IonWineSharp",
  "IonWine",
  "IonWomanOutline",
  "IonWomanSharp",
  "IonWoman",
]
`;
