// Jest Snapshot v1, https://goo.gl/fbAQLP

exports[`CircumIcons Icons should ensure the export names have not changed unexpectedly 1`] = `
Array [
  "circumAirportSign1",
  "circumAlarmOff",
  "circumAlarmOn",
  "circumAlignBottom",
  "circumAlignCenterH",
  "circumAlignCenterV",
  "circumAlignLeft",
  "circumAlignRight",
  "circumAlignTop",
  "circumApple",
  "circumAt",
  "circumAvocado",
  "circumBacon",
  "circumBadgeDollar",
  "circumBag1",
  "circumBandage",
  "circumBank",
  "circumBarcode",
  "circumBaseball",
  "circumBasketball",
  "circumBatteryCharging",
  "circumBatteryEmpty",
  "circumBatteryFull",
  "circumBeaker1",
  "circumBeerMugFull",
  "circumBellOff",
  "circumBellOn",
  "circumBezier",
  "circumBitcoin",
  "circumBluetooth",
  "circumBookmarkCheck",
  "circumBookmarkMinus",
  "circumBookmarkPlus",
  "circumBookmarkRemove",
  "circumBookmark",
  "circumBowlNoodles",
  "circumBoxList",
  "circumBoxes",
  "circumBrightnessDown",
  "circumBrightnessUp",
  "circumBullhorn",
  "circumBurger",
  "circumCalculator1",
  "circumCalculator2",
  "circumCalendarDate",
  "circumCalendar",
  "circumCamera",
  "circumChat1",
  "circumChat2",
  "circumCircleAlert",
  "circumCircleCheck",
  "circumCircleChevDown",
  "circumCircleChevLeft",
  "circumCircleChevRight",
  "circumCircleChevUp",
  "circumCircleInfo",
  "circumCircleList",
  "circumCircleMinus",
  "circumCircleMore",
  "circumCirclePlus",
  "circumCircleQuestion",
  "circumCircleRemove",
  "circumClock1",
  "circumClock2",
  "circumCloudDrizzle",
  "circumCloudMoon",
  "circumCloudOff",
  "circumCloudOn",
  "circumCloudRainbow",
  "circumCloudSun",
  "circumCloud",
  "circumCoffeeBean",
  "circumCoffeeCup",
  "circumCoinInsert",
  "circumCoins1",
  "circumCompass1",
  "circumCreditCard1",
  "circumCreditCard2",
  "circumCreditCardOff",
  "circumCrop",
  "circumDark",
  "circumDatabase",
  "circumDeliveryTruck",
  "circumDesktopMouse1",
  "circumDesktopMouse2",
  "circumDesktop",
  "circumDiscount1",
  "circumDollar",
  "circumDroplet",
  "circumDumbbell",
  "circumEdit",
  "circumEraser",
  "circumExport",
  "circumFaceFrown",
  "circumFaceMeh",
  "circumFaceSmile",
  "circumFacebook",
  "circumFileOff",
  "circumFileOn",
  "circumFilter",
  "circumFlag1",
  "circumFloppyDisk",
  "circumFolderOff",
  "circumFolderOn",
  "circumFootball",
  "circumForkKnife",
  "circumFries",
  "circumGift",
  "circumGlass",
  "circumGlobe",
  "circumGps",
  "circumGrid2H",
  "circumGrid2V",
  "circumGrid31",
  "circumGrid32",
  "circumGrid41",
  "circumGrid42",
  "circumHardDrive",
  "circumHashtag",
  "circumHeadphones",
  "circumHeart",
  "circumHome",
  "circumHospital1",
  "circumHotdog",
  "circumIceCream",
  "circumImageOff",
  "circumImageOn",
  "circumImport",
  "circumInboxIn",
  "circumInboxOut",
  "circumIndent",
  "circumInstagram",
  "circumKeyboard",
  "circumLaptop",
  "circumLemon",
  "circumLight",
  "circumLineHeight",
  "circumLink",
  "circumLinkedin",
  "circumLocationArrow1",
  "circumLocationOff",
  "circumLocationOn",
  "circumLock",
  "circumLogin",
  "circumLogout",
  "circumLollipop",
  "circumMail",
  "circumMapPin",
  "circumMap",
  "circumMaximize1",
  "circumMaximize2",
  "circumMedal",
  "circumMedicalCase",
  "circumMedicalClipboard",
  "circumMedicalCross",
  "circumMedicalMask",
  "circumMemoPad",
  "circumMicrochip",
  "circumMicrophoneOff",
  "circumMicrophoneOn",
  "circumMinimize1",
  "circumMinimize2",
  "circumMobile1",
  "circumMobile2",
  "circumMobile3",
  "circumMobile4",
  "circumMoneyBill",
  "circumMoneyCheck1",
  "circumMonitor",
  "circumMountain1",
  "circumMug1",
  "circumMusicNote1",
  "circumNoWaitingSign",
  "circumPalette",
  "circumPaperplane",
  "circumParking1",
  "circumPassport1",
  "circumPause1",
  "circumPen",
  "circumPenpot",
  "circumPercent",
  "circumPhone",
  "circumPickerEmpty",
  "circumPickerHalf",
  "circumPill",
  "circumPillsBottle1",
  "circumPizza",
  "circumPlane",
  "circumPlay1",
  "circumPlug1",
  "circumPower",
  "circumRainbow",
  "circumRead",
  "circumReceipt",
  "circumRedo",
  "circumRepeat",
  "circumRollingSuitcase",
  "circumRoute",
  "circumRouter",
  "circumRuler",
  "circumSatellite1",
  "circumSaveDown1",
  "circumSaveDown2",
  "circumSaveUp1",
  "circumSaveUp2",
  "circumSearch",
  "circumServer",
  "circumSettings",
  "circumShare1",
  "circumShare2",
  "circumShirt",
  "circumShop",
  "circumShoppingBasket",
  "circumShoppingCart",
  "circumShoppingTag",
  "circumShuffle",
  "circumSignpostDuo1",
  "circumSignpostL1",
  "circumSignpostR1",
  "circumSliderHorizontal",
  "circumSliderVertical",
  "circumSpeaker",
  "circumSquareAlert",
  "circumSquareCheck",
  "circumSquareChevDown",
  "circumSquareChevLeft",
  "circumSquareChevRight",
  "circumSquareChevUp",
  "circumSquareInfo",
  "circumSquareMinus",
  "circumSquareMore",
  "circumSquarePlus",
  "circumSquareQuestion",
  "circumSquareRemove",
  "circumStar",
  "circumStethoscope",
  "circumStickyNote",
  "circumStop1",
  "circumStopSign1",
  "circumStopwatch",
  "circumStreamOff",
  "circumStreamOn",
  "circumSun",
  "circumTablets1",
  "circumTempHigh",
  "circumTextAlignCenter",
  "circumTextAlignJustify",
  "circumTextAlignLeft",
  "circumTextAlignRight",
  "circumText",
  "circumTimer",
  "circumTrash",
  "circumTrophy",
  "circumTurnL1",
  "circumTurnR1",
  "circumTwitter",
  "circumUmbrella",
  "circumUndo",
  "circumUnlock",
  "circumUnread",
  "circumUsb",
  "circumUser",
  "circumVault",
  "circumVial",
  "circumVideoOff",
  "circumVideoOn",
  "circumViewBoard",
  "circumViewColumn",
  "circumViewList",
  "circumViewTable",
  "circumViewTimeline",
  "circumVirus",
  "circumVoicemail",
  "circumVolumeHigh",
  "circumVolumeMute",
  "circumVolume",
  "circumWallet",
  "circumWarning",
  "circumWavePulse1",
  "circumWheat",
  "circumWifiOff",
  "circumWifiOn",
  "circumYoutube",
  "circumZoomIn",
  "circumZoomOut",
]
`;
