// Jest Snapshot v1, https://goo.gl/fbAQLP

exports[`Jam Icons should ensure the export names have not changed unexpectedly 1`] = `
Array [
  "Jam500px",
  "JamActivity",
  "JamAirbnb",
  "JamAlarmClockF",
  "JamAlarmClock",
  "JamAlertF",
  "JamAlert",
  "JamAlienF",
  "JamAlien",
  "JamAlignCenter",
  "JamAlignJustify",
  "JamAlignLeft",
  "JamAlignRight",
  "JamAmazon",
  "JamAnchor",
  "JamAndroidCircle",
  "JamAndroidSquare",
  "JamAndroid",
  "JamAperture",
  "JamAppleCircle",
  "JamAppleSquare",
  "JamApple",
  "JamArchiveF",
  "JamArchive",
  "JamArrowCircleDownF",
  "JamArrowCircleDownLeftF",
  "JamArrowCircleDownLeft",
  "JamArrowCircleDownRightF",
  "JamArrowCircleDownRight",
  "JamArrowCircleDown",
  "JamArrowCircleLeftF",
  "JamArrowCircleLeft",
  "JamArrowCircleRightF",
  "JamArrowCircleRight",
  "JamArrowCircleUpF",
  "JamArrowCircleUpLeftF",
  "JamArrowCircleUpLeft",
  "JamArrowCircleUpRightF",
  "JamArrowCircleUpRight",
  "JamArrowCircleUp",
  "JamArrowDownLeft",
  "JamArrowDownRight",
  "JamArrowDown",
  "JamArrowLeft",
  "JamArrowRight",
  "JamArrowSquareDownF",
  "JamArrowSquareDownLeftF",
  "JamArrowSquareDownLeft",
  "JamArrowSquareDownRightF",
  "JamArrowSquareDownRight",
  "JamArrowSquareDown",
  "JamArrowSquareLeftF",
  "JamArrowSquareLeft",
  "JamArrowSquareRightF",
  "JamArrowSquareRight",
  "JamArrowSquareUpF",
  "JamArrowSquareUpLeftF",
  "JamArrowSquareUpLeft",
  "JamArrowSquareUpRightF",
  "JamArrowSquareUpRight",
  "JamArrowSquareUp",
  "JamArrowUpLeft",
  "JamArrowUpRight",
  "JamArrowUp",
  "JamArrowsCorners",
  "JamArrowsFullscreen",
  "JamArrowsH",
  "JamArrowsV",
  "JamAttachment",
  "JamBackgroundColor",
  "JamBackpackF",
  "JamBackpack",
  "JamBackwardCircleF",
  "JamBackwardCircle",
  "JamBackwardSquareF",
  "JamBackwardSquare",
  "JamBackward",
  "JamBaiduCircle",
  "JamBaiduSquare",
  "JamBaidu",
  "JamBandageF",
  "JamBandage",
  "JamBarChart",
  "JamBaseball",
  "JamBasketball",
  "JamBathtubF",
  "JamBathtub",
  "JamBatteryChargingF",
  "JamBatteryCharging",
  "JamBatteryF",
  "JamBatteryHalfF",
  "JamBatteryHalf",
  "JamBatteryOneQuarterF",
  "JamBatteryOneQuarter",
  "JamBatteryThreeQuartersF",
  "JamBatteryThreeQuarters",
  "JamBattery",
  "JamBeatportCircle",
  "JamBeatportSquare",
  "JamBeatport",
  "JamBeerF",
  "JamBeer",
  "JamBehanceCircle",
  "JamBehanceSquare",
  "JamBehance",
  "JamBellF",
  "JamBellOffF",
  "JamBellOff",
  "JamBell",
  "JamBingCircle",
  "JamBingSquare",
  "JamBing",
  "JamBirthdayCakeF",
  "JamBirthdayCake",
  "JamBloggerCircle",
  "JamBloggerSquare",
  "JamBlogger",
  "JamBluetooth",
  "JamBold",
  "JamBookF",
  "JamBook",
  "JamBookmarkF",
  "JamBookmarkMinusF",
  "JamBookmarkMinus",
  "JamBookmarkPlusF",
  "JamBookmarkPlus",
  "JamBookmarkRemoveF",
  "JamBookmarkRemove",
  "JamBookmark",
  "JamBottleF",
  "JamBottle",
  "JamBoxF",
  "JamBox",
  "JamBranchF",
  "JamBranch",
  "JamBrightnessDownF",
  "JamBrightnessDown",
  "JamBrightnessUpF",
  "JamBrightnessUp",
  "JamBrightness",
  "JamBrushF",
  "JamBrush",
  "JamBugF",
  "JamBug",
  "JamBuildingF",
  "JamBuilding",
  "JamBusF",
  "JamBus",
  "JamCactusF",
  "JamCactus",
  "JamCalculator",
  "JamCalendarAltF",
  "JamCalendarAlt",
  "JamCalendarF",
  "JamCalendar",
  "JamCameraAltF",
  "JamCameraAlt",
  "JamCameraF",
  "JamCamera",
  "JamCandleF",
  "JamCandle",
  "JamCapsuleF",
  "JamCapsule",
  "JamCarF",
  "JamCar",
  "JamCastleF",
  "JamCastle",
  "JamCheck",
  "JamChevronCircleDownF",
  "JamChevronCircleDownLeftF",
  "JamChevronCircleDownLeft",
  "JamChevronCircleDownRightF",
  "JamChevronCircleDownRight",
  "JamChevronCircleDown",
  "JamChevronCircleLeftF",
  "JamChevronCircleLeft",
  "JamChevronCircleRightF",
  "JamChevronCircleRight",
  "JamChevronCircleUpF",
  "JamChevronCircleUpLeftF",
  "JamChevronCircleUpLeft",
  "JamChevronCircleUpRightF",
  "JamChevronCircleUpRight",
  "JamChevronCircleUp",
  "JamChevronDownLeft",
  "JamChevronDownRight",
  "JamChevronDown",
  "JamChevronLeft",
  "JamChevronRight",
  "JamChevronSquareDownF",
  "JamChevronSquareDownLeftF",
  "JamChevronSquareDownLeft",
  "JamChevronSquareDownRightF",
  "JamChevronSquareDownRight",
  "JamChevronSquareDown",
  "JamChevronSquareLeftF",
  "JamChevronSquareLeft",
  "JamChevronSquareRightF",
  "JamChevronSquareRight",
  "JamChevronSquareUpF",
  "JamChevronSquareUpLeftF",
  "JamChevronSquareUpLeft",
  "JamChevronSquareUpRightF",
  "JamChevronSquareUpRight",
  "JamChevronSquareUp",
  "JamChevronUpLeft",
  "JamChevronUpRight",
  "JamChevronUp",
  "JamChevronsCircleDownF",
  "JamChevronsCircleDownLeftF",
  "JamChevronsCircleDownLeft",
  "JamChevronsCircleDownRightF",
  "JamChevronsCircleDownRight",
  "JamChevronsCircleDown",
  "JamChevronsCircleLeftF",
  "JamChevronsCircleLeft",
  "JamChevronsCircleRightF",
  "JamChevronsCircleRight",
  "JamChevronsCircleUpF",
  "JamChevronsCircleUpLeftF",
  "JamChevronsCircleUpLeft",
  "JamChevronsCircleUpRightF",
  "JamChevronsCircleUpRight",
  "JamChevronsCircleUp",
  "JamChevronsDownLeft",
  "JamChevronsDownRight",
  "JamChevronsDown",
  "JamChevronsLeft",
  "JamChevronsRight",
  "JamChevronsSquareDownF",
  "JamChevronsSquareDownLeftF",
  "JamChevronsSquareDownLeft",
  "JamChevronsSquareDownRightF",
  "JamChevronsSquareDownRight",
  "JamChevronsSquareDown",
  "JamChevronsSquareLeftF",
  "JamChevronsSquareLeft",
  "JamChevronsSquareRightF",
  "JamChevronsSquareRight",
  "JamChevronsSquareUpF",
  "JamChevronsSquareUpLeftF",
  "JamChevronsSquareUpLeft",
  "JamChevronsSquareUpRightF",
  "JamChevronsSquareUpRight",
  "JamChevronsSquareUp",
  "JamChevronsUpLeft",
  "JamChevronsUpRight",
  "JamChevronsUp",
  "JamChronometerF",
  "JamChronometer",
  "JamCircleF",
  "JamCircle",
  "JamClearFormat",
  "JamClipboardF",
  "JamClipboard",
  "JamClockF",
  "JamClock",
  "JamCloseCircleF",
  "JamCloseCircle",
  "JamCloseRectangleF",
  "JamCloseRectangle",
  "JamClose",
  "JamCloudF",
  "JamCloudRainF",
  "JamCloudRain",
  "JamCloudSnowF",
  "JamCloudSnow",
  "JamCloudThunderF",
  "JamCloudThunder",
  "JamCloud",
  "JamCodepenCircle",
  "JamCodepenSquare",
  "JamCodepen",
  "JamCoffeeCupF",
  "JamCoffeeCup",
  "JamCoffee",
  "JamCogF",
  "JamCog",
  "JamCogsF",
  "JamCogs",
  "JamCoinF",
  "JamCoin",
  "JamColor",
  "JamCompassF",
  "JamCompass",
  "JamComputerAltF",
  "JamComputerAlt",
  "JamComputerF",
  "JamComputer",
  "JamCreditCardF",
  "JamCreditCard",
  "JamCrop",
  "JamCrownF",
  "JamCrown",
  "JamCutleryF",
  "JamCutlery",
  "JamCutterF",
  "JamCutter",
  "JamDashboardF",
  "JamDashboard",
  "JamDatabaseF",
  "JamDatabase",
  "JamDeezerCircle",
  "JamDeezerSquare",
  "JamDeezer",
  "JamDeleteF",
  "JamDelete",
  "JamDeviantartCircle",
  "JamDeviantartSquare",
  "JamDeviantart",
  "JamDigg",
  "JamDirectionF",
  "JamDirection",
  "JamDirectionsF",
  "JamDirections",
  "JamDiscF",
  "JamDisc",
  "JamDisqusCircle",
  "JamDisqusSquare",
  "JamDisqus",
  "JamDjF",
  "JamDj",
  "JamDna",
  "JamDocumentF",
  "JamDocument",
  "JamDoor",
  "JamDownload",
  "JamDrupalCircle",
  "JamDrupalSquare",
  "JamDrupal",
  "JamEbay",
  "JamEggF",
  "JamEgg",
  "JamEggsF",
  "JamEggs",
  "JamEjectCircleF",
  "JamEjectCircle",
  "JamEjectSquareF",
  "JamEjectSquare",
  "JamEject",
  "JamEnvelopeF",
  "JamEnvelopeOpenF",
  "JamEnvelopeOpen",
  "JamEnvelope",
  "JamExtinguisherF",
  "JamExtinguisher",
  "JamEyeCloseF",
  "JamEyeClose",
  "JamEyeF",
  "JamEye",
  "JamEyedropperF",
  "JamEyedropper",
  "JamFacebookCircle",
  "JamFacebookSquare",
  "JamFacebook",
  "JamFastBackwardCircleF",
  "JamFastBackwardCircle",
  "JamFastBackwardSquareF",
  "JamFastBackwardSquare",
  "JamFastBackward",
  "JamFastForwardCircleF",
  "JamFastForwardCircle",
  "JamFastForwardSquareF",
  "JamFastForwardSquare",
  "JamFastForward",
  "JamFeatherF",
  "JamFeather",
  "JamFemale",
  "JamFileF",
  "JamFile",
  "JamFilesF",
  "JamFiles",
  "JamFilterF",
  "JamFilter",
  "JamFingerprint",
  "JamFirstAidF",
  "JamFirstAid",
  "JamFish",
  "JamFiverrCircle",
  "JamFiverrSquare",
  "JamFiverr",
  "JamFlagF",
  "JamFlag",
  "JamFlameF",
  "JamFlame",
  "JamFlashlightOffF",
  "JamFlashlightOff",
  "JamFlashlightOnF",
  "JamFlashlightOn",
  "JamFlask",
  "JamFlickrCircle",
  "JamFlickrSquare",
  "JamFlickr",
  "JamFlower",
  "JamFolderF",
  "JamFolderOpenF",
  "JamFolderOpen",
  "JamFolderZipF",
  "JamFolderZip",
  "JamFolder",
  "JamFootball",
  "JamForkF",
  "JamFork",
  "JamForwardCircleF",
  "JamForwardCircle",
  "JamForwardSquareF",
  "JamForwardSquare",
  "JamForward",
  "JamFoursquare",
  "JamGamepadF",
  "JamGamepadRetroF",
  "JamGamepadRetro",
  "JamGamepad",
  "JamGhostF",
  "JamGhostOrgCircle",
  "JamGhostOrgSquare",
  "JamGhostOrg",
  "JamGhost",
  "JamGiftF",
  "JamGift",
  "JamGithubCircle",
  "JamGithubSquare",
  "JamGithub",
  "JamGitlabCircle",
  "JamGitlabSquare",
  "JamGitlab",
  "JamGlassEmpty",
  "JamGlassFilledF",
  "JamGlassFilled",
  "JamGlueF",
  "JamGlue",
  "JamGoogleCircle",
  "JamGooglePlayCircle",
  "JamGooglePlaySquare",
  "JamGooglePlay",
  "JamGooglePlusCircle",
  "JamGooglePlusSquare",
  "JamGooglePlus",
  "JamGoogleSquare",
  "JamGoogle",
  "JamGpsF",
  "JamGps",
  "JamGridF",
  "JamGrid",
  "JamHairdryerF",
  "JamHairdryer",
  "JamHammerF",
  "JamHammer",
  "JamHashtag",
  "JamHeader1",
  "JamHeader2",
  "JamHeader3",
  "JamHeader4",
  "JamHeader5",
  "JamHeader6",
  "JamHeader",
  "JamHeadsetF",
  "JamHeadset",
  "JamHeartF",
  "JamHeart",
  "JamHelmetF",
  "JamHelmet",
  "JamHelpF",
  "JamHelp",
  "JamHighlighterF",
  "JamHighlighter",
  "JamHistory",
  "JamHomeF",
  "JamHome",
  "JamHourglassF",
  "JamHourglass",
  "JamIceCreamF",
  "JamIceCream",
  "JamIdCardF",
  "JamIdCard",
  "JamInboxF",
  "JamInbox",
  "JamInboxesF",
  "JamInboxes",
  "JamIndent",
  "JamInfinite",
  "JamInfoF",
  "JamInfo",
  "JamInstagram",
  "JamInstantPictureF",
  "JamInstantPicture",
  "JamItalic",
  "JamJoystickF",
  "JamJoystick",
  "JamKeyF",
  "JamKey",
  "JamKeyboardF",
  "JamKeyboard",
  "JamLanguage",
  "JamLayersF",
  "JamLayers",
  "JamLayoutF",
  "JamLayout",
  "JamLeafF",
  "JamLeaf",
  "JamLifebuoyF",
  "JamLifebuoy",
  "JamLightbulbF",
  "JamLightbulb",
  "JamLine",
  "JamLink",
  "JamLinkedinCircle",
  "JamLinkedinSquare",
  "JamLinkedin",
  "JamLogIn",
  "JamLogOut",
  "JamLuggageF",
  "JamLuggage",
  "JamMagicF",
  "JamMagic",
  "JamMagnetF",
  "JamMagnet",
  "JamMale",
  "JamMapF",
  "JamMapMarkerF",
  "JamMapMarker",
  "JamMap",
  "JamMaskF",
  "JamMask",
  "JamMedalF",
  "JamMedal",
  "JamMedical",
  "JamMediumCircle",
  "JamMediumSquare",
  "JamMedium",
  "JamMenu",
  "JamMergeF",
  "JamMerge",
  "JamMessageAltF",
  "JamMessageAltWritingF",
  "JamMessageAltWriting",
  "JamMessageAlt",
  "JamMessageF",
  "JamMessageWritingF",
  "JamMessageWriting",
  "JamMessage",
  "JamMessagesAltF",
  "JamMessagesAlt",
  "JamMessagesF",
  "JamMessages",
  "JamMessenger",
  "JamMicAlt",
  "JamMicCircleF",
  "JamMicCircle",
  "JamMicF",
  "JamMicSquareF",
  "JamMicSquare",
  "JamMic",
  "JamMicrochipF",
  "JamMicrochip",
  "JamMinusCircleF",
  "JamMinusCircle",
  "JamMinusRectangleF",
  "JamMinusRectangle",
  "JamMinus",
  "JamMoonF",
  "JamMoon",
  "JamMoreHorizontalF",
  "JamMoreHorizontal",
  "JamMoreVerticalF",
  "JamMoreVertical",
  "JamMountainF",
  "JamMountain",
  "JamMoveAlt",
  "JamMove",
  "JamMovie",
  "JamMugF",
  "JamMug",
  "JamMusicF",
  "JamMusic",
  "JamMyspaceCircle",
  "JamMyspaceSquare",
  "JamMyspace",
  "JamNapsterCircle",
  "JamNapsterSquare",
  "JamNapster",
  "JamNewsletterF",
  "JamNewsletter",
  "JamNewspaperF",
  "JamNewspaper",
  "JamNpm",
  "JamOdnoklassnikiCircle",
  "JamOdnoklassnikiSquare",
  "JamOdnoklassniki",
  "JamOperaCircle",
  "JamOperaSquare",
  "JamOpera",
  "JamOrderedList",
  "JamPadlockAltF",
  "JamPadlockAltOpenF",
  "JamPadlockAltOpen",
  "JamPadlockAlt",
  "JamPadlockF",
  "JamPadlockOpenF",
  "JamPadlockOpen",
  "JamPadlock",
  "JamPaperPlaneF",
  "JamPaperPlane",
  "JamPatreonCircle",
  "JamPatreonSquare",
  "JamPatreon",
  "JamPause",
  "JamPaypalCircle",
  "JamPaypalSquare",
  "JamPaypal",
  "JamPenF",
  "JamPen",
  "JamPencilF",
  "JamPencil",
  "JamPeriscopeCircle",
  "JamPeriscopeSquare",
  "JamPeriscope",
  "JamPhoneF",
  "JamPhone",
  "JamPictureF",
  "JamPicture",
  "JamPicturesF",
  "JamPictures",
  "JamPieChartAlt",
  "JamPieChartF",
  "JamPieChart",
  "JamPinAltF",
  "JamPinAlt",
  "JamPinF",
  "JamPin",
  "JamPinterestCircle",
  "JamPinterestSquare",
  "JamPinterest",
  "JamPizzaSlice",
  "JamPlaneF",
  "JamPlane",
  "JamPlayCircleF",
  "JamPlayCircle",
  "JamPlaySquareF",
  "JamPlaySquare",
  "JamPlay",
  "JamPlugF",
  "JamPlug",
  "JamPlusCircleF",
  "JamPlusCircle",
  "JamPlusRectangleF",
  "JamPlusRectangle",
  "JamPlus",
  "JamPocketWatchF",
  "JamPocketWatch",
  "JamPodcast",
  "JamPower",
  "JamPrinterF",
  "JamPrinter",
  "JamQrCode",
  "JamQuoraCircle",
  "JamQuoraSquare",
  "JamQuora",
  "JamRainbow",
  "JamRec",
  "JamRectangleF",
  "JamRectangle",
  "JamReddit",
  "JamRedo",
  "JamRefreshReverse",
  "JamRefresh",
  "JamRepeat",
  "JamRocketF",
  "JamRocket",
  "JamRssFeed",
  "JamRubber",
  "JamRulerF",
  "JamRuler",
  "JamSaveF",
  "JamSave",
  "JamScissors",
  "JamScreenF",
  "JamScreen",
  "JamScrewdriverF",
  "JamScrewdriver",
  "JamSearchFolder",
  "JamSearchMinus",
  "JamSearchPlus",
  "JamSearch",
  "JamSetBackwardCircleF",
  "JamSetBackwardCircle",
  "JamSetBackwardSquareF",
  "JamSetBackwardSquare",
  "JamSetBackward",
  "JamSetForwardCircleF",
  "JamSetForwardCircle",
  "JamSetForwardSquareF",
  "JamSetForwardSquare",
  "JamSetForward",
  "JamSetSquareF",
  "JamSetSquare",
  "JamSettingsAlt",
  "JamShareAltF",
  "JamShareAlt",
  "JamShare",
  "JamShieldCheckF",
  "JamShieldCheck",
  "JamShieldCloseF",
  "JamShieldClose",
  "JamShieldF",
  "JamShieldHalf",
  "JamShieldMinusF",
  "JamShieldMinus",
  "JamShieldPlusF",
  "JamShieldPlus",
  "JamShield",
  "JamShopifyCircle",
  "JamShopifySquare",
  "JamShopify",
  "JamShoppingBagAltF",
  "JamShoppingBagAlt",
  "JamShoppingBagF",
  "JamShoppingBag",
  "JamShoppingCart",
  "JamShuffle",
  "JamSignal",
  "JamSitemapF",
  "JamSitemap",
  "JamSkullF",
  "JamSkull",
  "JamSkypeCircle",
  "JamSkypeSquare",
  "JamSkype",
  "JamSlackCircle",
  "JamSlackSquare",
  "JamSlack",
  "JamSmileyF",
  "JamSmiley",
  "JamSnapchatCircle",
  "JamSnapchatSquare",
  "JamSnapchat",
  "JamSnowboardF",
  "JamSnowboard",
  "JamSnowflake",
  "JamSoundcloud",
  "JamSpeakerF",
  "JamSpeaker",
  "JamSpotify",
  "JamSquareF",
  "JamSquare",
  "JamSquarespaceCircle",
  "JamSquarespaceSquare",
  "JamSquarespace",
  "JamStackoverflowCircle",
  "JamStackoverflowSquare",
  "JamStackoverflow",
  "JamStampF",
  "JamStamp",
  "JamStarF",
  "JamStarFull",
  "JamStarHalf",
  "JamStar",
  "JamStation",
  "JamStopSign",
  "JamStop",
  "JamStore",
  "JamStrikethrough",
  "JamStumbleuponCircle",
  "JamStumbleuponSquare",
  "JamStumbleupon",
  "JamSunF",
  "JamSun",
  "JamSwitchLeftF",
  "JamSwitchLeft",
  "JamSwitchRightF",
  "JamSwitchRight",
  "JamSwordF",
  "JamSword",
  "JamTabletF",
  "JamTablet",
  "JamTagF",
  "JamTag",
  "JamTagsF",
  "JamTags",
  "JamTarget",
  "JamTaskListF",
  "JamTaskList",
  "JamTemperature",
  "JamTerminal",
  "JamThunderF",
  "JamThunder",
  "JamTicketF",
  "JamTicket",
  "JamToolsF",
  "JamTools",
  "JamTorchF",
  "JamTorch",
  "JamTotem",
  "JamTrainF",
  "JamTrain",
  "JamTransgender",
  "JamTrashAltF",
  "JamTrashAlt",
  "JamTrashF",
  "JamTrash",
  "JamTreeAltF",
  "JamTreeAlt",
  "JamTreeF",
  "JamTree",
  "JamTrello",
  "JamTriangleDangerF",
  "JamTriangleDanger",
  "JamTriangleF",
  "JamTriangle",
  "JamTrophyF",
  "JamTrophy",
  "JamTube",
  "JamTumblrCircle",
  "JamTumblrSquare",
  "JamTumblr",
  "JamTwitch",
  "JamTwitterCircle",
  "JamTwitterSquare",
  "JamTwitter",
  "JamUmbrellaClosedF",
  "JamUmbrellaClosed",
  "JamUmbrellaF",
  "JamUmbrella",
  "JamUnderline",
  "JamUndo",
  "JamUnindent",
  "JamUniverse",
  "JamUnorderedList",
  "JamUnsplashCircle",
  "JamUnsplashSquare",
  "JamUnsplash",
  "JamUpload",
  "JamUserCircle",
  "JamUserMinus",
  "JamUserPlus",
  "JamUserRemove",
  "JamUserSquare",
  "JamUser",
  "JamUsers",
  "JamViadeo",
  "JamViberCircle",
  "JamViberSquare",
  "JamViber",
  "JamVideoCameraF",
  "JamVideoCameraVintageF",
  "JamVideoCameraVintage",
  "JamVideoCamera",
  "JamVimeoCircle",
  "JamVimeoSquare",
  "JamVimeo",
  "JamVineCircle",
  "JamVineSquare",
  "JamVine",
  "JamVoicemail",
  "JamVolumeCircleF",
  "JamVolumeCircle",
  "JamVolumeDownCircleF",
  "JamVolumeDownCircle",
  "JamVolumeDownSquareF",
  "JamVolumeDownSquare",
  "JamVolumeDown",
  "JamVolumeMuteCircleF",
  "JamVolumeMuteCircle",
  "JamVolumeMuteSquareF",
  "JamVolumeMuteSquare",
  "JamVolumeMute",
  "JamVolumeSquareF",
  "JamVolumeSquare",
  "JamVolumeUpCircleF",
  "JamVolumeUpCircle",
  "JamVolumeUpSquareF",
  "JamVolumeUpSquare",
  "JamVolumeUp",
  "JamVolume",
  "JamWatchF",
  "JamWatch",
  "JamWaterDropF",
  "JamWaterDrop",
  "JamWhatsapp",
  "JamWifi",
  "JamWikipedia",
  "JamWordpress",
  "JamWorld",
  "JamWrenchF",
  "JamWrench",
  "JamWriteF",
  "JamWrite",
  "JamYahooCircle",
  "JamYahooSquare",
  "JamYahoo",
  "JamYelpCircle",
  "JamYelpSquare",
  "JamYelp",
  "JamYoutubeCircle",
  "JamYoutubeSquare",
  "JamYoutube",
]
`;
