// Jest Snapshot v1, https://goo.gl/fbAQLP

exports[`Boxicons Icons should ensure the export names have not changed unexpectedly 1`] = `
Array [
  "boxAbacus",
  "boxAccessibility",
  "boxAddToQueue",
  "boxAdjust",
  "boxAlarmAdd",
  "boxAlarmExclamation",
  "boxAlarmOff",
  "boxAlarmSnooze",
  "boxAlarm",
  "boxAlbum",
  "boxAlignJustify",
  "boxAlignLeft",
  "boxAlignMiddle",
  "boxAlignRight",
  "boxAnalyse",
  "boxAnchor",
  "boxAngry",
  "boxAperture",
  "boxArch",
  "boxArchiveIn",
  "boxArchiveOut",
  "boxArchive",
  "boxArea",
  "boxArrowBack",
  "boxArrowFromBottom",
  "boxArrowFromLeft",
  "boxArrowFromRight",
  "boxArrowFromTop",
  "boxArrowToBottom",
  "boxArrowToLeft",
  "boxArrowToRight",
  "boxArrowToTop",
  "boxAt",
  "boxAtom",
  "boxAward",
  "boxBadgeCheck",
  "boxBadge",
  "boxBaguette",
  "boxBall",
  "boxBandAid",
  "boxBarChartAlt2",
  "boxBarChartAlt",
  "boxBarChartSquare",
  "boxBarChart",
  "boxBarcodeReader",
  "boxBarcode",
  "boxBaseball",
  "boxBasket",
  "boxBasketball",
  "boxBath",
  "boxBattery",
  "boxBed",
  "boxBeenHere",
  "boxBeer",
  "boxBellMinus",
  "boxBellOff",
  "boxBellPlus",
  "boxBell",
  "boxBible",
  "boxBitcoin",
  "boxBlanket",
  "boxBlock",
  "boxBluetooth",
  "boxBody",
  "boxBold",
  "boxBoltCircle",
  "boxBomb",
  "boxBone",
  "boxBong",
  "boxBookAdd",
  "boxBookAlt",
  "boxBookBookmark",
  "boxBookContent",
  "boxBookHeart",
  "boxBookOpen",
  "boxBookReader",
  "boxBook",
  "boxBookmarkAltMinus",
  "boxBookmarkAltPlus",
  "boxBookmarkAlt",
  "boxBookmarkHeart",
  "boxBookmarkMinus",
  "boxBookmarkPlus",
  "boxBookmark",
  "boxBookmarks",
  "boxBorderAll",
  "boxBorderBottom",
  "boxBorderInner",
  "boxBorderLeft",
  "boxBorderNone",
  "boxBorderOuter",
  "boxBorderRadius",
  "boxBorderRight",
  "boxBorderTop",
  "boxBot",
  "boxBowlHot",
  "boxBowlRice",
  "boxBowlingBall",
  "boxBox",
  "boxBracket",
  "boxBraille",
  "boxBrain",
  "boxBriefcaseAlt2",
  "boxBriefcaseAlt",
  "boxBriefcase",
  "boxBrightnessHalf",
  "boxBrightness",
  "boxBroadcast",
  "boxBrushAlt",
  "boxBrush",
  "boxBugAlt",
  "boxBug",
  "boxBuildingHouse",
  "boxBuilding",
  "boxBuildings",
  "boxBulb",
  "boxBullseye",
  "boxBuoy",
  "boxBusSchool",
  "boxBus",
  "boxCabinet",
  "boxCableCar",
  "boxCake",
  "boxCalculator",
  "boxCalendarAlt",
  "boxCalendarCheck",
  "boxCalendarEdit",
  "boxCalendarEvent",
  "boxCalendarExclamation",
  "boxCalendarHeart",
  "boxCalendarMinus",
  "boxCalendarPlus",
  "boxCalendarStar",
  "boxCalendarWeek",
  "boxCalendarX",
  "boxCalendar",
  "boxCameraHome",
  "boxCameraMovie",
  "boxCameraOff",
  "boxCamera",
  "boxCandles",
  "boxCapsule",
  "boxCaptions",
  "boxCar",
  "boxCard",
  "boxCaretDownCircle",
  "boxCaretDownSquare",
  "boxCaretDown",
  "boxCaretLeftCircle",
  "boxCaretLeftSquare",
  "boxCaretLeft",
  "boxCaretRightCircle",
  "boxCaretRightSquare",
  "boxCaretRight",
  "boxCaretUpCircle",
  "boxCaretUpSquare",
  "boxCaretUp",
  "boxCarousel",
  "boxCartAdd",
  "boxCartAlt",
  "boxCartDownload",
  "boxCart",
  "boxCast",
  "boxCategoryAlt",
  "boxCategory",
  "boxCctv",
  "boxCertification",
  "boxChair",
  "boxChalkboard",
  "boxChart",
  "boxChat",
  "boxCheckCircle",
  "boxCheckDouble",
  "boxCheckShield",
  "boxCheckSquare",
  "boxCheck",
  "boxCheckboxChecked",
  "boxCheckboxMinus",
  "boxCheckboxSquare",
  "boxCheckbox",
  "boxCheese",
  "boxChevronDownCircle",
  "boxChevronDownSquare",
  "boxChevronDown",
  "boxChevronLeftCircle",
  "boxChevronLeftSquare",
  "boxChevronLeft",
  "boxChevronRightCircle",
  "boxChevronRightSquare",
  "boxChevronRight",
  "boxChevronUpCircle",
  "boxChevronUpSquare",
  "boxChevronUp",
  "boxChevronsDown",
  "boxChevronsLeft",
  "boxChevronsRight",
  "boxChevronsUp",
  "boxChild",
  "boxChip",
  "boxChurch",
  "boxCircleHalf",
  "boxCircleQuarter",
  "boxCircleThreeQuarter",
  "boxCircle",
  "boxClinic",
  "boxClipboard",
  "boxCloset",
  "boxCloudDownload",
  "boxCloudDrizzle",
  "boxCloudLightRain",
  "boxCloudLightning",
  "boxCloudRain",
  "boxCloudSnow",
  "boxCloudUpload",
  "boxCloud",
  "boxCodeAlt",
  "boxCodeBlock",
  "boxCodeCurly",
  "boxCode",
  "boxCoffeeTogo",
  "boxCoffee",
  "boxCog",
  "boxCoinStack",
  "boxCoin",
  "boxCollapseAlt",
  "boxCollapseHorizontal",
  "boxCollapseVertical",
  "boxCollapse",
  "boxCollection",
  "boxColorFill",
  "boxColor",
  "boxColumns",
  "boxCommand",
  "boxCommentAdd",
  "boxCommentCheck",
  "boxCommentDetail",
  "boxCommentDots",
  "boxCommentEdit",
  "boxCommentError",
  "boxCommentMinus",
  "boxCommentX",
  "boxComment",
  "boxCompass",
  "boxConfused",
  "boxConversation",
  "boxCookie",
  "boxCool",
  "boxCopyAlt",
  "boxCopy",
  "boxCopyright",
  "boxCreditCardAlt",
  "boxCreditCardFront",
  "boxCreditCard",
  "boxCricketBall",
  "boxCrop",
  "boxCross",
  "boxCrosshair",
  "boxCrown",
  "boxCubeAlt",
  "boxCube",
  "boxCuboid",
  "boxCurrentLocation",
  "boxCustomize",
  "boxCut",
  "boxCycling",
  "boxCylinder",
  "boxData",
  "boxDesktop",
  "boxDetail",
  "boxDevices",
  "boxDialpadAlt",
  "boxDialpad",
  "boxDiamond",
  "boxDice1",
  "boxDice2",
  "boxDice3",
  "boxDice4",
  "boxDice5",
  "boxDice6",
  "boxDirections",
  "boxDisc",
  "boxDish",
  "boxDislike",
  "boxDizzy",
  "boxDna",
  "boxDockBottom",
  "boxDockLeft",
  "boxDockRight",
  "boxDockTop",
  "boxDollarCircle",
  "boxDollar",
  "boxDonateBlood",
  "boxDonateHeart",
  "boxDoorOpen",
  "boxDotsHorizontalRounded",
  "boxDotsHorizontal",
  "boxDotsVerticalRounded",
  "boxDotsVertical",
  "boxDoughnutChart",
  "boxDownArrowAlt",
  "boxDownArrowCircle",
  "boxDownArrow",
  "boxDownload",
  "boxDownvote",
  "boxDrink",
  "boxDroplet",
  "boxDumbbell",
  "boxDuplicate",
  "boxEditAlt",
  "boxEdit",
  "boxEnvelopeOpen",
  "boxEnvelope",
  "boxEqualizer",
  "boxEraser",
  "boxErrorAlt",
  "boxErrorCircle",
  "boxError",
  "boxEuro",
  "boxExclude",
  "boxExitFullscreen",
  "boxExit",
  "boxExpandAlt",
  "boxExpandHorizontal",
  "boxExpandVertical",
  "boxExpand",
  "boxExport",
  "boxExtension",
  "boxFace",
  "boxFastForwardCircle",
  "boxFastForward",
  "boxFemaleSign",
  "boxFemale",
  "boxFileBlank",
  "boxFileFind",
  "boxFile",
  "boxFilm",
  "boxFilterAlt",
  "boxFilter",
  "boxFingerprint",
  "boxFirstAid",
  "boxFirstPage",
  "boxFlag",
  "boxFolderMinus",
  "boxFolderOpen",
  "boxFolderPlus",
  "boxFolder",
  "boxFontColor",
  "boxFontFamily",
  "boxFontSize",
  "boxFont",
  "boxFoodMenu",
  "boxFoodTag",
  "boxFootball",
  "boxFork",
  "boxFridge",
  "boxFullscreen",
  "boxGame",
  "boxGasPump",
  "boxGhost",
  "boxGift",
  "boxGitBranch",
  "boxGitCommit",
  "boxGitCompare",
  "boxGitMerge",
  "boxGitPullRequest",
  "boxGitRepoForked",
  "boxGlassesAlt",
  "boxGlasses",
  "boxGlobeAlt",
  "boxGlobe",
  "boxGridAlt",
  "boxGridHorizontal",
  "boxGridSmall",
  "boxGridVertical",
  "boxGrid",
  "boxGroup",
  "boxHandicap",
  "boxHappyAlt",
  "boxHappyBeaming",
  "boxHappyHeartEyes",
  "boxHappy",
  "boxHardHat",
  "boxHash",
  "boxHdd",
  "boxHeading",
  "boxHeadphone",
  "boxHealth",
  "boxHeartCircle",
  "boxHeartSquare",
  "boxHeart",
  "boxHelpCircle",
  "boxHide",
  "boxHighlight",
  "boxHistory",
  "boxHive",
  "boxHomeAlt2",
  "boxHomeAlt",
  "boxHomeCircle",
  "boxHomeHeart",
  "boxHomeSmile",
  "boxHome",
  "boxHorizontalCenter",
  "boxHorizontalLeft",
  "boxHorizontalRight",
  "boxHotel",
  "boxHourglass",
  "boxIdCard",
  "boxImageAdd",
  "boxImageAlt",
  "boxImage",
  "boxImages",
  "boxImport",
  "boxInfinite",
  "boxInfoCircle",
  "boxInfoSquare",
  "boxInjection",
  "boxIntersect",
  "boxItalic",
  "boxJoystickAlt",
  "boxJoystickButton",
  "boxJoystick",
  "boxKey",
  "boxKnife",
  "boxLabel",
  "boxLandscape",
  "boxLaptop",
  "boxLastPage",
  "boxLaugh",
  "boxLayerMinus",
  "boxLayerPlus",
  "boxLayer",
  "boxLayout",
  "boxLeaf",
  "boxLeftArrowAlt",
  "boxLeftArrowCircle",
  "boxLeftArrow",
  "boxLeftDownArrowCircle",
  "boxLeftIndent",
  "boxLeftTopArrowCircle",
  "boxLemon",
  "boxLibrary",
  "boxLike",
  "boxLineChartDown",
  "boxLineChart",
  "boxLinkAlt",
  "boxLinkExternal",
  "boxLink",
  "boxLira",
  "boxListCheck",
  "boxListMinus",
  "boxListOl",
  "boxListPlus",
  "boxListUl",
  "boxLoaderAlt",
  "boxLoaderCircle",
  "boxLoader",
  "boxLocationPlus",
  "boxLockAlt",
  "boxLockOpenAlt",
  "boxLockOpen",
  "boxLock",
  "boxLogInCircle",
  "boxLogIn",
  "boxLogOutCircle",
  "boxLogOut",
  "boxLowVision",
  "boxMagnet",
  "boxMailSend",
  "boxMaleFemale",
  "boxMaleSign",
  "boxMale",
  "boxMapAlt",
  "boxMapPin",
  "boxMap",
  "boxMask",
  "boxMath",
  "boxMedal",
  "boxMehAlt",
  "boxMehBlank",
  "boxMeh",
  "boxMemoryCard",
  "boxMenuAltLeft",
  "boxMenuAltRight",
  "boxMenu",
  "boxMerge",
  "boxMessageAdd",
  "boxMessageAltAdd",
  "boxMessageAltCheck",
  "boxMessageAltDetail",
  "boxMessageAltDots",
  "boxMessageAltEdit",
  "boxMessageAltError",
  "boxMessageAltMinus",
  "boxMessageAltX",
  "boxMessageAlt",
  "boxMessageCheck",
  "boxMessageDetail",
  "boxMessageDots",
  "boxMessageEdit",
  "boxMessageError",
  "boxMessageMinus",
  "boxMessageRoundedAdd",
  "boxMessageRoundedCheck",
  "boxMessageRoundedDetail",
  "boxMessageRoundedDots",
  "boxMessageRoundedEdit",
  "boxMessageRoundedError",
  "boxMessageRoundedMinus",
  "boxMessageRoundedX",
  "boxMessageRounded",
  "boxMessageSquareAdd",
  "boxMessageSquareCheck",
  "boxMessageSquareDetail",
  "boxMessageSquareDots",
  "boxMessageSquareEdit",
  "boxMessageSquareError",
  "boxMessageSquareMinus",
  "boxMessageSquareX",
  "boxMessageSquare",
  "boxMessageX",
  "boxMessage",
  "boxMeteor",
  "boxMicrochip",
  "boxMicrophoneOff",
  "boxMicrophone",
  "boxMinusBack",
  "boxMinusCircle",
  "boxMinusFront",
  "boxMinus",
  "boxMobileAlt",
  "boxMobileLandscape",
  "boxMobileVibration",
  "boxMobile",
  "boxMoneyWithdraw",
  "boxMoney",
  "boxMoon",
  "boxMouseAlt",
  "boxMouse",
  "boxMoveHorizontal",
  "boxMoveVertical",
  "boxMove",
  "boxMoviePlay",
  "boxMovie",
  "boxMusic",
  "boxNavigation",
  "boxNetworkChart",
  "boxNews",
  "boxNoEntry",
  "boxNoSignal",
  "boxNote",
  "boxNotepad",
  "boxNotificationOff",
  "boxNotification",
  "boxObjectsHorizontalCenter",
  "boxObjectsHorizontalLeft",
  "boxObjectsHorizontalRight",
  "boxObjectsVerticalBottom",
  "boxObjectsVerticalCenter",
  "boxObjectsVerticalTop",
  "boxOutline",
  "boxPackage",
  "boxPaintRoll",
  "boxPaint",
  "boxPalette",
  "boxPaperPlane",
  "boxPaperclip",
  "boxParagraph",
  "boxParty",
  "boxPaste",
  "boxPauseCircle",
  "boxPause",
  "boxPen",
  "boxPencil",
  "boxPhoneCall",
  "boxPhoneIncoming",
  "boxPhoneOff",
  "boxPhoneOutgoing",
  "boxPhone",
  "boxPhotoAlbum",
  "boxPieChartAlt2",
  "boxPieChartAlt",
  "boxPieChart",
  "boxPin",
  "boxPlanet",
  "boxPlayCircle",
  "boxPlay",
  "boxPlug",
  "boxPlusCircle",
  "boxPlusMedical",
  "boxPlus",
  "boxPodcast",
  "boxPointer",
  "boxPoll",
  "boxPolygon",
  "boxPopsicle",
  "boxPound",
  "boxPowerOff",
  "boxPrinter",
  "boxPulse",
  "boxPurchaseTagAlt",
  "boxPurchaseTag",
  "boxPyramid",
  "boxQrScan",
  "boxQr",
  "boxQuestionMark",
  "boxRadar",
  "boxRadioCircleMarked",
  "boxRadioCircle",
  "boxRadio",
  "boxReceipt",
  "boxRectangle",
  "boxRecycle",
  "boxRedo",
  "boxReflectHorizontal",
  "boxReflectVertical",
  "boxRefresh",
  "boxRegistered",
  "boxRename",
  "boxRepeat",
  "boxReplyAll",
  "boxReply",
  "boxRepost",
  "boxReset",
  "boxRestaurant",
  "boxRevision",
  "boxRewindCircle",
  "boxRewind",
  "boxRfid",
  "boxRightArrowAlt",
  "boxRightArrowCircle",
  "boxRightArrow",
  "boxRightDownArrowCircle",
  "boxRightIndent",
  "boxRightTopArrowCircle",
  "boxRocket",
  "boxRotateLeft",
  "boxRotateRight",
  "boxRss",
  "boxRuble",
  "boxRuler",
  "boxRun",
  "boxRupee",
  "boxSad",
  "boxSave",
  "boxScan",
  "boxScatterChart",
  "boxScreenshot",
  "boxSearchAlt2",
  "boxSearchAlt",
  "boxSearch",
  "boxSelectMultiple",
  "boxSelection",
  "boxSend",
  "boxServer",
  "boxShapeCircle",
  "boxShapePolygon",
  "boxShapeSquare",
  "boxShapeTriangle",
  "boxShareAlt",
  "boxShare",
  "boxShekel",
  "boxShieldAlt2",
  "boxShieldAlt",
  "boxShieldMinus",
  "boxShieldPlus",
  "boxShieldQuarter",
  "boxShieldX",
  "boxShield",
  "boxShocked",
  "boxShoppingBag",
  "boxShowAlt",
  "boxShow",
  "boxShower",
  "boxShuffle",
  "boxSidebar",
  "boxSignal1",
  "boxSignal2",
  "boxSignal3",
  "boxSignal4",
  "boxSignal5",
  "boxSitemap",
  "boxSkipNextCircle",
  "boxSkipNext",
  "boxSkipPreviousCircle",
  "boxSkipPrevious",
  "boxSleepy",
  "boxSliderAlt",
  "boxSlider",
  "boxSlideshow",
  "boxSmile",
  "boxSortAZ",
  "boxSortAlt2",
  "boxSortDown",
  "boxSortUp",
  "boxSortZA",
  "boxSort",
  "boxSpa",
  "boxSpaceBar",
  "boxSpeaker",
  "boxSprayCan",
  "boxSpreadsheet",
  "boxSquareRounded",
  "boxSquare",
  "boxStar",
  "boxStation",
  "boxStats",
  "boxSticker",
  "boxStopCircle",
  "boxStop",
  "boxStopwatch",
  "boxStoreAlt",
  "boxStore",
  "boxStreetView",
  "boxStrikethrough",
  "boxSubdirectoryLeft",
  "boxSubdirectoryRight",
  "boxSun",
  "boxSupport",
  "boxSushi",
  "boxSwim",
  "boxSync",
  "boxTab",
  "boxTable",
  "boxTachometer",
  "boxTagAlt",
  "boxTag",
  "boxTargetLock",
  "boxTaskX",
  "boxTask",
  "boxTaxi",
  "boxTennisBall",
  "boxTerminal",
  "boxTestTube",
  "boxText",
  "boxTimeFive",
  "boxTime",
  "boxTimer",
  "boxTired",
  "boxToggleLeft",
  "boxToggleRight",
  "boxTone",
  "boxTrafficCone",
  "boxTrain",
  "boxTransferAlt",
  "boxTransfer",
  "boxTrashAlt",
  "boxTrash",
  "boxTrendingDown",
  "boxTrendingUp",
  "boxTrim",
  "boxTrip",
  "boxTrophy",
  "boxTv",
  "boxUnderline",
  "boxUndo",
  "boxUnite",
  "boxUniversalAccess",
  "boxUnlink",
  "boxUpArrowAlt",
  "boxUpArrowCircle",
  "boxUpArrow",
  "boxUpload",
  "boxUpsideDown",
  "boxUpvote",
  "boxUsb",
  "boxUserCheck",
  "boxUserCircle",
  "boxUserMinus",
  "boxUserPin",
  "boxUserPlus",
  "boxUserVoice",
  "boxUserX",
  "boxUser",
  "boxVector",
  "boxVerticalBottom",
  "boxVerticalCenter",
  "boxVerticalTop",
  "boxVial",
  "boxVideoOff",
  "boxVideoPlus",
  "boxVideoRecording",
  "boxVideo",
  "boxVoicemail",
  "boxVolumeFull",
  "boxVolumeLow",
  "boxVolumeMute",
  "boxVolume",
  "boxWalk",
  "boxWalletAlt",
  "boxWallet",
  "boxWater",
  "boxWebcam",
  "boxWifi0",
  "boxWifi1",
  "boxWifi2",
  "boxWifiOff",
  "boxWifi",
  "boxWind",
  "boxWindowAlt",
  "boxWindowClose",
  "boxWindowOpen",
  "boxWindow",
  "boxWindows",
  "boxWine",
  "boxWinkSmile",
  "boxWinkTongue",
  "boxWon",
  "boxWorld",
  "boxWrench",
  "boxXCircle",
  "boxX",
  "boxYen",
  "boxZoomIn",
  "boxZoomOut",
]
`;

exports[`Boxicons Icons should ensure the export names have not changed unexpectedly 2`] = `
Array [
  "boxAddToQueueSolid",
  "boxAdjustAltSolid",
  "boxAdjustSolid",
  "boxAlarmAddSolid",
  "boxAlarmExclamationSolid",
  "boxAlarmOffSolid",
  "boxAlarmSnoozeSolid",
  "boxAlarmSolid",
  "boxAlbumSolid",
  "boxAmbulanceSolid",
  "boxAnalyseSolid",
  "boxAngrySolid",
  "boxArchSolid",
  "boxArchiveInSolid",
  "boxArchiveOutSolid",
  "boxArchiveSolid",
  "boxAreaSolid",
  "boxArrowFromBottomSolid",
  "boxArrowFromLeftSolid",
  "boxArrowFromRightSolid",
  "boxArrowFromTopSolid",
  "boxArrowToBottomSolid",
  "boxArrowToLeftSolid",
  "boxArrowToRightSolid",
  "boxArrowToTopSolid",
  "boxAwardSolid",
  "boxBabyCarriageSolid",
  "boxBackpackSolid",
  "boxBadgeCheckSolid",
  "boxBadgeDollarSolid",
  "boxBadgeSolid",
  "boxBaguetteSolid",
  "boxBallSolid",
  "boxBalloonSolid",
  "boxBandAidSolid",
  "boxBankSolid",
  "boxBarChartAlt2Solid",
  "boxBarChartSquareSolid",
  "boxBarcodeSolid",
  "boxBaseballSolid",
  "boxBasketSolid",
  "boxBasketballSolid",
  "boxBathSolid",
  "boxBatteryChargingSolid",
  "boxBatteryFullSolid",
  "boxBatteryLowSolid",
  "boxBatterySolid",
  "boxBedSolid",
  "boxBeenHereSolid",
  "boxBeerSolid",
  "boxBellMinusSolid",
  "boxBellOffSolid",
  "boxBellPlusSolid",
  "boxBellRingSolid",
  "boxBellSolid",
  "boxBibleSolid",
  "boxBinocularsSolid",
  "boxBlanketSolid",
  "boxBoltCircleSolid",
  "boxBoltSolid",
  "boxBombSolid",
  "boxBoneSolid",
  "boxBongSolid",
  "boxBookAddSolid",
  "boxBookAltSolid",
  "boxBookBookmarkSolid",
  "boxBookContentSolid",
  "boxBookHeartSolid",
  "boxBookOpenSolid",
  "boxBookReaderSolid",
  "boxBookSolid",
  "boxBookmarkAltMinusSolid",
  "boxBookmarkAltPlusSolid",
  "boxBookmarkAltSolid",
  "boxBookmarkHeartSolid",
  "boxBookmarkMinusSolid",
  "boxBookmarkPlusSolid",
  "boxBookmarkStarSolid",
  "boxBookmarkSolid",
  "boxBookmarksSolid",
  "boxBotSolid",
  "boxBowlHotSolid",
  "boxBowlRiceSolid",
  "boxBowlingBallSolid",
  "boxBoxSolid",
  "boxBrainSolid",
  "boxBriefcaseAlt2Solid",
  "boxBriefcaseAltSolid",
  "boxBriefcaseSolid",
  "boxBrightnessHalfSolid",
  "boxBrightnessSolid",
  "boxBrushAltSolid",
  "boxBrushSolid",
  "boxBugAltSolid",
  "boxBugSolid",
  "boxBuildingHouseSolid",
  "boxBuildingSolid",
  "boxBuildingsSolid",
  "boxBulbSolid",
  "boxBullseyeSolid",
  "boxBuoySolid",
  "boxBusSchoolSolid",
  "boxBusSolid",
  "boxBusinessSolid",
  "boxCabinetSolid",
  "boxCableCarSolid",
  "boxCakeSolid",
  "boxCalculatorSolid",
  "boxCalendarAltSolid",
  "boxCalendarCheckSolid",
  "boxCalendarEditSolid",
  "boxCalendarEventSolid",
  "boxCalendarExclamationSolid",
  "boxCalendarHeartSolid",
  "boxCalendarMinusSolid",
  "boxCalendarPlusSolid",
  "boxCalendarStarSolid",
  "boxCalendarWeekSolid",
  "boxCalendarXSolid",
  "boxCalendarSolid",
  "boxCameraHomeSolid",
  "boxCameraMovieSolid",
  "boxCameraOffSolid",
  "boxCameraPlusSolid",
  "boxCameraSolid",
  "boxCapsuleSolid",
  "boxCaptionsSolid",
  "boxCarBatterySolid",
  "boxCarCrashSolid",
  "boxCarGarageSolid",
  "boxCarMechanicSolid",
  "boxCarWashSolid",
  "boxCarSolid",
  "boxCardSolid",
  "boxCaretDownCircleSolid",
  "boxCaretDownSquareSolid",
  "boxCaretLeftCircleSolid",
  "boxCaretLeftSquareSolid",
  "boxCaretRightCircleSolid",
  "boxCaretRightSquareSolid",
  "boxCaretUpCircleSolid",
  "boxCaretUpSquareSolid",
  "boxCarouselSolid",
  "boxCartAddSolid",
  "boxCartAltSolid",
  "boxCartDownloadSolid",
  "boxCartSolid",
  "boxCastleSolid",
  "boxCatSolid",
  "boxCategoryAltSolid",
  "boxCategorySolid",
  "boxCctvSolid",
  "boxCertificationSolid",
  "boxChalkboardSolid",
  "boxChartSolid",
  "boxChatSolid",
  "boxCheckCircleSolid",
  "boxCheckShieldSolid",
  "boxCheckSquareSolid",
  "boxCheckboxCheckedSolid",
  "boxCheckboxMinusSolid",
  "boxCheckboxSolid",
  "boxCheeseSolid",
  "boxChessSolid",
  "boxChevronDownCircleSolid",
  "boxChevronDownSquareSolid",
  "boxChevronDownSolid",
  "boxChevronLeftCircleSolid",
  "boxChevronLeftSquareSolid",
  "boxChevronLeftSolid",
  "boxChevronRightCircleSolid",
  "boxChevronRightSquareSolid",
  "boxChevronRightSolid",
  "boxChevronUpCircleSolid",
  "boxChevronUpSquareSolid",
  "boxChevronUpSolid",
  "boxChevronsDownSolid",
  "boxChevronsLeftSolid",
  "boxChevronsRightSolid",
  "boxChevronsUpSolid",
  "boxChipSolid",
  "boxChurchSolid",
  "boxCircleHalfSolid",
  "boxCircleQuarterSolid",
  "boxCircleThreeQuarterSolid",
  "boxCircleSolid",
  "boxCitySolid",
  "boxClinicSolid",
  "boxCloudDownloadSolid",
  "boxCloudLightningSolid",
  "boxCloudRainSolid",
  "boxCloudUploadSolid",
  "boxCloudSolid",
  "boxCoffeeAltSolid",
  "boxCoffeeBeanSolid",
  "boxCoffeeTogoSolid",
  "boxCoffeeSolid",
  "boxCogSolid",
  "boxCoinStackSolid",
  "boxCoinSolid",
  "boxCollectionSolid",
  "boxColorFillSolid",
  "boxColorSolid",
  "boxCommentAddSolid",
  "boxCommentCheckSolid",
  "boxCommentDetailSolid",
  "boxCommentDotsSolid",
  "boxCommentEditSolid",
  "boxCommentErrorSolid",
  "boxCommentMinusSolid",
  "boxCommentXSolid",
  "boxCommentSolid",
  "boxCompassSolid",
  "boxComponentSolid",
  "boxConfusedSolid",
  "boxContactSolid",
  "boxConversationSolid",
  "boxCookieSolid",
  "boxCoolSolid",
  "boxCopyAltSolid",
  "boxCopySolid",
  "boxCopyrightSolid",
  "boxCouponSolid",
  "boxCreditCardAltSolid",
  "boxCreditCardFrontSolid",
  "boxCreditCardSolid",
  "boxCricketBallSolid",
  "boxCropSolid",
  "boxCrownSolid",
  "boxCubeAltSolid",
  "boxCubeSolid",
  "boxCuboidSolid",
  "boxCustomizeSolid",
  "boxCylinderSolid",
  "boxDashboardSolid",
  "boxDataSolid",
  "boxDetailSolid",
  "boxDevicesSolid",
  "boxDiamondSolid",
  "boxDice1Solid",
  "boxDice2Solid",
  "boxDice3Solid",
  "boxDice4Solid",
  "boxDice5Solid",
  "boxDice6Solid",
  "boxDirectionLeftSolid",
  "boxDirectionRightSolid",
  "boxDirectionsSolid",
  "boxDiscSolid",
  "boxDiscountSolid",
  "boxDishSolid",
  "boxDislikeSolid",
  "boxDizzySolid",
  "boxDockBottomSolid",
  "boxDockLeftSolid",
  "boxDockRightSolid",
  "boxDockTopSolid",
  "boxDogSolid",
  "boxDollarCircleSolid",
  "boxDonateBloodSolid",
  "boxDonateHeartSolid",
  "boxDoorOpenSolid",
  "boxDoughnutChartSolid",
  "boxDownArrowAltSolid",
  "boxDownArrowCircleSolid",
  "boxDownArrowSquareSolid",
  "boxDownArrowSolid",
  "boxDownloadSolid",
  "boxDownvoteSolid",
  "boxDrinkSolid",
  "boxDropletHalfSolid",
  "boxDropletSolid",
  "boxDryerSolid",
  "boxDuplicateSolid",
  "boxEditAltSolid",
  "boxEditLocationSolid",
  "boxEditSolid",
  "boxEjectSolid",
  "boxEnvelopeOpenSolid",
  "boxEnvelopeSolid",
  "boxEraserSolid",
  "boxErrorAltSolid",
  "boxErrorCircleSolid",
  "boxErrorSolid",
  "boxEvStationSolid",
  "boxExitSolid",
  "boxExtensionSolid",
  "boxEyedropperSolid",
  "boxFaceMaskSolid",
  "boxFaceSolid",
  "boxFactorySolid",
  "boxFastForwardCircleSolid",
  "boxFileArchiveSolid",
  "boxFileBlankSolid",
  "boxFileCssSolid",
  "boxFileDocSolid",
  "boxFileExportSolid",
  "boxFileFindSolid",
  "boxFileGifSolid",
  "boxFileHtmlSolid",
  "boxFileImageSolid",
  "boxFileImportSolid",
  "boxFileJpgSolid",
  "boxFileJsSolid",
  "boxFileJsonSolid",
  "boxFileMdSolid",
  "boxFilePdfSolid",
  "boxFilePlusSolid",
  "boxFilePngSolid",
  "boxFileTxtSolid",
  "boxFileSolid",
  "boxFilmSolid",
  "boxFilterAltSolid",
  "boxFirstAidSolid",
  "boxFlagAltSolid",
  "boxFlagCheckeredSolid",
  "boxFlagSolid",
  "boxFlameSolid",
  "boxFlaskSolid",
  "boxFloristSolid",
  "boxFolderMinusSolid",
  "boxFolderOpenSolid",
  "boxFolderPlusSolid",
  "boxFolderSolid",
  "boxFoodMenuSolid",
  "boxFridgeSolid",
  "boxGameSolid",
  "boxGasPumpSolid",
  "boxGhostSolid",
  "boxGiftSolid",
  "boxGraduationSolid",
  "boxGridAltSolid",
  "boxGridSolid",
  "boxGroupSolid",
  "boxGuitarAmpSolid",
  "boxHandDownSolid",
  "boxHandLeftSolid",
  "boxHandRightSolid",
  "boxHandUpSolid",
  "boxHandSolid",
  "boxHappyAltSolid",
  "boxHappyBeamingSolid",
  "boxHappyHeartEyesSolid",
  "boxHappySolid",
  "boxHardHatSolid",
  "boxHddSolid",
  "boxHeartCircleSolid",
  "boxHeartSquareSolid",
  "boxHeartSolid",
  "boxHelpCircleSolid",
  "boxHideSolid",
  "boxHomeAlt2Solid",
  "boxHomeCircleSolid",
  "boxHomeHeartSolid",
  "boxHomeSmileSolid",
  "boxHomeSolid",
  "boxHotSolid",
  "boxHotelSolid",
  "boxHourglassBottomSolid",
  "boxHourglassTopSolid",
  "boxHourglassSolid",
  "boxIdCardSolid",
  "boxImageAddSolid",
  "boxImageAltSolid",
  "boxImageSolid",
  "boxInboxSolid",
  "boxInfoCircleSolid",
  "boxInfoSquareSolid",
  "boxInjectionSolid",
  "boxInstitutionSolid",
  "boxInvaderSolid",
  "boxJoystickAltSolid",
  "boxJoystickButtonSolid",
  "boxJoystickSolid",
  "boxKeySolid",
  "boxKeyboardSolid",
  "boxLabelSolid",
  "boxLandmarkSolid",
  "boxLandscapeSolid",
  "boxLaughSolid",
  "boxLayerMinusSolid",
  "boxLayerPlusSolid",
  "boxLayerSolid",
  "boxLayoutSolid",
  "boxLeafSolid",
  "boxLeftArrowAltSolid",
  "boxLeftArrowCircleSolid",
  "boxLeftArrowSquareSolid",
  "boxLeftArrowSolid",
  "boxLeftDownArrowCircleSolid",
  "boxLeftTopArrowCircleSolid",
  "boxLemonSolid",
  "boxLikeSolid",
  "boxLocationPlusSolid",
  "boxLockAltSolid",
  "boxLockOpenAltSolid",
  "boxLockOpenSolid",
  "boxLockSolid",
  "boxLogInCircleSolid",
  "boxLogInSolid",
  "boxLogOutCircleSolid",
  "boxLogOutSolid",
  "boxLowVisionSolid",
  "boxMagicWandSolid",
  "boxMagnetSolid",
  "boxMapAltSolid",
  "boxMapPinSolid",
  "boxMapSolid",
  "boxMaskSolid",
  "boxMedalSolid",
  "boxMegaphoneSolid",
  "boxMehAltSolid",
  "boxMehBlankSolid",
  "boxMehSolid",
  "boxMemoryCardSolid",
  "boxMessageAddSolid",
  "boxMessageAltAddSolid",
  "boxMessageAltCheckSolid",
  "boxMessageAltDetailSolid",
  "boxMessageAltDotsSolid",
  "boxMessageAltEditSolid",
  "boxMessageAltErrorSolid",
  "boxMessageAltMinusSolid",
  "boxMessageAltXSolid",
  "boxMessageAltSolid",
  "boxMessageCheckSolid",
  "boxMessageDetailSolid",
  "boxMessageDotsSolid",
  "boxMessageEditSolid",
  "boxMessageErrorSolid",
  "boxMessageMinusSolid",
  "boxMessageRoundedAddSolid",
  "boxMessageRoundedCheckSolid",
  "boxMessageRoundedDetailSolid",
  "boxMessageRoundedDotsSolid",
  "boxMessageRoundedEditSolid",
  "boxMessageRoundedErrorSolid",
  "boxMessageRoundedMinusSolid",
  "boxMessageRoundedXSolid",
  "boxMessageRoundedSolid",
  "boxMessageSquareAddSolid",
  "boxMessageSquareCheckSolid",
  "boxMessageSquareDetailSolid",
  "boxMessageSquareDotsSolid",
  "boxMessageSquareEditSolid",
  "boxMessageSquareErrorSolid",
  "boxMessageSquareMinusSolid",
  "boxMessageSquareXSolid",
  "boxMessageSquareSolid",
  "boxMessageXSolid",
  "boxMessageSolid",
  "boxMeteorSolid",
  "boxMicrochipSolid",
  "boxMicrophoneAltSolid",
  "boxMicrophoneOffSolid",
  "boxMicrophoneSolid",
  "boxMinusCircleSolid",
  "boxMinusSquareSolid",
  "boxMobileVibrationSolid",
  "boxMobileSolid",
  "boxMoonSolid",
  "boxMouseAltSolid",
  "boxMouseSolid",
  "boxMoviePlaySolid",
  "boxMovieSolid",
  "boxMusicSolid",
  "boxNavigationSolid",
  "boxNetworkChartSolid",
  "boxNewsSolid",
  "boxNoEntrySolid",
  "boxNoteSolid",
  "boxNotepadSolid",
  "boxNotificationOffSolid",
  "boxNotificationSolid",
  "boxObjectsHorizontalCenterSolid",
  "boxObjectsHorizontalLeftSolid",
  "boxObjectsHorizontalRightSolid",
  "boxObjectsVerticalBottomSolid",
  "boxObjectsVerticalCenterSolid",
  "boxObjectsVerticalTopSolid",
  "boxOfferSolid",
  "boxPackageSolid",
  "boxPaintRollSolid",
  "boxPaintSolid",
  "boxPaletteSolid",
  "boxPaperPlaneSolid",
  "boxParkingSolid",
  "boxPartySolid",
  "boxPasteSolid",
  "boxPearSolid",
  "boxPenSolid",
  "boxPencilSolid",
  "boxPhoneCallSolid",
  "boxPhoneIncomingSolid",
  "boxPhoneOffSolid",
  "boxPhoneOutgoingSolid",
  "boxPhoneSolid",
  "boxPhotoAlbumSolid",
  "boxPianoSolid",
  "boxPieChartAlt2Solid",
  "boxPieChartAltSolid",
  "boxPieChartSolid",
  "boxPinSolid",
  "boxPizzaSolid",
  "boxPlaneAltSolid",
  "boxPlaneLandSolid",
  "boxPlaneTakeOffSolid",
  "boxPlaneSolid",
  "boxPlanetSolid",
  "boxPlaylistSolid",
  "boxPlugSolid",
  "boxPlusCircleSolid",
  "boxPlusSquareSolid",
  "boxPointerSolid",
  "boxPolygonSolid",
  "boxPopsicleSolid",
  "boxPrinterSolid",
  "boxPurchaseTagAltSolid",
  "boxPurchaseTagSolid",
  "boxPyramidSolid",
  "boxQuoteAltLeftSolid",
  "boxQuoteAltRightSolid",
  "boxQuoteLeftSolid",
  "boxQuoteRightSolid",
  "boxQuoteSingleLeftSolid",
  "boxQuoteSingleRightSolid",
  "boxRadiationSolid",
  "boxRadioSolid",
  "boxReceiptSolid",
  "boxRectangleSolid",
  "boxRegisteredSolid",
  "boxRenameSolid",
  "boxReportSolid",
  "boxRewindCircleSolid",
  "boxRightArrowAltSolid",
  "boxRightArrowCircleSolid",
  "boxRightArrowSquareSolid",
  "boxRightArrowSolid",
  "boxRightDownArrowCircleSolid",
  "boxRightTopArrowCircleSolid",
  "boxRocketSolid",
  "boxRulerSolid",
  "boxSadSolid",
  "boxSaveSolid",
  "boxSchoolSolid",
  "boxSearchAlt2Solid",
  "boxSearchSolid",
  "boxSelectMultipleSolid",
  "boxSendSolid",
  "boxServerSolid",
  "boxShapesSolid",
  "boxShareAltSolid",
  "boxShareSolid",
  "boxShieldAlt2Solid",
  "boxShieldMinusSolid",
  "boxShieldPlusSolid",
  "boxShieldXSolid",
  "boxShieldSolid",
  "boxShipSolid",
  "boxShockedSolid",
  "boxShoppingBagAltSolid",
  "boxShoppingBagSolid",
  "boxShoppingBagsSolid",
  "boxShowSolid",
  "boxShowerSolid",
  "boxSkipNextCircleSolid",
  "boxSkipPreviousCircleSolid",
  "boxSkullSolid",
  "boxSleepySolid",
  "boxSlideshowSolid",
  "boxSmileSolid",
  "boxSortAltSolid",
  "boxSpaSolid",
  "boxSpeakerSolid",
  "boxSprayCanSolid",
  "boxSpreadsheetSolid",
  "boxSquareRoundedSolid",
  "boxSquareSolid",
  "boxStarHalfSolid",
  "boxStarSolid",
  "boxStickerSolid",
  "boxStopwatchSolid",
  "boxStoreAltSolid",
  "boxStoreSolid",
  "boxSunSolid",
  "boxSushiSolid",
  "boxTShirtSolid",
  "boxTachometerSolid",
  "boxTagAltSolid",
  "boxTagXSolid",
  "boxTagSolid",
  "boxTaxiSolid",
  "boxTennisBallSolid",
  "boxTerminalSolid",
  "boxThermometerSolid",
  "boxTimeFiveSolid",
  "boxTimeSolid",
  "boxTimerSolid",
  "boxTiredSolid",
  "boxToTopSolid",
  "boxToggleLeftSolid",
  "boxToggleRightSolid",
  "boxToneSolid",
  "boxTorchSolid",
  "boxTrafficBarrierSolid",
  "boxTrafficConeSolid",
  "boxTrafficSolid",
  "boxTrainSolid",
  "boxTrashAltSolid",
  "boxTrashSolid",
  "boxTreeAltSolid",
  "boxTreeSolid",
  "boxTrophySolid",
  "boxTruckSolid",
  "boxTvSolid",
  "boxUniversalAccessSolid",
  "boxUpArrowAltSolid",
  "boxUpArrowCircleSolid",
  "boxUpArrowSquareSolid",
  "boxUpArrowSolid",
  "boxUpsideDownSolid",
  "boxUpvoteSolid",
  "boxUserAccountSolid",
  "boxUserBadgeSolid",
  "boxUserCheckSolid",
  "boxUserCircleSolid",
  "boxUserDetailSolid",
  "boxUserMinusSolid",
  "boxUserPinSolid",
  "boxUserPlusSolid",
  "boxUserRectangleSolid",
  "boxUserVoiceSolid",
  "boxUserXSolid",
  "boxUserSolid",
  "boxVectorSolid",
  "boxVialSolid",
  "boxVideoOffSolid",
  "boxVideoPlusSolid",
  "boxVideoRecordingSolid",
  "boxVideoSolid",
  "boxVideosSolid",
  "boxVirusBlockSolid",
  "boxVirusSolid",
  "boxVolumeFullSolid",
  "boxVolumeLowSolid",
  "boxVolumeMuteSolid",
  "boxVolumeSolid",
  "boxWalletAltSolid",
  "boxWalletSolid",
  "boxWasherSolid",
  "boxWatchAltSolid",
  "boxWatchSolid",
  "boxWebcamSolid",
  "boxWidgetSolid",
  "boxWindowAltSolid",
  "boxWineSolid",
  "boxWinkSmileSolid",
  "boxWinkTongueSolid",
  "boxWrenchSolid",
  "boxXCircleSolid",
  "boxXSquareSolid",
  "boxYinYangSolid",
  "boxZapSolid",
  "boxZoomInSolid",
  "boxZoomOutSolid",
]
`;

exports[`Boxicons Icons should ensure the export names have not changed unexpectedly 3`] = `
Array [
  "box500pxLogo",
  "box99designsLogo",
  "boxAdobeLogo",
  "boxAirbnbLogo",
  "boxAlgoliaLogo",
  "boxAmazonLogo",
  "boxAndroidLogo",
  "boxAngularLogo",
  "boxAppleLogo",
  "boxAudibleLogo",
  "boxAwsLogo",
  "boxBaiduLogo",
  "boxBehanceLogo",
  "boxBingLogo",
  "boxBitcoinLogo",
  "boxBlenderLogo",
  "boxBloggerLogo",
  "boxBootstrapLogo",
  "boxCPlusPlusLogo",
  "boxChromeLogo",
  "boxCodepenLogo",
  "boxCreativeCommonsLogo",
  "boxCss3Logo",
  "boxDailymotionLogo",
  "boxDeezerLogo",
  "boxDevToLogo",
  "boxDeviantartLogo",
  "boxDiggLogo",
  "boxDigitaloceanLogo",
  "boxDiscordAltLogo",
  "boxDiscordLogo",
  "boxDiscourseLogo",
  "boxDjangoLogo",
  "boxDockerLogo",
  "boxDribbbleLogo",
  "boxDropboxLogo",
  "boxDrupalLogo",
  "boxEbayLogo",
  "boxEdgeLogo",
  "boxEtsyLogo",
  "boxFacebookCircleLogo",
  "boxFacebookSquareLogo",
  "boxFacebookLogo",
  "boxFigmaLogo",
  "boxFirebaseLogo",
  "boxFirefoxLogo",
  "boxFlaskLogo",
  "boxFlickrSquareLogo",
  "boxFlickrLogo",
  "boxFlutterLogo",
  "boxFoursquareLogo",
  "boxGitLogo",
  "boxGithubLogo",
  "boxGitlabLogo",
  "boxGmailLogo",
  "boxGoLangLogo",
  "boxGoogleCloudLogo",
  "boxGooglePlusCircleLogo",
  "boxGooglePlusLogo",
  "boxGoogleLogo",
  "boxGraphqlLogo",
  "boxHerokuLogo",
  "boxHtml5Logo",
  "boxImdbLogo",
  "boxInstagramAltLogo",
  "boxInstagramLogo",
  "boxInternetExplorerLogo",
  "boxInvisionLogo",
  "boxJavaLogo",
  "boxJavascriptLogo",
  "boxJoomlaLogo",
  "boxJqueryLogo",
  "boxJsfiddleLogo",
  "boxKickstarterLogo",
  "boxKubernetesLogo",
  "boxLessLogo",
  "boxLinkedinSquareLogo",
  "boxLinkedinLogo",
  "boxMagentoLogo",
  "boxMailchimpLogo",
  "boxMarkdownLogo",
  "boxMastercardLogo",
  "boxMastodonLogo",
  "boxMediumOldLogo",
  "boxMediumSquareLogo",
  "boxMediumLogo",
  "boxMessengerLogo",
  "boxMetaLogo",
  "boxMicrosoftTeamsLogo",
  "boxMicrosoftLogo",
  "boxMongodbLogo",
  "boxNetlifyLogo",
  "boxNodejsLogo",
  "boxOkRuLogo",
  "boxOperaLogo",
  "boxPatreonLogo",
  "boxPaypalLogo",
  "boxPeriscopeLogo",
  "boxPhpLogo",
  "boxPinterestAltLogo",
  "boxPinterestLogo",
  "boxPlayStoreLogo",
  "boxPocketLogo",
  "boxPostgresqlLogo",
  "boxProductHuntLogo",
  "boxPythonLogo",
  "boxQuoraLogo",
  "boxReactLogo",
  "boxRedbubbleLogo",
  "boxRedditLogo",
  "boxReduxLogo",
  "boxSassLogo",
  "boxShopifyLogo",
  "boxSketchLogo",
  "boxSkypeLogo",
  "boxSlackOldLogo",
  "boxSlackLogo",
  "boxSnapchatLogo",
  "boxSoundcloudLogo",
  "boxSpotifyLogo",
  "boxSpringBootLogo",
  "boxSquarespaceLogo",
  "boxStackOverflowLogo",
  "boxSteamLogo",
  "boxStripeLogo",
  "boxTailwindCssLogo",
  "boxTelegramLogo",
  "boxTiktokLogo",
  "boxTrelloLogo",
  "boxTripAdvisorLogo",
  "boxTumblrLogo",
  "boxTuxLogo",
  "boxTwitchLogo",
  "boxTwitterLogo",
  "boxTypescriptLogo",
  "boxUnityLogo",
  "boxUnsplashLogo",
  "boxUpworkLogo",
  "boxVenmoLogo",
  "boxVimeoLogo",
  "boxVisaLogo",
  "boxVisualStudioLogo",
  "boxVkLogo",
  "boxVuejsLogo",
  "boxWhatsappSquareLogo",
  "boxWhatsappLogo",
  "boxWikipediaLogo",
  "boxWindowsLogo",
  "boxWixLogo",
  "boxWordpressLogo",
  "boxXingLogo",
  "boxYahooLogo",
  "boxYelpLogo",
  "boxYoutubeLogo",
  "boxZoomLogo",
]
`;
