// Jest Snapshot v1, https://goo.gl/fbAQLP

exports[`Akar Icons should ensure the export names have not changed unexpectedly 1`] = `
Array [
  "akarAir",
  "akarAirplayAudio",
  "akarAirplayVideo",
  "akarAirpods",
  "akarAlarm",
  "akarAlignBottom",
  "akarAlignHorizontalCenter",
  "akarAlignLeft",
  "akarAlignRight",
  "akarAlignToBottom",
  "akarAlignToMiddle",
  "akarAlignToTop",
  "akarAlignTop",
  "akarAlignVerticalCenter",
  "akarAndroidFill",
  "akarAngularFill",
  "akarArrowBackThickFill",
  "akarArrowBackThick",
  "akarArrowBack",
  "akarArrowClockwise",
  "akarArrowCounterClockwise",
  "akarArrowCycle",
  "akarArrowDownLeft",
  "akarArrowDownRight",
  "akarArrowDownThick",
  "akarArrowDown",
  "akarArrowForwardThickFill",
  "akarArrowForwardThick",
  "akarArrowForward",
  "akarArrowLeftThick",
  "akarArrowLeft",
  "akarArrowRepeat",
  "akarArrowRightLeft",
  "akarArrowRightThick",
  "akarArrowRight",
  "akarArrowShuffle",
  "akarArrowUpDown",
  "akarArrowUpLeft",
  "akarArrowUpRight",
  "akarArrowUpThick",
  "akarArrowUp",
  "akarAscending",
  "akarAttach",
  "akarBackspaceFill",
  "akarBackspace",
  "akarBasket",
  "akarBatteryCharging",
  "akarBatteryEmpty",
  "akarBatteryFull",
  "akarBatteryLow",
  "akarBatteryMedium",
  "akarBehanceFill",
  "akarBell",
  "akarBicycle",
  "akarBitcoinFill",
  "akarBlock",
  "akarBluetooth",
  "akarBoat",
  "akarBookClose",
  "akarBookOpen",
  "akarBook",
  "akarBootstrapFill",
  "akarBox",
  "akarBriefcase",
  "akarBug",
  "akarCake",
  "akarCalculator",
  "akarCalendar",
  "akarCamera",
  "akarCart",
  "akarChatAdd",
  "akarChatApprove",
  "akarChatBubble",
  "akarChatDots",
  "akarChatEdit",
  "akarChatError",
  "akarChatQuestion",
  "akarChatReject",
  "akarChatRemove",
  "akarCheckBoxFill",
  "akarCheckBox",
  "akarCheckIn",
  "akarCheck",
  "akarChess",
  "akarChevronDown",
  "akarChevronHorizontal",
  "akarChevronLeft",
  "akarChevronRight",
  "akarChevronUp",
  "akarChevronVertical",
  "akarCircleAlertFill",
  "akarCircleAlert",
  "akarCircleCheckFill",
  "akarCircleCheck",
  "akarCircleChevronDownFill",
  "akarCircleChevronDown",
  "akarCircleChevronLeftFill",
  "akarCircleChevronLeft",
  "akarCircleChevronRightFill",
  "akarCircleChevronRight",
  "akarCircleChevronUpFill",
  "akarCircleChevronUp",
  "akarCircleFill",
  "akarCircleMinusFill",
  "akarCircleMinus",
  "akarCirclePlusFill",
  "akarCirclePlus",
  "akarCircleTriangleDownFill",
  "akarCircleTriangleDown",
  "akarCircleTriangleLeftFill",
  "akarCircleTriangleLeft",
  "akarCircleTriangleRightFill",
  "akarCircleTriangleRight",
  "akarCircleTriangleUpFill",
  "akarCircleTriangleUp",
  "akarCircleXFill",
  "akarCircleX",
  "akarCircle",
  "akarClipboard",
  "akarClock",
  "akarCloudDownload",
  "akarCloudUpload",
  "akarCloud",
  "akarCodepenFill",
  "akarCoffee",
  "akarCoin",
  "akarCommand",
  "akarComputing",
  "akarCopy",
  "akarCreditCard",
  "akarCross",
  "akarCrown",
  "akarCssFill",
  "akarCursor",
  "akarCut",
  "akarDashboard",
  "akarDental",
  "akarDescending",
  "akarDesktopDevice",
  "akarDevices",
  "akarDiamond",
  "akarDiscordFill",
  "akarDjangoFill",
  "akarDoor",
  "akarDotGridFill",
  "akarDotGrid",
  "akarDoubleCheck",
  "akarDoubleSword",
  "akarDownload",
  "akarDraft",
  "akarDragHorizontalFill",
  "akarDragVerticalFill",
  "akarDribbbleFill",
  "akarDropboxFill",
  "akarEdit",
  "akarEnlarge",
  "akarEnvelope",
  "akarEyeClosed",
  "akarEyeOpen",
  "akarEyeSlashed",
  "akarFaceHappy",
  "akarFaceNeutral",
  "akarFaceSad",
  "akarFaceVeryHappy",
  "akarFaceVerySad",
  "akarFaceWink",
  "akarFacebookFill",
  "akarFigmaFill",
  "akarFile",
  "akarFilter",
  "akarFire",
  "akarFlag",
  "akarFlashlight",
  "akarFolderAdd",
  "akarFolder",
  "akarFrame",
  "akarFullScreen",
  "akarGameController",
  "akarGatsbyFill",
  "akarGear",
  "akarGift",
  "akarGithubFill",
  "akarGlasses",
  "akarGlobe",
  "akarGoogleContainedFill",
  "akarGoogleFill",
  "akarGraphqlFill",
  "akarGrid",
  "akarHand",
  "akarHashtag",
  "akarHeadphone",
  "akarHealth",
  "akarHeart",
  "akarHeight",
  "akarHeptagonFill",
  "akarHeptagon",
  "akarHexagonFill",
  "akarHexagon",
  "akarHome",
  "akarHtmlFill",
  "akarIcon",
  "akarImage",
  "akarInbox",
  "akarInfinite",
  "akarInfinity",
  "akarInfoFill",
  "akarInfo",
  "akarInstagramFill",
  "akarJar",
  "akarJavascriptFill",
  "akarJqueryFill",
  "akarKeyCap",
  "akarKey",
  "akarLaptopDevice",
  "akarLeaf",
  "akarLifesaver",
  "akarLightBulb",
  "akarLinkChain",
  "akarLinkOff",
  "akarLinkOn",
  "akarLinkOut",
  "akarLinkedinBoxFill",
  "akarLinkedinFill",
  "akarLinkedinV1Fill",
  "akarLinkedinV2Fill",
  "akarLinkedInV1Fill",
  "akarLinkedInV2Fill",
  "akarLocation",
  "akarLockOff",
  "akarLockOn",
  "akarMap",
  "akarMastodonFill",
  "akarMediumFill",
  "akarMention",
  "akarMicrophone",
  "akarMiniplayer",
  "akarMinus",
  "akarMobileDevice",
  "akarMoney",
  "akarMoonFill",
  "akarMoon",
  "akarMoreHorizontalFill",
  "akarMoreVerticalFill",
  "akarMusicAlbumFill",
  "akarMusicAlbum",
  "akarMusicNote",
  "akarMusic",
  "akarNetwork",
  "akarNewspaper",
  "akarNextjsFill",
  "akarNodeFill",
  "akarNormalScreen",
  "akarNpmFill",
  "akarOctagonFill",
  "akarOctagon",
  "akarOctocatFill",
  "akarOpenEnvelope",
  "akarOval",
  "akarPanelBottom",
  "akarPanelLeft",
  "akarPanelRight",
  "akarPanelSplitColumn",
  "akarPanelSplitRow",
  "akarPanelSplit",
  "akarPanelTop",
  "akarPaper",
  "akarParallelogram",
  "akarPause",
  "akarPencil",
  "akarPentagonFill",
  "akarPentagon",
  "akarPeopleGroup",
  "akarPeopleMultiple",
  "akarPercentage",
  "akarPersonAdd",
  "akarPersonCheck",
  "akarPersonCross",
  "akarPerson",
  "akarPhone",
  "akarPhpFill",
  "akarPin",
  "akarPinterestFill",
  "akarPlaneFill",
  "akarPlane",
  "akarPlanet",
  "akarPlant",
  "akarPlay",
  "akarPlus",
  "akarPointerDownFill",
  "akarPointerHand",
  "akarPointerLeftFill",
  "akarPointerRightFill",
  "akarPointerUpFill",
  "akarPointingUp",
  "akarPostgresqlFill",
  "akarPythonFill",
  "akarQuestionFill",
  "akarQuestion",
  "akarRadish",
  "akarReactFill",
  "akarRedditFill",
  "akarReduce",
  "akarReduxFill",
  "akarRibbon",
  "akarRockOn",
  "akarRss",
  "akarSassFill",
  "akarSchedule",
  "akarScissor",
  "akarSearch",
  "akarSend",
  "akarSettingsHorizontal",
  "akarSettingsVertical",
  "akarShareBox",
  "akarShield",
  "akarShippingBoxV1",
  "akarShippingBoxV2",
  "akarShoppingBag",
  "akarSidebarLeft",
  "akarSidebarRight",
  "akarSignOut",
  "akarSlackFill",
  "akarSlice",
  "akarSnapchatFill",
  "akarSoundDown",
  "akarSoundOff",
  "akarSoundOn",
  "akarSoundUp",
  "akarSoundcloudFill",
  "akarSparkles",
  "akarSpotifyFill",
  "akarSquareFill",
  "akarSquare",
  "akarStackOverflowFill",
  "akarStar",
  "akarStatisticDown",
  "akarStatisticUp",
  "akarStopFill",
  "akarStop",
  "akarSunFill",
  "akarSun",
  "akarSword",
  "akarTabletDevice",
  "akarTag",
  "akarTelegramFill",
  "akarTelescope",
  "akarTetragonFill",
  "akarTetragon",
  "akarTextAlignCenter",
  "akarTextAlignJustified",
  "akarTextAlignLeft",
  "akarTextAlignRight",
  "akarThreeLineHorizontal",
  "akarThreeLineVertical",
  "akarThumbsDown",
  "akarThumbsUp",
  "akarThunder",
  "akarTicket",
  "akarTiktokFill",
  "akarToggleOffFill",
  "akarToggleOff",
  "akarToggleOnFill",
  "akarToggleOn",
  "akarTogoCup",
  "akarTrashBin",
  "akarTrashCan",
  "akarTriangleAlertFill",
  "akarTriangleAlert",
  "akarTriangleDown",
  "akarTriangleFill",
  "akarTriangleLeft",
  "akarTriangleRight",
  "akarTriangleUp",
  "akarTriangle",
  "akarTrophy",
  "akarTruck",
  "akarTumblrFill",
  "akarTwitchFill",
  "akarTwitterFill",
  "akarTwoLineHorizontal",
  "akarTwoLineVertical",
  "akarUmbrella",
  "akarUtensils",
  "akarVapeKit",
  "akarVercelFill",
  "akarVictoryHand",
  "akarVideo",
  "akarVimeoFill",
  "akarVkFill",
  "akarVrAr",
  "akarVscodeFill",
  "akarVueFill",
  "akarWallet",
  "akarWatchDevice",
  "akarWater",
  "akarWhatsappFill",
  "akarWidth",
  "akarWifi",
  "akarWineGlass",
  "akarYarnFill",
  "akarYoutubeFill",
  "akarZoomFill",
  "akarZoomIn",
  "akarZoomOut",
]
`;
