// Jest Snapshot v1, https://goo.gl/fbAQLP

exports[`Lets Icons should ensure the export names have not changed unexpectedly 1`] = `
Array [
  "lets3dBoxDuotone",
  "letsAddDuotone",
  "letsAddRingDuotone",
  "letsAddRoundDuotone",
  "letsAddSquareDuotone",
  "letsAlarmDuotone",
  "letsAlarmclockDuotone",
  "letsArhiveAltBigDuotone",
  "letsArhiveAltSmallDuotone",
  "letsArhiveDuotone",
  "letsArhiveFillDuotone",
  "letsArhiveLoadDuotone",
  "letsBagAltDuotone",
  "letsBagDuotone",
  "letsBasketAltDuotone",
  "letsBasketDuotone",
  "letsBatteryFullDuotone",
  "letsBatteryLowDuotone",
  "letsBlankAltDuotone",
  "letsBlankDuotone",
  "letsBookCheckDuotone",
  "letsBookDuotone",
  "letsBookOpenAltDuotone",
  "letsBookOpenDuotone",
  "letsBookmarkDuotone",
  "letsBoxAltDuotone",
  "letsBoxAltFillDuotone",
  "letsBoxDuotone",
  "letsBoxFillDuotone",
  "letsBoxOpenDuotone",
  "letsBoxOpenFillDuotone",
  "letsBrokenHeartDuotone",
  "letsBugDuotone",
  "letsCalendarAddDuotone",
  "letsCalendarDuotone",
  "letsCameraDuotone",
  "letsCancelDuotone",
  "letsChartAltDuotone",
  "letsChartDuotone",
  "letsChatAlt2Duotone",
  "letsChatAlt3Duotone",
  "letsChatAltAddDuotone",
  "letsChatAltDuotone",
  "letsChatDuotone",
  "letsChatPlusDuotone",
  "letsChatSearchDuotone",
  "letsCheckRingDuotone",
  "letsCheckRingRoundDuotone",
  "letsChieldAltDuotone",
  "letsChieldCheckDuotone",
  "letsChieldDuotone",
  "letsClockDuotone",
  "letsCloseRingDuotone",
  "letsCloseRoundDuotone",
  "letsCloseSquareDuotone",
  "letsCloudAltDuotone",
  "letsCloudDuotone",
  "letsCommentDuotone",
  "letsCompasMiniDuotone",
  "letsCompassDuotone",
  "letsCompassNorthDuotone",
  "letsCreditCardDuotone",
  "letsCriticalDuotone",
  "letsDatabaseDuotone",
  "letsDateRangeDuotone",
  "letsDateTodayDuotone",
  "letsDelAltDuotone",
  "letsDellDuotone",
  "letsDeskAltDuotone",
  "letsDeskDuotone",
  "letsDimondAltDuotone",
  "letsDimondDuotone",
  "letsDirectionAlt2Duotone",
  "letsDirectionAlt3Duotone",
  "letsDirectionAltDuotone",
  "letsDirectionDuotone",
  "letsDoneAllRoundDuotone",
  "letsDoneDuotone",
  "letsDoneRingRoundDuotone",
  "letsDoneRoundDuotone",
  "letsDownloadCircleDuotone",
  "letsDownloadDuotone",
  "letsEditDuotone",
  "letsExportDuotone",
  "letsEyeDuotone",
  "letsFavoriteDuotone",
  "letsFavoritesDuotone",
  "letsFileDockDuotone",
  "letsFileDuotone",
  "letsFilterAltDuotone",
  "letsFireAltDuotone",
  "letsFlagAltDuotone",
  "letsFlagDuotone",
  "letsFlagFinishDuotone",
  "letsFolderAltDuotone",
  "letsFolderCheckDuotone",
  "letsFolderCopyDuotone",
  "letsFolderDublicateDuotone",
  "letsFolderLineDuotone",
  "letsFolderSearchDuotone",
  "letsFolderSendDuotone",
  "letsFolderUpDuotone",
  "letsFoldersLineDuotone",
  "letsFormDuotone",
  "letsGiftLightDuotone",
  "letsGpsFixedDuotone",
  "letsHeadphonesFillDuotone",
  "letsHideEyeDuotone",
  "letsHomeDuotone",
  "letsImgBoxDuotone",
  "letsImgDuotone",
  "letsImgLoadBoxDuotone",
  "letsImgOutBoxDuotone",
  "letsImgRolDuotone",
  "letsImportDuotone",
  "letsInfoAltDuotone",
  "letsInfoDuotone",
  "letsInstaDuotone",
  "letsItoDuotone",
  "letsJumpTimeDuotone",
  "letsKeyAltDuotone",
  "letsKeyDuotone",
  "letsLableDuotone",
  "letsLayersDuotone",
  "letsLightningAltDuotone",
  "letsLightningDuotone",
  "letsLightningRingDuotone",
  "letsLineDuotone",
  "letsLoadCircleDuotone",
  "letsLockAltDuotone",
  "letsLockDuotone",
  "letsMapDuotone",
  "letsMessageAltDuotone",
  "letsMessageDuotone",
  "letsMessageOpenDuotone",
  "letsMicAltDuotone",
  "letsMicDuotone",
  "letsMoneyDuotone",
  "letsMoonAltDuotone",
  "letsMoonDuotone",
  "letsMusicDuotone",
  "letsNavigateDuotone",
  "letsNestingDuotone",
  "letsNewsDuotone",
  "letsNfcDuotone",
  "letsNotebookDuotone",
  "letsOnButtonDuotone",
  "letsOrderDuotone",
  "letsPaperDuotone",
  "letsPhoneDuotone",
  "letsPinAltDuotone",
  "letsPinDuotone",
  "letsPinedDuotone",
  "letsPipeDuotone",
  "letsPlayDuotone",
  "letsPointersDuotone",
  "letsPrintDuotone",
  "letsProgressDuotone",
  "letsQuestionDuotone",
  "letsRainDuotone",
  "letsRemoveDuotone",
  "letsRoadAltDuotone",
  "letsRoadDuotone",
  "letsRoadFinishDuotone",
  "letsSaveDuotone",
  "letsSearchAltDuotone",
  "letsSearchDuotone",
  "letsSendDuotone",
  "letsSendHorDuotone",
  "letsServerDuotone",
  "letsSettingAltLineDuotone",
  "letsSettingLineDuotone",
  "letsShopDuotone",
  "letsSignInCircleDuotone",
  "letsSignInSqureDuotone",
  "letsSignOutCircleDuotone",
  "letsSignOutSqureDuotone",
  "letsSoundDuotone",
  "letsSoundMaxDuotone",
  "letsSoundMinDuotone",
  "letsSoundMuteDuotone",
  "letsSpeedAltDuotone",
  "letsSpeedFillDuotone",
  "letsStackframeDuotone",
  "letsStarDuotone",
  "letsStopAndPlayDuotone",
  "letsStopDuotone",
  "letsStormDuotone",
  "letsSubttasksAltDuotone",
  "letsSubttasksDuotone",
  "letsSunDuotone",
  "letsSunlightDuotone",
  "letsTargetDuotone",
  "letsTemperatureDuotone",
  "letsTicketAltDuotone",
  "letsTicketDuotone",
  "letsTicketUseDuotone",
  "letsTimeAtackDuotone",
  "letsTimeDuotone",
  "letsTimeProgressDuotone",
  "letsTrashDuotone",
  "letsTreeDuotone",
  "letsTumerDuotone",
  "letsUnlockDuotone",
  "letsUploadDuotone",
  "letsUserAddAltDuotone",
  "letsUserAddDuotone",
  "letsUserAltDuotone",
  "letsUserBoxDuotone",
  "letsUserCicrleDuotone",
  "letsUserDuotone",
  "letsUserScanDuotone",
  "letsVideoDuotone",
  "letsVideoFileDuotone",
  "letsViewAltDuotone",
  "letsViewDuotone",
  "letsViewHideDuotone",
  "letsViewHorizontDuotone",
  "letsWalletAltDuotone",
  "letsWalletDuotone",
  "letsWinterDuotone",
  "letsWorldAltDuotone",
  "letsWorldDuotone",
]
`;

exports[`Lets Icons should ensure the export names have not changed unexpectedly 2`] = `
Array [
  "letsAddDuotoneLine",
  "letsAddRingDuotoneLine",
  "letsAddRoundDuotoneLine",
  "letsAddSquareDuotoneLine",
  "letsAlarmclockDuotoneLine",
  "letsArhiveAltBigDuotoneLine",
  "letsArhiveAltSmallDuotoneLine",
  "letsArhiveDuotoneLine",
  "letsArhiveLoadDuotoneLine",
  "letsBagAltDuotoneLine",
  "letsBagDuotoneLine",
  "letsBasketAlt2DuotoneLine",
  "letsBasketAltDuotoneLine",
  "letsBasketDuotoneLine",
  "letsBatteryFullDuotoneLine",
  "letsBatteryLowDuotoneLine",
  "letsBellDuotoneLine",
  "letsBellPinDuotoneLine",
  "letsBlankAltDuotoneLine",
  "letsBlankDuotoneLine",
  "letsBookCheckDuotoneLine",
  "letsBookDuotoneLine",
  "letsBookOpenDuotoneLine",
  "letsCalendarAddDuotoneLine",
  "letsCalendarDuotoneLine",
  "letsCameraDuotoneLine",
  "letsCancelDuotoneLine",
  "letsCandlestickDuotoneLine",
  "letsChartAltDuotoneLine",
  "letsChartDuotoneLine",
  "letsChatAlt2DuotoneLine",
  "letsChatAlt3DuotoneLine",
  "letsChatAltAddDuotoneLine",
  "letsChatAltDuotoneLine",
  "letsChatDuotoneLine",
  "letsChatPlusDuotoneLine",
  "letsCheckRingDuotoneLine",
  "letsCheckRingRoundDuotoneLine",
  "letsChieldAltDuotoneLine",
  "letsChieldCheckDuotoneLine",
  "letsChieldDuotoneLine",
  "letsClockDuotoneLine",
  "letsCloseRingDuotoneLine",
  "letsCloseRoundDuotoneLine",
  "letsCloseSquareDuotoneLine",
  "letsCommentDuotoneLine",
  "letsCompasMiniDuotoneLine",
  "letsCompassDuotoneLine",
  "letsCreditCardDuotoneLine",
  "letsCriticalDuotoneLine",
  "letsDateRangeDuotoneLine",
  "letsDateTodayDuotoneLine",
  "letsDelAltDuotoneLine",
  "letsDellDuotoneLine",
  "letsDeskAltDuotoneLine",
  "letsDeskDuotoneLine",
  "letsDirectionAlt2DuotoneLine",
  "letsDirectionAlt3DuotoneLine",
  "letsDirectionAltDuotoneLine",
  "letsDirectionDuotoneLine",
  "letsDoneAllRoundDuotoneLine",
  "letsDoneDuotoneLine",
  "letsDoneRingRoundDuotoneLine",
  "letsDoneRoundDuotoneLine",
  "letsDownloadCircleDuotoneLine",
  "letsDownloadDuotoneLine",
  "letsEditDuotoneLine",
  "letsExportDuotoneLine",
  "letsFavoritesDuotoneLine",
  "letsFileDockDuotoneLine",
  "letsFileDuotoneLine",
  "letsFilterAltDuotoneLine",
  "letsFireDuotoneLine",
  "letsFolderAddDuotoneLine",
  "letsFolderCheckDuotoneLine",
  "letsFolderCopyDuotoneLine",
  "letsFolderDelDuotoneLine",
  "letsFolderDublicateDuotoneLine",
  "letsFolderDuotoneLine",
  "letsFolderFileAltDuotoneLine",
  "letsFolderFileDuotoneLine",
  "letsFolderLineDuotoneLine",
  "letsFolderSearchDuotoneLine",
  "letsFolderSendDuotoneLine",
  "letsFolderUpDuotoneLine",
  "letsFoldersLineDuotoneLine",
  "letsFormDuotoneLine",
  "letsGiftLightDuotoneLine",
  "letsGpsFixedDuotoneLine",
  "letsHideEyeDuotoneLine",
  "letsHomeDuotoneLine",
  "letsImgBoxDuotoneLine",
  "letsImgDuotoneLine",
  "letsImgLoadBoxDuotoneLine",
  "letsImgOutBoxDuotoneLine",
  "letsImgRolDuotoneLine",
  "letsImportDuotoneLine",
  "letsInfoAltDuotoneLine",
  "letsInfoDuotoneLine",
  "letsInstaDuotoneLine",
  "letsJumpTimeDuotoneLine",
  "letsKeyAltDuotoneLine",
  "letsKeyDuotoneLine",
  "letsLampDuotoneLine",
  "letsLightningAltDuotoneLine",
  "letsLightningDuotoneLine",
  "letsLightningRingDuotoneLine",
  "letsLoadCircleDuotoneLine",
  "letsLockAltDuotoneLine",
  "letsLockDuotoneLine",
  "letsMapDuotoneLine",
  "letsMessageAltDuotoneLine",
  "letsMessageDuotoneLine",
  "letsMessageOpenDuotoneLine",
  "letsMoneyDuotoneLine",
  "letsNavigateDuotoneLine",
  "letsNewsDuotoneLine",
  "letsNfcDuotoneLine",
  "letsNotebookDuotoneLine",
  "letsOnButtonDuotoneLine",
  "letsOrderDuotoneLine",
  "letsPaperDuotoneLine",
  "letsPhoneDuotoneLine",
  "letsPinAltDuotoneLine",
  "letsPinDuotoneLine",
  "letsPipeDuotoneLine",
  "letsPointersDuotoneLine",
  "letsPrintDuotoneLine",
  "letsProgressDuotoneLine",
  "letsQuestionDuotoneLine",
  "letsRemoveDuotoneLine",
  "letsRingDuotoneLine",
  "letsRoadAltDuotoneLine",
  "letsRoadFinishDuotoneLine",
  "letsRodaDuotoneLine",
  "letsSearchAltDuotoneLine",
  "letsSearchDuotoneLine",
  "letsSendDuotoneLine",
  "letsSendHorDuotoneLine",
  "letsSettingAltLineDuotoneLine",
  "letsSettingLineDuotoneLine",
  "letsShopDuotoneLine",
  "letsSignInCircleDuotoneLine",
  "letsSignInSqureDuotoneLine",
  "letsSignOutCircleDuotoneLine",
  "letsSignOutSqureDuotoneLine",
  "letsSpeedAltDuotoneLine",
  "letsSpeedDuotoneLine",
  "letsTargetDuotoneLine",
  "letsTicketAltDuotoneLine",
  "letsTicketDuotoneLine",
  "letsTicketUseDuotoneLine",
  "letsTimeAtackDuotoneLine",
  "letsTimeDuotoneLine",
  "letsTimeProgressDuotoneLine",
  "letsTrashDuotoneLine",
  "letsTreeDuotoneLine",
  "letsTumerDuotoneLine",
  "letsUnlockDuotoneLine",
  "letsUploadDuotoneLine",
  "letsUserAddAltDuotoneLine",
  "letsUserAddDuotoneLine",
  "letsUserAltDuotoneLine",
  "letsUserBoxDuotoneLine",
  "letsUserCicrleDuotoneLine",
  "letsUserDuotoneLine",
  "letsUserScanDuotoneLine",
  "letsVideoFileDuotoneLine",
  "letsViewAltDuotoneLine",
  "letsViewDuotoneLine",
  "letsViewHideDuotoneLine",
  "letsViewHorizontDuotoneLine",
  "letsWalletAltDuotoneLine",
  "letsWalletDuotoneLine",
  "letsWorldAltDuotoneLine",
  "letsWorldDuotoneLine",
]
`;

exports[`Lets Icons should ensure the export names have not changed unexpectedly 3`] = `
Array [
  "lets10",
  "lets3dBox",
  "letsAddRing",
  "letsAddRound",
  "letsAddSquare",
  "letsAdd",
  "letsAlarm",
  "letsAlarmclock",
  "letsAngry",
  "letsArhiveAltAddList",
  "letsArhiveAltAdd",
  "letsArhiveAltExport",
  "letsArhiveAltSmallAdd",
  "letsArhiveAltSmallLock",
  "letsArhiveAltSmall",
  "letsArhiveExport",
  "letsArhiveImport",
  "letsArhiveLoad",
  "letsArhivePlane",
  "letsArhive",
  "letsArhivesAlt",
  "letsArhivesGroupDocks",
  "letsArray",
  "letsArrowAltLdownAlt",
  "letsArrowAltLdown",
  "letsArrowAltLeftAlt",
  "letsArrowAltLeft",
  "letsArrowAltLrightAlt",
  "letsArrowAltLright",
  "letsArrowAltLtopAlt",
  "letsArrowAltLtop",
  "letsArrowDownLong",
  "letsArrowDown",
  "letsArrowDropDownBig",
  "letsArrowDropDown",
  "letsArrowDropLeft",
  "letsArrowDropRight",
  "letsArrowDropUp",
  "letsArrowLeftLong",
  "letsArrowLeftStop",
  "letsArrowLeft",
  "letsArrowRightLong",
  "letsArrowRightStop",
  "letsArrowRight",
  "letsArrowTopLong",
  "letsArrowTop",
  "letsAtomAlt",
  "letsAtom",
  "letsBack",
  "letsBagAlt",
  "letsBag",
  "letsBasketAlt2",
  "letsBasketAlt3",
  "letsBasketAlt",
  "letsBasket",
  "letsBatteryFull",
  "letsBatteryLow",
  "letsBed",
  "letsBellPin",
  "letsBell",
  "letsBlankAlt",
  "letsBlank",
  "letsBloodAdd",
  "letsBloodMinus",
  "letsBlood",
  "letsBookCheck",
  "letsBookOpenAlt",
  "letsBookOpen",
  "letsBook",
  "letsBookmark",
  "letsBoxAlt",
  "letsBoxOpen",
  "letsBoxRefreshAltRight",
  "letsBoxRefreshRight",
  "letsBox",
  "letsBoxes",
  "letsBrokenHeart",
  "letsBubble",
  "letsBug",
  "letsCake",
  "letsCalendarAdd",
  "letsCalendar",
  "letsCalories",
  "letsCamera",
  "letsCancel",
  "letsCandlestick",
  "letsCarbs",
  "letsChartAlt",
  "letsChartPin",
  "letsChart",
  "letsChatAlt2",
  "letsChatAlt3",
  "letsChatAltAdd",
  "letsChatAlt",
  "letsChatPlus",
  "letsChatSearch",
  "letsChat",
  "letsCheckRingRound",
  "letsCheckRing",
  "letsChemistry",
  "letsChieldAlt",
  "letsChieldCheck",
  "letsChield",
  "letsCircleLeft",
  "letsCircleRightAlt",
  "letsCircleRight",
  "letsClock",
  "letsCloseRing",
  "letsCloseRound",
  "letsCloseSquare",
  "letsCloudAlt",
  "letsCloud",
  "letsCode",
  "letsCollapse",
  "letsColorMode",
  "letsColorPicker",
  "letsColumUp",
  "letsComment",
  "letsCompasMini",
  "letsCompassAlt",
  "letsCompassNorth",
  "letsCompass",
  "letsCopyAlt",
  "letsCopy",
  "letsCovert",
  "letsCpu",
  "letsCreditCard",
  "letsCritical",
  "letsDarhboardAlt",
  "letsDarhboard",
  "letsDataBank",
  "letsDatabase",
  "letsDateRange",
  "letsDateToday",
  "letsDelAlt",
  "letsDell",
  "letsDeskAlt",
  "letsDesk",
  "letsDesktop",
  "letsDimondAlt",
  "letsDimond",
  "letsDirectionAlt2",
  "letsDirectionAlt3",
  "letsDirectionAlt",
  "letsDirection",
  "letsDna",
  "letsDoneAllAltRound",
  "letsDoneAllRound",
  "letsDoneRingRound",
  "letsDoneRound",
  "letsDone",
  "letsDoughnutChart",
  "letsDown",
  "letsDownloadCircle",
  "letsDownload",
  "letsDrink",
  "letsEMail",
  "letsEditAlt",
  "letsEdit",
  "letsExpandDownDouble",
  "letsExpandDownStop",
  "letsExpandDown",
  "letsExpandLeftDouble",
  "letsExpandLeftStop",
  "letsExpandLeft",
  "letsExpandRightDouble",
  "letsExpandRightStop",
  "letsExpandRight",
  "letsExpandTopStop",
  "letsExpandUpDouble",
  "letsExpandUp",
  "letsExport",
  "letsExternal",
  "letsEye",
  "letsFat",
  "letsFavorite",
  "letsFavorites",
  "letsFileDockAdd",
  "letsFileDock",
  "letsFile",
  "letsFilterAlt",
  "letsFilterBigAlt",
  "letsFilterBig",
  "letsFilter",
  "letsFire",
  "letsFlagAlt",
  "letsFlagFinishAlt",
  "letsFlagFinish",
  "letsFlag",
  "letsFlash",
  "letsFlaskAlt",
  "letsFlask",
  "letsFluid",
  "letsFolderAdd",
  "letsFolderAlt",
  "letsFolderCheck",
  "letsFolderCopy",
  "letsFolderDel",
  "letsFolderDublicate",
  "letsFolderFileAlt",
  "letsFolderFile",
  "letsFolderOpenAlt",
  "letsFolderOpen",
  "letsFolderSearch",
  "letsFolderSend",
  "letsFolderUp",
  "letsFolder",
  "letsFoldersGroup",
  "letsFoldersLine",
  "letsForm",
  "letsFrame",
  "letsFullAlt",
  "letsFullScreenCorner",
  "letsFull",
  "letsGamepad",
  "letsGiftAlt",
  "letsGift",
  "letsGlasses",
  "letsGlobe",
  "letsGpsFixed",
  "letsGroupAdd",
  "letsGroupScan",
  "letsGroupShare",
  "letsGroup",
  "letsHappy",
  "letsHideEye",
  "letsHome",
  "letsHorizontalDownLeftMain",
  "letsHorizontalDownRightMain",
  "letsHorizontalSwitch",
  "letsHorizontalTopLeftMain",
  "letsHorizontalTopRightMain",
  "letsHumidity",
  "letsIceCream1",
  "letsIceCream",
  "letsImgAlt",
  "letsImgBox",
  "letsImgLoadBox",
  "letsImgOutBox",
  "letsImgRol",
  "letsImg",
  "letsImport",
  "letsIn",
  "letsInfoAlt",
  "letsInfo",
  "letsInsta",
  "letsIto",
  "letsJson",
  "letsJumpTime",
  "letsKeyAlt",
  "letsKey",
  "letsKnife",
  "letsLable",
  "letsLamp",
  "letsLayers",
  "letsLightningAlt",
  "letsLightningRing",
  "letsLightning",
  "letsLineAlt",
  "letsLineInAlt",
  "letsLineIn",
  "letsLineOutAlt",
  "letsLineOut",
  "letsLineUp",
  "letsLine",
  "letsLinkAlt",
  "letsLink",
  "letsLoadCircle",
  "letsLoadListAlt",
  "letsLoadList",
  "letsLockAlt",
  "letsLock",
  "letsLol",
  "letsMap",
  "letsMask",
  "letsMaterials",
  "letsMeatballsMenu",
  "letsMenu",
  "letsMessageAlt",
  "letsMessageOpen",
  "letsMessage",
  "letsMicAlt",
  "letsMic",
  "letsMobile",
  "letsMolecule",
  "letsMoney",
  "letsMoonAlt",
  "letsMoon",
  "letsMortarboardAlt2",
  "letsMortarboardAlt",
  "letsMortarboard",
  "letsMouse",
  "letsMoveAltAlt",
  "letsMoveAlt",
  "letsMove",
  "letsMusic",
  "letsNavigate",
  "letsNesting",
  "letsNews",
  "letsNfc",
  "letsNotebook",
  "letsOff",
  "letsOil",
  "letsOnButton",
  "letsOn",
  "letsOrange",
  "letsOrder",
  "letsOut",
  "letsPackageBoxAlt",
  "letsPackageBoxClose",
  "letsPackageBox",
  "letsPackageCar",
  "letsPackageFavouriteAlt",
  "letsPackageFavourite",
  "letsPackageSearch",
  "letsPackage",
  "letsPaperAlt",
  "letsPaper",
  "letsPen",
  "letsPercent",
  "letsPhone",
  "letsPieChart",
  "letsPil",
  "letsPils",
  "letsPinAlt",
  "letsPin",
  "letsPined",
  "letsPipe",
  "letsPipette",
  "letsPizza",
  "letsPlay",
  "letsPointers",
  "letsPressure",
  "letsPrint",
  "letsProgress",
  "letsProtein",
  "letsPyramidChart",
  "letsQuestion",
  "letsRain",
  "letsReduce",
  "letsRefresh2",
  "letsRefresh",
  "letsRefundBack",
  "letsRefundDown",
  "letsRefundForward",
  "letsRefundTop",
  "letsRegroup",
  "letsRemote",
  "letsRemove",
  "letsRename",
  "letsResizeDownRight",
  "letsReturn",
  "letsRing",
  "letsRoadAlt",
  "letsRoadFinish",
  "letsRoad",
  "letsRofl",
  "letsRollAlt",
  "letsRoll",
  "letsRoot",
  "letsSadAlt2",
  "letsSadAlt",
  "letsSad",
  "letsSave",
  "letsScanAlt2",
  "letsScanAlt",
  "letsScan",
  "letsSearchAlt",
  "letsSearch",
  "letsSendHor",
  "letsSend",
  "letsSertificate",
  "letsServer",
  "letsSettingAltLine",
  "letsSettingLine",
  "letsSettingVert",
  "letsShop",
  "letsSignInCircle",
  "letsSignInSqure",
  "letsSignIn",
  "letsSignOutCircle",
  "letsSignOutSqure",
  "letsSignOut",
  "letsSizeDown",
  "letsSizeRightUp",
  "letsSortAlfa",
  "letsSortArrow",
  "letsSortDown",
  "letsSortListAlt",
  "letsSortList",
  "letsSortRandom",
  "letsSortUpAlt",
  "letsSortUp",
  "letsSort",
  "letsSoundMax",
  "letsSoundMin",
  "letsSoundMute",
  "letsSound",
  "letsSpeedAlt",
  "letsSpeed",
  "letsStackframe",
  "letsStar",
  "letsStat",
  "letsStatusList",
  "letsStatus",
  "letsStethoscope",
  "letsStopAndPlay",
  "letsStop",
  "letsStorm",
  "letsStructure",
  "letsSubttasksAlt",
  "letsSubttasks",
  "letsSuitcase",
  "letsSun",
  "letsSunlight",
  "letsTableSettings",
  "letsTable",
  "letsTablet",
  "letsTarget",
  "letsTemperature",
  "letsTerminal",
  "letsText",
  "letsThumbDown",
  "letsThumbUp",
  "letsTicketAlt",
  "letsTicketUse",
  "letsTicket",
  "letsTie",
  "letsTimeAtack",
  "letsTimeProgress",
  "letsTime",
  "letsTooth",
  "letsTransferDown",
  "letsTransferLeft",
  "letsTransferLongDown",
  "letsTransferLongLeft",
  "letsTransferLongRight",
  "letsTransferLongTop",
  "letsTransferRight",
  "letsTransferTop",
  "letsTransger",
  "letsTrash",
  "letsTree",
  "letsTrophy",
  "letsTumer",
  "letsUnlock",
  "letsUp",
  "letsUpload",
  "letsUserAddAlt",
  "letsUserAdd",
  "letsUserAlt",
  "letsUserBox",
  "letsUserCicrle",
  "letsUserCircle",
  "letsUserFillAdd",
  "letsUserScan",
  "letsUser",
  "letsVerticalSwitchAlt",
  "letsVerticalSwitchLong",
  "letsVerticalSwitch",
  "letsVideoFile",
  "letsVideo",
  "letsViewAlt",
  "letsViewHide",
  "letsViewHorizont",
  "letsView",
  "letsWalletAlt",
  "letsWallet",
  "letsWatchAlt",
  "letsWatch",
  "letsWater",
  "letsWaterfall",
  "letsWidgetAdd",
  "letsWidgetAlt",
  "letsWidget",
  "letsWinter",
  "letsWorld2",
  "letsWorldAlt",
  "letsWorld",
  "letsWow",
]
`;

exports[`Lets Icons should ensure the export names have not changed unexpectedly 4`] = `
Array [
  "lets3dBoxFill",
  "letsAddRingFill",
  "letsAddRoundFill",
  "letsAddSquareFill",
  "letsAlarmFill",
  "letsAlarmclockFill",
  "letsArhiveAltFill",
  "letsArhiveFill",
  "letsArhiveLoadFill",
  "letsBagAltFill",
  "letsBagFill",
  "letsBasketFill",
  "letsBatteryFullFill",
  "letsBatteryLowFill",
  "letsBellFill",
  "letsBellPinFill",
  "letsBlankAltFill",
  "letsBlankFill",
  "letsBookCheckFill",
  "letsBookFill",
  "letsBookOpenAltFill",
  "letsBookOpenFill",
  "letsBookmarkFill",
  "letsBoxAltFill",
  "letsBoxFill",
  "letsBoxOpenFill",
  "letsBrokenHeartFill",
  "letsBugFill",
  "letsCalendarAddFill",
  "letsCalendarFill",
  "letsCameraFill",
  "letsCancelFill",
  "letsChartAltFill",
  "letsChartFill",
  "letsChatAlt2Fill",
  "letsChatAlt3Fill",
  "letsChatAltAddFill",
  "letsChatAltFill",
  "letsChatFill",
  "letsChatPlusFill",
  "letsChatSearchFill",
  "letsCheckFill",
  "letsCheckRoundFill",
  "letsChieldAltFill",
  "letsChieldCheckFill",
  "letsChieldFill",
  "letsClockFill",
  "letsCloseRingFill",
  "letsCloseRoundFill",
  "letsCloseSquareFill",
  "letsCloudAltFill",
  "letsCloudFill",
  "letsColumUpFill",
  "letsCommentFill",
  "letsCompasMiniFill",
  "letsCompassAltFill",
  "letsCompassFill",
  "letsCompassNorthFill",
  "letsCreditCardFill",
  "letsCriticalFill",
  "letsDatabaseFill",
  "letsDateFill",
  "letsDateRangeFill",
  "letsDelAltFill",
  "letsDellFill",
  "letsDeskAltFill",
  "letsDeskFill",
  "letsDimondAltFill",
  "letsDimondFill",
  "letsDirectionAlt2Fill",
  "letsDirectionAlt3Fill",
  "letsDirectionAltFill",
  "letsDirectionFill",
  "letsDoneFill",
  "letsDoneRingRoundFill",
  "letsDoneRoundFill",
  "letsDownloadCircleFill",
  "letsDownloadFill",
  "letsEditFill",
  "letsExportFill",
  "letsEyeFill",
  "letsFavoriteFill",
  "letsFavoritesFill",
  "letsFileDockAddFill",
  "letsFileDockFill",
  "letsFileDockSearchFill",
  "letsFileFill",
  "letsFilterAltFill",
  "letsFireDuotoneFill",
  "letsFireFill",
  "letsFlagAltFill",
  "letsFlagFill",
  "letsFlagFinishFill",
  "letsFolderAddDuotoneFill",
  "letsFolderAddFill",
  "letsFolderAltDuotoneFill",
  "letsFolderAltFill",
  "letsFolderCheckFill",
  "letsFolderCopyFill",
  "letsFolderDelDuotoneFill",
  "letsFolderDelFill",
  "letsFolderDublicateFill",
  "letsFolderDuotoneFill",
  "letsFolderFileAltDuotoneFill",
  "letsFolderFileAltFill",
  "letsFolderFileDuotoneFill",
  "letsFolderFileFill",
  "letsFolderFill",
  "letsFolderLineFill",
  "letsFolderSearchFill",
  "letsFolderSendFill",
  "letsFormFill",
  "letsGiftFill",
  "letsGpsFixedFill",
  "letsGroupAddFill",
  "letsGroupFill",
  "letsGroupScanFill",
  "letsHeadphonesFill",
  "letsHideEyeFill",
  "letsHomeFill",
  "letsImgBoxFill",
  "letsImgFill",
  "letsImgLoadBoxFill",
  "letsImgOutBoxFill",
  "letsImgRolFill",
  "letsImportFill",
  "letsInfoAltFill",
  "letsInfoFill",
  "letsInstaFill",
  "letsItoFill",
  "letsJumpTimeFill",
  "letsKeyAltFill",
  "letsKeyFill",
  "letsLableFill",
  "letsLampFill",
  "letsLayersFill",
  "letsLightningAltFill",
  "letsLightningFill",
  "letsLineFill",
  "letsLoadCircleFill",
  "letsLoadListAltFill",
  "letsLoadListFill",
  "letsLockAltFill",
  "letsLockFill",
  "letsMapFill",
  "letsMessageAltFill",
  "letsMessageFill",
  "letsMessageOpenFill",
  "letsMicAltFill",
  "letsMicFill",
  "letsMoneyFill",
  "letsMoonAltFill",
  "letsMoonFill",
  "letsMortarboardFill",
  "letsMusicFill",
  "letsNavigateFill",
  "letsNestingFill",
  "letsNewsFill",
  "letsNfcFill",
  "letsNotebookFill",
  "letsOnButtonFill",
  "letsOrderFill",
  "letsPaperFill",
  "letsPhoneFill",
  "letsPieChartFill",
  "letsPinAltFill",
  "letsPinFill",
  "letsPinedFill",
  "letsPipeFill",
  "letsPlayFill",
  "letsPointersFill",
  "letsPrintFill",
  "letsQuestionFill",
  "letsRainFill",
  "letsRemoveFill",
  "letsRingFill",
  "letsRoadAltFill",
  "letsRoadFill",
  "letsRoadFinishFill",
  "letsSaveFill",
  "letsSearchAltFill",
  "letsSearchFill",
  "letsSendFill",
  "letsSendHorFill",
  "letsServerFill",
  "letsSettingAltFill",
  "letsSettingFill",
  "letsSignInSqureFill",
  "letsSignOutSqureFill",
  "letsSoundFill",
  "letsSoundMaxFill",
  "letsSoundMinFill",
  "letsSoundMuteFill",
  "letsSpeedFill",
  "letsStackframeFill",
  "letsStarFill",
  "letsStopAndPlayFill",
  "letsStopFill",
  "letsStormFill",
  "letsSubttasksAltFill",
  "letsSubttasksFill",
  "letsSunFill",
  "letsSunlightFill",
  "letsTargetFill",
  "letsTemperatureFill",
  "letsTicketAltFill",
  "letsTicketFill",
  "letsTicketUseFill",
  "letsTimeAtackFill",
  "letsTimeFill",
  "letsTimeProgressFill",
  "letsTreeFill",
  "letsTumerFill",
  "letsUnlockFill",
  "letsUploadFill",
  "letsUserAddAltFill",
  "letsUserAltFill",
  "letsUserBoxFill",
  "letsUserFill",
  "letsUserScanFill",
  "letsVideoFileFill",
  "letsVideoFill",
  "letsViewAltFill",
  "letsViewFill",
  "letsViewHideFill",
  "letsViewHorizontFill",
  "letsWalletAltFill",
  "letsWalletFill",
  "letsWinterFill",
  "letsWorldAltFill",
  "letsWorldFill",
]
`;

exports[`Lets Icons should ensure the export names have not changed unexpectedly 5`] = `
Array [
  "lets10Light",
  "lets3dBoxLight",
  "letsAddLight",
  "letsAddRingLight",
  "letsAddRoundLight",
  "letsAddSquareLight",
  "letsAlarmLight",
  "letsAlarmclockLight",
  "letsAngryLight",
  "letsArhiveAltAddLight",
  "letsArhiveAltAddListLight",
  "letsArhiveAltBigLight",
  "letsArhiveAltExportLight",
  "letsArhiveAltSmallAddLight",
  "letsArhiveAltSmallLight",
  "letsArhiveAltSmallLockLight",
  "letsArhiveAltSmallSecureLight",
  "letsArhiveExportLight",
  "letsArhiveImportLight",
  "letsArhiveLight",
  "letsArhiveLoadLight",
  "letsArhivePlaneLight",
  "letsArhivesAltLight",
  "letsArhivesGroupDocksLight",
  "letsArrayLight",
  "letsArrowDownLight",
  "letsArrowDownLongLight",
  "letsArrowLeftLight",
  "letsArrowLeftLongLight",
  "letsArrowLeftStopLight",
  "letsArrowRightLight",
  "letsArrowRightLongLight",
  "letsArrowRightStopLight",
  "letsArrowTopLight",
  "letsArrowTopLongLight",
  "letsAtomAltLight",
  "letsAtomLight",
  "letsBackLight",
  "letsBagAltLight",
  "letsBagLight",
  "letsBasketAlt2Light",
  "letsBasketAlt3Light",
  "letsBasketAltLight",
  "letsBasketLight",
  "letsBatteryFullLight",
  "letsBatteryLowLight",
  "letsBedLight",
  "letsBellLight",
  "letsBellPinLight",
  "letsBlankAltLight",
  "letsBlankLight",
  "letsBloodAddLight",
  "letsBloodLight",
  "letsBloodMinusLight",
  "letsBookCheckLight",
  "letsBookLight",
  "letsBookOpenAltDuotoneLight",
  "letsBookOpenAltLight",
  "letsBookOpenLight",
  "letsBookmarkLight",
  "letsBoxAltLight",
  "letsBoxLight",
  "letsBoxOpenLight",
  "letsBoxRefreshAltRightLight",
  "letsBoxRefreshRightLight",
  "letsBoxesLight",
  "letsBrokenHeartLight",
  "letsBubbleLight",
  "letsBugLight",
  "letsCalendarAddLight",
  "letsCalendarLight",
  "letsCaloriesLight",
  "letsCameraLight",
  "letsCancelLight",
  "letsCandlestickLight",
  "letsCarbsLight",
  "letsChartAltLight",
  "letsChartLight",
  "letsChartPinLight",
  "letsChatAlt2Light",
  "letsChatAlt3Light",
  "letsChatAltAddLight",
  "letsChatAltLight",
  "letsChatLight",
  "letsChatPlusLight",
  "letsChatSearchDuotoneLight",
  "letsChatSearchLight",
  "letsCheckRingLight",
  "letsCheckRingRoundLight",
  "letsChemistryLight",
  "letsChieldAltLight",
  "letsChieldCheckLight",
  "letsChieldLight",
  "letsCircleLeftLight",
  "letsCircleRightAltLight",
  "letsCircleRightLight",
  "letsClockLight",
  "letsCloseRingLight",
  "letsCloseRoundLight",
  "letsCloseSquareLight",
  "letsCloudAltLight",
  "letsCloudLight",
  "letsCodeLight",
  "letsCollapseLight",
  "letsColorModeLight",
  "letsColumUpLight",
  "letsCommentLight",
  "letsCompasMiniLight",
  "letsCompassAltLight",
  "letsCompassLight",
  "letsCompassNorthLight",
  "letsCopyAltLight",
  "letsCopyLight",
  "letsCovertLight",
  "letsCpuLight",
  "letsCreditCardLight",
  "letsCriticalLight",
  "letsDatabaseLight",
  "letsDateRangeLight",
  "letsDateTodayLight",
  "letsDelAltLight",
  "letsDellLight",
  "letsDeskAltLight",
  "letsDeskLight",
  "letsDesktopLight",
  "letsDimondAltLight",
  "letsDimondLight",
  "letsDirectionAlt2Light",
  "letsDirectionAlt3Light",
  "letsDirectionAltLight",
  "letsDirectionLight",
  "letsDnaLight",
  "letsDoneAllAltRoundLight",
  "letsDoneAllRoundLight",
  "letsDoneLight",
  "letsDoneRingRoundLight",
  "letsDoneRoundLight",
  "letsDoughnutChartLight",
  "letsDownLight",
  "letsDownloadCircleLight",
  "letsDownloadLight",
  "letsDrinkLight",
  "letsEMailLight",
  "letsEditLight",
  "letsExpandDownDoubleLight",
  "letsExpandDownLight",
  "letsExpandDownStopLight",
  "letsExpandLeftDoubleLight",
  "letsExpandLeftLight",
  "letsExpandLeftStopLight",
  "letsExpandRightDoubleLight",
  "letsExpandRightLight",
  "letsExpandRightStopLight",
  "letsExpandTopStopLight",
  "letsExpandUpDoubleLight",
  "letsExpandUpLight",
  "letsExportLight",
  "letsEyeLight",
  "letsFatLight",
  "letsFavoriteLight",
  "letsFavoritesLight",
  "letsFileDockLight",
  "letsFileDockSearchLight",
  "letsFileLight",
  "letsFilterAltLight",
  "letsFireAltLight",
  "letsFireLight",
  "letsFlagAltLight",
  "letsFlagFinishAltLight",
  "letsFlagFinishLight",
  "letsFlagLight",
  "letsFlashLight",
  "letsFlaskAltLight",
  "letsFlaskLight",
  "letsFluidLight",
  "letsFolderAddLight",
  "letsFolderAltLight",
  "letsFolderCheckLight",
  "letsFolderCopyLight",
  "letsFolderDelLight",
  "letsFolderDublicateLight",
  "letsFolderFileAltLight",
  "letsFolderFileLight",
  "letsFolderLight",
  "letsFolderLineLight",
  "letsFolderOpenAltLight",
  "letsFolderOpenLight",
  "letsFolderSearchLight",
  "letsFolderSendLight",
  "letsFolderUpLight",
  "letsFoldersGroupLight",
  "letsFoldersLight",
  "letsFoldersLineLight",
  "letsFormLight",
  "letsFrameLight",
  "letsFullAltLight",
  "letsFullLight",
  "letsFullScreenCornerLight",
  "letsGamepadLight",
  "letsGiftAltLight",
  "letsGiftLight",
  "letsGlassesLight",
  "letsGlobeLight",
  "letsGpsFixedLight",
  "letsGroupAddLight",
  "letsGroupLight",
  "letsGroupShareLight",
  "letsHappyLight",
  "letsHeadphonesFillLight",
  "letsHhourglassMoveLight",
  "letsHideEyeLight",
  "letsHomeLight",
  "letsHorizontalDownLeftMainLight",
  "letsHorizontalDownRightMainLight",
  "letsHorizontalSwitchLight",
  "letsHorizontalTopLeftMainLight",
  "letsHorizontalTopRightMainLight",
  "letsHourglassLight",
  "letsHumidityLight",
  "letsImgAltLight",
  "letsImgBoxLight",
  "letsImgLight",
  "letsImgLoadBoxLight",
  "letsImgOutBoxLight",
  "letsImgRolLight",
  "letsImportLight",
  "letsInLight",
  "letsInfoAltLight",
  "letsInfoLight",
  "letsInstaLight",
  "letsItoLight",
  "letsJsonLight",
  "letsKeyAltLight",
  "letsKeyLight",
  "letsKnifeLight",
  "letsLableLight",
  "letsLampLight",
  "letsLayersLight",
  "letsLightningAltLight",
  "letsLightningLight",
  "letsLightningRingLight",
  "letsLineInAltLight",
  "letsLineInLight",
  "letsLineLight",
  "letsLineOutAltLight",
  "letsLineOutLight",
  "letsLineUpLight",
  "letsLinkAltLight",
  "letsLinkLight",
  "letsLoadCircleLight",
  "letsLoadListLight",
  "letsLockAltLight",
  "letsLockLight",
  "letsLolLight",
  "letsMapLight",
  "letsMaskLight",
  "letsMaterialsLight",
  "letsMessageAltLight",
  "letsMessageLight",
  "letsMessageOpenLight",
  "letsMicAltLight",
  "letsMicLight",
  "letsMobileLight",
  "letsMoleculeLight",
  "letsMoneyLight",
  "letsMoonAltLight",
  "letsMoonLight",
  "letsMortarboardAlt2Light",
  "letsMortarboardAltLight",
  "letsMortarboardLight",
  "letsMouseLight",
  "letsMoveLight",
  "letsMusicLight",
  "letsNavigateLight",
  "letsNestingLight",
  "letsNewsLight",
  "letsNfcLight",
  "letsNotebookLight",
  "letsOffLight",
  "letsOilLight",
  "letsOnButtonLight",
  "letsOnLight",
  "letsOrderLight",
  "letsOutLight",
  "letsPaperAltLight",
  "letsPaperLight",
  "letsPassLight",
  "letsPenLight",
  "letsPercentLight",
  "letsPhoneLight",
  "letsPieChartLight",
  "letsPilLight",
  "letsPilsLight",
  "letsPinAltLight",
  "letsPinLight",
  "letsPinedLight",
  "letsPipeLight",
  "letsPipetteLight",
  "letsPlayLight",
  "letsPointersLight",
  "letsPressureLight",
  "letsPrintLight",
  "letsProgressLight",
  "letsProteinLight",
  "letsPyramidChartLight",
  "letsQuestionLight",
  "letsRainLight",
  "letsReduceLight",
  "letsRefresh2Light",
  "letsRefreshLight",
  "letsRefundBackLight",
  "letsRefundDownLight",
  "letsRefundForwardLight",
  "letsRefundTopLight",
  "letsRegroupLight",
  "letsRemoteLight",
  "letsRemoveLight",
  "letsRenameLight",
  "letsResizeDownRightLight",
  "letsReturnLight",
  "letsRingLight",
  "letsRoadAltLight",
  "letsRoadFinishLight",
  "letsRoadLight",
  "letsRoflLight",
  "letsRollAltLightLight",
  "letsRollLightLight",
  "letsRootLightLight",
  "letsSadAlt2Light",
  "letsSadAltLight",
  "letsSadLight",
  "letsSaveLight",
  "letsScanAlt2Light",
  "letsScanAltLight",
  "letsScanLight",
  "letsSearchAltLight",
  "letsSearchLight",
  "letsSendHorLight",
  "letsSendLight",
  "letsSertificateLight",
  "letsServerLight",
  "letsSettingAltLineLight",
  "letsSettingLineLight",
  "letsShopLight",
  "letsSignInCircleLight",
  "letsSignInSqureLight",
  "letsSignOutCircleLight",
  "letsSignOutSqureLight",
  "letsSortAlfaLight",
  "letsSortArrowLight",
  "letsSortDownLight",
  "letsSortListAltLight",
  "letsSortListLight",
  "letsSortRandomLight",
  "letsSortUpLight",
  "letsSoundLight",
  "letsSoundMaxLight",
  "letsSoundMinLight",
  "letsSoundMuteLight",
  "letsSpeedAltLight",
  "letsSpeedLight",
  "letsStackframeLight",
  "letsStarLight",
  "letsStethoscopeLight",
  "letsStopAndPlayLight",
  "letsStopLight",
  "letsStormLight",
  "letsStructureLight",
  "letsSubttasksAltLight",
  "letsSubttasksLight",
  "letsSuitcaseLight",
  "letsSunLight",
  "letsSunlightLight",
  "letsTableLight",
  "letsTableSettingsLight",
  "letsTabletLight",
  "letsTargetLight",
  "letsTemperatureLight",
  "letsTerminalLight",
  "letsTicketAltLight",
  "letsTicketLight",
  "letsTicketUseLight",
  "letsTieLight",
  "letsTimeAtackLight",
  "letsTimeDelLight",
  "letsTimeLight",
  "letsTimeProgressLight",
  "letsTimeSleepLight",
  "letsToothLight",
  "letsTransferDownLight",
  "letsTransferLeftLight",
  "letsTransferLongDownLight",
  "letsTransferLongLeftLight",
  "letsTransferLongRightLight",
  "letsTransferLongTopLight",
  "letsTransferRightLight",
  "letsTransferTopLight",
  "letsTransgerLight",
  "letsTrashLight",
  "letsTrophyLight",
  "letsTumerLight",
  "letsTurbineLight",
  "letsUnlockLight",
  "letsUpLight",
  "letsUploadLight",
  "letsUserAddAltLight",
  "letsUserAddLight",
  "letsUserAltLight",
  "letsUserBoxLight",
  "letsUserCicrleLight",
  "letsUserLight",
  "letsUserScanLight",
  "letsVerticalSwitchAltLight",
  "letsVerticalSwitchLight",
  "letsVerticalSwitchLongLight",
  "letsVideoFileLight",
  "letsVideoLight",
  "letsViewAltLight",
  "letsViewHideLight",
  "letsViewLight",
  "letsWalletAltLight",
  "letsWalletLight",
  "letsWatchAltLight",
  "letsWatchLight",
  "letsWaterLight",
  "letsWaterfallLight",
  "letsWidgetAddLight",
  "letsWidgetAltLight",
  "letsWidgetLight",
  "letsWinterLight",
  "letsWorld2Light",
  "letsWorldAltLight",
  "letsWorldLight",
  "letsWowLight",
]
`;
