// Jest Snapshot v1, https://goo.gl/fbAQLP

exports[`CSS.gg Icons should ensure the export names have not changed unexpectedly 1`] = `
Array [
  "cssAbstract",
  "cssAddR",
  "cssAdd",
  "cssAdidas",
  "cssAirplane",
  "cssAlarm",
  "cssAlbum",
  "cssAlignBottom",
  "cssAlignCenter",
  "cssAlignLeft",
  "cssAlignMiddle",
  "cssAlignRight",
  "cssAlignTop",
  "cssAnchor",
  "cssAppleWatch",
  "cssArrangeBack",
  "cssArrangeFront",
  "cssArrowAlignH",
  "cssArrowAlignV",
  "cssArrowBottomLeftO",
  "cssArrowBottomLeftR",
  "cssArrowBottomLeft",
  "cssArrowBottomRightO",
  "cssArrowBottomRightR",
  "cssArrowBottomRight",
  "cssArrowDownO",
  "cssArrowDownR",
  "cssArrowDown",
  "cssArrowLeftO",
  "cssArrowLeftR",
  "cssArrowLeft",
  "cssArrowLongDownC",
  "cssArrowLongDownE",
  "cssArrowLongDownL",
  "cssArrowLongDownR",
  "cssArrowLongDown",
  "cssArrowLongLeftC",
  "cssArrowLongLeftE",
  "cssArrowLongLeftL",
  "cssArrowLongLeftR",
  "cssArrowLongLeft",
  "cssArrowLongRightC",
  "cssArrowLongRightE",
  "cssArrowLongRightL",
  "cssArrowLongRightR",
  "cssArrowLongRight",
  "cssArrowLongUpC",
  "cssArrowLongUpE",
  "cssArrowLongUpL",
  "cssArrowLongUpR",
  "cssArrowLongUp",
  "cssArrowRightO",
  "cssArrowRightR",
  "cssArrowRight",
  "cssArrowTopLeftO",
  "cssArrowTopLeftR",
  "cssArrowTopLeft",
  "cssArrowTopRightO",
  "cssArrowTopRightR",
  "cssArrowTopRight",
  "cssArrowUpO",
  "cssArrowUpR",
  "cssArrowUp",
  "cssArrowsBreakeH",
  "cssArrowsBreakeV",
  "cssArrowsExchangeAltV",
  "cssArrowsExchangeAlt",
  "cssArrowsExchangeV",
  "cssArrowsExchange",
  "cssArrowsExpandDownLeft",
  "cssArrowsExpandDownRight",
  "cssArrowsExpandLeftAlt",
  "cssArrowsExpandLeft",
  "cssArrowsExpandRightAlt",
  "cssArrowsExpandRight",
  "cssArrowsExpandUpLeft",
  "cssArrowsExpandUpRight",
  "cssArrowsHAlt",
  "cssArrowsH",
  "cssArrowsMergeAltH",
  "cssArrowsMergeAltV",
  "cssArrowsScrollH",
  "cssArrowsScrollV",
  "cssArrowsShrinkH",
  "cssArrowsShrinkV",
  "cssArrowsVAlt",
  "cssArrowsV",
  "cssAssign",
  "cssAsterisk",
  "cssAtlasian",
  "cssAttachment",
  "cssAttribution",
  "cssAwards",
  "cssBackspace",
  "cssBandAid",
  "cssBatteryEmpty",
  "cssBatteryFull",
  "cssBattery",
  "cssBee",
  "cssBell",
  "cssBitbucket",
  "cssBlock",
  "cssBmw",
  "cssBoard",
  "cssBolt",
  "cssBookmark",
  "cssBorderAll",
  "cssBorderBottom",
  "cssBorderLeft",
  "cssBorderRight",
  "cssBorderStyleDashed",
  "cssBorderStyleDotted",
  "cssBorderStyleSolid",
  "cssBorderTop",
  "cssBot",
  "cssBowl",
  "cssBox",
  "cssBoy",
  "cssBrackets",
  "cssBriefcase",
  "cssBrowse",
  "cssBrowser",
  "cssBrush",
  "cssBulb",
  "cssCPlusPlus",
  "cssCalculator",
  "cssCalendarDates",
  "cssCalendarDue",
  "cssCalendarNext",
  "cssCalendarToday",
  "cssCalendarTwo",
  "cssCalendar",
  "cssCalibrate",
  "cssCamera",
  "cssCap",
  "cssCaptions",
  "cssCardClubs",
  "cssCardDiamonds",
  "cssCardHearts",
  "cssCardSpades",
  "cssCarousel",
  "cssCast",
  "cssChanel",
  "cssChart",
  "cssCheckO",
  "cssCheckR",
  "cssCheck",
  "cssChevronDoubleDownO",
  "cssChevronDoubleDownR",
  "cssChevronDoubleDown",
  "cssChevronDoubleLeftO",
  "cssChevronDoubleLeftR",
  "cssChevronDoubleLeft",
  "cssChevronDoubleRightO",
  "cssChevronDoubleRightR",
  "cssChevronDoubleRight",
  "cssChevronDoubleUpO",
  "cssChevronDoubleUpR",
  "cssChevronDoubleUp",
  "cssChevronDownO",
  "cssChevronDownR",
  "cssChevronDown",
  "cssChevronLeftO",
  "cssChevronLeftR",
  "cssChevronLeft",
  "cssChevronRightO",
  "cssChevronRightR",
  "cssChevronRight",
  "cssChevronUpO",
  "cssChevronUpR",
  "cssChevronUp",
  "cssCircleci",
  "cssClapperBoard",
  "cssClipboard",
  "cssCloseO",
  "cssCloseR",
  "cssClose",
  "cssCloud",
  "cssCodeClimate",
  "cssCodeSlash",
  "cssCode",
  "cssCoffee",
  "cssCollage",
  "cssColorBucket",
  "cssColorPicker",
  "cssComedyCentral",
  "cssComment",
  "cssCommunity",
  "cssComponents",
  "cssCompressLeft",
  "cssCompressRight",
  "cssCompressV",
  "cssCompress",
  "cssController",
  "cssCopy",
  "cssCopyright",
  "cssCornerDoubleDownLeft",
  "cssCornerDoubleDownRight",
  "cssCornerDoubleLeftDown",
  "cssCornerDoubleLeftUp",
  "cssCornerDoubleRightDown",
  "cssCornerDoubleRightUp",
  "cssCornerDoubleUpLeft",
  "cssCornerDoubleUpRight",
  "cssCornerDownLeft",
  "cssCornerDownRight",
  "cssCornerLeftDown",
  "cssCornerLeftUp",
  "cssCornerRightDown",
  "cssCornerRightUp",
  "cssCornerUpLeft",
  "cssCornerUpRight",
  "cssCreditCard",
  "cssCrop",
  "cssCross",
  "cssCrowdfire",
  "cssCrown",
  "cssDanger",
  "cssDarkMode",
  "cssData",
  "cssDatabase",
  "cssDebug",
  "cssDesignmodo",
  "cssDesktop",
  "cssDetailsLess",
  "cssDetailsMore",
  "cssDialpad",
  "cssDice1",
  "cssDice2",
  "cssDice3",
  "cssDice4",
  "cssDice5",
  "cssDice6",
  "cssDigitalocean",
  "cssDisc",
  "cssDisplayFlex",
  "cssDisplayFullwidth",
  "cssDisplayGrid",
  "cssDisplaySpacing",
  "cssDistributeHorizontal",
  "cssDistributeVertical",
  "cssDockBottom",
  "cssDockLeft",
  "cssDockRight",
  "cssDockWindow",
  "cssDolby",
  "cssDollar",
  "cssDribbble",
  "cssDrive",
  "cssDropInvert",
  "cssDropOpacity",
  "cssDrop",
  "cssDuplicate",
  "cssEditBlackPoint",
  "cssEditContrast",
  "cssEditExposure",
  "cssEditFade",
  "cssEditFlipH",
  "cssEditFlipV",
  "cssEditHighlight",
  "cssEditMarkup",
  "cssEditMask",
  "cssEditNoise",
  "cssEditShadows",
  "cssEditStraight",
  "cssEditUnmask",
  "cssEject",
  "cssEnter",
  "cssErase",
  "cssEreader",
  "cssEricsson",
  "cssEthernet",
  "cssEuro",
  "cssEventbrite",
  "cssExpand",
  "cssExport",
  "cssExtensionAdd",
  "cssExtensionAlt",
  "cssExtensionRemove",
  "cssExtension",
  "cssExternal",
  "cssEyeAlt",
  "cssEye",
  "cssFacebook",
  "cssFeed",
  "cssFigma",
  "cssFileAdd",
  "cssFileDocument",
  "cssFileRemove",
  "cssFile",
  "cssFilm",
  "cssFilters",
  "cssFlagAlt",
  "cssFlag",
  "cssFolderAdd",
  "cssFolderRemove",
  "cssFolder",
  "cssFontHeight",
  "cssFontSpacing",
  "cssFormatBold",
  "cssFormatCenter",
  "cssFormatColor",
  "cssFormatHeading",
  "cssFormatIndentDecrease",
  "cssFormatIndentIncrease",
  "cssFormatItalic",
  "cssFormatJustify",
  "cssFormatLeft",
  "cssFormatLineHeight",
  "cssFormatRight",
  "cssFormatSeparator",
  "cssFormatSlash",
  "cssFormatStrike",
  "cssFormatText",
  "cssFormatUnderline",
  "cssFormatUppercase",
  "cssFramer",
  "cssGames",
  "cssGenderFemale",
  "cssGenderMale",
  "cssGhostCharacter",
  "cssGhost",
  "cssGift",
  "cssGirl",
  "cssGitBranch",
  "cssGitCommit",
  "cssGitFork",
  "cssGitPull",
  "cssGitter",
  "cssGlassAlt",
  "cssGlass",
  "cssGlobeAlt",
  "cssGlobe",
  "cssGoogleTasks",
  "cssGoogle",
  "cssGym",
  "cssHashtag",
  "cssHeadset",
  "cssHeart",
  "cssHello",
  "cssHomeAlt",
  "cssHomeScreen",
  "cssHome",
  "cssIcecream",
  "cssIfDesign",
  "cssImage",
  "cssImport",
  "cssInbox",
  "cssIndieHackers",
  "cssInfinity",
  "cssInfo",
  "cssInpicture",
  "cssInsertAfterO",
  "cssInsertAfterR",
  "cssInsertAfter",
  "cssInsertBeforeO",
  "cssInsertBeforeR",
  "cssInsertBefore",
  "cssInsights",
  "cssInstagram",
  "cssInternal",
  "cssKey",
  "cssKeyboard",
  "cssKeyhole",
  "cssLaptop",
  "cssLastpass",
  "cssLayoutGridSmall",
  "cssLayoutGrid",
  "cssLayoutList",
  "cssLayoutPin",
  "cssLinear",
  "cssLink",
  "cssListTree",
  "cssList",
  "cssLivePhoto",
  "cssLoadbarAlt",
  "cssLoadbarDoc",
  "cssLoadbarSound",
  "cssLoadbar",
  "cssLockUnlock",
  "cssLock",
  "cssLogIn",
  "cssLogOff",
  "cssLogOut",
  "cssLoupe",
  "cssMagnet",
  "cssMailForward",
  "cssMailOpen",
  "cssMailReply",
  "cssMail",
  "cssMathDivide",
  "cssMathEqual",
  "cssMathMinus",
  "cssMathPercent",
  "cssMathPlus",
  "cssMaximizeAlt",
  "cssMaximize",
  "cssMaze",
  "cssMediaLive",
  "cssMediaPodcast",
  "cssMenuBoxed",
  "cssMenuCake",
  "cssMenuCheese",
  "cssMenuGridO",
  "cssMenuGridR",
  "cssMenuHotdog",
  "cssMenuLeftAlt",
  "cssMenuLeft",
  "cssMenuMotion",
  "cssMenuOreos",
  "cssMenuRightAlt",
  "cssMenuRight",
  "cssMenuRound",
  "cssMenu",
  "cssMergeHorizontal",
  "cssMergeVertical",
  "cssMic",
  "cssMicrobit",
  "cssMicrosoft",
  "cssMiniPlayer",
  "cssMinimizeAlt",
  "cssMinimize",
  "cssModem",
  "cssMonday",
  "cssMoon",
  "cssMoreAlt",
  "cssMoreO",
  "cssMoreR",
  "cssMoreVerticalAlt",
  "cssMoreVerticalO",
  "cssMoreVerticalR",
  "cssMoreVertical",
  "cssMore",
  "cssMouse",
  "cssMoveDown",
  "cssMoveLeft",
  "cssMoveRight",
  "cssMoveTask",
  "cssMoveUp",
  "cssMusicNote",
  "cssMusicSpeaker",
  "cssMusic",
  "cssNametag",
  "cssNotes",
  "cssNotifications",
  "cssNpm",
  "cssOculus",
  "cssOpenCollective",
  "cssOptions",
  "cssOrganisation",
  "cssOverflow",
  "cssPacman",
  "cssPassword",
  "cssPathBack",
  "cssPathCrop",
  "cssPathDivide",
  "cssPathExclude",
  "cssPathFront",
  "cssPathIntersect",
  "cssPathOutline",
  "cssPathTrim",
  "cssPathUnite",
  "cssPatreon",
  "cssPaypal",
  "cssPen",
  "cssPentagonBottomLeft",
  "cssPentagonBottomRight",
  "cssPentagonDown",
  "cssPentagonLeft",
  "cssPentagonRight",
  "cssPentagonTopLeft",
  "cssPentagonTopRight",
  "cssPentagonUp",
  "cssPerformance",
  "cssPexels",
  "cssPhone",
  "cssPhotoscan",
  "cssPiano",
  "cssPill",
  "cssPinAlt",
  "cssPinBottom",
  "cssPinTop",
  "cssPin",
  "cssPlayBackwards",
  "cssPlayButtonO",
  "cssPlayButtonR",
  "cssPlayButton",
  "cssPlayForwards",
  "cssPlayListAdd",
  "cssPlayListCheck",
  "cssPlayListRemove",
  "cssPlayListSearch",
  "cssPlayList",
  "cssPlayPauseO",
  "cssPlayPauseR",
  "cssPlayPause",
  "cssPlayStopO",
  "cssPlayStopR",
  "cssPlayStop",
  "cssPlayTrackNextO",
  "cssPlayTrackNextR",
  "cssPlayTrackNext",
  "cssPlayTrackPrevO",
  "cssPlayTrackPrevR",
  "cssPlayTrackPrev",
  "cssPlug",
  "cssPocket",
  "cssPokemon",
  "cssPolaroid",
  "cssPoll",
  "cssPresentation",
  "cssPrinter",
  "cssProductHunt",
  "cssProfile",
  "cssPullClear",
  "cssPushChevronDownO",
  "cssPushChevronDownR",
  "cssPushChevronDown",
  "cssPushChevronLeftO",
  "cssPushChevronLeftR",
  "cssPushChevronLeft",
  "cssPushChevronRightO",
  "cssPushChevronRightR",
  "cssPushChevronRight",
  "cssPushChevronUpO",
  "cssPushChevronUpR",
  "cssPushChevronUp",
  "cssPushDown",
  "cssPushLeft",
  "cssPushRight",
  "cssPushUp",
  "cssQr",
  "cssQuoteO",
  "cssQuote",
  "cssRadioCheck",
  "cssRadioChecked",
  "cssRatio",
  "cssRead",
  "cssReadme",
  "cssRecord",
  "cssRedo",
  "cssRemote",
  "cssRemoveR",
  "cssRemove",
  "cssRename",
  "cssReorder",
  "cssRepeat",
  "cssRing",
  "cssRowFirst",
  "cssRowLast",
  "cssRuler",
  "cssSandClock",
  "cssScan",
  "cssScreenMirror",
  "cssScreenShot",
  "cssScreenWide",
  "cssScreen",
  "cssScrollH",
  "cssScrollV",
  "cssSearchFound",
  "cssSearchLoading",
  "cssSearch",
  "cssSelectO",
  "cssSelectR",
  "cssSelect",
  "cssServer",
  "cssServerless",
  "cssShapeCircle",
  "cssShapeHalfCircle",
  "cssShapeHexagon",
  "cssShapeRhombus",
  "cssShapeSquare",
  "cssShapeTriangle",
  "cssShapeZigzag",
  "cssShare",
  "cssShield",
  "cssShoppingBag",
  "cssShoppingCart",
  "cssShortcut",
  "cssShutterstock",
  "cssSidebarOpen",
  "cssSidebarRight",
  "cssSidebar",
  "cssSignal",
  "cssSize",
  "cssSketch",
  "cssSlack",
  "cssSleep",
  "cssSmartHomeBoiler",
  "cssSmartHomeCooker",
  "cssSmartHomeHeat",
  "cssSmartHomeLight",
  "cssSmartHomeRefrigerator",
  "cssSmartHomeWashMachine",
  "cssSmartphoneChip",
  "cssSmartphoneRam",
  "cssSmartphoneShake",
  "cssSmartphone",
  "cssSmileMouthOpen",
  "cssSmileNeutral",
  "cssSmileNoMouth",
  "cssSmileNone",
  "cssSmileSad",
  "cssSmileUpside",
  "cssSmile",
  "cssSoftwareDownload",
  "cssSoftwareUpload",
  "cssSortAz",
  "cssSortZa",
  "cssSpaceBetweenV",
  "cssSpaceBetween",
  "cssSpectrum",
  "cssSpinnerAlt",
  "cssSpinnerTwoAlt",
  "cssSpinnerTwo",
  "cssSpinner",
  "cssSquare",
  "cssStack",
  "cssStark",
  "cssStopwatch",
  "cssStories",
  "cssStudio",
  "cssStyle",
  "cssSun",
  "cssSupport",
  "cssSwapVertical",
  "cssSwap",
  "cssSweden",
  "cssSwiss",
  "cssSync",
  "cssTab",
  "cssTag",
  "cssTally",
  "cssTapDouble",
  "cssTapSingle",
  "cssTemplate",
  "cssTennis",
  "cssTerminal",
  "cssTerrain",
  "cssThermometer",
  "cssThermostat",
  "cssTikcode",
  "cssTime",
  "cssTimelapse",
  "cssTimer",
  "cssToday",
  "cssToggleOff",
  "cssToggleOn",
  "cssToggleSquareOff",
  "cssToggleSquare",
  "cssToolbarBottom",
  "cssToolbarLeft",
  "cssToolbarRight",
  "cssToolbarTop",
  "cssToolbox",
  "cssTouchpad",
  "cssTrack",
  "cssTranscript",
  "cssTrashEmpty",
  "cssTrash",
  "cssTree",
  "cssTrees",
  "cssTrello",
  "cssTrendingDown",
  "cssTrending",
  "cssTrophy",
  "cssTv",
  "cssTwilio",
  "cssTwitter",
  "cssUiKit",
  "cssUmbrella",
  "cssUnavailable",
  "cssUnblock",
  "cssUndo",
  "cssUnfold",
  "cssUnsplash",
  "cssUsbC",
  "cssUsb",
  "cssUserAdd",
  "cssUserList",
  "cssUserRemove",
  "cssUser",
  "cssUserlane",
  "cssVercel",
  "cssViewCols",
  "cssViewComfortable",
  "cssViewDay",
  "cssViewGrid",
  "cssViewList",
  "cssViewMonth",
  "cssViewSplit",
  "cssVinyl",
  "cssVoicemailO",
  "cssVoicemailR",
  "cssVoicemail",
  "cssVolume",
  "cssWebcam",
  "cssWebsite",
  "cssWindows",
  "cssWorkAlt",
  "cssYinyang",
  "cssYoutube",
  "cssZoomIn",
  "cssZoomOut",
]
`;
