// Jest Snapshot v1, https://goo.gl/fbAQLP

exports[`Lucide Icons should ensure the export names have not changed unexpectedly 1`] = `
Array [
  "lucideAArrowDown",
  "lucideAArrowUp",
  "lucideALargeSmall",
  "lucideAccessibility",
  "lucideActivitySquare",
  "lucideActivity",
  "lucideAirVent",
  "lucideAirplay",
  "lucideAlarmClockCheck",
  "lucideAlarmClockMinus",
  "lucideAlarmClockOff",
  "lucideAlarmClockPlus",
  "lucideAlarmClock",
  "lucideAlarmSmoke",
  "lucideAlbum",
  "lucideAlertCircle",
  "lucideAlertOctagon",
  "lucideAlertTriangle",
  "lucideAlignCenterHorizontal",
  "lucideAlignCenterVertical",
  "lucideAlignCenter",
  "lucideAlignEndHorizontal",
  "lucideAlignEndVertical",
  "lucideAlignHorizontalDistributeCenter",
  "lucideAlignHorizontalDistributeEnd",
  "lucideAlignHorizontalDistributeStart",
  "lucideAlignHorizontalJustifyCenter",
  "lucideAlignHorizontalJustifyEnd",
  "lucideAlignHorizontalJustifyStart",
  "lucideAlignHorizontalSpaceAround",
  "lucideAlignHorizontalSpaceBetween",
  "lucideAlignJustify",
  "lucideAlignLeft",
  "lucideAlignRight",
  "lucideAlignStartHorizontal",
  "lucideAlignStartVertical",
  "lucideAlignVerticalDistributeCenter",
  "lucideAlignVerticalDistributeEnd",
  "lucideAlignVerticalDistributeStart",
  "lucideAlignVerticalJustifyCenter",
  "lucideAlignVerticalJustifyEnd",
  "lucideAlignVerticalJustifyStart",
  "lucideAlignVerticalSpaceAround",
  "lucideAlignVerticalSpaceBetween",
  "lucideAmbulance",
  "lucideAmpersand",
  "lucideAmpersands",
  "lucideAnchor",
  "lucideAngry",
  "lucideAnnoyed",
  "lucideAntenna",
  "lucideAnvil",
  "lucideAperture",
  "lucideAppWindow",
  "lucideApple",
  "lucideArchiveRestore",
  "lucideArchiveX",
  "lucideArchive",
  "lucideAreaChart",
  "lucideArmchair",
  "lucideArrowBigDownDash",
  "lucideArrowBigDown",
  "lucideArrowBigLeftDash",
  "lucideArrowBigLeft",
  "lucideArrowBigRightDash",
  "lucideArrowBigRight",
  "lucideArrowBigUpDash",
  "lucideArrowBigUp",
  "lucideArrowDown01",
  "lucideArrowDown10",
  "lucideArrowDownAZ",
  "lucideArrowDownCircle",
  "lucideArrowDownFromLine",
  "lucideArrowDownLeftFromCircle",
  "lucideArrowDownLeftFromSquare",
  "lucideArrowDownLeftSquare",
  "lucideArrowDownLeft",
  "lucideArrowDownNarrowWide",
  "lucideArrowDownRightFromCircle",
  "lucideArrowDownRightFromSquare",
  "lucideArrowDownRightSquare",
  "lucideArrowDownRight",
  "lucideArrowDownSquare",
  "lucideArrowDownToDot",
  "lucideArrowDownToLine",
  "lucideArrowDownUp",
  "lucideArrowDownWideNarrow",
  "lucideArrowDownZA",
  "lucideArrowDown",
  "lucideArrowLeftCircle",
  "lucideArrowLeftFromLine",
  "lucideArrowLeftRight",
  "lucideArrowLeftSquare",
  "lucideArrowLeftToLine",
  "lucideArrowLeft",
  "lucideArrowRightCircle",
  "lucideArrowRightFromLine",
  "lucideArrowRightLeft",
  "lucideArrowRightSquare",
  "lucideArrowRightToLine",
  "lucideArrowRight",
  "lucideArrowUp01",
  "lucideArrowUp10",
  "lucideArrowUpAZ",
  "lucideArrowUpCircle",
  "lucideArrowUpDown",
  "lucideArrowUpFromDot",
  "lucideArrowUpFromLine",
  "lucideArrowUpLeftFromCircle",
  "lucideArrowUpLeftFromSquare",
  "lucideArrowUpLeftSquare",
  "lucideArrowUpLeft",
  "lucideArrowUpNarrowWide",
  "lucideArrowUpRightFromCircle",
  "lucideArrowUpRightFromSquare",
  "lucideArrowUpRightSquare",
  "lucideArrowUpRight",
  "lucideArrowUpSquare",
  "lucideArrowUpToLine",
  "lucideArrowUpWideNarrow",
  "lucideArrowUpZA",
  "lucideArrowUp",
  "lucideArrowsUpFromLine",
  "lucideAsteriskSquare",
  "lucideAsterisk",
  "lucideAtSign",
  "lucideAtom",
  "lucideAudioLines",
  "lucideAudioWaveform",
  "lucideAward",
  "lucideAxe",
  "lucideAxis3d",
  "lucideBaby",
  "lucideBackpack",
  "lucideBadgeAlert",
  "lucideBadgeCent",
  "lucideBadgeCheck",
  "lucideBadgeDollarSign",
  "lucideBadgeEuro",
  "lucideBadgeHelp",
  "lucideBadgeIndianRupee",
  "lucideBadgeInfo",
  "lucideBadgeJapaneseYen",
  "lucideBadgeMinus",
  "lucideBadgePercent",
  "lucideBadgePlus",
  "lucideBadgePoundSterling",
  "lucideBadgeRussianRuble",
  "lucideBadgeSwissFranc",
  "lucideBadgeX",
  "lucideBadge",
  "lucideBaggageClaim",
  "lucideBan",
  "lucideBanana",
  "lucideBanknote",
  "lucideBarChart2",
  "lucideBarChart3",
  "lucideBarChart4",
  "lucideBarChartBig",
  "lucideBarChartHorizontalBig",
  "lucideBarChartHorizontal",
  "lucideBarChart",
  "lucideBarcode",
  "lucideBaseline",
  "lucideBath",
  "lucideBatteryCharging",
  "lucideBatteryFull",
  "lucideBatteryLow",
  "lucideBatteryMedium",
  "lucideBatteryWarning",
  "lucideBattery",
  "lucideBeaker",
  "lucideBeanOff",
  "lucideBean",
  "lucideBedDouble",
  "lucideBedSingle",
  "lucideBed",
  "lucideBeef",
  "lucideBeer",
  "lucideBellDot",
  "lucideBellElectric",
  "lucideBellMinus",
  "lucideBellOff",
  "lucideBellPlus",
  "lucideBellRing",
  "lucideBell",
  "lucideBetweenHorizontalEnd",
  "lucideBetweenHorizontalStart",
  "lucideBetweenVerticalEnd",
  "lucideBetweenVerticalStart",
  "lucideBike",
  "lucideBinary",
  "lucideBiohazard",
  "lucideBird",
  "lucideBitcoin",
  "lucideBlend",
  "lucideBlinds",
  "lucideBlocks",
  "lucideBluetoothConnected",
  "lucideBluetoothOff",
  "lucideBluetoothSearching",
  "lucideBluetooth",
  "lucideBold",
  "lucideBolt",
  "lucideBomb",
  "lucideBone",
  "lucideBookA",
  "lucideBookAudio",
  "lucideBookCheck",
  "lucideBookCopy",
  "lucideBookDashed",
  "lucideBookDown",
  "lucideBookHeadphones",
  "lucideBookHeart",
  "lucideBookImage",
  "lucideBookKey",
  "lucideBookLock",
  "lucideBookMarked",
  "lucideBookMinus",
  "lucideBookOpenCheck",
  "lucideBookOpenText",
  "lucideBookOpen",
  "lucideBookPlus",
  "lucideBookText",
  "lucideBookType",
  "lucideBookUp2",
  "lucideBookUp",
  "lucideBookUser",
  "lucideBookX",
  "lucideBook",
  "lucideBookmarkCheck",
  "lucideBookmarkMinus",
  "lucideBookmarkPlus",
  "lucideBookmarkX",
  "lucideBookmark",
  "lucideBoomBox",
  "lucideBot",
  "lucideBoxSelect",
  "lucideBox",
  "lucideBoxes",
  "lucideBraces",
  "lucideBrackets",
  "lucideBrainCircuit",
  "lucideBrainCog",
  "lucideBrain",
  "lucideBrickWall",
  "lucideBriefcase",
  "lucideBringToFront",
  "lucideBrush",
  "lucideBugOff",
  "lucideBugPlay",
  "lucideBug",
  "lucideBuilding2",
  "lucideBuilding",
  "lucideBusFront",
  "lucideBus",
  "lucideCableCar",
  "lucideCable",
  "lucideCakeSlice",
  "lucideCake",
  "lucideCalculator",
  "lucideCalendarCheck2",
  "lucideCalendarCheck",
  "lucideCalendarClock",
  "lucideCalendarDays",
  "lucideCalendarFold",
  "lucideCalendarHeart",
  "lucideCalendarMinus2",
  "lucideCalendarMinus",
  "lucideCalendarOff",
  "lucideCalendarPlus2",
  "lucideCalendarPlus",
  "lucideCalendarRange",
  "lucideCalendarSearch",
  "lucideCalendarX2",
  "lucideCalendarX",
  "lucideCalendar",
  "lucideCameraOff",
  "lucideCamera",
  "lucideCandlestickChart",
  "lucideCandyCane",
  "lucideCandyOff",
  "lucideCandy",
  "lucideCaptionsOff",
  "lucideCaptions",
  "lucideCarFront",
  "lucideCarTaxiFront",
  "lucideCar",
  "lucideCaravan",
  "lucideCarrot",
  "lucideCaseLower",
  "lucideCaseSensitive",
  "lucideCaseUpper",
  "lucideCassetteTape",
  "lucideCast",
  "lucideCastle",
  "lucideCat",
  "lucideCctv",
  "lucideCheckCheck",
  "lucideCheckCircle2",
  "lucideCheckCircle",
  "lucideCheckSquare2",
  "lucideCheckSquare",
  "lucideCheck",
  "lucideChefHat",
  "lucideCherry",
  "lucideChevronDownCircle",
  "lucideChevronDownSquare",
  "lucideChevronDown",
  "lucideChevronFirst",
  "lucideChevronLast",
  "lucideChevronLeftCircle",
  "lucideChevronLeftSquare",
  "lucideChevronLeft",
  "lucideChevronRightCircle",
  "lucideChevronRightSquare",
  "lucideChevronRight",
  "lucideChevronUpCircle",
  "lucideChevronUpSquare",
  "lucideChevronUp",
  "lucideChevronsDownUp",
  "lucideChevronsDown",
  "lucideChevronsLeftRight",
  "lucideChevronsLeft",
  "lucideChevronsRightLeft",
  "lucideChevronsRight",
  "lucideChevronsUpDown",
  "lucideChevronsUp",
  "lucideChrome",
  "lucideChurch",
  "lucideCigaretteOff",
  "lucideCigarette",
  "lucideCircleDashed",
  "lucideCircleDollarSign",
  "lucideCircleDotDashed",
  "lucideCircleDot",
  "lucideCircleEllipsis",
  "lucideCircleEqual",
  "lucideCircleFadingPlus",
  "lucideCircleOff",
  "lucideCircleSlash2",
  "lucideCircleSlash",
  "lucideCircleUserRound",
  "lucideCircleUser",
  "lucideCircle",
  "lucideCircuitBoard",
  "lucideCitrus",
  "lucideClapperboard",
  "lucideClipboardCheck",
  "lucideClipboardCopy",
  "lucideClipboardList",
  "lucideClipboardMinus",
  "lucideClipboardPaste",
  "lucideClipboardPenLine",
  "lucideClipboardPen",
  "lucideClipboardPlus",
  "lucideClipboardType",
  "lucideClipboardX",
  "lucideClipboard",
  "lucideClock1",
  "lucideClock10",
  "lucideClock11",
  "lucideClock12",
  "lucideClock2",
  "lucideClock3",
  "lucideClock4",
  "lucideClock5",
  "lucideClock6",
  "lucideClock7",
  "lucideClock8",
  "lucideClock9",
  "lucideClock",
  "lucideCloudCog",
  "lucideCloudDrizzle",
  "lucideCloudFog",
  "lucideCloudHail",
  "lucideCloudLightning",
  "lucideCloudMoonRain",
  "lucideCloudMoon",
  "lucideCloudOff",
  "lucideCloudRainWind",
  "lucideCloudRain",
  "lucideCloudSnow",
  "lucideCloudSunRain",
  "lucideCloudSun",
  "lucideCloud",
  "lucideCloudy",
  "lucideClover",
  "lucideClub",
  "lucideCode2",
  "lucideCodeSquare",
  "lucideCode",
  "lucideCodepen",
  "lucideCodesandbox",
  "lucideCoffee",
  "lucideCog",
  "lucideCoins",
  "lucideColumns2",
  "lucideColumns3",
  "lucideColumns4",
  "lucideCombine",
  "lucideCommand",
  "lucideCompass",
  "lucideComponent",
  "lucideComputer",
  "lucideConciergeBell",
  "lucideCone",
  "lucideConstruction",
  "lucideContact2",
  "lucideContact",
  "lucideContainer",
  "lucideContrast",
  "lucideCookie",
  "lucideCookingPot",
  "lucideCopyCheck",
  "lucideCopyMinus",
  "lucideCopyPlus",
  "lucideCopySlash",
  "lucideCopyX",
  "lucideCopy",
  "lucideCopyleft",
  "lucideCopyright",
  "lucideCornerDownLeft",
  "lucideCornerDownRight",
  "lucideCornerLeftDown",
  "lucideCornerLeftUp",
  "lucideCornerRightDown",
  "lucideCornerRightUp",
  "lucideCornerUpLeft",
  "lucideCornerUpRight",
  "lucideCpu",
  "lucideCreativeCommons",
  "lucideCreditCard",
  "lucideCroissant",
  "lucideCrop",
  "lucideCross",
  "lucideCrosshair",
  "lucideCrown",
  "lucideCuboid",
  "lucideCupSoda",
  "lucideCurrency",
  "lucideCylinder",
  "lucideDatabaseBackup",
  "lucideDatabaseZap",
  "lucideDatabase",
  "lucideDelete",
  "lucideDessert",
  "lucideDiameter",
  "lucideDiamond",
  "lucideDice1",
  "lucideDice2",
  "lucideDice3",
  "lucideDice4",
  "lucideDice5",
  "lucideDice6",
  "lucideDices",
  "lucideDiff",
  "lucideDisc2",
  "lucideDisc3",
  "lucideDiscAlbum",
  "lucideDisc",
  "lucideDivideCircle",
  "lucideDivideSquare",
  "lucideDivide",
  "lucideDnaOff",
  "lucideDna",
  "lucideDog",
  "lucideDollarSign",
  "lucideDonut",
  "lucideDoorClosed",
  "lucideDoorOpen",
  "lucideDotSquare",
  "lucideDot",
  "lucideDownloadCloud",
  "lucideDownload",
  "lucideDraftingCompass",
  "lucideDrama",
  "lucideDribbble",
  "lucideDrill",
  "lucideDroplet",
  "lucideDroplets",
  "lucideDrum",
  "lucideDrumstick",
  "lucideDumbbell",
  "lucideEarOff",
  "lucideEar",
  "lucideEclipse",
  "lucideEggFried",
  "lucideEggOff",
  "lucideEgg",
  "lucideEqualNot",
  "lucideEqualSquare",
  "lucideEqual",
  "lucideEraser",
  "lucideEuro",
  "lucideExpand",
  "lucideExternalLink",
  "lucideEyeOff",
  "lucideEye",
  "lucideFacebook",
  "lucideFactory",
  "lucideFan",
  "lucideFastForward",
  "lucideFeather",
  "lucideFence",
  "lucideFerrisWheel",
  "lucideFigma",
  "lucideFileArchive",
  "lucideFileAudio2",
  "lucideFileAudio",
  "lucideFileAxis3d",
  "lucideFileBadge2",
  "lucideFileBadge",
  "lucideFileBarChart2",
  "lucideFileBarChart",
  "lucideFileBox",
  "lucideFileCheck2",
  "lucideFileCheck",
  "lucideFileClock",
  "lucideFileCode2",
  "lucideFileCode",
  "lucideFileCog",
  "lucideFileDiff",
  "lucideFileDigit",
  "lucideFileDown",
  "lucideFileHeart",
  "lucideFileImage",
  "lucideFileInput",
  "lucideFileJson2",
  "lucideFileJson",
  "lucideFileKey2",
  "lucideFileKey",
  "lucideFileLineChart",
  "lucideFileLock2",
  "lucideFileLock",
  "lucideFileMinus2",
  "lucideFileMinus",
  "lucideFileMusic",
  "lucideFileOutput",
  "lucideFilePenLine",
  "lucideFilePen",
  "lucideFilePieChart",
  "lucideFilePlus2",
  "lucideFilePlus",
  "lucideFileQuestion",
  "lucideFileScan",
  "lucideFileSearch2",
  "lucideFileSearch",
  "lucideFileSliders",
  "lucideFileSpreadsheet",
  "lucideFileStack",
  "lucideFileSymlink",
  "lucideFileTerminal",
  "lucideFileText",
  "lucideFileType2",
  "lucideFileType",
  "lucideFileUp",
  "lucideFileVideo2",
  "lucideFileVideo",
  "lucideFileVolume2",
  "lucideFileVolume",
  "lucideFileWarning",
  "lucideFileX2",
  "lucideFileX",
  "lucideFile",
  "lucideFiles",
  "lucideFilm",
  "lucideFilterX",
  "lucideFilter",
  "lucideFingerprint",
  "lucideFireExtinguisher",
  "lucideFishOff",
  "lucideFishSymbol",
  "lucideFish",
  "lucideFlagOff",
  "lucideFlagTriangleLeft",
  "lucideFlagTriangleRight",
  "lucideFlag",
  "lucideFlameKindling",
  "lucideFlame",
  "lucideFlashlightOff",
  "lucideFlashlight",
  "lucideFlaskConicalOff",
  "lucideFlaskConical",
  "lucideFlaskRound",
  "lucideFlipHorizontal2",
  "lucideFlipHorizontal",
  "lucideFlipVertical2",
  "lucideFlipVertical",
  "lucideFlower2",
  "lucideFlower",
  "lucideFocus",
  "lucideFoldHorizontal",
  "lucideFoldVertical",
  "lucideFolderArchive",
  "lucideFolderCheck",
  "lucideFolderClock",
  "lucideFolderClosed",
  "lucideFolderCog",
  "lucideFolderDot",
  "lucideFolderDown",
  "lucideFolderGit2",
  "lucideFolderGit",
  "lucideFolderHeart",
  "lucideFolderInput",
  "lucideFolderKanban",
  "lucideFolderKey",
  "lucideFolderLock",
  "lucideFolderMinus",
  "lucideFolderOpenDot",
  "lucideFolderOpen",
  "lucideFolderOutput",
  "lucideFolderPen",
  "lucideFolderPlus",
  "lucideFolderRoot",
  "lucideFolderSearch2",
  "lucideFolderSearch",
  "lucideFolderSymlink",
  "lucideFolderSync",
  "lucideFolderTree",
  "lucideFolderUp",
  "lucideFolderX",
  "lucideFolder",
  "lucideFolders",
  "lucideFootprints",
  "lucideForklift",
  "lucideFormInput",
  "lucideForward",
  "lucideFrame",
  "lucideFramer",
  "lucideFrown",
  "lucideFuel",
  "lucideFullscreen",
  "lucideFunctionSquare",
  "lucideGalleryHorizontalEnd",
  "lucideGalleryHorizontal",
  "lucideGalleryThumbnails",
  "lucideGalleryVerticalEnd",
  "lucideGalleryVertical",
  "lucideGamepad2",
  "lucideGamepad",
  "lucideGanttChartSquare",
  "lucideGanttChart",
  "lucideGaugeCircle",
  "lucideGauge",
  "lucideGavel",
  "lucideGem",
  "lucideGhost",
  "lucideGift",
  "lucideGitBranchPlus",
  "lucideGitBranch",
  "lucideGitCommitHorizontal",
  "lucideGitCommitVertical",
  "lucideGitCompareArrows",
  "lucideGitCompare",
  "lucideGitFork",
  "lucideGitGraph",
  "lucideGitMerge",
  "lucideGitPullRequestArrow",
  "lucideGitPullRequestClosed",
  "lucideGitPullRequestCreateArrow",
  "lucideGitPullRequestCreate",
  "lucideGitPullRequestDraft",
  "lucideGitPullRequest",
  "lucideGithub",
  "lucideGitlab",
  "lucideGlassWater",
  "lucideGlasses",
  "lucideGlobe2",
  "lucideGlobe",
  "lucideGoal",
  "lucideGrab",
  "lucideGraduationCap",
  "lucideGrape",
  "lucideGrid2x2",
  "lucideGrid3x3",
  "lucideGripHorizontal",
  "lucideGripVertical",
  "lucideGrip",
  "lucideGroup",
  "lucideGuitar",
  "lucideHammer",
  "lucideHandCoins",
  "lucideHandHeart",
  "lucideHandHelping",
  "lucideHandMetal",
  "lucideHandPlatter",
  "lucideHand",
  "lucideHandshake",
  "lucideHardDriveDownload",
  "lucideHardDriveUpload",
  "lucideHardDrive",
  "lucideHardHat",
  "lucideHash",
  "lucideHaze",
  "lucideHdmiPort",
  "lucideHeading1",
  "lucideHeading2",
  "lucideHeading3",
  "lucideHeading4",
  "lucideHeading5",
  "lucideHeading6",
  "lucideHeading",
  "lucideHeadphones",
  "lucideHeadset",
  "lucideHeartCrack",
  "lucideHeartHandshake",
  "lucideHeartOff",
  "lucideHeartPulse",
  "lucideHeart",
  "lucideHeater",
  "lucideHelpCircle",
  "lucideHexagon",
  "lucideHighlighter",
  "lucideHistory",
  "lucideHome",
  "lucideHopOff",
  "lucideHop",
  "lucideHotel",
  "lucideHourglass",
  "lucideIceCream2",
  "lucideIceCream",
  "lucideImageDown",
  "lucideImageMinus",
  "lucideImageOff",
  "lucideImagePlus",
  "lucideImage",
  "lucideImages",
  "lucideImport",
  "lucideInbox",
  "lucideIndent",
  "lucideIndianRupee",
  "lucideInfinity",
  "lucideInfo",
  "lucideInspectionPanel",
  "lucideInstagram",
  "lucideItalic",
  "lucideIterationCcw",
  "lucideIterationCw",
  "lucideJapaneseYen",
  "lucideJoystick",
  "lucideKanbanSquareDashed",
  "lucideKanbanSquare",
  "lucideKanban",
  "lucideKeyRound",
  "lucideKeySquare",
  "lucideKey",
  "lucideKeyboardMusic",
  "lucideKeyboard",
  "lucideLampCeiling",
  "lucideLampDesk",
  "lucideLampFloor",
  "lucideLampWallDown",
  "lucideLampWallUp",
  "lucideLamp",
  "lucideLandPlot",
  "lucideLandmark",
  "lucideLanguages",
  "lucideLaptop2",
  "lucideLaptop",
  "lucideLassoSelect",
  "lucideLasso",
  "lucideLaugh",
  "lucideLayers2",
  "lucideLayers3",
  "lucideLayers",
  "lucideLayoutDashboard",
  "lucideLayoutGrid",
  "lucideLayoutList",
  "lucideLayoutPanelLeft",
  "lucideLayoutPanelTop",
  "lucideLayoutTemplate",
  "lucideLeaf",
  "lucideLeafyGreen",
  "lucideLibraryBig",
  "lucideLibrarySquare",
  "lucideLibrary",
  "lucideLifeBuoy",
  "lucideLigature",
  "lucideLightbulbOff",
  "lucideLightbulb",
  "lucideLineChart",
  "lucideLink2Off",
  "lucideLink2",
  "lucideLink",
  "lucideLinkedin",
  "lucideListChecks",
  "lucideListCollapse",
  "lucideListEnd",
  "lucideListFilter",
  "lucideListMinus",
  "lucideListMusic",
  "lucideListOrdered",
  "lucideListPlus",
  "lucideListRestart",
  "lucideListStart",
  "lucideListTodo",
  "lucideListTree",
  "lucideListVideo",
  "lucideListX",
  "lucideList",
  "lucideLoader2",
  "lucideLoader",
  "lucideLocateFixed",
  "lucideLocateOff",
  "lucideLocate",
  "lucideLockKeyhole",
  "lucideLock",
  "lucideLogIn",
  "lucideLogOut",
  "lucideLollipop",
  "lucideLuggage",
  "lucideMSquare",
  "lucideMagnet",
  "lucideMailCheck",
  "lucideMailMinus",
  "lucideMailOpen",
  "lucideMailPlus",
  "lucideMailQuestion",
  "lucideMailSearch",
  "lucideMailWarning",
  "lucideMailX",
  "lucideMail",
  "lucideMailbox",
  "lucideMails",
  "lucideMapPinOff",
  "lucideMapPin",
  "lucideMapPinned",
  "lucideMap",
  "lucideMartini",
  "lucideMaximize2",
  "lucideMaximize",
  "lucideMedal",
  "lucideMegaphoneOff",
  "lucideMegaphone",
  "lucideMeh",
  "lucideMemoryStick",
  "lucideMenuSquare",
  "lucideMenu",
  "lucideMerge",
  "lucideMessageCircleCode",
  "lucideMessageCircleDashed",
  "lucideMessageCircleHeart",
  "lucideMessageCircleMore",
  "lucideMessageCircleOff",
  "lucideMessageCirclePlus",
  "lucideMessageCircleQuestion",
  "lucideMessageCircleReply",
  "lucideMessageCircleWarning",
  "lucideMessageCircleX",
  "lucideMessageCircle",
  "lucideMessageSquareCode",
  "lucideMessageSquareDashed",
  "lucideMessageSquareDiff",
  "lucideMessageSquareDot",
  "lucideMessageSquareHeart",
  "lucideMessageSquareMore",
  "lucideMessageSquareOff",
  "lucideMessageSquarePlus",
  "lucideMessageSquareQuote",
  "lucideMessageSquareReply",
  "lucideMessageSquareShare",
  "lucideMessageSquareText",
  "lucideMessageSquareWarning",
  "lucideMessageSquareX",
  "lucideMessageSquare",
  "lucideMessagesSquare",
  "lucideMic2",
  "lucideMicOff",
  "lucideMic",
  "lucideMicroscope",
  "lucideMicrowave",
  "lucideMilestone",
  "lucideMilkOff",
  "lucideMilk",
  "lucideMinimize2",
  "lucideMinimize",
  "lucideMinusCircle",
  "lucideMinusSquare",
  "lucideMinus",
  "lucideMonitorCheck",
  "lucideMonitorDot",
  "lucideMonitorDown",
  "lucideMonitorOff",
  "lucideMonitorPause",
  "lucideMonitorPlay",
  "lucideMonitorSmartphone",
  "lucideMonitorSpeaker",
  "lucideMonitorStop",
  "lucideMonitorUp",
  "lucideMonitorX",
  "lucideMonitor",
  "lucideMoonStar",
  "lucideMoon",
  "lucideMoreHorizontal",
  "lucideMoreVertical",
  "lucideMountainSnow",
  "lucideMountain",
  "lucideMousePointer2",
  "lucideMousePointerClick",
  "lucideMousePointerSquareDashed",
  "lucideMousePointerSquare",
  "lucideMousePointer",
  "lucideMouse",
  "lucideMove3d",
  "lucideMoveDiagonal2",
  "lucideMoveDiagonal",
  "lucideMoveDownLeft",
  "lucideMoveDownRight",
  "lucideMoveDown",
  "lucideMoveHorizontal",
  "lucideMoveLeft",
  "lucideMoveRight",
  "lucideMoveUpLeft",
  "lucideMoveUpRight",
  "lucideMoveUp",
  "lucideMoveVertical",
  "lucideMove",
  "lucideMusic2",
  "lucideMusic3",
  "lucideMusic4",
  "lucideMusic",
  "lucideNavigation2Off",
  "lucideNavigation2",
  "lucideNavigationOff",
  "lucideNavigation",
  "lucideNetwork",
  "lucideNewspaper",
  "lucideNfc",
  "lucideNotebookPen",
  "lucideNotebookTabs",
  "lucideNotebookText",
  "lucideNotebook",
  "lucideNotepadTextDashed",
  "lucideNotepadText",
  "lucideNutOff",
  "lucideNut",
  "lucideOctagon",
  "lucideOption",
  "lucideOrbit",
  "lucideOutdent",
  "lucidePackage2",
  "lucidePackageCheck",
  "lucidePackageMinus",
  "lucidePackageOpen",
  "lucidePackagePlus",
  "lucidePackageSearch",
  "lucidePackageX",
  "lucidePackage",
  "lucidePaintBucket",
  "lucidePaintRoller",
  "lucidePaintbrush2",
  "lucidePaintbrush",
  "lucidePalette",
  "lucidePalmtree",
  "lucidePanelBottomClose",
  "lucidePanelBottomDashed",
  "lucidePanelBottomOpen",
  "lucidePanelBottom",
  "lucidePanelLeftClose",
  "lucidePanelLeftDashed",
  "lucidePanelLeftOpen",
  "lucidePanelLeft",
  "lucidePanelRightClose",
  "lucidePanelRightDashed",
  "lucidePanelRightOpen",
  "lucidePanelRight",
  "lucidePanelTopClose",
  "lucidePanelTopDashed",
  "lucidePanelTopOpen",
  "lucidePanelTop",
  "lucidePanelsLeftBottom",
  "lucidePanelsRightBottom",
  "lucidePanelsTopLeft",
  "lucidePaperclip",
  "lucideParentheses",
  "lucideParkingCircleOff",
  "lucideParkingCircle",
  "lucideParkingMeter",
  "lucideParkingSquareOff",
  "lucideParkingSquare",
  "lucidePartyPopper",
  "lucidePauseCircle",
  "lucidePauseOctagon",
  "lucidePause",
  "lucidePawPrint",
  "lucidePcCase",
  "lucidePenLine",
  "lucidePenTool",
  "lucidePen",
  "lucidePencilLine",
  "lucidePencilRuler",
  "lucidePencil",
  "lucidePentagon",
  "lucidePercentCircle",
  "lucidePercentDiamond",
  "lucidePercentSquare",
  "lucidePercent",
  "lucidePersonStanding",
  "lucidePhoneCall",
  "lucidePhoneForwarded",
  "lucidePhoneIncoming",
  "lucidePhoneMissed",
  "lucidePhoneOff",
  "lucidePhoneOutgoing",
  "lucidePhone",
  "lucidePiSquare",
  "lucidePi",
  "lucidePiano",
  "lucidePictureInPicture2",
  "lucidePictureInPicture",
  "lucidePieChart",
  "lucidePiggyBank",
  "lucidePilcrowSquare",
  "lucidePilcrow",
  "lucidePill",
  "lucidePinOff",
  "lucidePin",
  "lucidePipette",
  "lucidePizza",
  "lucidePlaneLanding",
  "lucidePlaneTakeoff",
  "lucidePlane",
  "lucidePlayCircle",
  "lucidePlaySquare",
  "lucidePlay",
  "lucidePlug2",
  "lucidePlugZap2",
  "lucidePlugZap",
  "lucidePlug",
  "lucidePlusCircle",
  "lucidePlusSquare",
  "lucidePlus",
  "lucidePocketKnife",
  "lucidePocket",
  "lucidePodcast",
  "lucidePointerOff",
  "lucidePointer",
  "lucidePopcorn",
  "lucidePopsicle",
  "lucidePoundSterling",
  "lucidePowerCircle",
  "lucidePowerOff",
  "lucidePowerSquare",
  "lucidePower",
  "lucidePresentation",
  "lucidePrinter",
  "lucideProjector",
  "lucidePuzzle",
  "lucidePyramid",
  "lucideQrCode",
  "lucideQuote",
  "lucideRabbit",
  "lucideRadar",
  "lucideRadiation",
  "lucideRadical",
  "lucideRadioReceiver",
  "lucideRadioTower",
  "lucideRadio",
  "lucideRadius",
  "lucideRailSymbol",
  "lucideRainbow",
  "lucideRat",
  "lucideRatio",
  "lucideReceiptCent",
  "lucideReceiptEuro",
  "lucideReceiptIndianRupee",
  "lucideReceiptJapaneseYen",
  "lucideReceiptPoundSterling",
  "lucideReceiptRussianRuble",
  "lucideReceiptSwissFranc",
  "lucideReceiptText",
  "lucideReceipt",
  "lucideRectangleHorizontal",
  "lucideRectangleVertical",
  "lucideRecycle",
  "lucideRedo2",
  "lucideRedoDot",
  "lucideRedo",
  "lucideRefreshCcwDot",
  "lucideRefreshCcw",
  "lucideRefreshCwOff",
  "lucideRefreshCw",
  "lucideRefrigerator",
  "lucideRegex",
  "lucideRemoveFormatting",
  "lucideRepeat1",
  "lucideRepeat2",
  "lucideRepeat",
  "lucideReplaceAll",
  "lucideReplace",
  "lucideReplyAll",
  "lucideReply",
  "lucideRewind",
  "lucideRibbon",
  "lucideRocket",
  "lucideRockingChair",
  "lucideRollerCoaster",
  "lucideRotate3d",
  "lucideRotateCcw",
  "lucideRotateCw",
  "lucideRouteOff",
  "lucideRoute",
  "lucideRouter",
  "lucideRows2",
  "lucideRows3",
  "lucideRows4",
  "lucideRss",
  "lucideRuler",
  "lucideRussianRuble",
  "lucideSailboat",
  "lucideSalad",
  "lucideSandwich",
  "lucideSatelliteDish",
  "lucideSatellite",
  "lucideSaveAll",
  "lucideSave",
  "lucideScale3d",
  "lucideScale",
  "lucideScaling",
  "lucideScanBarcode",
  "lucideScanEye",
  "lucideScanFace",
  "lucideScanLine",
  "lucideScanSearch",
  "lucideScanText",
  "lucideScan",
  "lucideScatterChart",
  "lucideSchool2",
  "lucideSchool",
  "lucideScissorsLineDashed",
  "lucideScissorsSquareDashedBottom",
  "lucideScissorsSquare",
  "lucideScissors",
  "lucideScreenShareOff",
  "lucideScreenShare",
  "lucideScrollText",
  "lucideScroll",
  "lucideSearchCheck",
  "lucideSearchCode",
  "lucideSearchSlash",
  "lucideSearchX",
  "lucideSearch",
  "lucideSendHorizontal",
  "lucideSendToBack",
  "lucideSend",
  "lucideSeparatorHorizontal",
  "lucideSeparatorVertical",
  "lucideServerCog",
  "lucideServerCrash",
  "lucideServerOff",
  "lucideServer",
  "lucideSettings2",
  "lucideSettings",
  "lucideShapes",
  "lucideShare2",
  "lucideShare",
  "lucideSheet",
  "lucideShell",
  "lucideShieldAlert",
  "lucideShieldBan",
  "lucideShieldCheck",
  "lucideShieldEllipsis",
  "lucideShieldHalf",
  "lucideShieldMinus",
  "lucideShieldOff",
  "lucideShieldPlus",
  "lucideShieldQuestion",
  "lucideShieldX",
  "lucideShield",
  "lucideShipWheel",
  "lucideShip",
  "lucideShirt",
  "lucideShoppingBag",
  "lucideShoppingBasket",
  "lucideShoppingCart",
  "lucideShovel",
  "lucideShowerHead",
  "lucideShrink",
  "lucideShrub",
  "lucideShuffle",
  "lucideSigmaSquare",
  "lucideSigma",
  "lucideSignalHigh",
  "lucideSignalLow",
  "lucideSignalMedium",
  "lucideSignalZero",
  "lucideSignal",
  "lucideSignpostBig",
  "lucideSignpost",
  "lucideSiren",
  "lucideSkipBack",
  "lucideSkipForward",
  "lucideSkull",
  "lucideSlack",
  "lucideSlashSquare",
  "lucideSlash",
  "lucideSlice",
  "lucideSlidersHorizontal",
  "lucideSliders",
  "lucideSmartphoneCharging",
  "lucideSmartphoneNfc",
  "lucideSmartphone",
  "lucideSmilePlus",
  "lucideSmile",
  "lucideSnail",
  "lucideSnowflake",
  "lucideSofa",
  "lucideSoup",
  "lucideSpace",
  "lucideSpade",
  "lucideSparkle",
  "lucideSparkles",
  "lucideSpeaker",
  "lucideSpeech",
  "lucideSpellCheck2",
  "lucideSpellCheck",
  "lucideSpline",
  "lucideSplitSquareHorizontal",
  "lucideSplitSquareVertical",
  "lucideSplit",
  "lucideSprayCan",
  "lucideSprout",
  "lucideSquareDashedBottomCode",
  "lucideSquareDashedBottom",
  "lucideSquarePen",
  "lucideSquareRadical",
  "lucideSquareStack",
  "lucideSquareUserRound",
  "lucideSquareUser",
  "lucideSquare",
  "lucideSquircle",
  "lucideSquirrel",
  "lucideStamp",
  "lucideStarHalf",
  "lucideStarOff",
  "lucideStar",
  "lucideStepBack",
  "lucideStepForward",
  "lucideStethoscope",
  "lucideSticker",
  "lucideStickyNote",
  "lucideStopCircle",
  "lucideStore",
  "lucideStretchHorizontal",
  "lucideStretchVertical",
  "lucideStrikethrough",
  "lucideSubscript",
  "lucideSunDim",
  "lucideSunMedium",
  "lucideSunMoon",
  "lucideSunSnow",
  "lucideSun",
  "lucideSunrise",
  "lucideSunset",
  "lucideSuperscript",
  "lucideSwatchBook",
  "lucideSwissFranc",
  "lucideSwitchCamera",
  "lucideSword",
  "lucideSwords",
  "lucideSyringe",
  "lucideTable2",
  "lucideTableProperties",
  "lucideTable",
  "lucideTabletSmartphone",
  "lucideTablet",
  "lucideTablets",
  "lucideTag",
  "lucideTags",
  "lucideTally1",
  "lucideTally2",
  "lucideTally3",
  "lucideTally4",
  "lucideTally5",
  "lucideTangent",
  "lucideTarget",
  "lucideTelescope",
  "lucideTentTree",
  "lucideTent",
  "lucideTerminalSquare",
  "lucideTerminal",
  "lucideTestTube2",
  "lucideTestTube",
  "lucideTestTubes",
  "lucideTextCursorInput",
  "lucideTextCursor",
  "lucideTextQuote",
  "lucideTextSearch",
  "lucideTextSelect",
  "lucideText",
  "lucideTheater",
  "lucideThermometerSnowflake",
  "lucideThermometerSun",
  "lucideThermometer",
  "lucideThumbsDown",
  "lucideThumbsUp",
  "lucideTicketCheck",
  "lucideTicketMinus",
  "lucideTicketPercent",
  "lucideTicketPlus",
  "lucideTicketSlash",
  "lucideTicketX",
  "lucideTicket",
  "lucideTimerOff",
  "lucideTimerReset",
  "lucideTimer",
  "lucideToggleLeft",
  "lucideToggleRight",
  "lucideTornado",
  "lucideTorus",
  "lucideTouchpadOff",
  "lucideTouchpad",
  "lucideTowerControl",
  "lucideToyBrick",
  "lucideTractor",
  "lucideTrafficCone",
  "lucideTrainFrontTunnel",
  "lucideTrainFront",
  "lucideTrainTrack",
  "lucideTramFront",
  "lucideTrash2",
  "lucideTrash",
  "lucideTreeDeciduous",
  "lucideTreePine",
  "lucideTrees",
  "lucideTrello",
  "lucideTrendingDown",
  "lucideTrendingUp",
  "lucideTriangleRight",
  "lucideTriangle",
  "lucideTrophy",
  "lucideTruck",
  "lucideTurtle",
  "lucideTv2",
  "lucideTv",
  "lucideTwitch",
  "lucideTwitter",
  "lucideType",
  "lucideUmbrellaOff",
  "lucideUmbrella",
  "lucideUnderline",
  "lucideUndo2",
  "lucideUndoDot",
  "lucideUndo",
  "lucideUnfoldHorizontal",
  "lucideUnfoldVertical",
  "lucideUngroup",
  "lucideUnlink2",
  "lucideUnlink",
  "lucideUnlockKeyhole",
  "lucideUnlock",
  "lucideUnplug",
  "lucideUploadCloud",
  "lucideUpload",
  "lucideUsb",
  "lucideUserCheck",
  "lucideUserCog",
  "lucideUserMinus",
  "lucideUserPlus",
  "lucideUserRoundCheck",
  "lucideUserRoundCog",
  "lucideUserRoundMinus",
  "lucideUserRoundPlus",
  "lucideUserRoundSearch",
  "lucideUserRoundX",
  "lucideUserRound",
  "lucideUserSearch",
  "lucideUserX",
  "lucideUser",
  "lucideUsersRound",
  "lucideUsers",
  "lucideUtensilsCrossed",
  "lucideUtensils",
  "lucideUtilityPole",
  "lucideVariable",
  "lucideVault",
  "lucideVegan",
  "lucideVenetianMask",
  "lucideVibrateOff",
  "lucideVibrate",
  "lucideVideoOff",
  "lucideVideo",
  "lucideVideotape",
  "lucideView",
  "lucideVoicemail",
  "lucideVolume1",
  "lucideVolume2",
  "lucideVolumeX",
  "lucideVolume",
  "lucideVote",
  "lucideWallet2",
  "lucideWalletCards",
  "lucideWallet",
  "lucideWallpaper",
  "lucideWand2",
  "lucideWand",
  "lucideWarehouse",
  "lucideWashingMachine",
  "lucideWatch",
  "lucideWaves",
  "lucideWaypoints",
  "lucideWebcam",
  "lucideWebhookOff",
  "lucideWebhook",
  "lucideWeight",
  "lucideWheatOff",
  "lucideWheat",
  "lucideWholeWord",
  "lucideWifiOff",
  "lucideWifi",
  "lucideWind",
  "lucideWineOff",
  "lucideWine",
  "lucideWorkflow",
  "lucideWrapText",
  "lucideWrench",
  "lucideXCircle",
  "lucideXOctagon",
  "lucideXSquare",
  "lucideX",
  "lucideYoutube",
  "lucideZapOff",
  "lucideZap",
  "lucideZoomIn",
  "lucideZoomOut",
]
`;
