// Jest Snapshot v1, https://goo.gl/fbAQLP

exports[`Material File Icons should ensure the export names have not changed unexpectedly 1`] = `
Array [
  "matf3dUncolored",
  "matfAbcUncolored",
  "matfActionscriptUncolored",
  "matfAdaUncolored",
  "matfAdonisUncolored",
  "matfAdvplIncludeUncolored",
  "matfAdvplPrwUncolored",
  "matfAdvplPtmUncolored",
  "matfAdvplTlppUncolored",
  "matfAndroidUncolored",
  "matfAngularComponentUncolored",
  "matfAngularDirectiveUncolored",
  "matfAngularGuardUncolored",
  "matfAngularPipeUncolored",
  "matfAngularResolverUncolored",
  "matfAngularServiceUncolored",
  "matfAngularUncolored",
  "matfAntlrUncolored",
  "matfApiblueprintUncolored",
  "matfApolloUncolored",
  "matfApplescriptUncolored",
  "matfAppveyorUncolored",
  "matfArchitectureUncolored",
  "matfArduinoUncolored",
  "matfAsciidocUncolored",
  "matfAssemblyUncolored",
  "matfAstroUncolored",
  "matfAstyleUncolored",
  "matfAudioUncolored",
  "matfAureliaUncolored",
  "matfAuthorsUncolored",
  "matfAutoLightUncolored",
  "matfAutoUncolored",
  "matfAutohotkeyUncolored",
  "matfAutoitUncolored",
  "matfAzurePipelinesUncolored",
  "matfAzureUncolored",
  "matfBabelUncolored",
  "matfBallerinaUncolored",
  "matfBazelUncolored",
  "matfBicepUncolored",
  "matfBitbucketUncolored",
  "matfBithoundUncolored",
  "matfBlinkLightUncolored",
  "matfBlinkUncolored",
  "matfBlitzUncolored",
  "matfBowerUncolored",
  "matfBrainfuckUncolored",
  "matfBrowserlistLightUncolored",
  "matfBrowserlistUncolored",
  "matfBuckUncolored",
  "matfBucklescriptUncolored",
  "matfBuildkiteUncolored",
  "matfBunLightUncolored",
  "matfBunUncolored",
  "matfCUncolored",
  "matfCabalUncolored",
  "matfCaddyUncolored",
  "matfCadenceUncolored",
  "matfCakeUncolored",
  "matfCapacitorUncolored",
  "matfCertificateUncolored",
  "matfChangelogUncolored",
  "matfChessLightUncolored",
  "matfChessUncolored",
  "matfCircleciLightUncolored",
  "matfCircleciUncolored",
  "matfClojureUncolored",
  "matfCloudfoundryUncolored",
  "matfCmakeUncolored",
  "matfCoalaUncolored",
  "matfCobolUncolored",
  "matfCoconutUncolored",
  "matfCodeClimateLightUncolored",
  "matfCodeClimateUncolored",
  "matfCodecovUncolored",
  "matfCodeownersUncolored",
  "matfCoffeeUncolored",
  "matfColdfusionUncolored",
  "matfCommandUncolored",
  "matfCommitlintUncolored",
  "matfConductUncolored",
  "matfConsoleUncolored",
  "matfContributingUncolored",
  "matfCppUncolored",
  "matfCracoUncolored",
  "matfCreditsUncolored",
  "matfCrystalLightUncolored",
  "matfCrystalUncolored",
  "matfCsharpUncolored",
  "matfCssMapUncolored",
  "matfCssUncolored",
  "matfCucumberUncolored",
  "matfCudaUncolored",
  "matfCypressUncolored",
  "matfDUncolored",
  "matfDartGeneratedUncolored",
  "matfDartUncolored",
  "matfDatabaseUncolored",
  "matfDenizenscriptUncolored",
  "matfDenoLightUncolored",
  "matfDenoUncolored",
  "matfDependabotUncolored",
  "matfDhallUncolored",
  "matfDiffUncolored",
  "matfDinophpUncolored",
  "matfDiscUncolored",
  "matfDjangoUncolored",
  "matfDockerUncolored",
  "matfDocumentUncolored",
  "matfDotjsUncolored",
  "matfDrawioUncolored",
  "matfDroneLightUncolored",
  "matfDroneUncolored",
  "matfDuneUncolored",
  "matfEdgeUncolored",
  "matfEditorconfigUncolored",
  "matfEjsUncolored",
  "matfElixirUncolored",
  "matfElmUncolored",
  "matfEmailUncolored",
  "matfEmberUncolored",
  "matfErlangUncolored",
  "matfEslintUncolored",
  "matfExeUncolored",
  "matfFastlaneUncolored",
  "matfFaviconUncolored",
  "matfFigmaUncolored",
  "matfFileUncolored",
  "matfFirebaseUncolored",
  "matfFlashUncolored",
  "matfFlowUncolored",
  "matfFontUncolored",
  "matfForthUncolored",
  "matfFortranUncolored",
  "matfFoxproUncolored",
  "matfFsharpUncolored",
  "matfFuseboxUncolored",
  "matfGamemakerUncolored",
  "matfGatsbyUncolored",
  "matfGcpUncolored",
  "matfGemfileUncolored",
  "matfGeminiUncolored",
  "matfGitUncolored",
  "matfGitlabUncolored",
  "matfGitpodUncolored",
  "matfGleamUncolored",
  "matfGoGopherUncolored",
  "matfGoModUncolored",
  "matfGoUncolored",
  "matfGodotAssetsUncolored",
  "matfGodotUncolored",
  "matfGradleUncolored",
  "matfGrainUncolored",
  "matfGraphcoolUncolored",
  "matfGraphqlUncolored",
  "matfGridsomeUncolored",
  "matfGroovyUncolored",
  "matfGruntUncolored",
  "matfGulpUncolored",
  "matfHUncolored",
  "matfHackUncolored",
  "matfHamlUncolored",
  "matfHandlebarsUncolored",
  "matfHardhatUncolored",
  "matfHaskellUncolored",
  "matfHaxeUncolored",
  "matfHclLightUncolored",
  "matfHclUncolored",
  "matfHelmUncolored",
  "matfHerokuUncolored",
  "matfHexUncolored",
  "matfHorusecUncolored",
  "matfHppUncolored",
  "matfHtmlUncolored",
  "matfHttpUncolored",
  "matfHuskyUncolored",
  "matfI18nUncolored",
  "matfIdrisUncolored",
  "matfIfanrCloudUncolored",
  "matfImageUncolored",
  "matfImbaUncolored",
  "matfIonicUncolored",
  "matfIstanbulUncolored",
  "matfJarUncolored",
  "matfJavaUncolored",
  "matfJavaclassUncolored",
  "matfJavascriptMapUncolored",
  "matfJavascriptUncolored",
  "matfJenkinsUncolored",
  "matfJestUncolored",
  "matfJinjaLightUncolored",
  "matfJinjaUncolored",
  "matfJsconfigUncolored",
  "matfJsonUncolored",
  "matfJuliaUncolored",
  "matfJupyterUncolored",
  "matfKarmaUncolored",
  "matfKeyUncolored",
  "matfKivyUncolored",
  "matfKlUncolored",
  "matfKotlinUncolored",
  "matfKustoUncolored",
  "matfLaravelUncolored",
  "matfLernaUncolored",
  "matfLessUncolored",
  "matfLibUncolored",
  "matfLighthouseUncolored",
  "matfLilypondUncolored",
  "matfLiquidUncolored",
  "matfLispUncolored",
  "matfLivescriptUncolored",
  "matfLockUncolored",
  "matfLogUncolored",
  "matfLolcodeUncolored",
  "matfLuaUncolored",
  "matfMakefileUncolored",
  "matfMarkdownUncolored",
  "matfMarkojsUncolored",
  "matfMathematicaUncolored",
  "matfMatlabUncolored",
  "matfMavenUncolored",
  "matfMdsvexUncolored",
  "matfMdxUncolored",
  "matfMercurialUncolored",
  "matfMerlinUncolored",
  "matfMermaidUncolored",
  "matfMesonUncolored",
  "matfMinecraftUncolored",
  "matfMintUncolored",
  "matfMjmlUncolored",
  "matfMochaUncolored",
  "matfModernizrUncolored",
  "matfMojoUncolored",
  "matfMoonscriptUncolored",
  "matfMxmlUncolored",
  "matfNanoStagedLightUncolored",
  "matfNanoStagedUncolored",
  "matfNdstUncolored",
  "matfNestControllerUncolored",
  "matfNestDecoratorUncolored",
  "matfNestFilterUncolored",
  "matfNestGatewayUncolored",
  "matfNestGuardUncolored",
  "matfNestMiddlewareUncolored",
  "matfNestModuleUncolored",
  "matfNestPipeUncolored",
  "matfNestResolverUncolored",
  "matfNestServiceUncolored",
  "matfNestUncolored",
  "matfNetlifyLightUncolored",
  "matfNetlifyUncolored",
  "matfNextLightUncolored",
  "matfNextUncolored",
  "matfNginxUncolored",
  "matfNgrxActionsUncolored",
  "matfNgrxEffectsUncolored",
  "matfNgrxEntityUncolored",
  "matfNgrxReducerUncolored",
  "matfNgrxSelectorsUncolored",
  "matfNgrxStateUncolored",
  "matfNimUncolored",
  "matfNixUncolored",
  "matfNodejsAltUncolored",
  "matfNodejsUncolored",
  "matfNodemonUncolored",
  "matfNpmUncolored",
  "matfNrwlUncolored",
  "matfNugetUncolored",
  "matfNunjucksUncolored",
  "matfNuxtUncolored",
  "matfObjectiveCUncolored",
  "matfObjectiveCppUncolored",
  "matfOcamlUncolored",
  "matfOdinUncolored",
  "matfOpaUncolored",
  "matfOpamUncolored",
  "matfOtneUncolored",
  "matfParcelUncolored",
  "matfPascalUncolored",
  "matfPawnUncolored",
  "matfPdfUncolored",
  "matfPercyUncolored",
  "matfPerlUncolored",
  "matfPhpElephantPinkUncolored",
  "matfPhpElephantUncolored",
  "matfPhpCsFixerUncolored",
  "matfPhpUncolored",
  "matfPhpunitUncolored",
  "matfPinejsUncolored",
  "matfPipelineUncolored",
  "matfPlasticUncolored",
  "matfPlaywrightUncolored",
  "matfPlopUncolored",
  "matfPnpmLightUncolored",
  "matfPnpmUncolored",
  "matfPoetryUncolored",
  "matfPostcssUncolored",
  "matfPosthtmlUncolored",
  "matfPowerpointUncolored",
  "matfPowershellUncolored",
  "matfPrettierUncolored",
  "matfPrismaUncolored",
  "matfProcessingUncolored",
  "matfPrologUncolored",
  "matfProtoUncolored",
  "matfProtractorUncolored",
  "matfPugUncolored",
  "matfPuppetUncolored",
  "matfPurescriptUncolored",
  "matfPythonMiscUncolored",
  "matfPythonUncolored",
  "matfQsharpUncolored",
  "matfQuasarUncolored",
  "matfQwikUncolored",
  "matfRUncolored",
  "matfRacketUncolored",
  "matfRamlUncolored",
  "matfRazorUncolored",
  "matfRcUncolored",
  "matfReactTsUncolored",
  "matfReactUncolored",
  "matfReadmeUncolored",
  "matfReasonUncolored",
  "matfRedUncolored",
  "matfReduxActionUncolored",
  "matfReduxReducerUncolored",
  "matfReduxSelectorUncolored",
  "matfReduxStoreUncolored",
  "matfRemixLightUncolored",
  "matfRemixUncolored",
  "matfRenovateUncolored",
  "matfReplitUncolored",
  "matfRescriptInterfaceUncolored",
  "matfRescriptUncolored",
  "matfRestqlUncolored",
  "matfRiotUncolored",
  "matfRoadmapUncolored",
  "matfRobotUncolored",
  "matfRobotsUncolored",
  "matfRollupUncolored",
  "matfRomeUncolored",
  "matfRoutingUncolored",
  "matfRubocopLightUncolored",
  "matfRubocopUncolored",
  "matfRubyUncolored",
  "matfRustUncolored",
  "matfSalesforceUncolored",
  "matfSanUncolored",
  "matfSasUncolored",
  "matfSassUncolored",
  "matfSbtUncolored",
  "matfScalaUncolored",
  "matfSchemeUncolored",
  "matfSearchUncolored",
  "matfSemanticReleaseLightUncolored",
  "matfSemanticReleaseUncolored",
  "matfSentryUncolored",
  "matfSequelizeUncolored",
  "matfServerlessUncolored",
  "matfSettingsUncolored",
  "matfShaderUncolored",
  "matfShaderlabUncolored",
  "matfSilverstripeUncolored",
  "matfSiyuanUncolored",
  "matfSketchUncolored",
  "matfSlimUncolored",
  "matfSlugUncolored",
  "matfSmartyUncolored",
  "matfSmlUncolored",
  "matfSnowpackLightUncolored",
  "matfSnowpackUncolored",
  "matfSnykUncolored",
  "matfSolidityUncolored",
  "matfSonarcloudUncolored",
  "matfSteadybitUncolored",
  "matfStencilUncolored",
  "matfStitchesLightUncolored",
  "matfStitchesUncolored",
  "matfStorybookUncolored",
  "matfStrykerUncolored",
  "matfStylableUncolored",
  "matfStylelintLightUncolored",
  "matfStylelintUncolored",
  "matfStylusUncolored",
  "matfSublimeUncolored",
  "matfSupabaseUncolored",
  "matfSvelteUncolored",
  "matfSvgUncolored",
  "matfSvgoUncolored",
  "matfSvgrUncolored",
  "matfSwcUncolored",
  "matfSwiftUncolored",
  "matfTableUncolored",
  "matfTailwindcssUncolored",
  "matfTauriUncolored",
  "matfTclUncolored",
  "matfTealUncolored",
  "matfTemplateUncolored",
  "matfTerraformUncolored",
  "matfTestJsUncolored",
  "matfTestJsxUncolored",
  "matfTestTsUncolored",
  "matfTexUncolored",
  "matfTextlintUncolored",
  "matfTiltUncolored",
  "matfTldrawLightUncolored",
  "matfTldrawUncolored",
  "matfTobiUncolored",
  "matfTobimakeUncolored",
  "matfTodoUncolored",
  "matfTravisUncolored",
  "matfTreeUncolored",
  "matfTsconfigUncolored",
  "matfTuneUncolored",
  "matfTurborepoLightUncolored",
  "matfTurborepoUncolored",
  "matfTwigUncolored",
  "matfTwineUncolored",
  "matfTypescriptDefUncolored",
  "matfTypescriptUncolored",
  "matfTypstUncolored",
  "matfUmlLightUncolored",
  "matfUmlUncolored",
  "matfUnocssUncolored",
  "matfUrlUncolored",
  "matfVagrantUncolored",
  "matfValaUncolored",
  "matfVelocityUncolored",
  "matfVercelLightUncolored",
  "matfVercelUncolored",
  "matfVerdaccioUncolored",
  "matfVerilogUncolored",
  "matfVflUncolored",
  "matfVideoUncolored",
  "matfVimUncolored",
  "matfVirtualUncolored",
  "matfVisualstudioUncolored",
  "matfViteUncolored",
  "matfVitestUncolored",
  "matfVlangUncolored",
  "matfVscodeUncolored",
  "matfVueConfigUncolored",
  "matfVueUncolored",
  "matfVuexStoreUncolored",
  "matfWakatimeLightUncolored",
  "matfWakatimeUncolored",
  "matfWallabyUncolored",
  "matfWatchmanUncolored",
  "matfWebassemblyUncolored",
  "matfWebhintUncolored",
  "matfWebpackUncolored",
  "matfWepyUncolored",
  "matfWindicssUncolored",
  "matfWolframlanguageUncolored",
  "matfWordUncolored",
  "matfXamlUncolored",
  "matfXmlUncolored",
  "matfYamlUncolored",
  "matfYangUncolored",
  "matfYarnUncolored",
  "matfZigUncolored",
  "matfZipUncolored",
]
`;

exports[`Material File Icons should ensure the export names have not changed unexpectedly 2`] = `
Array [
  "matf3dColored",
  "matfAbcColored",
  "matfActionscriptColored",
  "matfAdaColored",
  "matfAdonisColored",
  "matfAdvplIncludeColored",
  "matfAdvplPrwColored",
  "matfAdvplPtmColored",
  "matfAdvplTlppColored",
  "matfAndroidColored",
  "matfAngularComponentColored",
  "matfAngularDirectiveColored",
  "matfAngularGuardColored",
  "matfAngularPipeColored",
  "matfAngularResolverColored",
  "matfAngularServiceColored",
  "matfAngularColored",
  "matfAntlrColored",
  "matfApiblueprintColored",
  "matfApolloColored",
  "matfApplescriptColored",
  "matfAppveyorColored",
  "matfArchitectureColored",
  "matfArduinoColored",
  "matfAsciidocColored",
  "matfAssemblyColored",
  "matfAstroColored",
  "matfAstyleColored",
  "matfAudioColored",
  "matfAureliaColored",
  "matfAuthorsColored",
  "matfAutoLightColored",
  "matfAutoColored",
  "matfAutohotkeyColored",
  "matfAutoitColored",
  "matfAzurePipelinesColored",
  "matfAzureColored",
  "matfBabelColored",
  "matfBallerinaColored",
  "matfBazelColored",
  "matfBicepColored",
  "matfBitbucketColored",
  "matfBithoundColored",
  "matfBlinkLightColored",
  "matfBlinkColored",
  "matfBlitzColored",
  "matfBowerColored",
  "matfBrainfuckColored",
  "matfBrowserlistLightColored",
  "matfBrowserlistColored",
  "matfBuckColored",
  "matfBucklescriptColored",
  "matfBuildkiteColored",
  "matfBunLightColored",
  "matfBunColored",
  "matfCColored",
  "matfCabalColored",
  "matfCaddyColored",
  "matfCadenceColored",
  "matfCakeColored",
  "matfCapacitorColored",
  "matfCertificateColored",
  "matfChangelogColored",
  "matfChessLightColored",
  "matfChessColored",
  "matfCircleciLightColored",
  "matfCircleciColored",
  "matfClojureColored",
  "matfCloudfoundryColored",
  "matfCmakeColored",
  "matfCoalaColored",
  "matfCobolColored",
  "matfCoconutColored",
  "matfCodeClimateLightColored",
  "matfCodeClimateColored",
  "matfCodecovColored",
  "matfCodeownersColored",
  "matfCoffeeColored",
  "matfColdfusionColored",
  "matfCommandColored",
  "matfCommitlintColored",
  "matfConductColored",
  "matfConsoleColored",
  "matfContributingColored",
  "matfCppColored",
  "matfCracoColored",
  "matfCreditsColored",
  "matfCrystalLightColored",
  "matfCrystalColored",
  "matfCsharpColored",
  "matfCssMapColored",
  "matfCssColored",
  "matfCucumberColored",
  "matfCudaColored",
  "matfCypressColored",
  "matfDColored",
  "matfDartGeneratedColored",
  "matfDartColored",
  "matfDatabaseColored",
  "matfDenizenscriptColored",
  "matfDenoLightColored",
  "matfDenoColored",
  "matfDependabotColored",
  "matfDhallColored",
  "matfDiffColored",
  "matfDinophpColored",
  "matfDiscColored",
  "matfDjangoColored",
  "matfDockerColored",
  "matfDocumentColored",
  "matfDotjsColored",
  "matfDrawioColored",
  "matfDroneLightColored",
  "matfDroneColored",
  "matfDuneColored",
  "matfEdgeColored",
  "matfEditorconfigColored",
  "matfEjsColored",
  "matfElixirColored",
  "matfElmColored",
  "matfEmailColored",
  "matfEmberColored",
  "matfErlangColored",
  "matfEslintColored",
  "matfExeColored",
  "matfFastlaneColored",
  "matfFaviconColored",
  "matfFigmaColored",
  "matfFileColored",
  "matfFirebaseColored",
  "matfFlashColored",
  "matfFlowColored",
  "matfFolderAdminOpenColored",
  "matfFolderAdminColored",
  "matfFolderAndroidOpenColored",
  "matfFolderAndroidColored",
  "matfFolderAngularOpenColored",
  "matfFolderAngularColored",
  "matfFolderAnimationOpenColored",
  "matfFolderAnimationColored",
  "matfFolderAnsibleOpenColored",
  "matfFolderAnsibleColored",
  "matfFolderApiOpenColored",
  "matfFolderApiColored",
  "matfFolderApolloOpenColored",
  "matfFolderApolloColored",
  "matfFolderAppOpenColored",
  "matfFolderAppColored",
  "matfFolderArchiveOpenColored",
  "matfFolderArchiveColored",
  "matfFolderAudioOpenColored",
  "matfFolderAudioColored",
  "matfFolderAureliaOpenColored",
  "matfFolderAureliaColored",
  "matfFolderAwsOpenColored",
  "matfFolderAwsColored",
  "matfFolderAzurePipelinesOpenColored",
  "matfFolderAzurePipelinesColored",
  "matfFolderBaseOpenColored",
  "matfFolderBaseColored",
  "matfFolderBatchOpenColored",
  "matfFolderBatchColored",
  "matfFolderBenchmarkOpenColored",
  "matfFolderBenchmarkColored",
  "matfFolderBowerOpenColored",
  "matfFolderBowerColored",
  "matfFolderBuildkiteOpenColored",
  "matfFolderBuildkiteColored",
  "matfFolderCartOpenColored",
  "matfFolderCartColored",
  "matfFolderChangesetsOpenColored",
  "matfFolderChangesetsColored",
  "matfFolderCiOpenColored",
  "matfFolderCiColored",
  "matfFolderCircleciOpenColored",
  "matfFolderCircleciColored",
  "matfFolderClassOpenColored",
  "matfFolderClassColored",
  "matfFolderClientOpenColored",
  "matfFolderClientColored",
  "matfFolderClusterOpenColored",
  "matfFolderClusterColored",
  "matfFolderCobolOpenColored",
  "matfFolderCobolColored",
  "matfFolderCommandOpenColored",
  "matfFolderCommandColored",
  "matfFolderComponentsOpenColored",
  "matfFolderComponentsColored",
  "matfFolderConfigOpenColored",
  "matfFolderConfigColored",
  "matfFolderConnectionOpenColored",
  "matfFolderConnectionColored",
  "matfFolderConstantOpenColored",
  "matfFolderConstantColored",
  "matfFolderContainerOpenColored",
  "matfFolderContainerColored",
  "matfFolderContentOpenColored",
  "matfFolderContentColored",
  "matfFolderContextOpenColored",
  "matfFolderContextColored",
  "matfFolderContractOpenColored",
  "matfFolderContractColored",
  "matfFolderControllerOpenColored",
  "matfFolderControllerColored",
  "matfFolderCoreOpenColored",
  "matfFolderCoreColored",
  "matfFolderCoverageOpenColored",
  "matfFolderCoverageColored",
  "matfFolderCssOpenColored",
  "matfFolderCssColored",
  "matfFolderCustomOpenColored",
  "matfFolderCustomColored",
  "matfFolderCypressOpenColored",
  "matfFolderCypressColored",
  "matfFolderDatabaseOpenColored",
  "matfFolderDatabaseColored",
  "matfFolderDebugOpenColored",
  "matfFolderDebugColored",
  "matfFolderDecoratorsOpenColored",
  "matfFolderDecoratorsColored",
  "matfFolderDeltaOpenColored",
  "matfFolderDeltaColored",
  "matfFolderDistOpenColored",
  "matfFolderDistColored",
  "matfFolderDockerOpenColored",
  "matfFolderDockerColored",
  "matfFolderDocsOpenColored",
  "matfFolderDocsColored",
  "matfFolderDownloadOpenColored",
  "matfFolderDownloadColored",
  "matfFolderDumpOpenColored",
  "matfFolderDumpColored",
  "matfFolderEnvironmentOpenColored",
  "matfFolderEnvironmentColored",
  "matfFolderErrorOpenColored",
  "matfFolderErrorColored",
  "matfFolderEventOpenColored",
  "matfFolderEventColored",
  "matfFolderExamplesOpenColored",
  "matfFolderExamplesColored",
  "matfFolderExpoOpenColored",
  "matfFolderExpoColored",
  "matfFolderExportOpenColored",
  "matfFolderExportColored",
  "matfFolderFastlaneOpenColored",
  "matfFolderFastlaneColored",
  "matfFolderFirebaseOpenColored",
  "matfFolderFirebaseColored",
  "matfFolderFlowOpenColored",
  "matfFolderFlowColored",
  "matfFolderFontOpenColored",
  "matfFolderFontColored",
  "matfFolderFunctionsOpenColored",
  "matfFolderFunctionsColored",
  "matfFolderGamemakerOpenColored",
  "matfFolderGamemakerColored",
  "matfFolderGeneratorOpenColored",
  "matfFolderGeneratorColored",
  "matfFolderGitOpenColored",
  "matfFolderGitColored",
  "matfFolderGithubOpenColored",
  "matfFolderGithubColored",
  "matfFolderGitlabOpenColored",
  "matfFolderGitlabColored",
  "matfFolderGlobalOpenColored",
  "matfFolderGlobalColored",
  "matfFolderGodotOpenColored",
  "matfFolderGodotColored",
  "matfFolderGradleOpenColored",
  "matfFolderGradleColored",
  "matfFolderGraphqlOpenColored",
  "matfFolderGraphqlColored",
  "matfFolderGuardOpenColored",
  "matfFolderGuardColored",
  "matfFolderGulpOpenColored",
  "matfFolderGulpColored",
  "matfFolderHelperOpenColored",
  "matfFolderHelperColored",
  "matfFolderHomeOpenColored",
  "matfFolderHomeColored",
  "matfFolderHookOpenColored",
  "matfFolderHookColored",
  "matfFolderHuskyOpenColored",
  "matfFolderHuskyColored",
  "matfFolderI18nOpenColored",
  "matfFolderI18nColored",
  "matfFolderImagesOpenColored",
  "matfFolderImagesColored",
  "matfFolderImportOpenColored",
  "matfFolderImportColored",
  "matfFolderIncludeOpenColored",
  "matfFolderIncludeColored",
  "matfFolderIntellijLightColored",
  "matfFolderIntellijOpenLightColored",
  "matfFolderIntellijOpenColored",
  "matfFolderIntellijColored",
  "matfFolderInterfaceOpenColored",
  "matfFolderInterfaceColored",
  "matfFolderIosOpenColored",
  "matfFolderIosColored",
  "matfFolderJavaOpenColored",
  "matfFolderJavaColored",
  "matfFolderJavascriptOpenColored",
  "matfFolderJavascriptColored",
  "matfFolderJinjaLightColored",
  "matfFolderJinjaOpenLightColored",
  "matfFolderJinjaOpenColored",
  "matfFolderJinjaColored",
  "matfFolderJobOpenColored",
  "matfFolderJobColored",
  "matfFolderJsonOpenColored",
  "matfFolderJsonColored",
  "matfFolderKeysOpenColored",
  "matfFolderKeysColored",
  "matfFolderKubernetesOpenColored",
  "matfFolderKubernetesColored",
  "matfFolderLayoutOpenColored",
  "matfFolderLayoutColored",
  "matfFolderLessOpenColored",
  "matfFolderLessColored",
  "matfFolderLibOpenColored",
  "matfFolderLibColored",
  "matfFolderLogOpenColored",
  "matfFolderLogColored",
  "matfFolderLuaOpenColored",
  "matfFolderLuaColored",
  "matfFolderMailOpenColored",
  "matfFolderMailColored",
  "matfFolderMappingsOpenColored",
  "matfFolderMappingsColored",
  "matfFolderMarkdownOpenColored",
  "matfFolderMarkdownColored",
  "matfFolderMercurialOpenColored",
  "matfFolderMercurialColored",
  "matfFolderMessagesOpenColored",
  "matfFolderMessagesColored",
  "matfFolderMetaOpenColored",
  "matfFolderMetaColored",
  "matfFolderMiddlewareOpenColored",
  "matfFolderMiddlewareColored",
  "matfFolderMjmlOpenColored",
  "matfFolderMjmlColored",
  "matfFolderMobileOpenColored",
  "matfFolderMobileColored",
  "matfFolderMockOpenColored",
  "matfFolderMockColored",
  "matfFolderMojoOpenColored",
  "matfFolderMojoColored",
  "matfFolderNetlifyOpenColored",
  "matfFolderNetlifyColored",
  "matfFolderNextOpenColored",
  "matfFolderNextColored",
  "matfFolderNgrxActionsOpenColored",
  "matfFolderNgrxActionsColored",
  "matfFolderNgrxEffectsOpenColored",
  "matfFolderNgrxEffectsColored",
  "matfFolderNgrxEntitiesOpenColored",
  "matfFolderNgrxEntitiesColored",
  "matfFolderNgrxReducerOpenColored",
  "matfFolderNgrxReducerColored",
  "matfFolderNgrxSelectorsOpenColored",
  "matfFolderNgrxSelectorsColored",
  "matfFolderNgrxStateOpenColored",
  "matfFolderNgrxStateColored",
  "matfFolderNgrxStoreOpenColored",
  "matfFolderNgrxStoreColored",
  "matfFolderNodeOpenColored",
  "matfFolderNodeColored",
  "matfFolderNuxtOpenColored",
  "matfFolderNuxtColored",
  "matfFolderOpenColored",
  "matfFolderOtherOpenColored",
  "matfFolderOtherColored",
  "matfFolderPackagesOpenColored",
  "matfFolderPackagesColored",
  "matfFolderPdfOpenColored",
  "matfFolderPdfColored",
  "matfFolderPhpOpenColored",
  "matfFolderPhpColored",
  "matfFolderPhpmailerOpenColored",
  "matfFolderPhpmailerColored",
  "matfFolderPipeOpenColored",
  "matfFolderPipeColored",
  "matfFolderPlasticOpenColored",
  "matfFolderPlasticColored",
  "matfFolderPluginOpenColored",
  "matfFolderPluginColored",
  "matfFolderPrismaOpenColored",
  "matfFolderPrismaColored",
  "matfFolderPrivateOpenColored",
  "matfFolderPrivateColored",
  "matfFolderProjectOpenColored",
  "matfFolderProjectColored",
  "matfFolderProtoOpenColored",
  "matfFolderProtoColored",
  "matfFolderPublicOpenColored",
  "matfFolderPublicColored",
  "matfFolderPythonOpenColored",
  "matfFolderPythonColored",
  "matfFolderQuasarOpenColored",
  "matfFolderQuasarColored",
  "matfFolderQueueOpenColored",
  "matfFolderQueueColored",
  "matfFolderReactComponentsOpenColored",
  "matfFolderReactComponentsColored",
  "matfFolderReduxActionsOpenColored",
  "matfFolderReduxActionsColored",
  "matfFolderReduxReducerOpenColored",
  "matfFolderReduxReducerColored",
  "matfFolderReduxSelectorOpenColored",
  "matfFolderReduxSelectorColored",
  "matfFolderReduxStoreOpenColored",
  "matfFolderReduxStoreColored",
  "matfFolderResolverOpenColored",
  "matfFolderResolverColored",
  "matfFolderResourceOpenColored",
  "matfFolderResourceColored",
  "matfFolderReviewOpenColored",
  "matfFolderReviewColored",
  "matfFolderRootOpenColored",
  "matfFolderRootColored",
  "matfFolderRoutesOpenColored",
  "matfFolderRoutesColored",
  "matfFolderRulesOpenColored",
  "matfFolderRulesColored",
  "matfFolderSassOpenColored",
  "matfFolderSassColored",
  "matfFolderScalaOpenColored",
  "matfFolderScalaColored",
  "matfFolderScriptsOpenColored",
  "matfFolderScriptsColored",
  "matfFolderSecureOpenColored",
  "matfFolderSecureColored",
  "matfFolderServerOpenColored",
  "matfFolderServerColored",
  "matfFolderServerlessOpenColored",
  "matfFolderServerlessColored",
  "matfFolderShaderOpenColored",
  "matfFolderShaderColored",
  "matfFolderSharedOpenColored",
  "matfFolderSharedColored",
  "matfFolderSrcOpenColored",
  "matfFolderSrcColored",
  "matfFolderStackOpenColored",
  "matfFolderStackColored",
  "matfFolderStencilOpenColored",
  "matfFolderStencilColored",
  "matfFolderStorybookOpenColored",
  "matfFolderStorybookColored",
  "matfFolderStylusOpenColored",
  "matfFolderStylusColored",
  "matfFolderSublimeOpenColored",
  "matfFolderSublimeColored",
  "matfFolderSupabaseOpenColored",
  "matfFolderSupabaseColored",
  "matfFolderSvelteOpenColored",
  "matfFolderSvelteColored",
  "matfFolderSvgOpenColored",
  "matfFolderSvgColored",
  "matfFolderSyntaxOpenColored",
  "matfFolderSyntaxColored",
  "matfFolderTargetOpenColored",
  "matfFolderTargetColored",
  "matfFolderTasksOpenColored",
  "matfFolderTasksColored",
  "matfFolderTempOpenColored",
  "matfFolderTempColored",
  "matfFolderTemplateOpenColored",
  "matfFolderTemplateColored",
  "matfFolderTerraformOpenColored",
  "matfFolderTerraformColored",
  "matfFolderTestOpenColored",
  "matfFolderTestColored",
  "matfFolderThemeOpenColored",
  "matfFolderThemeColored",
  "matfFolderToolsOpenColored",
  "matfFolderToolsColored",
  "matfFolderTypescriptOpenColored",
  "matfFolderTypescriptColored",
  "matfFolderUnityOpenColored",
  "matfFolderUnityColored",
  "matfFolderUpdateOpenColored",
  "matfFolderUpdateColored",
  "matfFolderUploadOpenColored",
  "matfFolderUploadColored",
  "matfFolderUtilsOpenColored",
  "matfFolderUtilsColored",
  "matfFolderVercelOpenColored",
  "matfFolderVercelColored",
  "matfFolderVerdaccioOpenColored",
  "matfFolderVerdaccioColored",
  "matfFolderVideoOpenColored",
  "matfFolderVideoColored",
  "matfFolderViewsOpenColored",
  "matfFolderViewsColored",
  "matfFolderVmOpenColored",
  "matfFolderVmColored",
  "matfFolderVscodeOpenColored",
  "matfFolderVscodeColored",
  "matfFolderVueDirectivesOpenColored",
  "matfFolderVueDirectivesColored",
  "matfFolderVueOpenColored",
  "matfFolderVueColored",
  "matfFolderVuepressOpenColored",
  "matfFolderVuepressColored",
  "matfFolderVuexStoreOpenColored",
  "matfFolderVuexStoreColored",
  "matfFolderWakatimeOpenColored",
  "matfFolderWakatimeColored",
  "matfFolderWebpackOpenColored",
  "matfFolderWebpackColored",
  "matfFolderWordpressOpenColored",
  "matfFolderWordpressColored",
  "matfFolderYarnOpenColored",
  "matfFolderYarnColored",
  "matfFolderColored",
  "matfFontColored",
  "matfForthColored",
  "matfFortranColored",
  "matfFoxproColored",
  "matfFsharpColored",
  "matfFuseboxColored",
  "matfGamemakerColored",
  "matfGatsbyColored",
  "matfGcpColored",
  "matfGemfileColored",
  "matfGeminiColored",
  "matfGitColored",
  "matfGitlabColored",
  "matfGitpodColored",
  "matfGleamColored",
  "matfGoGopherColored",
  "matfGoModColored",
  "matfGoColored",
  "matfGodotAssetsColored",
  "matfGodotColored",
  "matfGradleColored",
  "matfGrainColored",
  "matfGraphcoolColored",
  "matfGraphqlColored",
  "matfGridsomeColored",
  "matfGroovyColored",
  "matfGruntColored",
  "matfGulpColored",
  "matfHColored",
  "matfHackColored",
  "matfHamlColored",
  "matfHandlebarsColored",
  "matfHardhatColored",
  "matfHaskellColored",
  "matfHaxeColored",
  "matfHclLightColored",
  "matfHclColored",
  "matfHelmColored",
  "matfHerokuColored",
  "matfHexColored",
  "matfHorusecColored",
  "matfHppColored",
  "matfHtmlColored",
  "matfHttpColored",
  "matfHuskyColored",
  "matfI18nColored",
  "matfIdrisColored",
  "matfIfanrCloudColored",
  "matfImageColored",
  "matfImbaColored",
  "matfIonicColored",
  "matfIstanbulColored",
  "matfJarColored",
  "matfJavaColored",
  "matfJavaclassColored",
  "matfJavascriptMapColored",
  "matfJavascriptColored",
  "matfJenkinsColored",
  "matfJestColored",
  "matfJinjaLightColored",
  "matfJinjaColored",
  "matfJsconfigColored",
  "matfJsonColored",
  "matfJuliaColored",
  "matfJupyterColored",
  "matfKarmaColored",
  "matfKeyColored",
  "matfKivyColored",
  "matfKlColored",
  "matfKotlinColored",
  "matfKustoColored",
  "matfLaravelColored",
  "matfLernaColored",
  "matfLessColored",
  "matfLibColored",
  "matfLighthouseColored",
  "matfLilypondColored",
  "matfLiquidColored",
  "matfLispColored",
  "matfLivescriptColored",
  "matfLockColored",
  "matfLogColored",
  "matfLolcodeColored",
  "matfLuaColored",
  "matfMakefileColored",
  "matfMarkdownColored",
  "matfMarkojsColored",
  "matfMathematicaColored",
  "matfMatlabColored",
  "matfMavenColored",
  "matfMdsvexColored",
  "matfMdxColored",
  "matfMercurialColored",
  "matfMerlinColored",
  "matfMermaidColored",
  "matfMesonColored",
  "matfMinecraftColored",
  "matfMintColored",
  "matfMjmlColored",
  "matfMochaColored",
  "matfModernizrColored",
  "matfMojoColored",
  "matfMoonscriptColored",
  "matfMxmlColored",
  "matfNanoStagedLightColored",
  "matfNanoStagedColored",
  "matfNdstColored",
  "matfNestControllerColored",
  "matfNestDecoratorColored",
  "matfNestFilterColored",
  "matfNestGatewayColored",
  "matfNestGuardColored",
  "matfNestMiddlewareColored",
  "matfNestModuleColored",
  "matfNestPipeColored",
  "matfNestResolverColored",
  "matfNestServiceColored",
  "matfNestColored",
  "matfNetlifyLightColored",
  "matfNetlifyColored",
  "matfNextLightColored",
  "matfNextColored",
  "matfNginxColored",
  "matfNgrxActionsColored",
  "matfNgrxEffectsColored",
  "matfNgrxEntityColored",
  "matfNgrxReducerColored",
  "matfNgrxSelectorsColored",
  "matfNgrxStateColored",
  "matfNimColored",
  "matfNixColored",
  "matfNodejsAltColored",
  "matfNodejsColored",
  "matfNodemonColored",
  "matfNpmColored",
  "matfNrwlColored",
  "matfNugetColored",
  "matfNunjucksColored",
  "matfNuxtColored",
  "matfObjectiveCColored",
  "matfObjectiveCppColored",
  "matfOcamlColored",
  "matfOdinColored",
  "matfOpaColored",
  "matfOpamColored",
  "matfOtneColored",
  "matfParcelColored",
  "matfPascalColored",
  "matfPawnColored",
  "matfPdfColored",
  "matfPercyColored",
  "matfPerlColored",
  "matfPhpElephantPinkColored",
  "matfPhpElephantColored",
  "matfPhpCsFixerColored",
  "matfPhpColored",
  "matfPhpunitColored",
  "matfPinejsColored",
  "matfPipelineColored",
  "matfPlasticColored",
  "matfPlaywrightColored",
  "matfPlopColored",
  "matfPnpmLightColored",
  "matfPnpmColored",
  "matfPoetryColored",
  "matfPostcssColored",
  "matfPosthtmlColored",
  "matfPowerpointColored",
  "matfPowershellColored",
  "matfPrettierColored",
  "matfPrismaColored",
  "matfProcessingColored",
  "matfPrologColored",
  "matfProtoColored",
  "matfProtractorColored",
  "matfPugColored",
  "matfPuppetColored",
  "matfPurescriptColored",
  "matfPythonMiscColored",
  "matfPythonColored",
  "matfQsharpColored",
  "matfQuasarColored",
  "matfQwikColored",
  "matfRColored",
  "matfRacketColored",
  "matfRamlColored",
  "matfRazorColored",
  "matfRcColored",
  "matfReactTsColored",
  "matfReactColored",
  "matfReadmeColored",
  "matfReasonColored",
  "matfRedColored",
  "matfReduxActionColored",
  "matfReduxReducerColored",
  "matfReduxSelectorColored",
  "matfReduxStoreColored",
  "matfRemixLightColored",
  "matfRemixColored",
  "matfRenovateColored",
  "matfReplitColored",
  "matfRescriptInterfaceColored",
  "matfRescriptColored",
  "matfRestqlColored",
  "matfRiotColored",
  "matfRoadmapColored",
  "matfRobotColored",
  "matfRobotsColored",
  "matfRollupColored",
  "matfRomeColored",
  "matfRoutingColored",
  "matfRubocopLightColored",
  "matfRubocopColored",
  "matfRubyColored",
  "matfRustColored",
  "matfSalesforceColored",
  "matfSanColored",
  "matfSasColored",
  "matfSassColored",
  "matfSbtColored",
  "matfScalaColored",
  "matfSchemeColored",
  "matfSearchColored",
  "matfSemanticReleaseLightColored",
  "matfSemanticReleaseColored",
  "matfSentryColored",
  "matfSequelizeColored",
  "matfServerlessColored",
  "matfSettingsColored",
  "matfShaderColored",
  "matfShaderlabColored",
  "matfSilverstripeColored",
  "matfSiyuanColored",
  "matfSketchColored",
  "matfSlimColored",
  "matfSlugColored",
  "matfSmartyColored",
  "matfSmlColored",
  "matfSnowpackLightColored",
  "matfSnowpackColored",
  "matfSnykColored",
  "matfSolidityColored",
  "matfSonarcloudColored",
  "matfSteadybitColored",
  "matfStencilColored",
  "matfStitchesLightColored",
  "matfStitchesColored",
  "matfStorybookColored",
  "matfStrykerColored",
  "matfStylableColored",
  "matfStylelintLightColored",
  "matfStylelintColored",
  "matfStylusColored",
  "matfSublimeColored",
  "matfSupabaseColored",
  "matfSvelteColored",
  "matfSvgColored",
  "matfSvgoColored",
  "matfSvgrColored",
  "matfSwcColored",
  "matfSwiftColored",
  "matfTableColored",
  "matfTailwindcssColored",
  "matfTauriColored",
  "matfTclColored",
  "matfTealColored",
  "matfTemplateColored",
  "matfTerraformColored",
  "matfTestJsColored",
  "matfTestJsxColored",
  "matfTestTsColored",
  "matfTexColored",
  "matfTextlintColored",
  "matfTiltColored",
  "matfTldrawLightColored",
  "matfTldrawColored",
  "matfTobiColored",
  "matfTobimakeColored",
  "matfTodoColored",
  "matfTravisColored",
  "matfTreeColored",
  "matfTsconfigColored",
  "matfTuneColored",
  "matfTurborepoLightColored",
  "matfTurborepoColored",
  "matfTwigColored",
  "matfTwineColored",
  "matfTypescriptDefColored",
  "matfTypescriptColored",
  "matfTypstColored",
  "matfUmlLightColored",
  "matfUmlColored",
  "matfUnocssColored",
  "matfUrlColored",
  "matfVagrantColored",
  "matfValaColored",
  "matfVelocityColored",
  "matfVercelLightColored",
  "matfVercelColored",
  "matfVerdaccioColored",
  "matfVerilogColored",
  "matfVflColored",
  "matfVideoColored",
  "matfVimColored",
  "matfVirtualColored",
  "matfVisualstudioColored",
  "matfViteColored",
  "matfVitestColored",
  "matfVlangColored",
  "matfVscodeColored",
  "matfVueConfigColored",
  "matfVueColored",
  "matfVuexStoreColored",
  "matfWakatimeLightColored",
  "matfWakatimeColored",
  "matfWallabyColored",
  "matfWatchmanColored",
  "matfWebassemblyColored",
  "matfWebhintColored",
  "matfWebpackColored",
  "matfWepyColored",
  "matfWindicssColored",
  "matfWolframlanguageColored",
  "matfWordColored",
  "matfXamlColored",
  "matfXmlColored",
  "matfYamlColored",
  "matfYangColored",
  "matfYarnColored",
  "matfZigColored",
  "matfZipColored",
]
`;
