// Jest Snapshot v1, https://goo.gl/fbAQLP

exports[`Iconoir Icons should ensure the export names have not changed unexpectedly 1`] = `
Array [
  "iconoir1stMedal",
  "iconoir2x2Cell",
  "iconoir360View",
  "iconoir3dAddHole",
  "iconoir3dArcCenterPt",
  "iconoir3dArc",
  "iconoir3dBridge",
  "iconoir3dCenterBox",
  "iconoir3dDraftFace",
  "iconoir3dEllipseThreePts",
  "iconoir3dEllipse",
  "iconoir3dPtBox",
  "iconoir3dRectCornerToCorner",
  "iconoir3dRectFromCenter",
  "iconoir3dRectThreePts",
  "iconoir3dSelectEdge",
  "iconoir3dSelectFace",
  "iconoir3dSelectPoint",
  "iconoir3dSelectSolid",
  "iconoir3dThreePtsBox",
  "iconoir4kDisplay",
  "iconoirAccessibilitySign",
  "iconoirAccessibilityTech",
  "iconoirAccessibility",
  "iconoirActivity",
  "iconoirAddCircle",
  "iconoirAddDatabaseScript",
  "iconoirAddFolder",
  "iconoirAddFrame",
  "iconoirAddHexagon",
  "iconoirAddKeyframeAlt",
  "iconoirAddKeyframe",
  "iconoirAddKeyframes",
  "iconoirAddLens",
  "iconoirAddMediaImage",
  "iconoirAddMediaVideo",
  "iconoirAddPageAlt",
  "iconoirAddPage",
  "iconoirAddPinAlt",
  "iconoirAddSelection",
  "iconoirAddSquare",
  "iconoirAddToCart",
  "iconoirAddUser",
  "iconoirAdobeAfterEffects",
  "iconoirAdobeIllustrator",
  "iconoirAdobeIndesign",
  "iconoirAdobeLightroom",
  "iconoirAdobePhotoshop",
  "iconoirAdobeXd",
  "iconoirAfricanTree",
  "iconoirAgile",
  "iconoirAirConditioner",
  "iconoirAirplaneHelix45deg",
  "iconoirAirplaneHelix",
  "iconoirAirplaneOff",
  "iconoirAirplaneRotation",
  "iconoirAirplane",
  "iconoirAirplay",
  "iconoirAlarm",
  "iconoirAlbumCarousel",
  "iconoirAlbumList",
  "iconoirAlbumOpen",
  "iconoirAlbum",
  "iconoirAlignBottomBox",
  "iconoirAlignCenter",
  "iconoirAlignJustify",
  "iconoirAlignLeftBox",
  "iconoirAlignLeft",
  "iconoirAlignRightBox",
  "iconoirAlignRight",
  "iconoirAlignTopBox",
  "iconoirAngleTool",
  "iconoirAntennaOff",
  "iconoirAntennaSignalTag",
  "iconoirAntennaSignal",
  "iconoirAntenna",
  "iconoirAppNotification",
  "iconoirAppWindow",
  "iconoirAppleHalfAlt",
  "iconoirAppleHalf",
  "iconoirAppleImac2021Side",
  "iconoirAppleImac2021",
  "iconoirAppleMac",
  "iconoirAppleShortcuts",
  "iconoirAppleSwift",
  "iconoirAppleWallet",
  "iconoirApple",
  "iconoirArSymbol",
  "iconoirArcade",
  "iconoirArcheryMatch",
  "iconoirArchery",
  "iconoirArchive",
  "iconoirAreaSearch",
  "iconoirArrowArchery",
  "iconoirArrowBlCircle",
  "iconoirArrowBlSquare",
  "iconoirArrowBl",
  "iconoirArrowBrCircle",
  "iconoirArrowBrSquare",
  "iconoirArrowBr",
  "iconoirArrowDownCircle",
  "iconoirArrowDown",
  "iconoirArrowEmailForward",
  "iconoirArrowLeftCircle",
  "iconoirArrowLeft",
  "iconoirArrowRightCircle",
  "iconoirArrowRight",
  "iconoirArrowSeparateVertical",
  "iconoirArrowSeparate",
  "iconoirArrowTlCircle",
  "iconoirArrowTlSquare",
  "iconoirArrowTl",
  "iconoirArrowTrCircle",
  "iconoirArrowTrSquare",
  "iconoirArrowTr",
  "iconoirArrowUnionVertical",
  "iconoirArrowUnion",
  "iconoirArrowUpCircle",
  "iconoirArrowUp",
  "iconoirArrowsUpFromLine",
  "iconoirAsana",
  "iconoirAtSignCircle",
  "iconoirAtSign",
  "iconoirAtom",
  "iconoirAttachment",
  "iconoirAugmentedReality",
  "iconoirAutoFlash",
  "iconoirAviFormat",
  "iconoirAxes",
  "iconoirBackward15Seconds",
  "iconoirBag",
  "iconoirBalcony",
  "iconoirBank",
  "iconoirBarcode",
  "iconoirBasketballAlt",
  "iconoirBasketballField",
  "iconoirBasketball",
  "iconoirBathroom",
  "iconoirBattery25",
  "iconoirBattery50",
  "iconoirBattery75",
  "iconoirBatteryCharging",
  "iconoirBatteryEmpty",
  "iconoirBatteryFull",
  "iconoirBatteryIndicator",
  "iconoirBatteryWarning",
  "iconoirBbq",
  "iconoirBeachBagBig",
  "iconoirBeachBag",
  "iconoirBedReady",
  "iconoirBed",
  "iconoirBehanceTag",
  "iconoirBehance",
  "iconoirBellNotification",
  "iconoirBellOff",
  "iconoirBell",
  "iconoirBicycle",
  "iconoirBinAdd",
  "iconoirBinFull",
  "iconoirBinHalf",
  "iconoirBinMinus",
  "iconoirBin",
  "iconoirBinocular",
  "iconoirBirthdayCake",
  "iconoirBishop",
  "iconoirBitbucket",
  "iconoirBitcoinCircle",
  "iconoirBitcoinRotateOut",
  "iconoirBluetoothTag",
  "iconoirBluetooth",
  "iconoirBoldSquare",
  "iconoirBold",
  "iconoirBonfire",
  "iconoirBookStack",
  "iconoirBook",
  "iconoirBookmarkBook",
  "iconoirBookmarkCircle",
  "iconoirBookmarkEmpty",
  "iconoirBorderBl",
  "iconoirBorderBottom",
  "iconoirBorderBr",
  "iconoirBorderInner",
  "iconoirBorderLeft",
  "iconoirBorderOut",
  "iconoirBorderRight",
  "iconoirBorderTl",
  "iconoirBorderTop",
  "iconoirBorderTr",
  "iconoirBounceLeft",
  "iconoirBounceRight",
  "iconoirBowlingBall",
  "iconoirBoxIso",
  "iconoirBox",
  "iconoirBoxingGlove",
  "iconoirBrainElectricity",
  "iconoirBrainResearch",
  "iconoirBrainWarning",
  "iconoirBrain",
  "iconoirBreadSlice",
  "iconoirBrightCrown",
  "iconoirBrightStar",
  "iconoirBrightnessWindow",
  "iconoirBrightness",
  "iconoirBubbleDownload",
  "iconoirBubbleError",
  "iconoirBubbleIncome",
  "iconoirBubbleOutcome",
  "iconoirBubbleSearch",
  "iconoirBubbleStar",
  "iconoirBubbleUpload",
  "iconoirBubbleWarning",
  "iconoirBuilding",
  "iconoirBusStop",
  "iconoirBus",
  "iconoirCableTag",
  "iconoirCalculator",
  "iconoirCalendarMinus",
  "iconoirCalendarPlus",
  "iconoirCalendar",
  "iconoirCamera",
  "iconoirCancel",
  "iconoirCandlestickChart",
  "iconoirCar",
  "iconoirCarbon",
  "iconoirCardIssue",
  "iconoirCardLocked",
  "iconoirCardReader",
  "iconoirCardSecurity",
  "iconoirCardWallet",
  "iconoirCartAlt",
  "iconoirCart",
  "iconoirCash",
  "iconoirCellar",
  "iconoirCenterAlign",
  "iconoirChatAdd",
  "iconoirChatBubbleCheck1",
  "iconoirChatBubbleCheck",
  "iconoirChatBubbleEmpty",
  "iconoirChatBubbleError",
  "iconoirChatBubbleQuestion",
  "iconoirChatBubbleTranslate",
  "iconoirChatBubbleWarning",
  "iconoirChatBubble",
  "iconoirChatLines",
  "iconoirChatRemove",
  "iconoirCheckCircle",
  "iconoirCheckWindow",
  "iconoirCheck",
  "iconoirChocolate",
  "iconoirChromecastActive",
  "iconoirChromecast",
  "iconoirChurchAlt",
  "iconoirChurch",
  "iconoirCinemaOld",
  "iconoirCircle",
  "iconoirCity",
  "iconoirCleanWater",
  "iconoirClipboardCheck",
  "iconoirClockRotateRight",
  "iconoirClock",
  "iconoirClosedCaptions",
  "iconoirCloset",
  "iconoirCloudBookAlt",
  "iconoirCloudCheck",
  "iconoirCloudDesync",
  "iconoirCloudDownload",
  "iconoirCloudError",
  "iconoirCloudSunny",
  "iconoirCloudSync",
  "iconoirCloudUpload",
  "iconoirCloud",
  "iconoirClutery",
  "iconoirCodeBracketsSquare",
  "iconoirCodeBrackets",
  "iconoirCode",
  "iconoirCodepen",
  "iconoirCoffeeCup",
  "iconoirCoin",
  "iconoirCoinsSwap",
  "iconoirCoins",
  "iconoirCollageFrame",
  "iconoirCollapse",
  "iconoirColorFilter",
  "iconoirColorPickerEmpty",
  "iconoirColorPicker",
  "iconoirColorWheel",
  "iconoirCombine",
  "iconoirCommodity",
  "iconoirCommunity",
  "iconoirCompactDisc",
  "iconoirCompass",
  "iconoirCompressLines",
  "iconoirCompress",
  "iconoirComputer",
  "iconoirConsumable",
  "iconoirContactless",
  "iconoirControlSlider",
  "iconoirCookie",
  "iconoirCooling",
  "iconoirCopy",
  "iconoirCopyright",
  "iconoirCornerBottomLeft",
  "iconoirCornerBottomRight",
  "iconoirCornerTopLeft",
  "iconoirCornerTopRight",
  "iconoirCpuWarning",
  "iconoirCpu",
  "iconoirCrackedEgg",
  "iconoirCreativeCommons",
  "iconoirCreditCard",
  "iconoirCreditCards",
  "iconoirCrib",
  "iconoirCropRotateBl",
  "iconoirCropRotateBr",
  "iconoirCropRotateTl",
  "iconoirCropRotateTr",
  "iconoirCrop",
  "iconoirCrownCircle",
  "iconoirCrown",
  "iconoirCss3",
  "iconoirCubeReplaceFace",
  "iconoirCursorPointer",
  "iconoirCutAlt",
  "iconoirCutSolidWithCurve",
  "iconoirCut",
  "iconoirCycling",
  "iconoirCylinder",
  "iconoirDashFlag",
  "iconoirDashboardDots",
  "iconoirDashboardSpeed",
  "iconoirDashboard",
  "iconoirDataTransferBoth",
  "iconoirDataTransferCheck",
  "iconoirDataTransferDown",
  "iconoirDataTransferUp",
  "iconoirDataTransferWarning",
  "iconoirDatabaseBackup",
  "iconoirDatabaseExport",
  "iconoirDatabaseMonitor",
  "iconoirDatabaseRestore",
  "iconoirDatabaseScript",
  "iconoirDatabaseSettings",
  "iconoirDatabaseStar",
  "iconoirDatabaseStats",
  "iconoirDatabaseTag",
  "iconoirDbCheck",
  "iconoirDbError",
  "iconoirDbSearch",
  "iconoirDbStar",
  "iconoirDbWarning",
  "iconoirDb",
  "iconoirDeCompress",
  "iconoirDeleteCircle",
  "iconoirDeliveryTruck",
  "iconoirDelivery",
  "iconoirDepth",
  "iconoirDesignNib",
  "iconoirDesignPencil",
  "iconoirDesk",
  "iconoirDevModeLaptop",
  "iconoirDevModePhone",
  "iconoirDeveloper",
  "iconoirDewPoint",
  "iconoirDialpad",
  "iconoirDiameter",
  "iconoirDiceFive",
  "iconoirDiceFour",
  "iconoirDiceOne",
  "iconoirDiceSix",
  "iconoirDiceThree",
  "iconoirDiceTwo",
  "iconoirDimmerSwitch",
  "iconoirDirectorChair",
  "iconoirDiscord",
  "iconoirDishwasher",
  "iconoirDivideSelection1",
  "iconoirDivideSelection2",
  "iconoirDivideThree",
  "iconoirDivide",
  "iconoirDna",
  "iconoirDocSearchAlt",
  "iconoirDocSearch",
  "iconoirDocStarAlt",
  "iconoirDocStar",
  "iconoirDogecoinCircle",
  "iconoirDogecoinRotateOut",
  "iconoirDollar",
  "iconoirDomoticIssue",
  "iconoirDonate",
  "iconoirDoubleCheck",
  "iconoirDownRoundArrow",
  "iconoirDownloadCircle",
  "iconoirDownloadDataWindow",
  "iconoirDownloadSquare",
  "iconoirDownload",
  "iconoirDragHandGesture",
  "iconoirDrag",
  "iconoirDrawer",
  "iconoirDribbble",
  "iconoirDroneChargeFull",
  "iconoirDroneChargeHalf",
  "iconoirDroneChargeLow",
  "iconoirDroneCheck",
  "iconoirDroneError",
  "iconoirDroneLanding",
  "iconoirDroneRefresh",
  "iconoirDroneTakeOff",
  "iconoirDrone",
  "iconoirDropletHalf",
  "iconoirDroplet",
  "iconoirEaseCurveControlPoints",
  "iconoirEaseInControlPoint",
  "iconoirEaseInOut",
  "iconoirEaseIn",
  "iconoirEaseOutControlPoint",
  "iconoirEaseOut",
  "iconoirEcologyBook",
  "iconoirEditPencil",
  "iconoirEdit",
  "iconoirEgg",
  "iconoirEject",
  "iconoirElectronicsChip",
  "iconoirElectronicsTransistor",
  "iconoirElevator",
  "iconoirEmojiBall",
  "iconoirEmojiBlinkLeft",
  "iconoirEmojiBlinkRight",
  "iconoirEmojiLookDown",
  "iconoirEmojiLookLeft",
  "iconoirEmojiLookRight",
  "iconoirEmojiLookUp",
  "iconoirEmojiPuzzled",
  "iconoirEmojiQuite",
  "iconoirEmojiReally",
  "iconoirEmojiSad",
  "iconoirEmojiSatisfied",
  "iconoirEmojiSingLeftNote",
  "iconoirEmojiSingLeft",
  "iconoirEmojiSingRightNote",
  "iconoirEmojiSingRight",
  "iconoirEmojiSurpriseAlt",
  "iconoirEmojiSurprise",
  "iconoirEmojiTalkingAngry",
  "iconoirEmojiTalkingHappy",
  "iconoirEmojiThinkLeft",
  "iconoirEmojiThinkRight",
  "iconoirEmoji",
  "iconoirEmptyPage",
  "iconoirEnergyUsageWindow",
  "iconoirEnlargeRoundArrow",
  "iconoirEnlarge",
  "iconoirErase",
  "iconoirErrorWindow",
  "iconoirEthereumCircle",
  "iconoirEthereumRotateOut",
  "iconoirEuroSquare",
  "iconoirEuro",
  "iconoirEvChargeAlt",
  "iconoirEvCharge",
  "iconoirEvPlugCharging",
  "iconoirEvPlugError",
  "iconoirEvPlug",
  "iconoirEvStation",
  "iconoirEvTag",
  "iconoirExclude",
  "iconoirExpandLines",
  "iconoirExpand",
  "iconoirExtrude",
  "iconoirEyeAlt",
  "iconoirEyeClose",
  "iconoirEyeEmpty",
  "iconoirEyeOff",
  "iconoirFaceId",
  "iconoirFacebookTag",
  "iconoirFacebook",
  "iconoirFacetime",
  "iconoirFarm",
  "iconoirFastArrowDownBox",
  "iconoirFastArrowDown",
  "iconoirFastArrowLeftBox",
  "iconoirFastArrowLeft",
  "iconoirFastArrowRightBox",
  "iconoirFastArrowRight",
  "iconoirFastArrowUpBox",
  "iconoirFastArrowUp",
  "iconoirFastDownCircle",
  "iconoirFastLeftCircle",
  "iconoirFastRightCircle",
  "iconoirFastUpCircle",
  "iconoirFavouriteBook",
  "iconoirFavouriteWindow",
  "iconoirFemale",
  "iconoirFigma",
  "iconoirFileNotFound",
  "iconoirFillColor",
  "iconoirFillet3d",
  "iconoirFilterAlt",
  "iconoirFilterListCircle",
  "iconoirFilterList",
  "iconoirFilter",
  "iconoirFinder",
  "iconoirFingerprintCheckCircle",
  "iconoirFingerprintCircle",
  "iconoirFingerprintErrorCircle",
  "iconoirFingerprintLockCircle",
  "iconoirFingerprintPhone",
  "iconoirFingerprintScan",
  "iconoirFingerprintSquare",
  "iconoirFingerprintWindow",
  "iconoirFingerprint",
  "iconoirFireFlame",
  "iconoirFish",
  "iconoirFishing",
  "iconoirFlare",
  "iconoirFlashOff",
  "iconoirFlash",
  "iconoirFlask",
  "iconoirFlipReverse",
  "iconoirFlip",
  "iconoirFlower",
  "iconoirFluorine",
  "iconoirFog",
  "iconoirFolderAlert",
  "iconoirFolderSettings",
  "iconoirFolder",
  "iconoirFontSize",
  "iconoirFootballBall",
  "iconoirFootball",
  "iconoirForward15Seconds",
  "iconoirForwardMessage",
  "iconoirForward",
  "iconoirFrameAltEmpty",
  "iconoirFrameAlt",
  "iconoirFrameSelect",
  "iconoirFrameSimple",
  "iconoirFrameTool",
  "iconoirFrame",
  "iconoirFridge",
  "iconoirFxTag",
  "iconoirFx",
  "iconoirGamepad",
  "iconoirGarage",
  "iconoirGasTankDrop",
  "iconoirGasTank",
  "iconoirGas",
  "iconoirGifFormat",
  "iconoirGift",
  "iconoirGitBranch",
  "iconoirGitCherryPickCommit",
  "iconoirGitCommand",
  "iconoirGitCommit",
  "iconoirGitCompare",
  "iconoirGitFork",
  "iconoirGitMerge",
  "iconoirGitPullRequestClosed",
  "iconoirGitPullRequest",
  "iconoirGithubCircle",
  "iconoirGithub",
  "iconoirGitlabFull",
  "iconoirGlassEmpty",
  "iconoirGlassFragile",
  "iconoirGlassHalfAlt",
  "iconoirGlassHalf",
  "iconoirGlasses",
  "iconoirGlobe",
  "iconoirGolf",
  "iconoirGoogleCircle",
  "iconoirGoogleDocs",
  "iconoirGoogleDriveCheck",
  "iconoirGoogleDriveSync",
  "iconoirGoogleDriveWarning",
  "iconoirGoogleDrive",
  "iconoirGoogleHome",
  "iconoirGoogleOne",
  "iconoirGoogle",
  "iconoirGps",
  "iconoirGraduationCap",
  "iconoirGraphDown",
  "iconoirGraphUp",
  "iconoirGreenBus",
  "iconoirGreenTruck",
  "iconoirGreenVehicle",
  "iconoirGridAdd",
  "iconoirGridMinus",
  "iconoirGridRemove",
  "iconoirGroup",
  "iconoirGym",
  "iconoirHalfCookie",
  "iconoirHalfMoon",
  "iconoirHammer",
  "iconoirHandBrake",
  "iconoirHandCard",
  "iconoirHandCash",
  "iconoirHandContactless",
  "iconoirHandbag",
  "iconoirHardDrive",
  "iconoirHat",
  "iconoirHdDisplay",
  "iconoirHd",
  "iconoirHdr",
  "iconoirHeadsetCharge",
  "iconoirHeadsetHelp",
  "iconoirHeadsetIssue",
  "iconoirHeadset",
  "iconoirHealthShield",
  "iconoirHealthcare",
  "iconoirHeartArrowDown",
  "iconoirHeart",
  "iconoirHeating",
  "iconoirHeavyRain",
  "iconoirHelpCircle",
  "iconoirHelpSquare",
  "iconoirHeptagon",
  "iconoirHerSlips",
  "iconoirHexagonAlt",
  "iconoirHexagonDice",
  "iconoirHexagon",
  "iconoirHighPriority",
  "iconoirHistoricShieldAlt",
  "iconoirHistoricShield",
  "iconoirHomeAltSlimHoriz",
  "iconoirHomeAltSlim",
  "iconoirHomeAlt",
  "iconoirHomeHospital",
  "iconoirHomeSale",
  "iconoirHomeSecure",
  "iconoirHomeShield",
  "iconoirHomeSimpleDoor",
  "iconoirHomeSimple",
  "iconoirHomeTable",
  "iconoirHomeTemperatureIn",
  "iconoirHomeTemperatureOut",
  "iconoirHomeUser",
  "iconoirHome",
  "iconoirHorizDistributionLeft",
  "iconoirHorizDistributionRight",
  "iconoirHorizontalMerge",
  "iconoirHorizontalSplit",
  "iconoirHospitalSign",
  "iconoirHospital",
  "iconoirHotAirBalloon",
  "iconoirHourglass",
  "iconoirHouseRooms",
  "iconoirHtml5",
  "iconoirHydrogen",
  "iconoirIconoir",
  "iconoirImport",
  "iconoirInclination",
  "iconoirIndustry",
  "iconoirInfinite",
  "iconoirInfoEmpty",
  "iconoirInputField",
  "iconoirInputOutput",
  "iconoirInputSearch",
  "iconoirInstagram",
  "iconoirInternet",
  "iconoirIntersectAlt",
  "iconoirIntersect",
  "iconoirIosSettings",
  "iconoirIpAddress",
  "iconoirIrisScan",
  "iconoirItalicSquare",
  "iconoirItalic",
  "iconoirJellyfish",
  "iconoirJournalPage",
  "iconoirJournal",
  "iconoirJpegFormat",
  "iconoirJpgFormat",
  "iconoirKanbanBoard",
  "iconoirKeyAltBack",
  "iconoirKeyAltMinus",
  "iconoirKeyAltPlus",
  "iconoirKeyAltRemove",
  "iconoirKeyAlt",
  "iconoirKeyCommand",
  "iconoirKeyframeAlignCenter",
  "iconoirKeyframeAlignHorizontal",
  "iconoirKeyframeAlignVertical",
  "iconoirKeyframePosition",
  "iconoirKeyframe",
  "iconoirKeyframesCouple",
  "iconoirKeyframes",
  "iconoirLabel",
  "iconoirLamp",
  "iconoirLanguage",
  "iconoirLaptopCharging",
  "iconoirLaptopFix",
  "iconoirLaptopIssue",
  "iconoirLaptop",
  "iconoirLargeSuitcase",
  "iconoirLayoutLeft",
  "iconoirLayoutRight",
  "iconoirLeaderboardStar",
  "iconoirLeaderboard",
  "iconoirLeaf",
  "iconoirLearning",
  "iconoirLeftRoundArrow",
  "iconoirLens",
  "iconoirLifebelt",
  "iconoirLightBulbOff",
  "iconoirLightBulbOn",
  "iconoirLightBulb",
  "iconoirLineSpace",
  "iconoirLinear",
  "iconoirLink",
  "iconoirLinkedin",
  "iconoirLinux",
  "iconoirListSelect",
  "iconoirList",
  "iconoirLitecoinCircle",
  "iconoirLitecoinRotateOut",
  "iconoirLoadActionFloppy",
  "iconoirLockKey",
  "iconoirLock",
  "iconoirLockedBook",
  "iconoirLockedWindow",
  "iconoirLoft3d",
  "iconoirLogDenied",
  "iconoirLogIn",
  "iconoirLogOut",
  "iconoirLongArrowDownLeft",
  "iconoirLongArrowDownRight",
  "iconoirLongArrowLeftDown",
  "iconoirLongArrowLeftUp",
  "iconoirLongArrowRightDown",
  "iconoirLongArrowRightUp1",
  "iconoirLongArrowRightUp",
  "iconoirLongArrowUpLeft",
  "iconoirLongArrowUpRight",
  "iconoirLotOfCash",
  "iconoirLullaby",
  "iconoirMacControlKey",
  "iconoirMacDock",
  "iconoirMacOptionKey",
  "iconoirMacOsWindow",
  "iconoirMagicWand",
  "iconoirMagnetEnergy",
  "iconoirMagnet",
  "iconoirMailIn",
  "iconoirMailOpened",
  "iconoirMailOut",
  "iconoirMail",
  "iconoirMale",
  "iconoirMapIssue",
  "iconoirMap",
  "iconoirMapsArrowDiagonal",
  "iconoirMapsArrowIssue",
  "iconoirMapsArrow",
  "iconoirMapsGoStraight",
  "iconoirMapsTurnBack",
  "iconoirMapsTurnLeft",
  "iconoirMapsTurnRight",
  "iconoirMaskSquare",
  "iconoirMastercardCard",
  "iconoirMathBook",
  "iconoirMaximize",
  "iconoirMedal",
  "iconoirMediaImageFolder",
  "iconoirMediaImageList",
  "iconoirMediaImage",
  "iconoirMediaVideoFolder",
  "iconoirMediaVideoList",
  "iconoirMediaVideo",
  "iconoirMediumPriority",
  "iconoirMedium",
  "iconoirMegaphone",
  "iconoirMenuScale",
  "iconoirMenu",
  "iconoirMessageAlert",
  "iconoirMessageText",
  "iconoirMessage",
  "iconoirMetro",
  "iconoirMicAdd",
  "iconoirMicCheck",
  "iconoirMicMute",
  "iconoirMicRemove",
  "iconoirMicSpeaking",
  "iconoirMicWarning",
  "iconoirMic",
  "iconoirMicroscope",
  "iconoirMinus1",
  "iconoirMinusCircle",
  "iconoirMinusHexagon",
  "iconoirMinusPinAlt",
  "iconoirMinusSquare",
  "iconoirMinus",
  "iconoirMirror",
  "iconoirMissingFont",
  "iconoirModernTv4k",
  "iconoirModernTv",
  "iconoirMoneySquare",
  "iconoirMoonSat",
  "iconoirMoreHorizCircle",
  "iconoirMoreHoriz",
  "iconoirMoreVertCircle",
  "iconoirMoreVert",
  "iconoirMotorcycle",
  "iconoirMouseButtonLeft",
  "iconoirMouseButtonRight",
  "iconoirMouseScrollWheel",
  "iconoirMoveDown",
  "iconoirMoveLeft",
  "iconoirMoveRight",
  "iconoirMoveRuler",
  "iconoirMoveUp",
  "iconoirMovie",
  "iconoirMpegFormat",
  "iconoirMultiBubble",
  "iconoirMultiMacOsWindow",
  "iconoirMultiWindow",
  "iconoirMultiplePagesAdd",
  "iconoirMultiplePagesDelete",
  "iconoirMultiplePagesEmpty",
  "iconoirMultiplePagesRemove",
  "iconoirMultiplePages",
  "iconoirMusicDoubleNoteAdd",
  "iconoirMusicDoubleNote",
  "iconoirMusicNoteAdd",
  "iconoirMusicNote",
  "iconoirNavArrowDown",
  "iconoirNavArrowLeft",
  "iconoirNavArrowRight",
  "iconoirNavArrowUp",
  "iconoirNavigatorAlt",
  "iconoirNavigator",
  "iconoirNeighbourhood",
  "iconoirNetworkAlt",
  "iconoirNetworkLeft",
  "iconoirNetworkRight",
  "iconoirNetwork",
  "iconoirNewTab",
  "iconoirNintendoSwitch",
  "iconoirNitrogen",
  "iconoirNoAccessWindow",
  "iconoirNoBattery",
  "iconoirNoCoin",
  "iconoirNoCreditCard",
  "iconoirNoLink",
  "iconoirNoLock",
  "iconoirNoSmokingCircle",
  "iconoirNoSmoking",
  "iconoirNonBinary",
  "iconoirNotes",
  "iconoirNpmSquare",
  "iconoirNpm",
  "iconoirNumberedListLeft",
  "iconoirNumberedListRight",
  "iconoirOctagon",
  "iconoirOffTag",
  "iconoirOilIndustry",
  "iconoirOkrs",
  "iconoirOnTag",
  "iconoirOneFingerSelectHandGesture",
  "iconoirOnePointCircle",
  "iconoirOpenBook",
  "iconoirOpenInBrowser",
  "iconoirOpenInWindow",
  "iconoirOpenNewWindow",
  "iconoirOpenSelectHandGesture",
  "iconoirOpenVpn",
  "iconoirOrangeHalf",
  "iconoirOrangeSliceAlt",
  "iconoirOrangeSlice",
  "iconoirOrganicFoodSquare",
  "iconoirOrganicFood",
  "iconoirOrthogonalView",
  "iconoirOxygen",
  "iconoirPackageLock",
  "iconoirPackage",
  "iconoirPackages",
  "iconoirPacman",
  "iconoirPageDown",
  "iconoirPageEdit",
  "iconoirPageFlip",
  "iconoirPageLeft",
  "iconoirPageRight",
  "iconoirPageSearch",
  "iconoirPageStar",
  "iconoirPageUp",
  "iconoirPage",
  "iconoirPalette",
  "iconoirPanoramaEnlarge",
  "iconoirPanoramaReduce",
  "iconoirPantsAlt",
  "iconoirPants",
  "iconoirParking",
  "iconoirPasswordCursor",
  "iconoirPasswordError",
  "iconoirPasswordPass",
  "iconoirPasteClipboard",
  "iconoirPatchHoles3d",
  "iconoirPathArrow",
  "iconoirPauseWindow",
  "iconoirPause",
  "iconoirPaypal",
  "iconoirPcCheck",
  "iconoirPcFirewall",
  "iconoirPcMouse",
  "iconoirPcNoEntry",
  "iconoirPcWarning",
  "iconoirPeaceHand",
  "iconoirPenConnectBluetooth",
  "iconoirPenConnectWifi",
  "iconoirPenTabletConnectUsb",
  "iconoirPenTabletConnectWifi",
  "iconoirPenTablet",
  "iconoirPentagon",
  "iconoirPeopleTag",
  "iconoirPercentRotateOut",
  "iconoirPercentageCircle",
  "iconoirPercentageSquare",
  "iconoirPercentage",
  "iconoirPerspectiveView",
  "iconoirPharmacyCrossCircle",
  "iconoirPharmacyCrossSquare",
  "iconoirPhoneAdd",
  "iconoirPhoneDelete",
  "iconoirPhoneDisabled",
  "iconoirPhoneIncome",
  "iconoirPhoneOutcome",
  "iconoirPhonePaused",
  "iconoirPhoneRemove",
  "iconoirPhone",
  "iconoirPiggyBank",
  "iconoirPillow",
  "iconoirPinAlt",
  "iconoirPin",
  "iconoirPineTree",
  "iconoirPinterest",
  "iconoirPipe3d",
  "iconoirPizzaSlice",
  "iconoirPlanetAlt",
  "iconoirPlanetSat",
  "iconoirPlanet",
  "iconoirPlanimetry",
  "iconoirPlay",
  "iconoirPlaylistAdd",
  "iconoirPlaylistPlay",
  "iconoirPlaylist",
  "iconoirPlaystationGamepad",
  "iconoirPlugTypeA",
  "iconoirPlugTypeC",
  "iconoirPlugTypeG",
  "iconoirPlugTypeL",
  "iconoirPlus",
  "iconoirPngFormat",
  "iconoirPocket",
  "iconoirPodcast",
  "iconoirPokeball",
  "iconoirPositionAlign",
  "iconoirPosition",
  "iconoirPotion",
  "iconoirPound",
  "iconoirPrecisionTool",
  "iconoirPresentation",
  "iconoirPrinterAlt",
  "iconoirPrinter",
  "iconoirPrintingPage",
  "iconoirPriorityDown",
  "iconoirPriorityUp",
  "iconoirPrivacyPolicy",
  "iconoirPrivateWifi",
  "iconoirProfileCircle",
  "iconoirProhibition",
  "iconoirProjectCurve3d",
  "iconoirPuzzle",
  "iconoirQrCode",
  "iconoirQuestionMark",
  "iconoirQuoteMessage",
  "iconoirQuote",
  "iconoirRadiation",
  "iconoirRadius",
  "iconoirRain",
  "iconoirRawFormat",
  "iconoirReceiveDollars",
  "iconoirReceiveEuros",
  "iconoirReceivePounds",
  "iconoirReceiveYens",
  "iconoirRedoAction",
  "iconoirRedoCircle",
  "iconoirRedo",
  "iconoirReduceRoundArrow",
  "iconoirReduce",
  "iconoirRefreshCircular",
  "iconoirRefreshDouble",
  "iconoirRefresh",
  "iconoirReloadWindow",
  "iconoirReminderHandGesture",
  "iconoirRemoveDatabaseScript",
  "iconoirRemoveFolder",
  "iconoirRemoveFrame",
  "iconoirRemoveFromCart",
  "iconoirRemoveKeyframeAlt",
  "iconoirRemoveKeyframe",
  "iconoirRemoveKeyframes",
  "iconoirRemoveLink",
  "iconoirRemoveMediaImage",
  "iconoirRemoveMediaVideo",
  "iconoirRemovePageAlt",
  "iconoirRemovePage",
  "iconoirRemovePinAlt",
  "iconoirRemovePin",
  "iconoirRemoveSelection",
  "iconoirRemoveSquare",
  "iconoirRemoveUser",
  "iconoirRepeatOnce",
  "iconoirRepeat",
  "iconoirReplyToMessage",
  "iconoirReply",
  "iconoirReportColumns",
  "iconoirReports",
  "iconoirRepository",
  "iconoirRestart",
  "iconoirRewind",
  "iconoirRhombus",
  "iconoirRightRoundArrow",
  "iconoirRings",
  "iconoirRocket",
  "iconoirRook",
  "iconoirRotateCameraLeft",
  "iconoirRotateCameraRight",
  "iconoirRoundFlask",
  "iconoirRoundedMirror",
  "iconoirRssFeedTag",
  "iconoirRssFeed",
  "iconoirRubikCube",
  "iconoirRulerAdd",
  "iconoirRulerCombine",
  "iconoirRulerRemove",
  "iconoirRuler",
  "iconoirRunning",
  "iconoirSafari",
  "iconoirSafeArrowLeft",
  "iconoirSafeArrowRight",
  "iconoirSafeOpen",
  "iconoirSafe",
  "iconoirSandals",
  "iconoirSaveActionFloppy",
  "iconoirSaveFloppyDisk",
  "iconoirScaleFrameEnlarge",
  "iconoirScaleFrameReduce",
  "iconoirScanBarcode",
  "iconoirScanQrCode",
  "iconoirScanning",
  "iconoirScarf",
  "iconoirScissorAlt",
  "iconoirScissor",
  "iconoirScreenshot",
  "iconoirSeaAndSun",
  "iconoirSeaWaves",
  "iconoirSearchEngine",
  "iconoirSearchFont",
  "iconoirSearchWindow",
  "iconoirSearch",
  "iconoirSecureWindow",
  "iconoirSecurityPass",
  "iconoirSelectWindow",
  "iconoirSelection",
  "iconoirSelectiveTool",
  "iconoirSendDiagonal",
  "iconoirSendDollars",
  "iconoirSendEuros",
  "iconoirSendMail",
  "iconoirSendPounds",
  "iconoirSendYens",
  "iconoirSend",
  "iconoirServerConnection",
  "iconoirServer",
  "iconoirSettingsCloud",
  "iconoirSettingsProfiles",
  "iconoirSettings",
  "iconoirShareAndroid",
  "iconoirShareIos",
  "iconoirShieldAdd",
  "iconoirShieldAlert",
  "iconoirShieldAlt",
  "iconoirShieldBroken",
  "iconoirShieldCheck",
  "iconoirShieldCross",
  "iconoirShieldDownload",
  "iconoirShieldEye",
  "iconoirShieldLoading",
  "iconoirShieldMinus",
  "iconoirShieldQuestion",
  "iconoirShieldSearch",
  "iconoirShieldUpload",
  "iconoirShield",
  "iconoirShopAlt",
  "iconoirShop",
  "iconoirShoppingBagAdd",
  "iconoirShoppingBagAlt",
  "iconoirShoppingBagArrowDown",
  "iconoirShoppingBagArrowUp",
  "iconoirShoppingBagCheck",
  "iconoirShoppingBagIssue",
  "iconoirShoppingBagRemove",
  "iconoirShoppingBag",
  "iconoirShoppingCodeCheck",
  "iconoirShoppingCodeError",
  "iconoirShoppingCode",
  "iconoirShortPantsAlt",
  "iconoirShortPants",
  "iconoirShortcut",
  "iconoirShuffle",
  "iconoirSidebarCollapse",
  "iconoirSidebarExpand",
  "iconoirSigmaFunction",
  "iconoirSimpleCart",
  "iconoirSineWave",
  "iconoirSingleTapGesture",
  "iconoirSkateboard",
  "iconoirSkateboarding",
  "iconoirSkipNext",
  "iconoirSkipPrev",
  "iconoirSlash",
  "iconoirSleeperChair",
  "iconoirSmallLampAlt",
  "iconoirSmallLamp",
  "iconoirSmallShopAlt",
  "iconoirSmallShop",
  "iconoirSmartphoneDevice",
  "iconoirSmoking",
  "iconoirSnapchat",
  "iconoirSnowFlake",
  "iconoirSnow",
  "iconoirSoap",
  "iconoirSoccerBall",
  "iconoirSofa",
  "iconoirSoilAlt",
  "iconoirSoil",
  "iconoirSortDown",
  "iconoirSortUp",
  "iconoirSort",
  "iconoirSoundHigh",
  "iconoirSoundLow",
  "iconoirSoundMin",
  "iconoirSoundOff",
  "iconoirSpades",
  "iconoirSphere",
  "iconoirSpiral",
  "iconoirSpockHandGesture",
  "iconoirSpotify",
  "iconoirSquareWave",
  "iconoirSquare",
  "iconoirStackoverflow",
  "iconoirStarDashed",
  "iconoirStarHalfDashed",
  "iconoirStar",
  "iconoirStatDown",
  "iconoirStatUp",
  "iconoirStatsDownSquare",
  "iconoirStatsReport",
  "iconoirStatsUpSquare",
  "iconoirStrategy",
  "iconoirStretching",
  "iconoirStrikethrough",
  "iconoirStroller",
  "iconoirStyleBorder",
  "iconoirSubmitDocument",
  "iconoirSubstract",
  "iconoirSuggestion",
  "iconoirSunLight",
  "iconoirSvgFormat",
  "iconoirSweep3d",
  "iconoirSwimming",
  "iconoirSwipeDownGesture",
  "iconoirSwipeLeftGesture",
  "iconoirSwipeRightGesture",
  "iconoirSwipeTwoFingersDownGesture",
  "iconoirSwipeTwoFingersLeftGesture",
  "iconoirSwipeTwoFingersRightGesture",
  "iconoirSwipeTwoFingersUpGesture",
  "iconoirSwipeUpGesture",
  "iconoirSwitchOff",
  "iconoirSwitchOn",
  "iconoirSystemRestart",
  "iconoirSystemShut",
  "iconoirTShirt",
  "iconoirTable2Columns",
  "iconoirTableRows",
  "iconoirTable",
  "iconoirTaskList",
  "iconoirTelegramCircle",
  "iconoirTelegram",
  "iconoirTemperatureDown",
  "iconoirTemperatureHigh",
  "iconoirTemperatureLow",
  "iconoirTemperatureUp",
  "iconoirTennisBallAlt",
  "iconoirTennisBall",
  "iconoirTerminalTag",
  "iconoirTerminal",
  "iconoirTestTube",
  "iconoirTextAlt",
  "iconoirTextBox",
  "iconoirTextSize",
  "iconoirText",
  "iconoirThreePointsCircle",
  "iconoirThreeStars",
  "iconoirThumbsDown",
  "iconoirThumbsUp",
  "iconoirThunderstorm",
  "iconoirTifFormat",
  "iconoirTiffFormat",
  "iconoirTiktok",
  "iconoirTimeZone",
  "iconoirTimerOff",
  "iconoirTimer",
  "iconoirTools",
  "iconoirTournament",
  "iconoirTowerCheck",
  "iconoirTowerNoAccess",
  "iconoirTowerWarning",
  "iconoirTower",
  "iconoirTrademark",
  "iconoirTrain",
  "iconoirTram",
  "iconoirTransitionDown",
  "iconoirTransitionLeft",
  "iconoirTransitionRight",
  "iconoirTransitionUp",
  "iconoirTranslate",
  "iconoirTrash",
  "iconoirTreadmill",
  "iconoirTree",
  "iconoirTrekking",
  "iconoirTrello",
  "iconoirTriangleFlagCircle",
  "iconoirTriangleFlagTwoStripes",
  "iconoirTriangleFlag",
  "iconoirTriangle",
  "iconoirTrophy",
  "iconoirTruckLength",
  "iconoirTruck",
  "iconoirTunnel",
  "iconoirTvFix",
  "iconoirTvIssue",
  "iconoirTv",
  "iconoirTwitterVerifiedBadge",
  "iconoirTwitter",
  "iconoirTwoPointsCircle",
  "iconoirTwoSeaterSofa",
  "iconoirType",
  "iconoirUmbrellaFull",
  "iconoirUnderlineSquare",
  "iconoirUnderline",
  "iconoirUndoAction",
  "iconoirUndoCircle",
  "iconoirUndo",
  "iconoirUnionAlt",
  "iconoirUnionHorizAlt",
  "iconoirUnion",
  "iconoirUnity5",
  "iconoirUnity",
  "iconoirUnjoin3d",
  "iconoirUpRoundArrow",
  "iconoirUploadDataWindow",
  "iconoirUploadSquare",
  "iconoirUpload",
  "iconoirUsb",
  "iconoirUserBag",
  "iconoirUserCart",
  "iconoirUserCircle",
  "iconoirUserCrown",
  "iconoirUserLove",
  "iconoirUserScan",
  "iconoirUserSquare",
  "iconoirUserStar",
  "iconoirUser",
  "iconoirVeganCircle",
  "iconoirVeganSquare",
  "iconoirVegan",
  "iconoirVerifiedBadge",
  "iconoirVerifiedUser",
  "iconoirVerticalMerge",
  "iconoirVerticalSplit",
  "iconoirVials",
  "iconoirVideoCameraOff",
  "iconoirVideoCamera",
  "iconoirVideoProjector",
  "iconoirViewColumns2",
  "iconoirViewColumns3",
  "iconoirViewGrid",
  "iconoirViewStructureDown",
  "iconoirViewStructureUp",
  "iconoirVoiceCircle",
  "iconoirVoiceError",
  "iconoirVoiceLockCircle",
  "iconoirVoiceOk",
  "iconoirVoicePhone",
  "iconoirVoiceScan",
  "iconoirVoiceSquare",
  "iconoirVoice",
  "iconoirVrSymbol",
  "iconoirVueJs",
  "iconoirWaist",
  "iconoirWalking",
  "iconoirWallet",
  "iconoirWarningCircle",
  "iconoirWarningHexagon",
  "iconoirWarningSquare",
  "iconoirWarningTriangle",
  "iconoirWarningWindow",
  "iconoirWash",
  "iconoirWashingMachine",
  "iconoirWateringSoil",
  "iconoirWebWindowClose",
  "iconoirWebWindowEnergyConsumption",
  "iconoirWebWindow",
  "iconoirWebpFormat",
  "iconoirWeightAlt",
  "iconoirWeight",
  "iconoirWhiteFlag",
  "iconoirWifiError",
  "iconoirWifiIssue",
  "iconoirWifiOff",
  "iconoirWifiSignalNone",
  "iconoirWifiTag",
  "iconoirWifi",
  "iconoirWind",
  "iconoirWindows",
  "iconoirWolf",
  "iconoirWomenTShirt",
  "iconoirWrapText",
  "iconoirWrench",
  "iconoirWristwatch",
  "iconoirWww",
  "iconoirXCoordinate",
  "iconoirXboxA",
  "iconoirXboxB",
  "iconoirXboxX",
  "iconoirXboxY",
  "iconoirXrayView",
  "iconoirYCoordinate",
  "iconoirYelp",
  "iconoirYenSquare",
  "iconoirYen",
  "iconoirYoga",
  "iconoirYoutube",
  "iconoirZCoordinate",
  "iconoirZoomIn",
  "iconoirZoomOut",
]
`;
