// Jest Snapshot v1, https://goo.gl/fbAQLP

exports[`Radix Icons should ensure the export names have not changed unexpectedly 1`] = `
Array [
  "radixActivityLog",
  "radixAlignBaseline",
  "radixAlignBottom",
  "radixAlignCenterHorizontally",
  "radixAlignCenterVertically",
  "radixAlignCenter",
  "radixAlignEnd",
  "radixAlignHorizontalCenters",
  "radixAlignLeft",
  "radixAlignRight",
  "radixAlignStart",
  "radixAlignStretch",
  "radixAlignTop",
  "radixAlignVerticalCenters",
  "radixAllSides",
  "radixAngle",
  "radixArchive",
  "radixArrowBottomLeft",
  "radixArrowBottomRight",
  "radixArrowDown",
  "radixArrowLeft",
  "radixArrowRight",
  "radixArrowTopLeft",
  "radixArrowTopRight",
  "radixArrowUp",
  "radixAspectRatio",
  "radixAvatar",
  "radixBackpack",
  "radixBadge",
  "radixBarChart",
  "radixBell",
  "radixBlendingMode",
  "radixBookmark",
  "radixBorderAll",
  "radixBorderBottom",
  "radixBorderDashed",
  "radixBorderDotted",
  "radixBorderLeft",
  "radixBorderNone",
  "radixBorderRight",
  "radixBorderSolid",
  "radixBorderSplit",
  "radixBorderStyle",
  "radixBorderTop",
  "radixBoxModel",
  "radixBox",
  "radixButton",
  "radixCalendar",
  "radixCamera",
  "radixCardStackMinus",
  "radixCardStackPlus",
  "radixCardStack",
  "radixCaretDown",
  "radixCaretLeft",
  "radixCaretRight",
  "radixCaretSort",
  "radixCaretUp",
  "radixChatBubble",
  "radixCheckCircled",
  "radixCheck",
  "radixCheckbox",
  "radixChevronDown",
  "radixChevronLeft",
  "radixChevronRight",
  "radixChevronUp",
  "radixCircleBackslash",
  "radixCircle",
  "radixClipboardCopy",
  "radixClipboard",
  "radixClock",
  "radixCode",
  "radixCodesandboxLogo",
  "radixColumnSpacing",
  "radixColumns",
  "radixCommit",
  "radixComponent1",
  "radixComponent2",
  "radixComponentBoolean",
  "radixComponentInstance",
  "radixComponentNone",
  "radixComponentPlaceholder",
  "radixContainer",
  "radixCookie",
  "radixCopy",
  "radixCornerBottomLeft",
  "radixCornerBottomRight",
  "radixCornerTopLeft",
  "radixCornerTopRight",
  "radixCorners",
  "radixCountdownTimer",
  "radixCounterClockwiseClock",
  "radixCrop",
  "radixCross1",
  "radixCross2",
  "radixCrossCircled",
  "radixCrosshair1",
  "radixCrosshair2",
  "radixCrumpledPaper",
  "radixCube",
  "radixCursorArrow",
  "radixCursorText",
  "radixDash",
  "radixDashboard",
  "radixDimensions",
  "radixDisc",
  "radixDividerHorizontal",
  "radixDividerVertical",
  "radixDotFilled",
  "radixDotSolid",
  "radixDot",
  "radixDotsHorizontal",
  "radixDotsVertical",
  "radixDoubleArrowDown",
  "radixDoubleArrowLeft",
  "radixDoubleArrowRight",
  "radixDoubleArrowUp",
  "radixDownload",
  "radixDragHandleDots1",
  "radixDragHandleDots2",
  "radixDragHandleHorizontal",
  "radixDragHandleVertical",
  "radixDrawingPinFilled",
  "radixDrawingPinSolid",
  "radixDrawingPin",
  "radixDropdownMenu",
  "radixEnterFullScreen",
  "radixEnter",
  "radixEnvelopeClosed",
  "radixEnvelopeOpen",
  "radixExclamationTriangle",
  "radixExitFullScreen",
  "radixExit",
  "radixExternalLink",
  "radixEyeClosed",
  "radixEyeNone",
  "radixEyeOpen",
  "radixFace",
  "radixFigmaLogo",
  "radixFileMinus",
  "radixFilePlus",
  "radixFileText",
  "radixFile",
  "radixFontBold",
  "radixFontFamily",
  "radixFontItalic",
  "radixFontRoman",
  "radixFontSize",
  "radixFontStyle",
  "radixFrame",
  "radixFramerLogo",
  "radixGear",
  "radixGithubLogo",
  "radixGlobe",
  "radixGrid",
  "radixGroup",
  "radixHalf1",
  "radixHalf2",
  "radixHamburgerMenu",
  "radixHand",
  "radixHeading",
  "radixHeight",
  "radixHome",
  "radixIconjarLogo",
  "radixIdCard",
  "radixImage",
  "radixInfoCircled",
  "radixInnerShadow",
  "radixInput",
  "radixJustifyCenter",
  "radixJustifyEnd",
  "radixJustifyStart",
  "radixJustifyStretch",
  "radixLapTimer",
  "radixLayers",
  "radixLayout",
  "radixLetterCaseCapitalize",
  "radixLetterCaseLowercase",
  "radixLetterCaseToggle",
  "radixLetterCaseUppercase",
  "radixLetterSpacing",
  "radixLightningBolt",
  "radixLineHeight",
  "radixLink1",
  "radixLink2",
  "radixLinkBreak1",
  "radixLinkBreak2",
  "radixLinkNone1",
  "radixLinkNone2",
  "radixListBullet",
  "radixLockClosed",
  "radixLockOpen1",
  "radixLockOpen2",
  "radixLoop",
  "radixMagicWand",
  "radixMagnifyingGlass",
  "radixMargin",
  "radixMaskOff",
  "radixMaskOn",
  "radixMinusCircled",
  "radixMinus",
  "radixMix",
  "radixMixerHorizontal",
  "radixMixerVertical",
  "radixModulzLogo",
  "radixMoon",
  "radixMove",
  "radixNotionLogo",
  "radixOpacity",
  "radixOuterShadow",
  "radixOverline",
  "radixPadding",
  "radixPaperPlane",
  "radixPause",
  "radixPencil1",
  "radixPencil2",
  "radixPerson",
  "radixPieChart",
  "radixPilcrow",
  "radixPinBottom",
  "radixPinLeft",
  "radixPinRight",
  "radixPinTop",
  "radixPlay",
  "radixPlusCircled",
  "radixPlus",
  "radixQuestionMarkCircled",
  "radixQuestionMark",
  "radixQuote",
  "radixRadiobutton",
  "radixReader",
  "radixReload",
  "radixReset",
  "radixResume",
  "radixRocket",
  "radixRotateCounterClockwise",
  "radixRowSpacing",
  "radixRows",
  "radixRulerHorizontal",
  "radixRulerSquare",
  "radixSection",
  "radixSewingPinFilled",
  "radixSewingPinSolid",
  "radixSewingPin",
  "radixShadowInner",
  "radixShadowNone",
  "radixShadowOuter",
  "radixShadow",
  "radixShare1",
  "radixShare2",
  "radixShuffle",
  "radixSize",
  "radixSketchLogo",
  "radixSlash",
  "radixSlider",
  "radixSpaceBetweenHorizontally",
  "radixSpaceBetweenVertically",
  "radixSpaceEvenlyHorizontally",
  "radixSpaceEvenlyVertically",
  "radixSpeakerLoud",
  "radixSpeakerModerate",
  "radixSpeakerOff",
  "radixSpeakerQuiet",
  "radixSquare",
  "radixStack",
  "radixStarFilled",
  "radixStar",
  "radixStitchesLogo",
  "radixStop",
  "radixStopwatch",
  "radixStretchHorizontally",
  "radixStretchVertically",
  "radixStrikethrough",
  "radixSun",
  "radixSwitch",
  "radixSymbol",
  "radixTable",
  "radixTarget",
  "radixTextAlignCenter",
  "radixTextAlignJustify",
  "radixTextAlignLeft",
  "radixTextAlignRight",
  "radixTextNone",
  "radixText",
  "radixThickArrowDown",
  "radixThickArrowLeft",
  "radixThickArrowRight",
  "radixThickArrowUp",
  "radixTimer",
  "radixTokens",
  "radixTrackNext",
  "radixTrackPrevious",
  "radixTransparencyGrid",
  "radixTrash",
  "radixTriangleDown",
  "radixTriangleLeft",
  "radixTriangleRight",
  "radixTriangleUp",
  "radixTwitterLogo",
  "radixUnderline",
  "radixUpdate",
  "radixUpload",
  "radixValueNone",
  "radixValue",
  "radixVercelLogo",
  "radixVideo",
  "radixViewGrid",
  "radixViewHorizontal",
  "radixViewNone",
  "radixViewVertical",
  "radixWidth",
  "radixZoomIn",
  "radixZoomOut",
]
`;
