// Jest Snapshot v1, https://goo.gl/fbAQLP

exports[`Svgl Icons should ensure the export names have not changed unexpectedly 1`] = `
Array [
  "svgl1passwordDark",
  "svgl1passwordLight",
  "svglAdobeXd",
  "svglAdobe",
  "svglAffinityDesigner",
  "svglAffinityPhoto",
  "svglAffinityPublisher",
  "svglAfordinDark",
  "svglAfordinLight",
  "svglAfterEffects",
  "svglAhooksWordmarkDark",
  "svglAhooksWordmarkLight",
  "svglAhooks",
  "svglAirbnbWordmark",
  "svglAirbnb",
  "svglAlacritty",
  "svglAlgolia",
  "svglAlgorand",
  "svglAliexpressIcon",
  "svglAliexpressLogo",
  "svglAmp",
  "svglAndroidIcon",
  "svglAndroid",
  "svglAngular",
  "svglAnimate",
  "svglApidog",
  "svglAppleDark",
  "svglAppleMusicIcon",
  "svglAppleMusicWordmarkDark",
  "svglAppleMusicWordmarkLight",
  "svglApple",
  "svglAppwrite",
  "svglArcBrowser",
  "svglArcDark",
  "svglArcFintechDark",
  "svglArcFintechLight",
  "svglArc",
  "svglAsanaLogo",
  "svglAsanaWordmarkDark",
  "svglAsanaWordmarkLight",
  "svglAstroDark",
  "svglAstro",
  "svglAtlassian",
  "svglAtom",
  "svglAuth0",
  "svglAuthy",
  "svglAwsDark",
  "svglAwsLight",
  "svglAxiomDark",
  "svglAxiomLight",
  "svglAxiomWordmarkDark",
  "svglAxiomWordmarkLight",
  "svglAxure",
  "svglAzure",
  "svglBabel",
  "svglBard",
  "svglBasewell",
  "svglBashDark",
  "svglBash",
  "svglBeaconLogo",
  "svglBento",
  "svglBigcommerceDark",
  "svglBigcommerceLight",
  "svglBinance",
  "svglBing",
  "svglBiomejs",
  "svglBitwarden",
  "svglBlender",
  "svglBlitzjs",
  "svglBluesky",
  "svglBnb",
  "svglBoltNewDark",
  "svglBoltNew",
  "svglBootstrap",
  "svglBrave",
  "svglBtc",
  "svglBuilder",
  "svglBuildship",
  "svglBun",
  "svglCPlusplus",
  "svglC",
  "svglCalDark",
  "svglCal",
  "svglCalendly",
  "svglCanva",
  "svglCarrd",
  "svglChakraUi",
  "svglChartjs",
  "svglChrome",
  "svglChromium",
  "svglCiscoDark",
  "svglCiscoLight",
  "svglClaudeAiIcon",
  "svglClaudeAiWordmarkIconDark",
  "svglClaudeAiWordmarkIconLight",
  "svglClaudeAi",
  "svglClerkDark",
  "svglClerkLight",
  "svglCloudflareWorkers",
  "svglCloudflare",
  "svglCloudinary",
  "svglCobol",
  "svglCodesandboxSquare",
  "svglCodium",
  "svglCody",
  "svglCohereWordmark",
  "svglCohere",
  "svglCoinbaseWordmarkDark",
  "svglCoinbaseWordmarkLight",
  "svglCoinbase",
  "svglCopilotDark",
  "svglCopilot",
  "svglCoursera",
  "svglCrossplane",
  "svglCsharp",
  "svglCssOld",
  "svglCss",
  "svglCypress",
  "svglDailyDevDark",
  "svglDailyDevLigth",
  "svglDart",
  "svglDatadog",
  "svglDenoDark",
  "svglDeno",
  "svglDevtoDark",
  "svglDevtoLight",
  "svglDigitalocean",
  "svglDirectus",
  "svglDiscord",
  "svglDiscourse",
  "svglDisneyplus",
  "svglDjango",
  "svglDjs",
  "svglDocker",
  "svglDocumensoDark",
  "svglDocumenso",
  "svglDocusaurus",
  "svglDoge",
  "svglDrive",
  "svglDrizzleOrmDark",
  "svglDrizzleOrmLight",
  "svglDubDarkLogo",
  "svglDubDarkWordmark",
  "svglDubLightWordmark",
  "svglDubWordmark",
  "svglDub",
  "svglDuckduckgoWordmark",
  "svglDuckduckgo",
  "svglDw",
  "svglEbay",
  "svglEclipse",
  "svglEdge",
  "svglElectron",
  "svglElementor",
  "svglElysiajs",
  "svglEmacs",
  "svglEmber",
  "svglEsbuild",
  "svglEth",
  "svglExome",
  "svglExpo",
  "svglExpressjsDark",
  "svglExpressjs",
  "svglFacebook",
  "svglFastapi",
  "svglFastifyDark",
  "svglFastify",
  "svglFigma",
  "svglFirebaseWordmark",
  "svglFirebase",
  "svglFirefox",
  "svglFlaskDark",
  "svglFlaskLight",
  "svglFlaskWordmarkDark",
  "svglFlaskWordmarkLight",
  "svglFleet",
  "svglFlowbite",
  "svglFlutter",
  "svglFly",
  "svglFortran",
  "svglFramerDark",
  "svglFramer",
  "svglFresh",
  "svglFront",
  "svglGatsby",
  "svglGdsc",
  "svglGimp",
  "svglGit",
  "svglGithubDark",
  "svglGithubLight",
  "svglGitlab",
  "svglGleam",
  "svglGmail",
  "svglGodaddyDark",
  "svglGodaddy",
  "svglGodotEngine",
  "svglGolangDark",
  "svglGolang",
  "svglGoogleColaboratory",
  "svglGoogleIdx",
  "svglGooglePalm",
  "svglGoogleWordmark",
  "svglGoogle",
  "svglGradio",
  "svglGrafana",
  "svglGraphql",
  "svglGroqWordmarkDark",
  "svglGroqWordmarkLight",
  "svglGroq",
  "svglHackTheBoxWordmarkDark",
  "svglHackTheBoxWordmarkLight",
  "svglHackTheBox",
  "svglHashnode",
  "svglHaskell",
  "svglHcaptcha",
  "svglHeadlessui",
  "svglHeroku",
  "svglHomeAssistantWordmarkDark",
  "svglHomeAssistantWordmark",
  "svglHomeAssistant",
  "svglHomebrew",
  "svglHono",
  "svglHoppscotch",
  "svglHostgator",
  "svglHtml5",
  "svglHuggingFace",
  "svglHugo",
  "svglHuluDark",
  "svglHulu",
  "svglHumeAi",
  "svglIbm",
  "svglIllustrator",
  "svglIndesign",
  "svglInflectionaiDark",
  "svglInflectionaiLight",
  "svglInfojobsLogo",
  "svglInstagramDark",
  "svglInstagram",
  "svglInstatusDark",
  "svglInstatus",
  "svglIntellijidea",
  "svglJasmine",
  "svglJava",
  "svglJavascript",
  "svglJest",
  "svglJetbrainsSpace",
  "svglJetbrains",
  "svglJetbrainsSolid",
  "svglJqueryDark",
  "svglJquery",
  "svglJsonSchema",
  "svglJson",
  "svglJulia",
  "svglJwt",
  "svglKickDark",
  "svglKickLight",
  "svglKotlin",
  "svglKrakenjs",
  "svglKubernetes",
  "svglLaravel",
  "svglLayersDark",
  "svglLayersLight",
  "svglLeapWalletWordmarkDark",
  "svglLeapWalletWordmarkLight",
  "svglLeapWallet",
  "svglLearnthis",
  "svglLemonsqueezy",
  "svglLightroom",
  "svglLinear",
  "svglLinkWordmarkDark",
  "svglLinkWordmarkLight",
  "svglLink",
  "svglLinkedin",
  "svglLinux",
  "svglLit",
  "svglLitecoin",
  "svglLocofy",
  "svglLoom",
  "svglLottielab",
  "svglLua",
  "svglManzdev",
  "svglMariadb",
  "svglMarkdownDark",
  "svglMarkdownLight",
  "svglMastodon",
  "svglMaterialui",
  "svglMatic",
  "svglMatlab",
  "svglMediawikiWordmarkDark",
  "svglMediawikiWordmarkLight",
  "svglMediawiki",
  "svglMedusa",
  "svglMercadoPagoWordmark",
  "svglMercadoPago",
  "svglMermaidLogoDark",
  "svglMermaidLogoLight",
  "svglMessenger",
  "svglMeta",
  "svglMetamask",
  "svglMicrosoftTodo",
  "svglMicrosoft",
  "svglMidday",
  "svglMidudev",
  "svglMilanoteDark",
  "svglMilanoteLight",
  "svglMilanoteWordmarkDark",
  "svglMilanoteWordmarkLight",
  "svglMillion",
  "svglMintlify",
  "svglMistralAiLogo",
  "svglMistralAiWordmark",
  "svglMonero",
  "svglMongodbWordmark",
  "svglMongodb",
  "svglMonkeytype",
  "svglMoon",
  "svglMovieWeb",
  "svglMysql",
  "svglNeon",
  "svglNeovim",
  "svglNestjs",
  "svglNetflix",
  "svglNetlify",
  "svglNextjsIconDark",
  "svglNextjsLogoDark",
  "svglNextjsLogoLight",
  "svglNgrokDark",
  "svglNgrokLight",
  "svglNhost",
  "svglNodejs",
  "svglNotion",
  "svglNpm",
  "svglNuqsDark",
  "svglNuqsWordmarkDark",
  "svglNuqsWordmark",
  "svglNuqs",
  "svglNuxt",
  "svglNxDark",
  "svglNxLight",
  "svglObs",
  "svglObsidian",
  "svglOllamaDark",
  "svglOllamaLight",
  "svglOpenaiDark",
  "svglOpenaiWordmarkDark",
  "svglOpenaiWordmarkLight",
  "svglOpenai",
  "svglOpenbootcamp",
  "svglOpensea",
  "svglOpera",
  "svglOutlook",
  "svglOxc",
  "svglPandacss",
  "svglParcel",
  "svglPatreonDark",
  "svglPatreon",
  "svglPayloadDark",
  "svglPayload",
  "svglPeerlist",
  "svglPenpotDark",
  "svglPenpot",
  "svglPerplexityWordmarkDark",
  "svglPerplexityWordmarkLight",
  "svglPerplexity",
  "svglPhotoshop",
  "svglPhpDark",
  "svglPhp",
  "svglPhpstorm",
  "svglPinia",
  "svglPinterest",
  "svglPitch",
  "svglPlanetscaleDark",
  "svglPlanetscale",
  "svglPlatzi",
  "svglPlaystation",
  "svglPlaywright",
  "svglPm2",
  "svglPnpmDark",
  "svglPnpmWordmarkDark",
  "svglPnpmWordmarkLight",
  "svglPnpm",
  "svglPocketBase",
  "svglPolarShDark",
  "svglPolarShLight",
  "svglPolarsLogo",
  "svglPoper",
  "svglPostcssWordmark",
  "svglPostcss",
  "svglPostgresql",
  "svglPosthogWordmarkDark",
  "svglPosthogWordmark",
  "svglPosthog",
  "svglPostman",
  "svglPreact",
  "svglPremiere",
  "svglPrettierIconDark",
  "svglPrettierIconLight",
  "svglPrimeVideo",
  "svglPrismaDark",
  "svglPrisma",
  "svglProcure",
  "svglProducthunt",
  "svglPulumi",
  "svglPutio",
  "svglPycharm",
  "svglPython",
  "svglQt",
  "svglQwik",
  "svglRDark",
  "svglR",
  "svglRadixUiDark",
  "svglRadixUiLight",
  "svglRailwayDark",
  "svglRailway",
  "svglRaindrop",
  "svglRandevum",
  "svglRapidapi",
  "svglRaspberryPi",
  "svglRaycastWordmarkDark",
  "svglRaycastWordmarkLight",
  "svglRaycast",
  "svglReact",
  "svglReactquery",
  "svglReactrouter",
  "svglReddit",
  "svglRedis",
  "svglRedux",
  "svglRedwoodjs",
  "svglRefineDark",
  "svglRefineLight",
  "svglReflexDark",
  "svglReflexLight",
  "svglRelagitIconDark",
  "svglRelagitIconLight",
  "svglRelagitWordmarkDark",
  "svglRelagitWordmarkLight",
  "svglRemixDark",
  "svglRemixLight",
  "svglRemotion",
  "svglReplicateDark",
  "svglReplicateLight",
  "svglReplicateWordmarkDark",
  "svglReplicateWordmarkLight",
  "svglResendIconBlack",
  "svglResendIconWhite",
  "svglResendWordmarkBlack",
  "svglResendWordmarkWhite",
  "svglRider",
  "svglRobloxLight",
  "svglRoblox",
  "svglRolldown",
  "svglRowy",
  "svglRuby",
  "svglRubymine",
  "svglRunway",
  "svglRustDark",
  "svglRust",
  "svglRxjs",
  "svglSafari",
  "svglSalesforce",
  "svglSanity",
  "svglSass",
  "svglScala",
  "svglSearchByAlgolia",
  "svglSentry",
  "svglSequelize",
  "svglShadcnUiDark",
  "svglShadcnUi",
  "svglShopifyWordmarkDark",
  "svglShopifyWordmarkLight",
  "svglShopify",
  "svglSketchLight",
  "svglSketch",
  "svglSky",
  "svglSkype",
  "svglSlackWordmark",
  "svglSlack",
  "svglSnapchat",
  "svglSol",
  "svglSolidity",
  "svglSolidjs",
  "svglSoundcloudLogoDark",
  "svglSoundcloudLogo",
  "svglSoundcloudWordmarkDark",
  "svglSoundcloudWordmark",
  "svglSoundcloud",
  "svglSourcegraph",
  "svglSpinnaker",
  "svglSpotifyWordmark",
  "svglSpotify",
  "svglSpring",
  "svglSqlServer",
  "svglSqlite",
  "svglSst",
  "svglStabilityAi",
  "svglStackblitz",
  "svglStackoverflowWordmark",
  "svglStackoverflow",
  "svglStatelyDark",
  "svglStately",
  "svglSteam",
  "svglStimulus",
  "svglStoryblok",
  "svglStorybook",
  "svglStrapi",
  "svglStripe",
  "svglStyledcomponents",
  "svglSublimetext",
  "svglSunoWordmarkDark",
  "svglSunoWordmarkLight",
  "svglSuno",
  "svglSupabaseWordmarkDark",
  "svglSupabaseWordmarkLight",
  "svglSupabase",
  "svglSurrealdb",
  "svglSvelte",
  "svglSvgWordmark",
  "svglSvg",
  "svglSvgl",
  "svglSwagger",
  "svglSwc",
  "svglSwift",
  "svglSwrDark",
  "svglSwrLight",
  "svglT3Dark",
  "svglT3Light",
  "svglTabby",
  "svglTailwindcss",
  "svglTanstack",
  "svglTauri",
  "svglTelegram",
  "svglTensorflow",
  "svglTether",
  "svglThreadsDark",
  "svglThreads",
  "svglThreejsDark",
  "svglThreejsLight",
  "svglTidalDark",
  "svglTidalLight",
  "svglTidalWordmarkDark",
  "svglTidalWordmarkLight",
  "svglTiktok",
  "svglTinaWordmark",
  "svglTina",
  "svglTodoistWordmark",
  "svglTodoist",
  "svglTogetheraiDark",
  "svglTogetheraiLight",
  "svglTon",
  "svglTor",
  "svglTron",
  "svglTrpcWordmarkDark",
  "svglTrpcWordmarkLight",
  "svglTrpc",
  "svglTrust",
  "svglTrustpilot",
  "svglTurbopack",
  "svglTurborepo",
  "svglTursoDark",
  "svglTursoLight",
  "svglTursoWordmarkDark",
  "svglTursoWordmarkLight",
  "svglTwilio",
  "svglTwitch",
  "svglTwitter",
  "svglTypeorm",
  "svglTypescript",
  "svglTypesense",
  "svglUberDark",
  "svglUberLight",
  "svglUbuntu",
  "svglUdacity",
  "svglUdemyDark",
  "svglUdemy",
  "svglUnityDark",
  "svglUnity",
  "svglUnocss",
  "svglUnrealEngineDark",
  "svglUnrealEngine",
  "svglUpleveledWordmark",
  "svglUpleveled",
  "svglUpstash",
  "svglUxanarangelDark",
  "svglUxanarangelLight",
  "svglUxcorprangelDark",
  "svglUxcorprangelLight",
  "svglV0Dark",
  "svglV0Light",
  "svglVercelDark",
  "svglVercelWordmarkDark",
  "svglVercelWordmark",
  "svglVercel",
  "svglVim",
  "svglVisualStudio",
  "svglVitejs",
  "svglVitest",
  "svglVivaldi",
  "svglVk",
  "svglVoicemodDark",
  "svglVoicemodLight",
  "svglVoltaDark",
  "svglVoltaLight",
  "svglVscode",
  "svglVue",
  "svglVuetify",
  "svglVueuse",
  "svglWarp",
  "svglWebcomponents",
  "svglWebdev",
  "svglWebflow",
  "svglWebkit",
  "svglWebstorm",
  "svglWhatsapp",
  "svglWhopLight",
  "svglWhop",
  "svglWindicss",
  "svglWindows",
  "svglWordpress",
  "svglWorkosLight",
  "svglWorkos",
  "svglXDark",
  "svglX",
  "svglXbox",
  "svglXrp",
  "svglXstateDark",
  "svglXstate",
  "svglYarn",
  "svglYgeeker",
  "svglYoutubeMusicWordmarkDark",
  "svglYoutubeMusicWordmarkLight",
  "svglYoutubeMusic",
  "svglYoutubeWordmark",
  "svglYoutube",
  "svglZeaburWordmarkDark",
  "svglZeaburWordmarkLight",
  "svglZeaburDark",
  "svglZeaburLight",
  "svglZedLogoDark",
  "svglZedLogo",
  "svglZig",
  "svglZod",
  "svglZoom",
]
`;
