// Jest Snapshot v1, https://goo.gl/fbAQLP

exports[`UxAspects Icons should ensure the export names have not changed unexpectedly 1`] = `
Array [
  "aspects3d",
  "aspectsAchievement",
  "aspectsAction",
  "aspectsActions",
  "aspectsActive",
  "aspectsAdd",
  "aspectsAddressBook",
  "aspectsAdvancedSearch",
  "aspectsAggregate",
  "aspectsAlarm",
  "aspectsAlertFilled",
  "aspectsAlert",
  "aspectsAnalytics",
  "aspectsAnnouncement",
  "aspectsApp",
  "aspectsArchive",
  "aspectsArticle",
  "aspectsAscend",
  "aspectsAssistant",
  "aspectsAttachment",
  "aspectsBarChart",
  "aspectsBlog",
  "aspectsBloomberg",
  "aspectsBook",
  "aspectsBookmarkFilled",
  "aspectsBookmark",
  "aspectsBundle",
  "aspectsCalculator",
  "aspectsCalendar",
  "aspectsCameraFilled",
  "aspectsCamera",
  "aspectsCapacity",
  "aspectsCaretDownFilled",
  "aspectsCaretDown",
  "aspectsCaretNextFilled",
  "aspectsCaretNext",
  "aspectsCaretPreviousFilled",
  "aspectsCaretPrevious",
  "aspectsCaretUpFilled",
  "aspectsCaretUp",
  "aspectsCatalog",
  "aspectsChangePassword",
  "aspectsChapterAdd",
  "aspectsChapterNextFilled",
  "aspectsChapterNext",
  "aspectsChapterPreviousFilled",
  "aspectsChapterPrevious",
  "aspectsChartOrganization",
  "aspectsChartPartition",
  "aspectsChartSankey",
  "aspectsChatAttachment",
  "aspectsChat",
  "aspectsCheckboxSelected",
  "aspectsCheckbox",
  "aspectsCheckmark",
  "aspectsChevronDown",
  "aspectsChevronLeftDouble",
  "aspectsChevronLeft",
  "aspectsChevronRightDouble",
  "aspectsChevronRight",
  "aspectsChevronUp",
  "aspectsChorus",
  "aspectsCircularView",
  "aspectsClipboard",
  "aspectsClone",
  "aspectsClose",
  "aspectsCloudComputer",
  "aspectsCloudDownload",
  "aspectsCloudSoftware",
  "aspectsCloudUpload",
  "aspectsCloud",
  "aspectsCluster",
  "aspectsCode",
  "aspectsCommandLine",
  "aspectsCompare",
  "aspectsCompass",
  "aspectsCompliance",
  "aspectsComputerPersonal",
  "aspectsConfigurationFilled",
  "aspectsConfiguration",
  "aspectsConfluence",
  "aspectsConnect",
  "aspectsContactCard",
  "aspectsContactUsFilled",
  "aspectsContactUs",
  "aspectsContract",
  "aspectsCopy",
  "aspectsCubeFilled",
  "aspectsCube",
  "aspectsCubes",
  "aspectsCursorFilled",
  "aspectsCursor",
  "aspectsCut",
  "aspectsCycle",
  "aspectsDashboard",
  "aspectsDatabase",
  "aspectsDefect",
  "aspectsDeliver",
  "aspectsDeployment",
  "aspectsDescend",
  "aspectsDesktop",
  "aspectsDetach",
  "aspectsDirections",
  "aspectsDislikeFilled",
  "aspectsDislike",
  "aspectsDivideFour",
  "aspectsDivideRight",
  "aspectsDivideThree",
  "aspectsDivide",
  "aspectsDocumentCloud",
  "aspectsDocumentCompress",
  "aspectsDocumentConfig",
  "aspectsDocumentCsv",
  "aspectsDocumentData",
  "aspectsDocumentDownload",
  "aspectsDocumentExcel",
  "aspectsDocumentExecutable",
  "aspectsDocumentHtml",
  "aspectsDocumentImage",
  "aspectsDocumentImport",
  "aspectsDocumentLocked",
  "aspectsDocumentMissing",
  "aspectsDocumentNotes",
  "aspectsDocumentOutlook",
  "aspectsDocumentPdf",
  "aspectsDocumentPerformance",
  "aspectsDocumentPowerpoint",
  "aspectsDocumentRtf",
  "aspectsDocumentSound",
  "aspectsDocumentTest",
  "aspectsDocumentText",
  "aspectsDocumentThreat",
  "aspectsDocumentTime",
  "aspectsDocumentTransfer",
  "aspectsDocumentTxt",
  "aspectsDocumentUpdate",
  "aspectsDocumentUpload",
  "aspectsDocumentUser",
  "aspectsDocumentVerified",
  "aspectsDocumentVideo",
  "aspectsDocumentWord",
  "aspectsDocument",
  "aspectsDomain",
  "aspectsDown",
  "aspectsDownload",
  "aspectsDrag",
  "aspectsDriveCage",
  "aspectsDuplicate",
  "aspectsEditFilled",
  "aspectsEdit",
  "aspectsEfax",
  "aspectsEjectFilled",
  "aspectsEject",
  "aspectsExpand",
  "aspectsExport",
  "aspectsFan",
  "aspectsFastForwardFilled",
  "aspectsFastForward",
  "aspectsFavoriteFilled",
  "aspectsFavorite",
  "aspectsFilterFilled",
  "aspectsFilter",
  "aspectsFirstAid",
  "aspectsFlagFilled",
  "aspectsFlag",
  "aspectsFolderCycle",
  "aspectsFolderOpen",
  "aspectsFolder",
  "aspectsGalleryFilled",
  "aspectsGallery",
  "aspectsGlobe",
  "aspectsGrid",
  "aspectsGroupAdd",
  "aspectsGroup",
  "aspectsGrow",
  "aspectsHalt",
  "aspectsHelpCircle",
  "aspectsHelp",
  "aspectsHighlightingRemove",
  "aspectsHighlighting",
  "aspectsHistory",
  "aspectsHomeFilled",
  "aspectsHome",
  "aspectsHostMaintenance",
  "aspectsHost",
  "aspectsImageFilled",
  "aspectsImage",
  "aspectsImpact",
  "aspectsImport",
  "aspectsInProgress",
  "aspectsInactive",
  "aspectsInbox",
  "aspectsIndicatorFilled",
  "aspectsIndicator",
  "aspectsInformationFilled",
  "aspectsInformation",
  "aspectsInheritFilled",
  "aspectsInherit",
  "aspectsInputToProcess",
  "aspectsInstall",
  "aspectsIntegration",
  "aspectsIterationFilled",
  "aspectsIteration",
  "aspectsJavaFilled",
  "aspectsJava",
  "aspectsLanguage",
  "aspectsLaunch",
  "aspectsLicenseFilled",
  "aspectsLicense",
  "aspectsLikeFilled",
  "aspectsLike",
  "aspectsLineChart",
  "aspectsLinkBottom",
  "aspectsLinkDown",
  "aspectsLinkNext",
  "aspectsLinkPrevious",
  "aspectsLinkTop",
  "aspectsLinkUp",
  "aspectsLink",
  "aspectsList",
  "aspectsLocationFilled",
  "aspectsLocationPinFilled",
  "aspectsLocationPin",
  "aspectsLocation",
  "aspectsLock",
  "aspectsLogin",
  "aspectsLogout",
  "aspectsMailAttachment",
  "aspectsMailFilled",
  "aspectsMail",
  "aspectsManual",
  "aspectsMapLocation",
  "aspectsMap",
  "aspectsMenu",
  "aspectsMicrophoneFilled",
  "aspectsMicrophone",
  "aspectsMonitor",
  "aspectsMore",
  "aspectsMultiple",
  "aspectsNavigate",
  "aspectsNewWindow",
  "aspectsNew",
  "aspectsNewsAggregation",
  "aspectsNewsCollection",
  "aspectsNewsContent",
  "aspectsNews",
  "aspectsNext",
  "aspectsNotes",
  "aspectsNotificationFilled",
  "aspectsNotification",
  "aspectsOptimization",
  "aspectsOrganization",
  "aspectsOverview",
  "aspectsPan",
  "aspectsPauseFilled",
  "aspectsPause",
  "aspectsPaymentGoogleWallet",
  "aspectsPaymentMastercard",
  "aspectsPaymentPaypal",
  "aspectsPaymentSquare",
  "aspectsPaymentVisa",
  "aspectsPinFilled",
  "aspectsPin",
  "aspectsPlan",
  "aspectsPlatformApple",
  "aspectsPlatformChrome",
  "aspectsPlatformDropbox",
  "aspectsPlatformEdge",
  "aspectsPlatformFirefox",
  "aspectsPlatformInternetExplorer",
  "aspectsPlatformKubernetes",
  "aspectsPlatformSkype",
  "aspectsPlatformWindows",
  "aspectsPlayFilled",
  "aspectsPlay",
  "aspectsPower",
  "aspectsPrevious",
  "aspectsPrint",
  "aspectsQuickView",
  "aspectsRadialSelected",
  "aspectsRadial",
  "aspectsRedo",
  "aspectsRefresh",
  "aspectsResources",
  "aspectsReuters",
  "aspectsRewindFilled",
  "aspectsRewind",
  "aspectsRisk",
  "aspectsRss",
  "aspectsSatellite",
  "aspectsSaveFilled",
  "aspectsSave",
  "aspectsScaleOutRepository",
  "aspectsScheduleClone",
  "aspectsScheduleNew",
  "aspectsSchedulePlay",
  "aspectsSchedule",
  "aspectsScorecard",
  "aspectsSearch",
  "aspectsSecure",
  "aspectsSelectLeft",
  "aspectsSelect",
  "aspectsServerCluster",
  "aspectsServerStarted",
  "aspectsServer",
  "aspectsServers",
  "aspectsServiceBusiness",
  "aspectsServiceStart",
  "aspectsShare",
  "aspectsShieldConfigure",
  "aspectsShieldFilled",
  "aspectsShield",
  "aspectsShift",
  "aspectsShopBasket",
  "aspectsShopCart",
  "aspectsShowLess",
  "aspectsShowMore",
  "aspectsSms",
  "aspectsSoa",
  "aspectsSocialCiscoJabber",
  "aspectsSocialEmail",
  "aspectsSocialFacebookWorkplace",
  "aspectsSocialFacebook",
  "aspectsSocialGithub",
  "aspectsSocialInstagram",
  "aspectsSocialInstantMessage",
  "aspectsSocialJira",
  "aspectsSocialLinkedin",
  "aspectsSocialMedium",
  "aspectsSocialMsTeams",
  "aspectsSocialPinterest",
  "aspectsSocialReddit",
  "aspectsSocialSalesforceFilled",
  "aspectsSocialSalesforce",
  "aspectsSocialSharepoint",
  "aspectsSocialSkypeForBusiness",
  "aspectsSocialSlack",
  "aspectsSocialTumblr",
  "aspectsSocialTwitter",
  "aspectsSocialVimeo",
  "aspectsSocialWeChat",
  "aspectsSocialWhatsApp",
  "aspectsSocialYammer",
  "aspectsSocialYoutube",
  "aspectsSocialZoom",
  "aspectsSort",
  "aspectsStakeholder",
  "aspectsStarFilled",
  "aspectsStarHalf",
  "aspectsStar",
  "aspectsStatusApprovedFilled",
  "aspectsStatusErrorFilled",
  "aspectsStatusInformationFilled",
  "aspectsStatusInformation",
  "aspectsStatusWarningFilled",
  "aspectsStepsFilled",
  "aspectsSteps",
  "aspectsStorage",
  "aspectsStreetViewFilled",
  "aspectsStreetView",
  "aspectsSubtitles",
  "aspectsSubtract",
  "aspectsSupport",
  "aspectsSymphony",
  "aspectsSync",
  "aspectsSystem",
  "aspectsTabNext",
  "aspectsTabPrevious",
  "aspectsTabUp",
  "aspectsTableAdd",
  "aspectsTable",
  "aspectsTagFilled",
  "aspectsTag",
  "aspectsTarget",
  "aspectsTask",
  "aspectsTemplate",
  "aspectsTestDesktop",
  "aspectsTest",
  "aspectsTextWrap",
  "aspectsThreats",
  "aspectsTicket",
  "aspectsTools",
  "aspectsTooltip",
  "aspectsTransactionFilled",
  "aspectsTransaction",
  "aspectsTranslate",
  "aspectsTrashFilled",
  "aspectsTrash",
  "aspectsTree",
  "aspectsTrigger",
  "aspectsTrophyFilled",
  "aspectsTrophy",
  "aspectsTroubleshooting",
  "aspectsUndo",
  "aspectsUnlock",
  "aspectsUp",
  "aspectsUpdate",
  "aspectsUpgradeFilled",
  "aspectsUpgrade",
  "aspectsUpload",
  "aspectsUserAddFilled",
  "aspectsUserAdd",
  "aspectsUserAdmin",
  "aspectsUserExpert",
  "aspectsUserFemaleFilled",
  "aspectsUserFemale",
  "aspectsUserFilled",
  "aspectsUserManager",
  "aspectsUserNew",
  "aspectsUserPolice",
  "aspectsUserSettings",
  "aspectsUserWorker",
  "aspectsUser",
  "aspectsValidationFilled",
  "aspectsValidation",
  "aspectsVideoFilled",
  "aspectsVideo",
  "aspectsViewFilled",
  "aspectsView",
  "aspectsVirtualMachine",
  "aspectsVmMaintenance",
  "aspectsVoltage",
  "aspectsVolumeFilled",
  "aspectsVolumeLowFilled",
  "aspectsVolumeLow",
  "aspectsVolumeMuteFilled",
  "aspectsVolumeMute",
  "aspectsVolume",
  "aspectsVulnerability",
  "aspectsWaypointFilled",
  "aspectsWaypoint",
  "aspectsWorkshop",
  "aspectsZoomIn",
  "aspectsZoomOut",
]
`;
