// Jest Snapshot v1, https://goo.gl/fbAQLP

exports[`Heroicons Icons should ensure the export names have not changed unexpectedly 1`] = `
Array [
  "heroAcademicCap",
  "heroAdjustmentsHorizontal",
  "heroAdjustmentsVertical",
  "heroArchiveBoxArrowDown",
  "heroArchiveBoxXMark",
  "heroArchiveBox",
  "heroArrowDownCircle",
  "heroArrowDownLeft",
  "heroArrowDownOnSquareStack",
  "heroArrowDownOnSquare",
  "heroArrowDownRight",
  "heroArrowDownTray",
  "heroArrowDown",
  "heroArrowLeftCircle",
  "heroArrowLeftEndOnRectangle",
  "heroArrowLeftOnRectangle",
  "heroArrowLeftStartOnRectangle",
  "heroArrowLeft",
  "heroArrowLongDown",
  "heroArrowLongLeft",
  "heroArrowLongRight",
  "heroArrowLongUp",
  "heroArrowPathRoundedSquare",
  "heroArrowPath",
  "heroArrowRightCircle",
  "heroArrowRightEndOnRectangle",
  "heroArrowRightOnRectangle",
  "heroArrowRightStartOnRectangle",
  "heroArrowRight",
  "heroArrowSmallDown",
  "heroArrowSmallLeft",
  "heroArrowSmallRight",
  "heroArrowSmallUp",
  "heroArrowTopRightOnSquare",
  "heroArrowTrendingDown",
  "heroArrowTrendingUp",
  "heroArrowUpCircle",
  "heroArrowUpLeft",
  "heroArrowUpOnSquareStack",
  "heroArrowUpOnSquare",
  "heroArrowUpRight",
  "heroArrowUpTray",
  "heroArrowUp",
  "heroArrowUturnDown",
  "heroArrowUturnLeft",
  "heroArrowUturnRight",
  "heroArrowUturnUp",
  "heroArrowsPointingIn",
  "heroArrowsPointingOut",
  "heroArrowsRightLeft",
  "heroArrowsUpDown",
  "heroAtSymbol",
  "heroBackspace",
  "heroBackward",
  "heroBanknotes",
  "heroBars2",
  "heroBars3BottomLeft",
  "heroBars3BottomRight",
  "heroBars3CenterLeft",
  "heroBars3",
  "heroBars4",
  "heroBarsArrowDown",
  "heroBarsArrowUp",
  "heroBattery0",
  "heroBattery100",
  "heroBattery50",
  "heroBeaker",
  "heroBellAlert",
  "heroBellSlash",
  "heroBellSnooze",
  "heroBell",
  "heroBoltSlash",
  "heroBolt",
  "heroBookOpen",
  "heroBookmarkSlash",
  "heroBookmarkSquare",
  "heroBookmark",
  "heroBriefcase",
  "heroBugAnt",
  "heroBuildingLibrary",
  "heroBuildingOffice2",
  "heroBuildingOffice",
  "heroBuildingStorefront",
  "heroCake",
  "heroCalculator",
  "heroCalendarDays",
  "heroCalendar",
  "heroCamera",
  "heroChartBarSquare",
  "heroChartBar",
  "heroChartPie",
  "heroChatBubbleBottomCenterText",
  "heroChatBubbleBottomCenter",
  "heroChatBubbleLeftEllipsis",
  "heroChatBubbleLeftRight",
  "heroChatBubbleLeft",
  "heroChatBubbleOvalLeftEllipsis",
  "heroChatBubbleOvalLeft",
  "heroCheckBadge",
  "heroCheckCircle",
  "heroCheck",
  "heroChevronDoubleDown",
  "heroChevronDoubleLeft",
  "heroChevronDoubleRight",
  "heroChevronDoubleUp",
  "heroChevronDown",
  "heroChevronLeft",
  "heroChevronRight",
  "heroChevronUpDown",
  "heroChevronUp",
  "heroCircleStack",
  "heroClipboardDocumentCheck",
  "heroClipboardDocumentList",
  "heroClipboardDocument",
  "heroClipboard",
  "heroClock",
  "heroCloudArrowDown",
  "heroCloudArrowUp",
  "heroCloud",
  "heroCodeBracketSquare",
  "heroCodeBracket",
  "heroCog6Tooth",
  "heroCog8Tooth",
  "heroCog",
  "heroCommandLine",
  "heroComputerDesktop",
  "heroCpuChip",
  "heroCreditCard",
  "heroCubeTransparent",
  "heroCube",
  "heroCurrencyBangladeshi",
  "heroCurrencyDollar",
  "heroCurrencyEuro",
  "heroCurrencyPound",
  "heroCurrencyRupee",
  "heroCurrencyYen",
  "heroCursorArrowRays",
  "heroCursorArrowRipple",
  "heroDevicePhoneMobile",
  "heroDeviceTablet",
  "heroDocumentArrowDown",
  "heroDocumentArrowUp",
  "heroDocumentChartBar",
  "heroDocumentCheck",
  "heroDocumentDuplicate",
  "heroDocumentMagnifyingGlass",
  "heroDocumentMinus",
  "heroDocumentPlus",
  "heroDocumentText",
  "heroDocument",
  "heroEllipsisHorizontalCircle",
  "heroEllipsisHorizontal",
  "heroEllipsisVertical",
  "heroEnvelopeOpen",
  "heroEnvelope",
  "heroExclamationCircle",
  "heroExclamationTriangle",
  "heroEyeDropper",
  "heroEyeSlash",
  "heroEye",
  "heroFaceFrown",
  "heroFaceSmile",
  "heroFilm",
  "heroFingerPrint",
  "heroFire",
  "heroFlag",
  "heroFolderArrowDown",
  "heroFolderMinus",
  "heroFolderOpen",
  "heroFolderPlus",
  "heroFolder",
  "heroForward",
  "heroFunnel",
  "heroGif",
  "heroGiftTop",
  "heroGift",
  "heroGlobeAlt",
  "heroGlobeAmericas",
  "heroGlobeAsiaAustralia",
  "heroGlobeEuropeAfrica",
  "heroHandRaised",
  "heroHandThumbDown",
  "heroHandThumbUp",
  "heroHashtag",
  "heroHeart",
  "heroHomeModern",
  "heroHome",
  "heroIdentification",
  "heroInboxArrowDown",
  "heroInboxStack",
  "heroInbox",
  "heroInformationCircle",
  "heroKey",
  "heroLanguage",
  "heroLifebuoy",
  "heroLightBulb",
  "heroLink",
  "heroListBullet",
  "heroLockClosed",
  "heroLockOpen",
  "heroMagnifyingGlassCircle",
  "heroMagnifyingGlassMinus",
  "heroMagnifyingGlassPlus",
  "heroMagnifyingGlass",
  "heroMapPin",
  "heroMap",
  "heroMegaphone",
  "heroMicrophone",
  "heroMinusCircle",
  "heroMinusSmall",
  "heroMinus",
  "heroMoon",
  "heroMusicalNote",
  "heroNewspaper",
  "heroNoSymbol",
  "heroPaintBrush",
  "heroPaperAirplane",
  "heroPaperClip",
  "heroPauseCircle",
  "heroPause",
  "heroPencilSquare",
  "heroPencil",
  "heroPhoneArrowDownLeft",
  "heroPhoneArrowUpRight",
  "heroPhoneXMark",
  "heroPhone",
  "heroPhoto",
  "heroPlayCircle",
  "heroPlayPause",
  "heroPlay",
  "heroPlusCircle",
  "heroPlusSmall",
  "heroPlus",
  "heroPower",
  "heroPresentationChartBar",
  "heroPresentationChartLine",
  "heroPrinter",
  "heroPuzzlePiece",
  "heroQrCode",
  "heroQuestionMarkCircle",
  "heroQueueList",
  "heroRadio",
  "heroReceiptPercent",
  "heroReceiptRefund",
  "heroRectangleGroup",
  "heroRectangleStack",
  "heroRocketLaunch",
  "heroRss",
  "heroScale",
  "heroScissors",
  "heroServerStack",
  "heroServer",
  "heroShare",
  "heroShieldCheck",
  "heroShieldExclamation",
  "heroShoppingBag",
  "heroShoppingCart",
  "heroSignalSlash",
  "heroSignal",
  "heroSparkles",
  "heroSpeakerWave",
  "heroSpeakerXMark",
  "heroSquare2Stack",
  "heroSquare3Stack3d",
  "heroSquares2x2",
  "heroSquaresPlus",
  "heroStar",
  "heroStopCircle",
  "heroStop",
  "heroSun",
  "heroSwatch",
  "heroTableCells",
  "heroTag",
  "heroTicket",
  "heroTrash",
  "heroTrophy",
  "heroTruck",
  "heroTv",
  "heroUserCircle",
  "heroUserGroup",
  "heroUserMinus",
  "heroUserPlus",
  "heroUser",
  "heroUsers",
  "heroVariable",
  "heroVideoCameraSlash",
  "heroVideoCamera",
  "heroViewColumns",
  "heroViewfinderCircle",
  "heroWallet",
  "heroWifi",
  "heroWindow",
  "heroWrenchScrewdriver",
  "heroWrench",
  "heroXCircle",
  "heroXMark",
]
`;

exports[`Heroicons Icons should ensure the export names have not changed unexpectedly 2`] = `
Array [
  "heroAcademicCapSolid",
  "heroAdjustmentsHorizontalSolid",
  "heroAdjustmentsVerticalSolid",
  "heroArchiveBoxArrowDownSolid",
  "heroArchiveBoxXMarkSolid",
  "heroArchiveBoxSolid",
  "heroArrowDownCircleSolid",
  "heroArrowDownLeftSolid",
  "heroArrowDownOnSquareStackSolid",
  "heroArrowDownOnSquareSolid",
  "heroArrowDownRightSolid",
  "heroArrowDownTraySolid",
  "heroArrowDownSolid",
  "heroArrowLeftCircleSolid",
  "heroArrowLeftEndOnRectangleSolid",
  "heroArrowLeftOnRectangleSolid",
  "heroArrowLeftStartOnRectangleSolid",
  "heroArrowLeftSolid",
  "heroArrowLongDownSolid",
  "heroArrowLongLeftSolid",
  "heroArrowLongRightSolid",
  "heroArrowLongUpSolid",
  "heroArrowPathRoundedSquareSolid",
  "heroArrowPathSolid",
  "heroArrowRightCircleSolid",
  "heroArrowRightEndOnRectangleSolid",
  "heroArrowRightOnRectangleSolid",
  "heroArrowRightStartOnRectangleSolid",
  "heroArrowRightSolid",
  "heroArrowSmallDownSolid",
  "heroArrowSmallLeftSolid",
  "heroArrowSmallRightSolid",
  "heroArrowSmallUpSolid",
  "heroArrowTopRightOnSquareSolid",
  "heroArrowTrendingDownSolid",
  "heroArrowTrendingUpSolid",
  "heroArrowUpCircleSolid",
  "heroArrowUpLeftSolid",
  "heroArrowUpOnSquareStackSolid",
  "heroArrowUpOnSquareSolid",
  "heroArrowUpRightSolid",
  "heroArrowUpTraySolid",
  "heroArrowUpSolid",
  "heroArrowUturnDownSolid",
  "heroArrowUturnLeftSolid",
  "heroArrowUturnRightSolid",
  "heroArrowUturnUpSolid",
  "heroArrowsPointingInSolid",
  "heroArrowsPointingOutSolid",
  "heroArrowsRightLeftSolid",
  "heroArrowsUpDownSolid",
  "heroAtSymbolSolid",
  "heroBackspaceSolid",
  "heroBackwardSolid",
  "heroBanknotesSolid",
  "heroBars2Solid",
  "heroBars3BottomLeftSolid",
  "heroBars3BottomRightSolid",
  "heroBars3CenterLeftSolid",
  "heroBars3Solid",
  "heroBars4Solid",
  "heroBarsArrowDownSolid",
  "heroBarsArrowUpSolid",
  "heroBattery0Solid",
  "heroBattery100Solid",
  "heroBattery50Solid",
  "heroBeakerSolid",
  "heroBellAlertSolid",
  "heroBellSlashSolid",
  "heroBellSnoozeSolid",
  "heroBellSolid",
  "heroBoltSlashSolid",
  "heroBoltSolid",
  "heroBookOpenSolid",
  "heroBookmarkSlashSolid",
  "heroBookmarkSquareSolid",
  "heroBookmarkSolid",
  "heroBriefcaseSolid",
  "heroBugAntSolid",
  "heroBuildingLibrarySolid",
  "heroBuildingOffice2Solid",
  "heroBuildingOfficeSolid",
  "heroBuildingStorefrontSolid",
  "heroCakeSolid",
  "heroCalculatorSolid",
  "heroCalendarDaysSolid",
  "heroCalendarSolid",
  "heroCameraSolid",
  "heroChartBarSquareSolid",
  "heroChartBarSolid",
  "heroChartPieSolid",
  "heroChatBubbleBottomCenterTextSolid",
  "heroChatBubbleBottomCenterSolid",
  "heroChatBubbleLeftEllipsisSolid",
  "heroChatBubbleLeftRightSolid",
  "heroChatBubbleLeftSolid",
  "heroChatBubbleOvalLeftEllipsisSolid",
  "heroChatBubbleOvalLeftSolid",
  "heroCheckBadgeSolid",
  "heroCheckCircleSolid",
  "heroCheckSolid",
  "heroChevronDoubleDownSolid",
  "heroChevronDoubleLeftSolid",
  "heroChevronDoubleRightSolid",
  "heroChevronDoubleUpSolid",
  "heroChevronDownSolid",
  "heroChevronLeftSolid",
  "heroChevronRightSolid",
  "heroChevronUpDownSolid",
  "heroChevronUpSolid",
  "heroCircleStackSolid",
  "heroClipboardDocumentCheckSolid",
  "heroClipboardDocumentListSolid",
  "heroClipboardDocumentSolid",
  "heroClipboardSolid",
  "heroClockSolid",
  "heroCloudArrowDownSolid",
  "heroCloudArrowUpSolid",
  "heroCloudSolid",
  "heroCodeBracketSquareSolid",
  "heroCodeBracketSolid",
  "heroCog6ToothSolid",
  "heroCog8ToothSolid",
  "heroCogSolid",
  "heroCommandLineSolid",
  "heroComputerDesktopSolid",
  "heroCpuChipSolid",
  "heroCreditCardSolid",
  "heroCubeTransparentSolid",
  "heroCubeSolid",
  "heroCurrencyBangladeshiSolid",
  "heroCurrencyDollarSolid",
  "heroCurrencyEuroSolid",
  "heroCurrencyPoundSolid",
  "heroCurrencyRupeeSolid",
  "heroCurrencyYenSolid",
  "heroCursorArrowRaysSolid",
  "heroCursorArrowRippleSolid",
  "heroDevicePhoneMobileSolid",
  "heroDeviceTabletSolid",
  "heroDocumentArrowDownSolid",
  "heroDocumentArrowUpSolid",
  "heroDocumentChartBarSolid",
  "heroDocumentCheckSolid",
  "heroDocumentDuplicateSolid",
  "heroDocumentMagnifyingGlassSolid",
  "heroDocumentMinusSolid",
  "heroDocumentPlusSolid",
  "heroDocumentTextSolid",
  "heroDocumentSolid",
  "heroEllipsisHorizontalCircleSolid",
  "heroEllipsisHorizontalSolid",
  "heroEllipsisVerticalSolid",
  "heroEnvelopeOpenSolid",
  "heroEnvelopeSolid",
  "heroExclamationCircleSolid",
  "heroExclamationTriangleSolid",
  "heroEyeDropperSolid",
  "heroEyeSlashSolid",
  "heroEyeSolid",
  "heroFaceFrownSolid",
  "heroFaceSmileSolid",
  "heroFilmSolid",
  "heroFingerPrintSolid",
  "heroFireSolid",
  "heroFlagSolid",
  "heroFolderArrowDownSolid",
  "heroFolderMinusSolid",
  "heroFolderOpenSolid",
  "heroFolderPlusSolid",
  "heroFolderSolid",
  "heroForwardSolid",
  "heroFunnelSolid",
  "heroGifSolid",
  "heroGiftTopSolid",
  "heroGiftSolid",
  "heroGlobeAltSolid",
  "heroGlobeAmericasSolid",
  "heroGlobeAsiaAustraliaSolid",
  "heroGlobeEuropeAfricaSolid",
  "heroHandRaisedSolid",
  "heroHandThumbDownSolid",
  "heroHandThumbUpSolid",
  "heroHashtagSolid",
  "heroHeartSolid",
  "heroHomeModernSolid",
  "heroHomeSolid",
  "heroIdentificationSolid",
  "heroInboxArrowDownSolid",
  "heroInboxStackSolid",
  "heroInboxSolid",
  "heroInformationCircleSolid",
  "heroKeySolid",
  "heroLanguageSolid",
  "heroLifebuoySolid",
  "heroLightBulbSolid",
  "heroLinkSolid",
  "heroListBulletSolid",
  "heroLockClosedSolid",
  "heroLockOpenSolid",
  "heroMagnifyingGlassCircleSolid",
  "heroMagnifyingGlassMinusSolid",
  "heroMagnifyingGlassPlusSolid",
  "heroMagnifyingGlassSolid",
  "heroMapPinSolid",
  "heroMapSolid",
  "heroMegaphoneSolid",
  "heroMicrophoneSolid",
  "heroMinusCircleSolid",
  "heroMinusSmallSolid",
  "heroMinusSolid",
  "heroMoonSolid",
  "heroMusicalNoteSolid",
  "heroNewspaperSolid",
  "heroNoSymbolSolid",
  "heroPaintBrushSolid",
  "heroPaperAirplaneSolid",
  "heroPaperClipSolid",
  "heroPauseCircleSolid",
  "heroPauseSolid",
  "heroPencilSquareSolid",
  "heroPencilSolid",
  "heroPhoneArrowDownLeftSolid",
  "heroPhoneArrowUpRightSolid",
  "heroPhoneXMarkSolid",
  "heroPhoneSolid",
  "heroPhotoSolid",
  "heroPlayCircleSolid",
  "heroPlayPauseSolid",
  "heroPlaySolid",
  "heroPlusCircleSolid",
  "heroPlusSmallSolid",
  "heroPlusSolid",
  "heroPowerSolid",
  "heroPresentationChartBarSolid",
  "heroPresentationChartLineSolid",
  "heroPrinterSolid",
  "heroPuzzlePieceSolid",
  "heroQrCodeSolid",
  "heroQuestionMarkCircleSolid",
  "heroQueueListSolid",
  "heroRadioSolid",
  "heroReceiptPercentSolid",
  "heroReceiptRefundSolid",
  "heroRectangleGroupSolid",
  "heroRectangleStackSolid",
  "heroRocketLaunchSolid",
  "heroRssSolid",
  "heroScaleSolid",
  "heroScissorsSolid",
  "heroServerStackSolid",
  "heroServerSolid",
  "heroShareSolid",
  "heroShieldCheckSolid",
  "heroShieldExclamationSolid",
  "heroShoppingBagSolid",
  "heroShoppingCartSolid",
  "heroSignalSlashSolid",
  "heroSignalSolid",
  "heroSparklesSolid",
  "heroSpeakerWaveSolid",
  "heroSpeakerXMarkSolid",
  "heroSquare2StackSolid",
  "heroSquare3Stack3dSolid",
  "heroSquares2x2Solid",
  "heroSquaresPlusSolid",
  "heroStarSolid",
  "heroStopCircleSolid",
  "heroStopSolid",
  "heroSunSolid",
  "heroSwatchSolid",
  "heroTableCellsSolid",
  "heroTagSolid",
  "heroTicketSolid",
  "heroTrashSolid",
  "heroTrophySolid",
  "heroTruckSolid",
  "heroTvSolid",
  "heroUserCircleSolid",
  "heroUserGroupSolid",
  "heroUserMinusSolid",
  "heroUserPlusSolid",
  "heroUserSolid",
  "heroUsersSolid",
  "heroVariableSolid",
  "heroVideoCameraSlashSolid",
  "heroVideoCameraSolid",
  "heroViewColumnsSolid",
  "heroViewfinderCircleSolid",
  "heroWalletSolid",
  "heroWifiSolid",
  "heroWindowSolid",
  "heroWrenchScrewdriverSolid",
  "heroWrenchSolid",
  "heroXCircleSolid",
  "heroXMarkSolid",
]
`;
