// Jest Snapshot v1, https://goo.gl/fbAQLP

exports[`Octicons Icons should ensure the export names have not changed unexpectedly 1`] = `
Array [
  "octAccessibility",
  "octAccessibilityInset",
  "octAlert",
  "octApps",
  "octArchive",
  "octArrowBoth",
  "octArrowDown",
  "octArrowLeft",
  "octArrowRight",
  "octArrowSwitch",
  "octArrowUp",
  "octBeaker",
  "octBell",
  "octBellFill",
  "octBellSlash",
  "octBlocked",
  "octBold",
  "octBook",
  "octBookmark",
  "octBookmarkSlash",
  "octBriefcase",
  "octBroadcast",
  "octBrowser",
  "octBug",
  "octCache",
  "octCalendar",
  "octCheck",
  "octCheckCircle",
  "octCheckCircleFill",
  "octCheckbox",
  "octChecklist",
  "octChevronDown",
  "octChevronLeft",
  "octChevronRight",
  "octChevronUp",
  "octCircle",
  "octCircleSlash",
  "octClock",
  "octCloud",
  "octCloudOffline",
  "octCode",
  "octCodeOfConduct",
  "octCodeReview",
  "octCodeSquare",
  "octCodescan",
  "octCodescanCheckmark",
  "octCodespaces",
  "octColumns",
  "octCommandPalette",
  "octComment",
  "octCommentDiscussion",
  "octContainer",
  "octCopilot",
  "octCopilotError",
  "octCopilotWarning",
  "octCopy",
  "octCpu",
  "octCreditCard",
  "octCrossReference",
  "octDash",
  "octDatabase",
  "octDependabot",
  "octDesktopDownload",
  "octDeviceCamera",
  "octDeviceCameraVideo",
  "octDeviceDesktop",
  "octDeviceMobile",
  "octDiamond",
  "octDiff",
  "octDiffAdded",
  "octDiffIgnored",
  "octDiffModified",
  "octDiffRemoved",
  "octDiffRenamed",
  "octDot",
  "octDotFill",
  "octDownload",
  "octDuplicate",
  "octEllipsis",
  "octEye",
  "octEyeClosed",
  "octFeedDiscussion",
  "octFeedForked",
  "octFeedHeart",
  "octFeedMerged",
  "octFeedPerson",
  "octFeedRepo",
  "octFeedRocket",
  "octFeedStar",
  "octFeedTag",
  "octFeedTrophy",
  "octFile",
  "octFileAdded",
  "octFileBadge",
  "octFileBinary",
  "octFileCode",
  "octFileDiff",
  "octFileDirectory",
  "octFileDirectoryFill",
  "octFileDirectoryOpenFill",
  "octFileMoved",
  "octFileRemoved",
  "octFileSubmodule",
  "octFileSymlinkFile",
  "octFileZip",
  "octFilter",
  "octFlame",
  "octFold",
  "octFoldDown",
  "octFoldUp",
  "octGear",
  "octGift",
  "octGitBranch",
  "octGitCommit",
  "octGitCompare",
  "octGitMerge",
  "octGitMergeQueue",
  "octGitPullRequest",
  "octGitPullRequestClosed",
  "octGitPullRequestDraft",
  "octGlobe",
  "octGrabber",
  "octGraph",
  "octHash",
  "octHeading",
  "octHeart",
  "octHeartFill",
  "octHistory",
  "octHome",
  "octHorizontalRule",
  "octHourglass",
  "octHubot",
  "octIdBadge",
  "octImage",
  "octInbox",
  "octInfinity",
  "octInfo",
  "octIssueClosed",
  "octIssueDraft",
  "octIssueOpened",
  "octIssueReopened",
  "octItalic",
  "octIterations",
  "octKebabHorizontal",
  "octKey",
  "octKeyAsterisk",
  "octLaw",
  "octLightBulb",
  "octLink",
  "octLinkExternal",
  "octListOrdered",
  "octListUnordered",
  "octLocation",
  "octLock",
  "octLog",
  "octLogoGist",
  "octLogoGithub",
  "octMail",
  "octMarkGithub",
  "octMarkdown",
  "octMegaphone",
  "octMention",
  "octMeter",
  "octMilestone",
  "octMirror",
  "octMoon",
  "octMortarBoard",
  "octMultiSelect",
  "octMute",
  "octNoEntry",
  "octNorthStar",
  "octNote",
  "octNumber",
  "octOrganization",
  "octPackage",
  "octPackageDependencies",
  "octPackageDependents",
  "octPaintbrush",
  "octPaperAirplane",
  "octPaperclip",
  "octPaste",
  "octPencil",
  "octPeople",
  "octPerson",
  "octPersonAdd",
  "octPersonFill",
  "octPin",
  "octPlay",
  "octPlug",
  "octPlus",
  "octPlusCircle",
  "octProject",
  "octPulse",
  "octQuestion",
  "octQuote",
  "octReply",
  "octRepo",
  "octRepoClone",
  "octRepoDeleted",
  "octRepoForked",
  "octRepoLocked",
  "octRepoPull",
  "octRepoPush",
  "octRepoTemplate",
  "octReport",
  "octRocket",
  "octRows",
  "octRss",
  "octRuby",
  "octScreenFull",
  "octScreenNormal",
  "octSearch",
  "octServer",
  "octShare",
  "octShareAndroid",
  "octShield",
  "octShieldCheck",
  "octShieldLock",
  "octShieldSlash",
  "octShieldX",
  "octSidebarCollapse",
  "octSidebarExpand",
  "octSignIn",
  "octSignOut",
  "octSingleSelect",
  "octSkip",
  "octSliders",
  "octSmiley",
  "octSortAsc",
  "octSortDesc",
  "octSquare",
  "octSquareFill",
  "octSquirrel",
  "octStack",
  "octStar",
  "octStarFill",
  "octStop",
  "octStopwatch",
  "octStrikethrough",
  "octSun",
  "octSync",
  "octTabExternal",
  "octTable",
  "octTag",
  "octTasklist",
  "octTelescope",
  "octTelescopeFill",
  "octTerminal",
  "octThreeBars",
  "octThumbsdown",
  "octThumbsup",
  "octTools",
  "octTrash",
  "octTriangleDown",
  "octTriangleLeft",
  "octTriangleRight",
  "octTriangleUp",
  "octTrophy",
  "octTypography",
  "octUnfold",
  "octUnlock",
  "octUnmute",
  "octUnverified",
  "octUpload",
  "octVerified",
  "octVersions",
  "octVideo",
  "octWebhook",
  "octWorkflow",
  "octX",
  "octXCircle",
  "octXCircleFill",
  "octZap",
]
`;

exports[`Octicons Icons should ensure the export names have not changed unexpectedly 2`] = `
Array [
  "octAlertLarge",
  "octArchiveLarge",
  "octArrowBothLarge",
  "octArrowDownLarge",
  "octArrowDownLeftLarge",
  "octArrowDownRightLarge",
  "octArrowLeftLarge",
  "octArrowRightLarge",
  "octArrowSwitchLarge",
  "octArrowUpLarge",
  "octArrowUpLeftLarge",
  "octArrowUpRightLarge",
  "octBeakerLarge",
  "octBellLarge",
  "octBellFillLarge",
  "octBellSlashLarge",
  "octBlockedLarge",
  "octBoldLarge",
  "octBookLarge",
  "octBookmarkLarge",
  "octBookmarkFillLarge",
  "octBookmarkSlashLarge",
  "octBookmarkSlashFillLarge",
  "octBriefcaseLarge",
  "octBroadcastLarge",
  "octBrowserLarge",
  "octBugLarge",
  "octCalendarLarge",
  "octCheckLarge",
  "octCheckCircleLarge",
  "octCheckCircleFillLarge",
  "octCheckboxLarge",
  "octChecklistLarge",
  "octChevronDownLarge",
  "octChevronLeftLarge",
  "octChevronRightLarge",
  "octChevronUpLarge",
  "octCircleLarge",
  "octCircleSlashLarge",
  "octClockLarge",
  "octCloudLarge",
  "octCloudOfflineLarge",
  "octCodeLarge",
  "octCodeOfConductLarge",
  "octCodeReviewLarge",
  "octCodeSquareLarge",
  "octCodescanLarge",
  "octCodescanCheckmarkLarge",
  "octCodespacesLarge",
  "octColumnsLarge",
  "octCommandPaletteLarge",
  "octCommentLarge",
  "octCommentDiscussionLarge",
  "octCommitLarge",
  "octContainerLarge",
  "octCopilotLarge",
  "octCopyLarge",
  "octCpuLarge",
  "octCreditCardLarge",
  "octCrossReferenceLarge",
  "octDashLarge",
  "octDatabaseLarge",
  "octDependabotLarge",
  "octDesktopDownloadLarge",
  "octDeviceCameraVideoLarge",
  "octDeviceDesktopLarge",
  "octDeviceMobileLarge",
  "octDiamondLarge",
  "octDiffLarge",
  "octDotLarge",
  "octDotFillLarge",
  "octDownloadLarge",
  "octDuplicateLarge",
  "octEyeLarge",
  "octEyeClosedLarge",
  "octFileLarge",
  "octFileBinaryLarge",
  "octFileCodeLarge",
  "octFileDiffLarge",
  "octFileDirectoryLarge",
  "octFileDirectoryFillLarge",
  "octFileMediaLarge",
  "octFileSubmoduleLarge",
  "octFileSymlinkFileLarge",
  "octFileZipLarge",
  "octFilterLarge",
  "octFlameLarge",
  "octFoldLarge",
  "octFoldDownLarge",
  "octFoldUpLarge",
  "octGearLarge",
  "octGiftLarge",
  "octGitBranchLarge",
  "octGitCommitLarge",
  "octGitCompareLarge",
  "octGitMergeLarge",
  "octGitPullRequestLarge",
  "octGitPullRequestClosedLarge",
  "octGitPullRequestDraftLarge",
  "octGlobeLarge",
  "octGrabberLarge",
  "octGraphLarge",
  "octHashLarge",
  "octHeadingLarge",
  "octHeartLarge",
  "octHeartFillLarge",
  "octHistoryLarge",
  "octHomeLarge",
  "octHomeFillLarge",
  "octHorizontalRuleLarge",
  "octHourglassLarge",
  "octHubotLarge",
  "octImageLarge",
  "octInboxLarge",
  "octInfinityLarge",
  "octInfoLarge",
  "octIssueClosedLarge",
  "octIssueDraftLarge",
  "octIssueOpenedLarge",
  "octIssueReopenedLarge",
  "octItalicLarge",
  "octIterationsLarge",
  "octKebabHorizontalLarge",
  "octKeyLarge",
  "octLawLarge",
  "octLightBulbLarge",
  "octLinkLarge",
  "octLinkExternalLarge",
  "octListOrderedLarge",
  "octListUnorderedLarge",
  "octLocationLarge",
  "octLockLarge",
  "octMailLarge",
  "octMegaphoneLarge",
  "octMentionLarge",
  "octMilestoneLarge",
  "octMirrorLarge",
  "octMoonLarge",
  "octMortarBoardLarge",
  "octMultiSelectLarge",
  "octMuteLarge",
  "octNoEntryLarge",
  "octNorthStarLarge",
  "octNoteLarge",
  "octNumberLarge",
  "octOrganizationLarge",
  "octPackageLarge",
  "octPackageDependenciesLarge",
  "octPackageDependentsLarge",
  "octPaperAirplaneLarge",
  "octPaperclipLarge",
  "octPasteLarge",
  "octPencilLarge",
  "octPeopleLarge",
  "octPersonLarge",
  "octPersonAddLarge",
  "octPersonFillLarge",
  "octPinLarge",
  "octPlayLarge",
  "octPlugLarge",
  "octPlusLarge",
  "octPlusCircleLarge",
  "octProjectLarge",
  "octPulseLarge",
  "octQuestionLarge",
  "octQuoteLarge",
  "octReplyLarge",
  "octRepoLarge",
  "octRepoForkedLarge",
  "octRepoLockedLarge",
  "octRepoPushLarge",
  "octRepoTemplateLarge",
  "octReportLarge",
  "octRocketLarge",
  "octRowsLarge",
  "octRssLarge",
  "octRubyLarge",
  "octScreenFullLarge",
  "octScreenNormalLarge",
  "octSearchLarge",
  "octServerLarge",
  "octShareLarge",
  "octShareAndroidLarge",
  "octShieldLarge",
  "octShieldCheckLarge",
  "octShieldLockLarge",
  "octShieldXLarge",
  "octSidebarCollapseLarge",
  "octSidebarExpandLarge",
  "octSignInLarge",
  "octSignOutLarge",
  "octSingleSelectLarge",
  "octSkipLarge",
  "octSmileyLarge",
  "octSortAscLarge",
  "octSortDescLarge",
  "octSquareLarge",
  "octSquareFillLarge",
  "octSquirrelLarge",
  "octStackLarge",
  "octStarLarge",
  "octStarFillLarge",
  "octStopLarge",
  "octStopwatchLarge",
  "octStrikethroughLarge",
  "octSunLarge",
  "octSyncLarge",
  "octTabLarge",
  "octTableLarge",
  "octTagLarge",
  "octTasklistLarge",
  "octTelescopeLarge",
  "octTelescopeFillLarge",
  "octTerminalLarge",
  "octThumbsdownLarge",
  "octThumbsupLarge",
  "octToolsLarge",
  "octTrashLarge",
  "octTriangleDownLarge",
  "octTriangleLeftLarge",
  "octTriangleRightLarge",
  "octTriangleUpLarge",
  "octTrophyLarge",
  "octTypographyLarge",
  "octUnfoldLarge",
  "octUnlockLarge",
  "octUnmuteLarge",
  "octUnverifiedLarge",
  "octUploadLarge",
  "octVerifiedLarge",
  "octVersionsLarge",
  "octVideoLarge",
  "octWorkflowLarge",
  "octXLarge",
  "octXCircleLarge",
  "octXCircleFillLarge",
  "octZapLarge",
]
`;
