// Jest Snapshot v1, https://goo.gl/fbAQLP

exports[`Typicons Icons should ensure the export names have not changed unexpectedly 1`] = `
Array [
  "typAdjustBrightness",
  "typAdjustContrast",
  "typAnchorOutline",
  "typAnchor",
  "typArchive",
  "typArrowBackOutline",
  "typArrowBack",
  "typArrowDownOutline",
  "typArrowDownThick",
  "typArrowDown",
  "typArrowForwardOutline",
  "typArrowForward",
  "typArrowLeftOutline",
  "typArrowLeftThick",
  "typArrowLeft",
  "typArrowLoopOutline",
  "typArrowLoop",
  "typArrowMaximiseOutline",
  "typArrowMaximise",
  "typArrowMinimiseOutline",
  "typArrowMinimise",
  "typArrowMoveOutline",
  "typArrowMove",
  "typArrowRepeatOutline",
  "typArrowRepeat",
  "typArrowRightOutline",
  "typArrowRightThick",
  "typArrowRight",
  "typArrowShuffle",
  "typArrowSortedDown",
  "typArrowSortedUp",
  "typArrowSyncOutline",
  "typArrowSync",
  "typArrowUnsorted",
  "typArrowUpOutline",
  "typArrowUpThick",
  "typArrowUp",
  "typAt",
  "typAttachmentOutline",
  "typAttachment",
  "typBackspaceOutline",
  "typBackspace",
  "typBatteryCharge",
  "typBatteryFull",
  "typBatteryHigh",
  "typBatteryLow",
  "typBatteryMid",
  "typBeaker",
  "typBeer",
  "typBell",
  "typBook",
  "typBookmark",
  "typBriefcase",
  "typBrush",
  "typBusinessCard",
  "typCalculator",
  "typCalendarOutline",
  "typCalendar",
  "typCameraOutline",
  "typCamera",
  "typCancelOutline",
  "typCancel",
  "typChartAreaOutline",
  "typChartArea",
  "typChartBarOutline",
  "typChartBar",
  "typChartLineOutline",
  "typChartLine",
  "typChartPieOutline",
  "typChartPie",
  "typChevronLeftOutline",
  "typChevronLeft",
  "typChevronRightOutline",
  "typChevronRight",
  "typClipboard",
  "typCloudStorageOutline",
  "typCloudStorage",
  "typCodeOutline",
  "typCode",
  "typCoffee",
  "typCogOutline",
  "typCog",
  "typCompass",
  "typContacts",
  "typCreditCard",
  "typCss3",
  "typDatabase",
  "typDeleteOutline",
  "typDelete",
  "typDeviceDesktop",
  "typDeviceLaptop",
  "typDevicePhone",
  "typDeviceTablet",
  "typDirections",
  "typDivideOutline",
  "typDivide",
  "typDocumentAdd",
  "typDocumentDelete",
  "typDocumentText",
  "typDocument",
  "typDownloadOutline",
  "typDownload",
  "typDropbox",
  "typEdit",
  "typEjectOutline",
  "typEject",
  "typEqualsOutline",
  "typEquals",
  "typExportOutline",
  "typExport",
  "typEyeOutline",
  "typEye",
  "typFeather",
  "typFilm",
  "typFilter",
  "typFlagOutline",
  "typFlag",
  "typFlashOutline",
  "typFlash",
  "typFlowChildren",
  "typFlowMerge",
  "typFlowParallel",
  "typFlowSwitch",
  "typFolderAdd",
  "typFolderDelete",
  "typFolderOpen",
  "typFolder",
  "typGift",
  "typGlobeOutline",
  "typGlobe",
  "typGroupOutline",
  "typGroup",
  "typHeadphones",
  "typHeartFullOutline",
  "typHeartHalfOutline",
  "typHeartOutline",
  "typHeart",
  "typHomeOutline",
  "typHome",
  "typHtml5",
  "typImageOutline",
  "typImage",
  "typInfinityOutline",
  "typInfinity",
  "typInfoLargeOutline",
  "typInfoLarge",
  "typInfoOutline",
  "typInfo",
  "typInputCheckedOutline",
  "typInputChecked",
  "typKeyOutline",
  "typKey",
  "typKeyboard",
  "typLeaf",
  "typLightbulb",
  "typLinkOutline",
  "typLink",
  "typLocationArrowOutline",
  "typLocationArrow",
  "typLocationOutline",
  "typLocation",
  "typLockClosedOutline",
  "typLockClosed",
  "typLockOpenOutline",
  "typLockOpen",
  "typMail",
  "typMap",
  "typMediaEjectOutline",
  "typMediaEject",
  "typMediaFastForwardOutline",
  "typMediaFastForward",
  "typMediaPauseOutline",
  "typMediaPause",
  "typMediaPlayOutline",
  "typMediaPlayReverseOutline",
  "typMediaPlayReverse",
  "typMediaPlay",
  "typMediaRecordOutline",
  "typMediaRecord",
  "typMediaRewindOutline",
  "typMediaRewind",
  "typMediaStopOutline",
  "typMediaStop",
  "typMessageTyping",
  "typMessage",
  "typMessages",
  "typMicrophoneOutline",
  "typMicrophone",
  "typMinusOutline",
  "typMinus",
  "typMortarBoard",
  "typNews",
  "typNotesOutline",
  "typNotes",
  "typPen",
  "typPencil",
  "typPhoneOutline",
  "typPhone",
  "typPiOutline",
  "typPi",
  "typPinOutline",
  "typPin",
  "typPipette",
  "typPlaneOutline",
  "typPlane",
  "typPlug",
  "typPlusOutline",
  "typPlus",
  "typPointOfInterestOutline",
  "typPointOfInterest",
  "typPowerOutline",
  "typPower",
  "typPrinter",
  "typPuzzleOutline",
  "typPuzzle",
  "typRadarOutline",
  "typRadar",
  "typRefreshOutline",
  "typRefresh",
  "typRssOutline",
  "typRss",
  "typScissorsOutline",
  "typScissors",
  "typShoppingBag",
  "typShoppingCart",
  "typSocialAtCircular",
  "typSocialDribbbleCircular",
  "typSocialDribbble",
  "typSocialFacebookCircular",
  "typSocialFacebook",
  "typSocialFlickrCircular",
  "typSocialFlickr",
  "typSocialGithubCircular",
  "typSocialGithub",
  "typSocialGooglePlusCircular",
  "typSocialGooglePlus",
  "typSocialInstagramCircular",
  "typSocialInstagram",
  "typSocialLastFmCircular",
  "typSocialLastFm",
  "typSocialLinkedinCircular",
  "typSocialLinkedin",
  "typSocialPinterestCircular",
  "typSocialPinterest",
  "typSocialSkypeOutline",
  "typSocialSkype",
  "typSocialTumblerCircular",
  "typSocialTumbler",
  "typSocialTwitterCircular",
  "typSocialTwitter",
  "typSocialVimeoCircular",
  "typSocialVimeo",
  "typSocialYoutubeCircular",
  "typSocialYoutube",
  "typSortAlphabeticallyOutline",
  "typSortAlphabetically",
  "typSortNumericallyOutline",
  "typSortNumerically",
  "typSpannerOutline",
  "typSpanner",
  "typSpiral",
  "typStarFullOutline",
  "typStarHalfOutline",
  "typStarHalf",
  "typStarOutline",
  "typStar",
  "typStarburstOutline",
  "typStarburst",
  "typStopwatch",
  "typSupport",
  "typTabsOutline",
  "typTag",
  "typTags",
  "typThLargeOutline",
  "typThLarge",
  "typThListOutline",
  "typThList",
  "typThMenuOutline",
  "typThMenu",
  "typThSmallOutline",
  "typThSmall",
  "typThermometer",
  "typThumbsDown",
  "typThumbsOk",
  "typThumbsUp",
  "typTickOutline",
  "typTick",
  "typTicket",
  "typTime",
  "typTimesOutline",
  "typTimes",
  "typTrash",
  "typTree",
  "typUploadOutline",
  "typUpload",
  "typUserAddOutline",
  "typUserAdd",
  "typUserDeleteOutline",
  "typUserDelete",
  "typUserOutline",
  "typUser",
  "typVendorAndroid",
  "typVendorApple",
  "typVendorMicrosoft",
  "typVideoOutline",
  "typVideo",
  "typVolumeDown",
  "typVolumeMute",
  "typVolumeUp",
  "typVolume",
  "typWarningOutline",
  "typWarning",
  "typWatch",
  "typWavesOutline",
  "typWaves",
  "typWeatherCloudy",
  "typWeatherDownpour",
  "typWeatherNight",
  "typWeatherPartlySunny",
  "typWeatherShower",
  "typWeatherSnow",
  "typWeatherStormy",
  "typWeatherSunny",
  "typWeatherWindyCloudy",
  "typWeatherWindy",
  "typWiFiOutline",
  "typWiFi",
  "typWine",
  "typWorldOutline",
  "typWorld",
  "typZoomInOutline",
  "typZoomIn",
  "typZoomOutOutline",
  "typZoomOut",
  "typZoomOutline",
  "typZoom",
]
`;
