// Jest Snapshot v1, https://goo.gl/fbAQLP

exports[`Bootstrap Icons should ensure the export names have not changed unexpectedly 1`] = `
Array [
  "Bootstrap123",
  "BootstrapActivity",
  "BootstrapAlarmFill",
  "BootstrapAlarm",
  "BootstrapAlignBottom",
  "BootstrapAlignCenter",
  "BootstrapAlignEnd",
  "BootstrapAlignMiddle",
  "BootstrapAlignStart",
  "BootstrapAlignTop",
  "BootstrapAlt",
  "BootstrapAppIndicator",
  "BootstrapApp",
  "BootstrapApple",
  "BootstrapArchiveFill",
  "BootstrapArchive",
  "BootstrapArrow90degDown",
  "BootstrapArrow90degLeft",
  "BootstrapArrow90degRight",
  "BootstrapArrow90degUp",
  "BootstrapArrowBarDown",
  "BootstrapArrowBarLeft",
  "BootstrapArrowBarRight",
  "BootstrapArrowBarUp",
  "BootstrapArrowClockwise",
  "BootstrapArrowCounterclockwise",
  "BootstrapArrowDownCircleFill",
  "BootstrapArrowDownCircle",
  "BootstrapArrowDownLeftCircleFill",
  "BootstrapArrowDownLeftCircle",
  "BootstrapArrowDownLeftSquareFill",
  "BootstrapArrowDownLeftSquare",
  "BootstrapArrowDownLeft",
  "BootstrapArrowDownRightCircleFill",
  "BootstrapArrowDownRightCircle",
  "BootstrapArrowDownRightSquareFill",
  "BootstrapArrowDownRightSquare",
  "BootstrapArrowDownRight",
  "BootstrapArrowDownShort",
  "BootstrapArrowDownSquareFill",
  "BootstrapArrowDownSquare",
  "BootstrapArrowDownUp",
  "BootstrapArrowDown",
  "BootstrapArrowLeftCircleFill",
  "BootstrapArrowLeftCircle",
  "BootstrapArrowLeftRight",
  "BootstrapArrowLeftShort",
  "BootstrapArrowLeftSquareFill",
  "BootstrapArrowLeftSquare",
  "BootstrapArrowLeft",
  "BootstrapArrowRepeat",
  "BootstrapArrowReturnLeft",
  "BootstrapArrowReturnRight",
  "BootstrapArrowRightCircleFill",
  "BootstrapArrowRightCircle",
  "BootstrapArrowRightShort",
  "BootstrapArrowRightSquareFill",
  "BootstrapArrowRightSquare",
  "BootstrapArrowRight",
  "BootstrapArrowUpCircleFill",
  "BootstrapArrowUpCircle",
  "BootstrapArrowUpLeftCircleFill",
  "BootstrapArrowUpLeftCircle",
  "BootstrapArrowUpLeftSquareFill",
  "BootstrapArrowUpLeftSquare",
  "BootstrapArrowUpLeft",
  "BootstrapArrowUpRightCircleFill",
  "BootstrapArrowUpRightCircle",
  "BootstrapArrowUpRightSquareFill",
  "BootstrapArrowUpRightSquare",
  "BootstrapArrowUpRight",
  "BootstrapArrowUpShort",
  "BootstrapArrowUpSquareFill",
  "BootstrapArrowUpSquare",
  "BootstrapArrowUp",
  "BootstrapArrowsAngleContract",
  "BootstrapArrowsAngleExpand",
  "BootstrapArrowsCollapse",
  "BootstrapArrowsExpand",
  "BootstrapArrowsFullscreen",
  "BootstrapArrowsMove",
  "BootstrapAspectRatioFill",
  "BootstrapAspectRatio",
  "BootstrapAsterisk",
  "BootstrapAt",
  "BootstrapAwardFill",
  "BootstrapAward",
  "BootstrapBack",
  "BootstrapBackspaceFill",
  "BootstrapBackspaceReverseFill",
  "BootstrapBackspaceReverse",
  "BootstrapBackspace",
  "BootstrapBadge3dFill",
  "BootstrapBadge3d",
  "BootstrapBadge4kFill",
  "BootstrapBadge4k",
  "BootstrapBadge8kFill",
  "BootstrapBadge8k",
  "BootstrapBadgeAdFill",
  "BootstrapBadgeAd",
  "BootstrapBadgeArFill",
  "BootstrapBadgeAr",
  "BootstrapBadgeCcFill",
  "BootstrapBadgeCc",
  "BootstrapBadgeHdFill",
  "BootstrapBadgeHd",
  "BootstrapBadgeTmFill",
  "BootstrapBadgeTm",
  "BootstrapBadgeVoFill",
  "BootstrapBadgeVo",
  "BootstrapBadgeVrFill",
  "BootstrapBadgeVr",
  "BootstrapBadgeWcFill",
  "BootstrapBadgeWc",
  "BootstrapBagCheckFill",
  "BootstrapBagCheck",
  "BootstrapBagDashFill",
  "BootstrapBagDash",
  "BootstrapBagFill",
  "BootstrapBagPlusFill",
  "BootstrapBagPlus",
  "BootstrapBagXFill",
  "BootstrapBagX",
  "BootstrapBag",
  "BootstrapBandaidFill",
  "BootstrapBandaid",
  "BootstrapBank",
  "BootstrapBank2",
  "BootstrapBarChartFill",
  "BootstrapBarChartLineFill",
  "BootstrapBarChartLine",
  "BootstrapBarChartSteps",
  "BootstrapBarChart",
  "BootstrapBasketFill",
  "BootstrapBasket",
  "BootstrapBasket2Fill",
  "BootstrapBasket2",
  "BootstrapBasket3Fill",
  "BootstrapBasket3",
  "BootstrapBatteryCharging",
  "BootstrapBatteryFull",
  "BootstrapBatteryHalf",
  "BootstrapBattery",
  "BootstrapBehance",
  "BootstrapBellFill",
  "BootstrapBellSlashFill",
  "BootstrapBellSlash",
  "BootstrapBell",
  "BootstrapBezier",
  "BootstrapBezier2",
  "BootstrapBicycle",
  "BootstrapBinocularsFill",
  "BootstrapBinoculars",
  "BootstrapBlockquoteLeft",
  "BootstrapBlockquoteRight",
  "BootstrapBluetooth",
  "BootstrapBodyText",
  "BootstrapBookFill",
  "BootstrapBookHalf",
  "BootstrapBook",
  "BootstrapBookmarkCheckFill",
  "BootstrapBookmarkCheck",
  "BootstrapBookmarkDashFill",
  "BootstrapBookmarkDash",
  "BootstrapBookmarkFill",
  "BootstrapBookmarkHeartFill",
  "BootstrapBookmarkHeart",
  "BootstrapBookmarkPlusFill",
  "BootstrapBookmarkPlus",
  "BootstrapBookmarkStarFill",
  "BootstrapBookmarkStar",
  "BootstrapBookmarkXFill",
  "BootstrapBookmarkX",
  "BootstrapBookmark",
  "BootstrapBookmarksFill",
  "BootstrapBookmarks",
  "BootstrapBookshelf",
  "BootstrapBoomboxFill",
  "BootstrapBoombox",
  "BootstrapBootstrapFill",
  "BootstrapBootstrapReboot",
  "BootstrapBootstrap",
  "BootstrapBorderAll",
  "BootstrapBorderBottom",
  "BootstrapBorderCenter",
  "BootstrapBorderInner",
  "BootstrapBorderLeft",
  "BootstrapBorderMiddle",
  "BootstrapBorderOuter",
  "BootstrapBorderRight",
  "BootstrapBorderStyle",
  "BootstrapBorderTop",
  "BootstrapBorderWidth",
  "BootstrapBorder",
  "BootstrapBoundingBoxCircles",
  "BootstrapBoundingBox",
  "BootstrapBoxArrowDownLeft",
  "BootstrapBoxArrowDownRight",
  "BootstrapBoxArrowDown",
  "BootstrapBoxArrowInDownLeft",
  "BootstrapBoxArrowInDownRight",
  "BootstrapBoxArrowInDown",
  "BootstrapBoxArrowInLeft",
  "BootstrapBoxArrowInRight",
  "BootstrapBoxArrowInUpLeft",
  "BootstrapBoxArrowInUpRight",
  "BootstrapBoxArrowInUp",
  "BootstrapBoxArrowLeft",
  "BootstrapBoxArrowRight",
  "BootstrapBoxArrowUpLeft",
  "BootstrapBoxArrowUpRight",
  "BootstrapBoxArrowUp",
  "BootstrapBoxSeam",
  "BootstrapBox",
  "BootstrapBoxes",
  "BootstrapBraces",
  "BootstrapBricks",
  "BootstrapBriefcaseFill",
  "BootstrapBriefcase",
  "BootstrapBrightnessAltHighFill",
  "BootstrapBrightnessAltHigh",
  "BootstrapBrightnessAltLowFill",
  "BootstrapBrightnessAltLow",
  "BootstrapBrightnessHighFill",
  "BootstrapBrightnessHigh",
  "BootstrapBrightnessLowFill",
  "BootstrapBrightnessLow",
  "BootstrapBroadcastPin",
  "BootstrapBroadcast",
  "BootstrapBrushFill",
  "BootstrapBrush",
  "BootstrapBucketFill",
  "BootstrapBucket",
  "BootstrapBugFill",
  "BootstrapBug",
  "BootstrapBuilding",
  "BootstrapBullseye",
  "BootstrapCalculatorFill",
  "BootstrapCalculator",
  "BootstrapCalendarCheckFill",
  "BootstrapCalendarCheck",
  "BootstrapCalendarDateFill",
  "BootstrapCalendarDate",
  "BootstrapCalendarDayFill",
  "BootstrapCalendarDay",
  "BootstrapCalendarEventFill",
  "BootstrapCalendarEvent",
  "BootstrapCalendarFill",
  "BootstrapCalendarMinusFill",
  "BootstrapCalendarMinus",
  "BootstrapCalendarMonthFill",
  "BootstrapCalendarMonth",
  "BootstrapCalendarPlusFill",
  "BootstrapCalendarPlus",
  "BootstrapCalendarRangeFill",
  "BootstrapCalendarRange",
  "BootstrapCalendarWeekFill",
  "BootstrapCalendarWeek",
  "BootstrapCalendarXFill",
  "BootstrapCalendarX",
  "BootstrapCalendar",
  "BootstrapCalendar2CheckFill",
  "BootstrapCalendar2Check",
  "BootstrapCalendar2DateFill",
  "BootstrapCalendar2Date",
  "BootstrapCalendar2DayFill",
  "BootstrapCalendar2Day",
  "BootstrapCalendar2EventFill",
  "BootstrapCalendar2Event",
  "BootstrapCalendar2Fill",
  "BootstrapCalendar2MinusFill",
  "BootstrapCalendar2Minus",
  "BootstrapCalendar2MonthFill",
  "BootstrapCalendar2Month",
  "BootstrapCalendar2PlusFill",
  "BootstrapCalendar2Plus",
  "BootstrapCalendar2RangeFill",
  "BootstrapCalendar2Range",
  "BootstrapCalendar2WeekFill",
  "BootstrapCalendar2Week",
  "BootstrapCalendar2XFill",
  "BootstrapCalendar2X",
  "BootstrapCalendar2",
  "BootstrapCalendar3EventFill",
  "BootstrapCalendar3Event",
  "BootstrapCalendar3Fill",
  "BootstrapCalendar3RangeFill",
  "BootstrapCalendar3Range",
  "BootstrapCalendar3WeekFill",
  "BootstrapCalendar3Week",
  "BootstrapCalendar3",
  "BootstrapCalendar4Event",
  "BootstrapCalendar4Range",
  "BootstrapCalendar4Week",
  "BootstrapCalendar4",
  "BootstrapCameraFill",
  "BootstrapCameraReelsFill",
  "BootstrapCameraReels",
  "BootstrapCameraVideoFill",
  "BootstrapCameraVideoOffFill",
  "BootstrapCameraVideoOff",
  "BootstrapCameraVideo",
  "BootstrapCamera",
  "BootstrapCamera2",
  "BootstrapCapslockFill",
  "BootstrapCapslock",
  "BootstrapCardChecklist",
  "BootstrapCardHeading",
  "BootstrapCardImage",
  "BootstrapCardList",
  "BootstrapCardText",
  "BootstrapCaretDownFill",
  "BootstrapCaretDownSquareFill",
  "BootstrapCaretDownSquare",
  "BootstrapCaretDown",
  "BootstrapCaretLeftFill",
  "BootstrapCaretLeftSquareFill",
  "BootstrapCaretLeftSquare",
  "BootstrapCaretLeft",
  "BootstrapCaretRightFill",
  "BootstrapCaretRightSquareFill",
  "BootstrapCaretRightSquare",
  "BootstrapCaretRight",
  "BootstrapCaretUpFill",
  "BootstrapCaretUpSquareFill",
  "BootstrapCaretUpSquare",
  "BootstrapCaretUp",
  "BootstrapCartCheckFill",
  "BootstrapCartCheck",
  "BootstrapCartDashFill",
  "BootstrapCartDash",
  "BootstrapCartFill",
  "BootstrapCartPlusFill",
  "BootstrapCartPlus",
  "BootstrapCartXFill",
  "BootstrapCartX",
  "BootstrapCart",
  "BootstrapCart2",
  "BootstrapCart3",
  "BootstrapCart4",
  "BootstrapCashCoin",
  "BootstrapCashStack",
  "BootstrapCash",
  "BootstrapCast",
  "BootstrapChatDotsFill",
  "BootstrapChatDots",
  "BootstrapChatFill",
  "BootstrapChatLeftDotsFill",
  "BootstrapChatLeftDots",
  "BootstrapChatLeftFill",
  "BootstrapChatLeftQuoteFill",
  "BootstrapChatLeftQuote",
  "BootstrapChatLeftTextFill",
  "BootstrapChatLeftText",
  "BootstrapChatLeft",
  "BootstrapChatQuoteFill",
  "BootstrapChatQuote",
  "BootstrapChatRightDotsFill",
  "BootstrapChatRightDots",
  "BootstrapChatRightFill",
  "BootstrapChatRightQuoteFill",
  "BootstrapChatRightQuote",
  "BootstrapChatRightTextFill",
  "BootstrapChatRightText",
  "BootstrapChatRight",
  "BootstrapChatSquareDotsFill",
  "BootstrapChatSquareDots",
  "BootstrapChatSquareFill",
  "BootstrapChatSquareQuoteFill",
  "BootstrapChatSquareQuote",
  "BootstrapChatSquareTextFill",
  "BootstrapChatSquareText",
  "BootstrapChatSquare",
  "BootstrapChatTextFill",
  "BootstrapChatText",
  "BootstrapChat",
  "BootstrapCheckAll",
  "BootstrapCheckCircleFill",
  "BootstrapCheckCircle",
  "BootstrapCheckLg",
  "BootstrapCheckSquareFill",
  "BootstrapCheckSquare",
  "BootstrapCheck",
  "BootstrapCheck2All",
  "BootstrapCheck2Circle",
  "BootstrapCheck2Square",
  "BootstrapCheck2",
  "BootstrapChevronBarContract",
  "BootstrapChevronBarDown",
  "BootstrapChevronBarExpand",
  "BootstrapChevronBarLeft",
  "BootstrapChevronBarRight",
  "BootstrapChevronBarUp",
  "BootstrapChevronCompactDown",
  "BootstrapChevronCompactLeft",
  "BootstrapChevronCompactRight",
  "BootstrapChevronCompactUp",
  "BootstrapChevronContract",
  "BootstrapChevronDoubleDown",
  "BootstrapChevronDoubleLeft",
  "BootstrapChevronDoubleRight",
  "BootstrapChevronDoubleUp",
  "BootstrapChevronDown",
  "BootstrapChevronExpand",
  "BootstrapChevronLeft",
  "BootstrapChevronRight",
  "BootstrapChevronUp",
  "BootstrapCircleFill",
  "BootstrapCircleHalf",
  "BootstrapCircleSquare",
  "BootstrapCircle",
  "BootstrapClipboardCheck",
  "BootstrapClipboardData",
  "BootstrapClipboardMinus",
  "BootstrapClipboardPlus",
  "BootstrapClipboardX",
  "BootstrapClipboard",
  "BootstrapClockFill",
  "BootstrapClockHistory",
  "BootstrapClock",
  "BootstrapCloudArrowDownFill",
  "BootstrapCloudArrowDown",
  "BootstrapCloudArrowUpFill",
  "BootstrapCloudArrowUp",
  "BootstrapCloudCheckFill",
  "BootstrapCloudCheck",
  "BootstrapCloudDownloadFill",
  "BootstrapCloudDownload",
  "BootstrapCloudDrizzleFill",
  "BootstrapCloudDrizzle",
  "BootstrapCloudFill",
  "BootstrapCloudFogFill",
  "BootstrapCloudFog",
  "BootstrapCloudFog2Fill",
  "BootstrapCloudFog2",
  "BootstrapCloudHailFill",
  "BootstrapCloudHail",
  "BootstrapCloudHazeFill",
  "BootstrapCloudHaze",
  "BootstrapCloudHaze2Fill",
  "BootstrapCloudHaze2",
  "BootstrapCloudLightningFill",
  "BootstrapCloudLightningRainFill",
  "BootstrapCloudLightningRain",
  "BootstrapCloudLightning",
  "BootstrapCloudMinusFill",
  "BootstrapCloudMinus",
  "BootstrapCloudMoonFill",
  "BootstrapCloudMoon",
  "BootstrapCloudPlusFill",
  "BootstrapCloudPlus",
  "BootstrapCloudRainFill",
  "BootstrapCloudRainHeavyFill",
  "BootstrapCloudRainHeavy",
  "BootstrapCloudRain",
  "BootstrapCloudSlashFill",
  "BootstrapCloudSlash",
  "BootstrapCloudSleetFill",
  "BootstrapCloudSleet",
  "BootstrapCloudSnowFill",
  "BootstrapCloudSnow",
  "BootstrapCloudSunFill",
  "BootstrapCloudSun",
  "BootstrapCloudUploadFill",
  "BootstrapCloudUpload",
  "BootstrapCloud",
  "BootstrapCloudsFill",
  "BootstrapClouds",
  "BootstrapCloudyFill",
  "BootstrapCloudy",
  "BootstrapCodeSlash",
  "BootstrapCodeSquare",
  "BootstrapCode",
  "BootstrapCoin",
  "BootstrapCollectionFill",
  "BootstrapCollectionPlayFill",
  "BootstrapCollectionPlay",
  "BootstrapCollection",
  "BootstrapColumnsGap",
  "BootstrapColumns",
  "BootstrapCommand",
  "BootstrapCompassFill",
  "BootstrapCompass",
  "BootstrapConeStriped",
  "BootstrapCone",
  "BootstrapController",
  "BootstrapCpuFill",
  "BootstrapCpu",
  "BootstrapCreditCard2BackFill",
  "BootstrapCreditCard2Back",
  "BootstrapCreditCard2FrontFill",
  "BootstrapCreditCard2Front",
  "BootstrapCreditCardFill",
  "BootstrapCreditCard",
  "BootstrapCrop",
  "BootstrapCupFill",
  "BootstrapCupStraw",
  "BootstrapCup",
  "BootstrapCurrencyBitcoin",
  "BootstrapCurrencyDollar",
  "BootstrapCurrencyEuro",
  "BootstrapCurrencyExchange",
  "BootstrapCurrencyPound",
  "BootstrapCurrencyYen",
  "BootstrapCursorFill",
  "BootstrapCursorText",
  "BootstrapCursor",
  "BootstrapDashCircleDotted",
  "BootstrapDashCircleFill",
  "BootstrapDashCircle",
  "BootstrapDashLg",
  "BootstrapDashSquareDotted",
  "BootstrapDashSquareFill",
  "BootstrapDashSquare",
  "BootstrapDash",
  "BootstrapDeviceHddFill",
  "BootstrapDeviceHdd",
  "BootstrapDeviceSsdFill",
  "BootstrapDeviceSsd",
  "BootstrapDiagram2Fill",
  "BootstrapDiagram2",
  "BootstrapDiagram3Fill",
  "BootstrapDiagram3",
  "BootstrapDiamondFill",
  "BootstrapDiamondHalf",
  "BootstrapDiamond",
  "BootstrapDice1Fill",
  "BootstrapDice1",
  "BootstrapDice2Fill",
  "BootstrapDice2",
  "BootstrapDice3Fill",
  "BootstrapDice3",
  "BootstrapDice4Fill",
  "BootstrapDice4",
  "BootstrapDice5Fill",
  "BootstrapDice5",
  "BootstrapDice6Fill",
  "BootstrapDice6",
  "BootstrapDiscFill",
  "BootstrapDisc",
  "BootstrapDiscord",
  "BootstrapDisplayFill",
  "BootstrapDisplay",
  "BootstrapDisplayportFill",
  "BootstrapDisplayport",
  "BootstrapDistributeHorizontal",
  "BootstrapDistributeVertical",
  "BootstrapDoorClosedFill",
  "BootstrapDoorClosed",
  "BootstrapDoorOpenFill",
  "BootstrapDoorOpen",
  "BootstrapDot",
  "BootstrapDownload",
  "BootstrapDpadFill",
  "BootstrapDpad",
  "BootstrapDribbble",
  "BootstrapDropletFill",
  "BootstrapDropletHalf",
  "BootstrapDroplet",
  "BootstrapEarFill",
  "BootstrapEar",
  "BootstrapEarbuds",
  "BootstrapEaselFill",
  "BootstrapEasel",
  "BootstrapEasel2Fill",
  "BootstrapEasel2",
  "BootstrapEasel3Fill",
  "BootstrapEasel3",
  "BootstrapEggFill",
  "BootstrapEggFried",
  "BootstrapEgg",
  "BootstrapEjectFill",
  "BootstrapEject",
  "BootstrapEmojiAngryFill",
  "BootstrapEmojiAngry",
  "BootstrapEmojiDizzyFill",
  "BootstrapEmojiDizzy",
  "BootstrapEmojiExpressionlessFill",
  "BootstrapEmojiExpressionless",
  "BootstrapEmojiFrownFill",
  "BootstrapEmojiFrown",
  "BootstrapEmojiHeartEyesFill",
  "BootstrapEmojiHeartEyes",
  "BootstrapEmojiLaughingFill",
  "BootstrapEmojiLaughing",
  "BootstrapEmojiNeutralFill",
  "BootstrapEmojiNeutral",
  "BootstrapEmojiSmileFill",
  "BootstrapEmojiSmileUpsideDownFill",
  "BootstrapEmojiSmileUpsideDown",
  "BootstrapEmojiSmile",
  "BootstrapEmojiSunglassesFill",
  "BootstrapEmojiSunglasses",
  "BootstrapEmojiWinkFill",
  "BootstrapEmojiWink",
  "BootstrapEnvelopeCheckFill",
  "BootstrapEnvelopeCheck",
  "BootstrapEnvelopeDashFill",
  "BootstrapEnvelopeDash",
  "BootstrapEnvelopeExclamationFill",
  "BootstrapEnvelopeExclamation",
  "BootstrapEnvelopeFill",
  "BootstrapEnvelopeOpenFill",
  "BootstrapEnvelopeOpen",
  "BootstrapEnvelopePlusFill",
  "BootstrapEnvelopePlus",
  "BootstrapEnvelopeSlashFill",
  "BootstrapEnvelopeSlash",
  "BootstrapEnvelopeXFill",
  "BootstrapEnvelopeX",
  "BootstrapEnvelope",
  "BootstrapEraserFill",
  "BootstrapEraser",
  "BootstrapEthernet",
  "BootstrapExclamationCircleFill",
  "BootstrapExclamationCircle",
  "BootstrapExclamationDiamondFill",
  "BootstrapExclamationDiamond",
  "BootstrapExclamationLg",
  "BootstrapExclamationOctagonFill",
  "BootstrapExclamationOctagon",
  "BootstrapExclamationSquareFill",
  "BootstrapExclamationSquare",
  "BootstrapExclamationTriangleFill",
  "BootstrapExclamationTriangle",
  "BootstrapExclamation",
  "BootstrapExclude",
  "BootstrapExplicitFill",
  "BootstrapExplicit",
  "BootstrapEyeFill",
  "BootstrapEyeSlashFill",
  "BootstrapEyeSlash",
  "BootstrapEye",
  "BootstrapEyedropper",
  "BootstrapEyeglasses",
  "BootstrapFacebook",
  "BootstrapFan",
  "BootstrapFileArrowDownFill",
  "BootstrapFileArrowDown",
  "BootstrapFileArrowUpFill",
  "BootstrapFileArrowUp",
  "BootstrapFileBarGraphFill",
  "BootstrapFileBarGraph",
  "BootstrapFileBinaryFill",
  "BootstrapFileBinary",
  "BootstrapFileBreakFill",
  "BootstrapFileBreak",
  "BootstrapFileCheckFill",
  "BootstrapFileCheck",
  "BootstrapFileCodeFill",
  "BootstrapFileCode",
  "BootstrapFileDiffFill",
  "BootstrapFileDiff",
  "BootstrapFileEarmarkArrowDownFill",
  "BootstrapFileEarmarkArrowDown",
  "BootstrapFileEarmarkArrowUpFill",
  "BootstrapFileEarmarkArrowUp",
  "BootstrapFileEarmarkBarGraphFill",
  "BootstrapFileEarmarkBarGraph",
  "BootstrapFileEarmarkBinaryFill",
  "BootstrapFileEarmarkBinary",
  "BootstrapFileEarmarkBreakFill",
  "BootstrapFileEarmarkBreak",
  "BootstrapFileEarmarkCheckFill",
  "BootstrapFileEarmarkCheck",
  "BootstrapFileEarmarkCodeFill",
  "BootstrapFileEarmarkCode",
  "BootstrapFileEarmarkDiffFill",
  "BootstrapFileEarmarkDiff",
  "BootstrapFileEarmarkEaselFill",
  "BootstrapFileEarmarkEasel",
  "BootstrapFileEarmarkExcelFill",
  "BootstrapFileEarmarkExcel",
  "BootstrapFileEarmarkFill",
  "BootstrapFileEarmarkFontFill",
  "BootstrapFileEarmarkFont",
  "BootstrapFileEarmarkImageFill",
  "BootstrapFileEarmarkImage",
  "BootstrapFileEarmarkLockFill",
  "BootstrapFileEarmarkLock",
  "BootstrapFileEarmarkLock2Fill",
  "BootstrapFileEarmarkLock2",
  "BootstrapFileEarmarkMedicalFill",
  "BootstrapFileEarmarkMedical",
  "BootstrapFileEarmarkMinusFill",
  "BootstrapFileEarmarkMinus",
  "BootstrapFileEarmarkMusicFill",
  "BootstrapFileEarmarkMusic",
  "BootstrapFileEarmarkPdfFill",
  "BootstrapFileEarmarkPdf",
  "BootstrapFileEarmarkPersonFill",
  "BootstrapFileEarmarkPerson",
  "BootstrapFileEarmarkPlayFill",
  "BootstrapFileEarmarkPlay",
  "BootstrapFileEarmarkPlusFill",
  "BootstrapFileEarmarkPlus",
  "BootstrapFileEarmarkPostFill",
  "BootstrapFileEarmarkPost",
  "BootstrapFileEarmarkPptFill",
  "BootstrapFileEarmarkPpt",
  "BootstrapFileEarmarkRichtextFill",
  "BootstrapFileEarmarkRichtext",
  "BootstrapFileEarmarkRuledFill",
  "BootstrapFileEarmarkRuled",
  "BootstrapFileEarmarkSlidesFill",
  "BootstrapFileEarmarkSlides",
  "BootstrapFileEarmarkSpreadsheetFill",
  "BootstrapFileEarmarkSpreadsheet",
  "BootstrapFileEarmarkTextFill",
  "BootstrapFileEarmarkText",
  "BootstrapFileEarmarkWordFill",
  "BootstrapFileEarmarkWord",
  "BootstrapFileEarmarkXFill",
  "BootstrapFileEarmarkX",
  "BootstrapFileEarmarkZipFill",
  "BootstrapFileEarmarkZip",
  "BootstrapFileEarmark",
  "BootstrapFileEaselFill",
  "BootstrapFileEasel",
  "BootstrapFileExcelFill",
  "BootstrapFileExcel",
  "BootstrapFileFill",
  "BootstrapFileFontFill",
  "BootstrapFileFont",
  "BootstrapFileImageFill",
  "BootstrapFileImage",
  "BootstrapFileLockFill",
  "BootstrapFileLock",
  "BootstrapFileLock2Fill",
  "BootstrapFileLock2",
  "BootstrapFileMedicalFill",
  "BootstrapFileMedical",
  "BootstrapFileMinusFill",
  "BootstrapFileMinus",
  "BootstrapFileMusicFill",
  "BootstrapFileMusic",
  "BootstrapFilePdfFill",
  "BootstrapFilePdf",
  "BootstrapFilePersonFill",
  "BootstrapFilePerson",
  "BootstrapFilePlayFill",
  "BootstrapFilePlay",
  "BootstrapFilePlusFill",
  "BootstrapFilePlus",
  "BootstrapFilePostFill",
  "BootstrapFilePost",
  "BootstrapFilePptFill",
  "BootstrapFilePpt",
  "BootstrapFileRichtextFill",
  "BootstrapFileRichtext",
  "BootstrapFileRuledFill",
  "BootstrapFileRuled",
  "BootstrapFileSlidesFill",
  "BootstrapFileSlides",
  "BootstrapFileSpreadsheetFill",
  "BootstrapFileSpreadsheet",
  "BootstrapFileTextFill",
  "BootstrapFileText",
  "BootstrapFileWordFill",
  "BootstrapFileWord",
  "BootstrapFileXFill",
  "BootstrapFileX",
  "BootstrapFileZipFill",
  "BootstrapFileZip",
  "BootstrapFile",
  "BootstrapFilesAlt",
  "BootstrapFiles",
  "BootstrapFilm",
  "BootstrapFilterCircleFill",
  "BootstrapFilterCircle",
  "BootstrapFilterLeft",
  "BootstrapFilterRight",
  "BootstrapFilterSquareFill",
  "BootstrapFilterSquare",
  "BootstrapFilter",
  "BootstrapFingerprint",
  "BootstrapFlagFill",
  "BootstrapFlag",
  "BootstrapFlower1",
  "BootstrapFlower2",
  "BootstrapFlower3",
  "BootstrapFolderCheck",
  "BootstrapFolderFill",
  "BootstrapFolderMinus",
  "BootstrapFolderPlus",
  "BootstrapFolderSymlinkFill",
  "BootstrapFolderSymlink",
  "BootstrapFolderX",
  "BootstrapFolder",
  "BootstrapFolder2Open",
  "BootstrapFolder2",
  "BootstrapFonts",
  "BootstrapForwardFill",
  "BootstrapForward",
  "BootstrapFront",
  "BootstrapFullscreenExit",
  "BootstrapFullscreen",
  "BootstrapFunnelFill",
  "BootstrapFunnel",
  "BootstrapGearFill",
  "BootstrapGearWideConnected",
  "BootstrapGearWide",
  "BootstrapGear",
  "BootstrapGem",
  "BootstrapGenderAmbiguous",
  "BootstrapGenderFemale",
  "BootstrapGenderMale",
  "BootstrapGenderTrans",
  "BootstrapGeoAltFill",
  "BootstrapGeoAlt",
  "BootstrapGeoFill",
  "BootstrapGeo",
  "BootstrapGiftFill",
  "BootstrapGift",
  "BootstrapGit",
  "BootstrapGithub",
  "BootstrapGlobe",
  "BootstrapGlobe2",
  "BootstrapGoogle",
  "BootstrapGpuCard",
  "BootstrapGraphDownArrow",
  "BootstrapGraphDown",
  "BootstrapGraphUpArrow",
  "BootstrapGraphUp",
  "BootstrapGrid1x2Fill",
  "BootstrapGrid1x2",
  "BootstrapGrid3x2GapFill",
  "BootstrapGrid3x2Gap",
  "BootstrapGrid3x2",
  "BootstrapGrid3x3GapFill",
  "BootstrapGrid3x3Gap",
  "BootstrapGrid3x3",
  "BootstrapGridFill",
  "BootstrapGrid",
  "BootstrapGripHorizontal",
  "BootstrapGripVertical",
  "BootstrapHammer",
  "BootstrapHandIndexFill",
  "BootstrapHandIndexThumbFill",
  "BootstrapHandIndexThumb",
  "BootstrapHandIndex",
  "BootstrapHandThumbsDownFill",
  "BootstrapHandThumbsDown",
  "BootstrapHandThumbsUpFill",
  "BootstrapHandThumbsUp",
  "BootstrapHandbagFill",
  "BootstrapHandbag",
  "BootstrapHash",
  "BootstrapHddFill",
  "BootstrapHddNetworkFill",
  "BootstrapHddNetwork",
  "BootstrapHddRackFill",
  "BootstrapHddRack",
  "BootstrapHddStackFill",
  "BootstrapHddStack",
  "BootstrapHdd",
  "BootstrapHdmiFill",
  "BootstrapHdmi",
  "BootstrapHeadphones",
  "BootstrapHeadsetVr",
  "BootstrapHeadset",
  "BootstrapHeartFill",
  "BootstrapHeartHalf",
  "BootstrapHeart",
  "BootstrapHeptagonFill",
  "BootstrapHeptagonHalf",
  "BootstrapHeptagon",
  "BootstrapHexagonFill",
  "BootstrapHexagonHalf",
  "BootstrapHexagon",
  "BootstrapHourglassBottom",
  "BootstrapHourglassSplit",
  "BootstrapHourglassTop",
  "BootstrapHourglass",
  "BootstrapHouseDoorFill",
  "BootstrapHouseDoor",
  "BootstrapHouseFill",
  "BootstrapHouse",
  "BootstrapHr",
  "BootstrapHurricane",
  "BootstrapHypnotize",
  "BootstrapImageAlt",
  "BootstrapImageFill",
  "BootstrapImage",
  "BootstrapImages",
  "BootstrapInboxFill",
  "BootstrapInbox",
  "BootstrapInboxesFill",
  "BootstrapInboxes",
  "BootstrapInfinity",
  "BootstrapInfoCircleFill",
  "BootstrapInfoCircle",
  "BootstrapInfoLg",
  "BootstrapInfoSquareFill",
  "BootstrapInfoSquare",
  "BootstrapInfo",
  "BootstrapInputCursorText",
  "BootstrapInputCursor",
  "BootstrapInstagram",
  "BootstrapIntersect",
  "BootstrapJournalAlbum",
  "BootstrapJournalArrowDown",
  "BootstrapJournalArrowUp",
  "BootstrapJournalBookmarkFill",
  "BootstrapJournalBookmark",
  "BootstrapJournalCheck",
  "BootstrapJournalCode",
  "BootstrapJournalMedical",
  "BootstrapJournalMinus",
  "BootstrapJournalPlus",
  "BootstrapJournalRichtext",
  "BootstrapJournalText",
  "BootstrapJournalX",
  "BootstrapJournal",
  "BootstrapJournals",
  "BootstrapJoystick",
  "BootstrapJustifyLeft",
  "BootstrapJustifyRight",
  "BootstrapJustify",
  "BootstrapKanbanFill",
  "BootstrapKanban",
  "BootstrapKeyFill",
  "BootstrapKey",
  "BootstrapKeyboardFill",
  "BootstrapKeyboard",
  "BootstrapLadder",
  "BootstrapLampFill",
  "BootstrapLamp",
  "BootstrapLaptopFill",
  "BootstrapLaptop",
  "BootstrapLayerBackward",
  "BootstrapLayerForward",
  "BootstrapLayersFill",
  "BootstrapLayersHalf",
  "BootstrapLayers",
  "BootstrapLayoutSidebarInsetReverse",
  "BootstrapLayoutSidebarInset",
  "BootstrapLayoutSidebarReverse",
  "BootstrapLayoutSidebar",
  "BootstrapLayoutSplit",
  "BootstrapLayoutTextSidebarReverse",
  "BootstrapLayoutTextSidebar",
  "BootstrapLayoutTextWindowReverse",
  "BootstrapLayoutTextWindow",
  "BootstrapLayoutThreeColumns",
  "BootstrapLayoutWtf",
  "BootstrapLifePreserver",
  "BootstrapLightbulbFill",
  "BootstrapLightbulbOffFill",
  "BootstrapLightbulbOff",
  "BootstrapLightbulb",
  "BootstrapLightningChargeFill",
  "BootstrapLightningCharge",
  "BootstrapLightningFill",
  "BootstrapLightning",
  "BootstrapLine",
  "BootstrapLink45deg",
  "BootstrapLink",
  "BootstrapLinkedin",
  "BootstrapListCheck",
  "BootstrapListColumnsReverse",
  "BootstrapListColumns",
  "BootstrapListNested",
  "BootstrapListOl",
  "BootstrapListStars",
  "BootstrapListTask",
  "BootstrapListUl",
  "BootstrapList",
  "BootstrapLockFill",
  "BootstrapLock",
  "BootstrapMagic",
  "BootstrapMailbox",
  "BootstrapMailbox2",
  "BootstrapMapFill",
  "BootstrapMap",
  "BootstrapMarkdownFill",
  "BootstrapMarkdown",
  "BootstrapMask",
  "BootstrapMastodon",
  "BootstrapMedium",
  "BootstrapMegaphoneFill",
  "BootstrapMegaphone",
  "BootstrapMemory",
  "BootstrapMenuAppFill",
  "BootstrapMenuApp",
  "BootstrapMenuButtonFill",
  "BootstrapMenuButtonWideFill",
  "BootstrapMenuButtonWide",
  "BootstrapMenuButton",
  "BootstrapMenuDown",
  "BootstrapMenuUp",
  "BootstrapMessenger",
  "BootstrapMeta",
  "BootstrapMicFill",
  "BootstrapMicMuteFill",
  "BootstrapMicMute",
  "BootstrapMic",
  "BootstrapMicrosoft",
  "BootstrapMinecartLoaded",
  "BootstrapMinecart",
  "BootstrapModemFill",
  "BootstrapModem",
  "BootstrapMoisture",
  "BootstrapMoonFill",
  "BootstrapMoonStarsFill",
  "BootstrapMoonStars",
  "BootstrapMoon",
  "BootstrapMortarboardFill",
  "BootstrapMortarboard",
  "BootstrapMotherboardFill",
  "BootstrapMotherboard",
  "BootstrapMouseFill",
  "BootstrapMouse",
  "BootstrapMouse2Fill",
  "BootstrapMouse2",
  "BootstrapMouse3Fill",
  "BootstrapMouse3",
  "BootstrapMusicNoteBeamed",
  "BootstrapMusicNoteList",
  "BootstrapMusicNote",
  "BootstrapMusicPlayerFill",
  "BootstrapMusicPlayer",
  "BootstrapNewspaper",
  "BootstrapNintendoSwitch",
  "BootstrapNodeMinusFill",
  "BootstrapNodeMinus",
  "BootstrapNodePlusFill",
  "BootstrapNodePlus",
  "BootstrapNutFill",
  "BootstrapNut",
  "BootstrapOctagonFill",
  "BootstrapOctagonHalf",
  "BootstrapOctagon",
  "BootstrapOpticalAudioFill",
  "BootstrapOpticalAudio",
  "BootstrapOption",
  "BootstrapOutlet",
  "BootstrapPaintBucket",
  "BootstrapPaletteFill",
  "BootstrapPalette",
  "BootstrapPalette2",
  "BootstrapPaperclip",
  "BootstrapParagraph",
  "BootstrapPatchCheckFill",
  "BootstrapPatchCheck",
  "BootstrapPatchExclamationFill",
  "BootstrapPatchExclamation",
  "BootstrapPatchMinusFill",
  "BootstrapPatchMinus",
  "BootstrapPatchPlusFill",
  "BootstrapPatchPlus",
  "BootstrapPatchQuestionFill",
  "BootstrapPatchQuestion",
  "BootstrapPauseBtnFill",
  "BootstrapPauseBtn",
  "BootstrapPauseCircleFill",
  "BootstrapPauseCircle",
  "BootstrapPauseFill",
  "BootstrapPause",
  "BootstrapPaypal",
  "BootstrapPcDisplayHorizontal",
  "BootstrapPcDisplay",
  "BootstrapPcHorizontal",
  "BootstrapPc",
  "BootstrapPciCard",
  "BootstrapPeaceFill",
  "BootstrapPeace",
  "BootstrapPenFill",
  "BootstrapPen",
  "BootstrapPencilFill",
  "BootstrapPencilSquare",
  "BootstrapPencil",
  "BootstrapPentagonFill",
  "BootstrapPentagonHalf",
  "BootstrapPentagon",
  "BootstrapPeopleFill",
  "BootstrapPeople",
  "BootstrapPercent",
  "BootstrapPersonBadgeFill",
  "BootstrapPersonBadge",
  "BootstrapPersonBoundingBox",
  "BootstrapPersonCheckFill",
  "BootstrapPersonCheck",
  "BootstrapPersonCircle",
  "BootstrapPersonDashFill",
  "BootstrapPersonDash",
  "BootstrapPersonFill",
  "BootstrapPersonLinesFill",
  "BootstrapPersonPlusFill",
  "BootstrapPersonPlus",
  "BootstrapPersonRolodex",
  "BootstrapPersonSquare",
  "BootstrapPersonVideo",
  "BootstrapPersonVideo2",
  "BootstrapPersonVideo3",
  "BootstrapPersonWorkspace",
  "BootstrapPersonXFill",
  "BootstrapPersonX",
  "BootstrapPerson",
  "BootstrapPhoneFill",
  "BootstrapPhoneLandscapeFill",
  "BootstrapPhoneLandscape",
  "BootstrapPhoneVibrateFill",
  "BootstrapPhoneVibrate",
  "BootstrapPhone",
  "BootstrapPieChartFill",
  "BootstrapPieChart",
  "BootstrapPiggyBankFill",
  "BootstrapPiggyBank",
  "BootstrapPinAngleFill",
  "BootstrapPinAngle",
  "BootstrapPinFill",
  "BootstrapPinMapFill",
  "BootstrapPinMap",
  "BootstrapPin",
  "BootstrapPinterest",
  "BootstrapPipFill",
  "BootstrapPip",
  "BootstrapPlayBtnFill",
  "BootstrapPlayBtn",
  "BootstrapPlayCircleFill",
  "BootstrapPlayCircle",
  "BootstrapPlayFill",
  "BootstrapPlay",
  "BootstrapPlaystation",
  "BootstrapPlugFill",
  "BootstrapPlug",
  "BootstrapPlusCircleDotted",
  "BootstrapPlusCircleFill",
  "BootstrapPlusCircle",
  "BootstrapPlusLg",
  "BootstrapPlusSlashMinus",
  "BootstrapPlusSquareDotted",
  "BootstrapPlusSquareFill",
  "BootstrapPlusSquare",
  "BootstrapPlus",
  "BootstrapPower",
  "BootstrapPrinterFill",
  "BootstrapPrinter",
  "BootstrapProjectorFill",
  "BootstrapProjector",
  "BootstrapPuzzleFill",
  "BootstrapPuzzle",
  "BootstrapQrCodeScan",
  "BootstrapQrCode",
  "BootstrapQuestionCircleFill",
  "BootstrapQuestionCircle",
  "BootstrapQuestionDiamondFill",
  "BootstrapQuestionDiamond",
  "BootstrapQuestionLg",
  "BootstrapQuestionOctagonFill",
  "BootstrapQuestionOctagon",
  "BootstrapQuestionSquareFill",
  "BootstrapQuestionSquare",
  "BootstrapQuestion",
  "BootstrapQuora",
  "BootstrapQuote",
  "BootstrapRadioactive",
  "BootstrapRainbow",
  "BootstrapReceiptCutoff",
  "BootstrapReceipt",
  "BootstrapReception0",
  "BootstrapReception1",
  "BootstrapReception2",
  "BootstrapReception3",
  "BootstrapReception4",
  "BootstrapRecordBtnFill",
  "BootstrapRecordBtn",
  "BootstrapRecordCircleFill",
  "BootstrapRecordCircle",
  "BootstrapRecordFill",
  "BootstrapRecord",
  "BootstrapRecord2Fill",
  "BootstrapRecord2",
  "BootstrapRecycle",
  "BootstrapReddit",
  "BootstrapReplyAllFill",
  "BootstrapReplyAll",
  "BootstrapReplyFill",
  "BootstrapReply",
  "BootstrapRobot",
  "BootstrapRouterFill",
  "BootstrapRouter",
  "BootstrapRssFill",
  "BootstrapRss",
  "BootstrapRulers",
  "BootstrapSafeFill",
  "BootstrapSafe",
  "BootstrapSafe2Fill",
  "BootstrapSafe2",
  "BootstrapSaveFill",
  "BootstrapSave",
  "BootstrapSave2Fill",
  "BootstrapSave2",
  "BootstrapScissors",
  "BootstrapScrewdriver",
  "BootstrapSdCardFill",
  "BootstrapSdCard",
  "BootstrapSearch",
  "BootstrapSegmentedNav",
  "BootstrapSendCheckFill",
  "BootstrapSendCheck",
  "BootstrapSendDashFill",
  "BootstrapSendDash",
  "BootstrapSendExclamationFill",
  "BootstrapSendExclamation",
  "BootstrapSendFill",
  "BootstrapSendPlusFill",
  "BootstrapSendPlus",
  "BootstrapSendSlashFill",
  "BootstrapSendSlash",
  "BootstrapSendXFill",
  "BootstrapSendX",
  "BootstrapSend",
  "BootstrapServer",
  "BootstrapShareFill",
  "BootstrapShare",
  "BootstrapShieldCheck",
  "BootstrapShieldExclamation",
  "BootstrapShieldFillCheck",
  "BootstrapShieldFillExclamation",
  "BootstrapShieldFillMinus",
  "BootstrapShieldFillPlus",
  "BootstrapShieldFillX",
  "BootstrapShieldFill",
  "BootstrapShieldLockFill",
  "BootstrapShieldLock",
  "BootstrapShieldMinus",
  "BootstrapShieldPlus",
  "BootstrapShieldShaded",
  "BootstrapShieldSlashFill",
  "BootstrapShieldSlash",
  "BootstrapShieldX",
  "BootstrapShield",
  "BootstrapShiftFill",
  "BootstrapShift",
  "BootstrapShopWindow",
  "BootstrapShop",
  "BootstrapShuffle",
  "BootstrapSignal",
  "BootstrapSignpost2Fill",
  "BootstrapSignpost2",
  "BootstrapSignpostFill",
  "BootstrapSignpostSplitFill",
  "BootstrapSignpostSplit",
  "BootstrapSignpost",
  "BootstrapSimFill",
  "BootstrapSim",
  "BootstrapSkipBackwardBtnFill",
  "BootstrapSkipBackwardBtn",
  "BootstrapSkipBackwardCircleFill",
  "BootstrapSkipBackwardCircle",
  "BootstrapSkipBackwardFill",
  "BootstrapSkipBackward",
  "BootstrapSkipEndBtnFill",
  "BootstrapSkipEndBtn",
  "BootstrapSkipEndCircleFill",
  "BootstrapSkipEndCircle",
  "BootstrapSkipEndFill",
  "BootstrapSkipEnd",
  "BootstrapSkipForwardBtnFill",
  "BootstrapSkipForwardBtn",
  "BootstrapSkipForwardCircleFill",
  "BootstrapSkipForwardCircle",
  "BootstrapSkipForwardFill",
  "BootstrapSkipForward",
  "BootstrapSkipStartBtnFill",
  "BootstrapSkipStartBtn",
  "BootstrapSkipStartCircleFill",
  "BootstrapSkipStartCircle",
  "BootstrapSkipStartFill",
  "BootstrapSkipStart",
  "BootstrapSkype",
  "BootstrapSlack",
  "BootstrapSlashCircleFill",
  "BootstrapSlashCircle",
  "BootstrapSlashLg",
  "BootstrapSlashSquareFill",
  "BootstrapSlashSquare",
  "BootstrapSlash",
  "BootstrapSliders",
  "BootstrapSmartwatch",
  "BootstrapSnapchat",
  "BootstrapSnow",
  "BootstrapSnow2",
  "BootstrapSnow3",
  "BootstrapSortAlphaDownAlt",
  "BootstrapSortAlphaDown",
  "BootstrapSortAlphaUpAlt",
  "BootstrapSortAlphaUp",
  "BootstrapSortDownAlt",
  "BootstrapSortDown",
  "BootstrapSortNumericDownAlt",
  "BootstrapSortNumericDown",
  "BootstrapSortNumericUpAlt",
  "BootstrapSortNumericUp",
  "BootstrapSortUpAlt",
  "BootstrapSortUp",
  "BootstrapSoundwave",
  "BootstrapSpeakerFill",
  "BootstrapSpeaker",
  "BootstrapSpeedometer",
  "BootstrapSpeedometer2",
  "BootstrapSpellcheck",
  "BootstrapSpotify",
  "BootstrapSquareFill",
  "BootstrapSquareHalf",
  "BootstrapSquare",
  "BootstrapStackOverflow",
  "BootstrapStack",
  "BootstrapStarFill",
  "BootstrapStarHalf",
  "BootstrapStar",
  "BootstrapStars",
  "BootstrapSteam",
  "BootstrapStickiesFill",
  "BootstrapStickies",
  "BootstrapStickyFill",
  "BootstrapSticky",
  "BootstrapStopBtnFill",
  "BootstrapStopBtn",
  "BootstrapStopCircleFill",
  "BootstrapStopCircle",
  "BootstrapStopFill",
  "BootstrapStop",
  "BootstrapStoplightsFill",
  "BootstrapStoplights",
  "BootstrapStopwatchFill",
  "BootstrapStopwatch",
  "BootstrapStrava",
  "BootstrapSubtract",
  "BootstrapSuitClubFill",
  "BootstrapSuitClub",
  "BootstrapSuitDiamondFill",
  "BootstrapSuitDiamond",
  "BootstrapSuitHeartFill",
  "BootstrapSuitHeart",
  "BootstrapSuitSpadeFill",
  "BootstrapSuitSpade",
  "BootstrapSunFill",
  "BootstrapSun",
  "BootstrapSunglasses",
  "BootstrapSunriseFill",
  "BootstrapSunrise",
  "BootstrapSunsetFill",
  "BootstrapSunset",
  "BootstrapSymmetryHorizontal",
  "BootstrapSymmetryVertical",
  "BootstrapTable",
  "BootstrapTabletFill",
  "BootstrapTabletLandscapeFill",
  "BootstrapTabletLandscape",
  "BootstrapTablet",
  "BootstrapTagFill",
  "BootstrapTag",
  "BootstrapTagsFill",
  "BootstrapTags",
  "BootstrapTelegram",
  "BootstrapTelephoneFill",
  "BootstrapTelephoneForwardFill",
  "BootstrapTelephoneForward",
  "BootstrapTelephoneInboundFill",
  "BootstrapTelephoneInbound",
  "BootstrapTelephoneMinusFill",
  "BootstrapTelephoneMinus",
  "BootstrapTelephoneOutboundFill",
  "BootstrapTelephoneOutbound",
  "BootstrapTelephonePlusFill",
  "BootstrapTelephonePlus",
  "BootstrapTelephoneXFill",
  "BootstrapTelephoneX",
  "BootstrapTelephone",
  "BootstrapTerminalDash",
  "BootstrapTerminalFill",
  "BootstrapTerminalPlus",
  "BootstrapTerminalSplit",
  "BootstrapTerminalX",
  "BootstrapTerminal",
  "BootstrapTextCenter",
  "BootstrapTextIndentLeft",
  "BootstrapTextIndentRight",
  "BootstrapTextLeft",
  "BootstrapTextParagraph",
  "BootstrapTextRight",
  "BootstrapTextareaResize",
  "BootstrapTextareaT",
  "BootstrapTextarea",
  "BootstrapThermometerHalf",
  "BootstrapThermometerHigh",
  "BootstrapThermometerLow",
  "BootstrapThermometerSnow",
  "BootstrapThermometerSun",
  "BootstrapThermometer",
  "BootstrapThreeDotsVertical",
  "BootstrapThreeDots",
  "BootstrapThunderboltFill",
  "BootstrapThunderbolt",
  "BootstrapTicketDetailedFill",
  "BootstrapTicketDetailed",
  "BootstrapTicketFill",
  "BootstrapTicketPerforatedFill",
  "BootstrapTicketPerforated",
  "BootstrapTicket",
  "BootstrapTiktok",
  "BootstrapToggleOff",
  "BootstrapToggleOn",
  "BootstrapToggle2Off",
  "BootstrapToggle2On",
  "BootstrapToggles",
  "BootstrapToggles2",
  "BootstrapTools",
  "BootstrapTornado",
  "BootstrapTranslate",
  "BootstrapTrashFill",
  "BootstrapTrash",
  "BootstrapTrash2Fill",
  "BootstrapTrash2",
  "BootstrapTreeFill",
  "BootstrapTree",
  "BootstrapTriangleFill",
  "BootstrapTriangleHalf",
  "BootstrapTriangle",
  "BootstrapTrophyFill",
  "BootstrapTrophy",
  "BootstrapTropicalStorm",
  "BootstrapTruckFlatbed",
  "BootstrapTruck",
  "BootstrapTsunami",
  "BootstrapTvFill",
  "BootstrapTv",
  "BootstrapTwitch",
  "BootstrapTwitter",
  "BootstrapTypeBold",
  "BootstrapTypeH1",
  "BootstrapTypeH2",
  "BootstrapTypeH3",
  "BootstrapTypeItalic",
  "BootstrapTypeStrikethrough",
  "BootstrapTypeUnderline",
  "BootstrapType",
  "BootstrapUiChecksGrid",
  "BootstrapUiChecks",
  "BootstrapUiRadiosGrid",
  "BootstrapUiRadios",
  "BootstrapUmbrellaFill",
  "BootstrapUmbrella",
  "BootstrapUnion",
  "BootstrapUnlockFill",
  "BootstrapUnlock",
  "BootstrapUpcScan",
  "BootstrapUpc",
  "BootstrapUpload",
  "BootstrapUsbCFill",
  "BootstrapUsbC",
  "BootstrapUsbDriveFill",
  "BootstrapUsbDrive",
  "BootstrapUsbFill",
  "BootstrapUsbMicroFill",
  "BootstrapUsbMicro",
  "BootstrapUsbMiniFill",
  "BootstrapUsbMini",
  "BootstrapUsbPlugFill",
  "BootstrapUsbPlug",
  "BootstrapUsbSymbol",
  "BootstrapUsb",
  "BootstrapVectorPen",
  "BootstrapViewList",
  "BootstrapViewStacked",
  "BootstrapVimeo",
  "BootstrapVinylFill",
  "BootstrapVinyl",
  "BootstrapVoicemail",
  "BootstrapVolumeDownFill",
  "BootstrapVolumeDown",
  "BootstrapVolumeMuteFill",
  "BootstrapVolumeMute",
  "BootstrapVolumeOffFill",
  "BootstrapVolumeOff",
  "BootstrapVolumeUpFill",
  "BootstrapVolumeUp",
  "BootstrapVr",
  "BootstrapWalletFill",
  "BootstrapWallet",
  "BootstrapWallet2",
  "BootstrapWatch",
  "BootstrapWater",
  "BootstrapWebcamFill",
  "BootstrapWebcam",
  "BootstrapWhatsapp",
  "BootstrapWifi1",
  "BootstrapWifi2",
  "BootstrapWifiOff",
  "BootstrapWifi",
  "BootstrapWind",
  "BootstrapWindowDash",
  "BootstrapWindowDesktop",
  "BootstrapWindowDock",
  "BootstrapWindowFullscreen",
  "BootstrapWindowPlus",
  "BootstrapWindowSidebar",
  "BootstrapWindowSplit",
  "BootstrapWindowStack",
  "BootstrapWindowX",
  "BootstrapWindow",
  "BootstrapWindows",
  "BootstrapWordpress",
  "BootstrapWrench",
  "BootstrapXCircleFill",
  "BootstrapXCircle",
  "BootstrapXDiamondFill",
  "BootstrapXDiamond",
  "BootstrapXLg",
  "BootstrapXOctagonFill",
  "BootstrapXOctagon",
  "BootstrapXSquareFill",
  "BootstrapXSquare",
  "BootstrapX",
  "BootstrapXbox",
  "BootstrapYinYang",
  "BootstrapYoutube",
  "BootstrapZoomIn",
  "BootstrapZoomOut",
]
`;
