// Jest Snapshot v1, https://goo.gl/fbAQLP

exports[`Tabler Icons should ensure the export names have not changed unexpectedly 1`] = `
Array [
  "Tabler2fa",
  "Tabler3dCubeSphere",
  "TablerAB",
  "TablerAccessPointOff",
  "TablerAccessPoint",
  "TablerAccessible",
  "TablerActivity",
  "TablerAd2",
  "TablerAd",
  "TablerAdjustmentsAlt",
  "TablerAdjustmentsHorizontal",
  "TablerAdjustments",
  "TablerAerialLift",
  "TablerAffiliate",
  "TablerAlarm",
  "TablerAlertCircle",
  "TablerAlertOctagon",
  "TablerAlertTriangle",
  "TablerAlien",
  "TablerAlignCenter",
  "TablerAlignJustified",
  "TablerAlignLeft",
  "TablerAlignRight",
  "TablerAmbulance",
  "TablerAnchor",
  "TablerAngle",
  "TablerAntennaBars1",
  "TablerAntennaBars2",
  "TablerAntennaBars3",
  "TablerAntennaBars4",
  "TablerAntennaBars5",
  "TablerAperture",
  "TablerApple",
  "TablerApps",
  "TablerArchive",
  "TablerArmchair",
  "TablerArrowAutofitContent",
  "TablerArrowAutofitDown",
  "TablerArrowAutofitHeight",
  "TablerArrowAutofitLeft",
  "TablerArrowAutofitRight",
  "TablerArrowAutofitUp",
  "TablerArrowAutofitWidth",
  "TablerArrowBackUp",
  "TablerArrowBack",
  "TablerArrowBarDown",
  "TablerArrowBarLeft",
  "TablerArrowBarRight",
  "TablerArrowBarToDown",
  "TablerArrowBarToLeft",
  "TablerArrowBarToRight",
  "TablerArrowBarToUp",
  "TablerArrowBarUp",
  "TablerArrowBigDown",
  "TablerArrowBigLeft",
  "TablerArrowBigRight",
  "TablerArrowBigTop",
  "TablerArrowBottomBar",
  "TablerArrowBottomCircle",
  "TablerArrowBottomSquare",
  "TablerArrowBottomTail",
  "TablerArrowDownCircle",
  "TablerArrowDownLeftCircle",
  "TablerArrowDownLeft",
  "TablerArrowDownRightCircle",
  "TablerArrowDownRight",
  "TablerArrowDown",
  "TablerArrowForwardUp",
  "TablerArrowForward",
  "TablerArrowLeftBar",
  "TablerArrowLeftCircle",
  "TablerArrowLeftSquare",
  "TablerArrowLeftTail",
  "TablerArrowLeft",
  "TablerArrowLoopLeft",
  "TablerArrowLoopRight",
  "TablerArrowNarrowDown",
  "TablerArrowNarrowLeft",
  "TablerArrowNarrowRight",
  "TablerArrowNarrowUp",
  "TablerArrowRampLeft",
  "TablerArrowRampRight",
  "TablerArrowRightBar",
  "TablerArrowRightCircle",
  "TablerArrowRightSquare",
  "TablerArrowRightTail",
  "TablerArrowRight",
  "TablerArrowTopBar",
  "TablerArrowTopCircle",
  "TablerArrowTopSquare",
  "TablerArrowTopTail",
  "TablerArrowUpCircle",
  "TablerArrowUpLeftCircle",
  "TablerArrowUpLeft",
  "TablerArrowUpRightCircle",
  "TablerArrowUpRight",
  "TablerArrowUp",
  "TablerArrowWaveLeftDown",
  "TablerArrowWaveLeftUp",
  "TablerArrowWaveRightDown",
  "TablerArrowWaveRightUp",
  "TablerArrowsDiagonal2",
  "TablerArrowsDiagonalMinimize2",
  "TablerArrowsDiagonalMinimize",
  "TablerArrowsDiagonal",
  "TablerArrowsDoubleNeSw",
  "TablerArrowsDoubleNwSe",
  "TablerArrowsDoubleSeNw",
  "TablerArrowsDoubleSwNe",
  "TablerArrowsDownUp",
  "TablerArrowsDown",
  "TablerArrowsHorizontal",
  "TablerArrowsJoin2",
  "TablerArrowsJoin",
  "TablerArrowsLeftDown",
  "TablerArrowsLeftRight",
  "TablerArrowsLeft",
  "TablerArrowsMaximize",
  "TablerArrowsMinimize",
  "TablerArrowsRightDown",
  "TablerArrowsRightLeft",
  "TablerArrowsRight",
  "TablerArrowsSort",
  "TablerArrowsSplit2",
  "TablerArrowsSplit",
  "TablerArrowsUpDown",
  "TablerArrowsUpLeft",
  "TablerArrowsUpRight",
  "TablerArrowsUp",
  "TablerArrowsVertical",
  "TablerArtboard",
  "TablerAspectRatio",
  "TablerAt",
  "TablerAtom2",
  "TablerAtom",
  "TablerAward",
  "TablerAxe",
  "TablerAxisX",
  "TablerAxisY",
  "TablerBackhoe",
  "TablerBackpack",
  "TablerBackspace",
  "TablerBadge",
  "TablerBadges",
  "TablerBallAmericanFootball",
  "TablerBallBaseball",
  "TablerBallBasketball",
  "TablerBallBowling",
  "TablerBallFootballOff",
  "TablerBallFootball",
  "TablerBallTennis",
  "TablerBallVolleyball",
  "TablerBallon",
  "TablerBan",
  "TablerBandage",
  "TablerBarcode",
  "TablerBasket",
  "TablerBath",
  "TablerBattery1",
  "TablerBattery2",
  "TablerBattery3",
  "TablerBattery4",
  "TablerBatteryAutomotive",
  "TablerBatteryCharging2",
  "TablerBatteryCharging",
  "TablerBatteryEco",
  "TablerBatteryOff",
  "TablerBattery",
  "TablerBeach",
  "TablerBed",
  "TablerBeer",
  "TablerBellMinus",
  "TablerBellOff",
  "TablerBellPlus",
  "TablerBellRinging2",
  "TablerBellRinging",
  "TablerBellX",
  "TablerBell",
  "TablerBible",
  "TablerBike",
  "TablerBinary",
  "TablerBiohazard",
  "TablerBlockquote",
  "TablerBluetoothConnected",
  "TablerBluetoothOff",
  "TablerBluetooth",
  "TablerBlur",
  "TablerBold",
  "TablerBoltOff",
  "TablerBolt",
  "TablerBone",
  "TablerBook2",
  "TablerBook",
  "TablerBookmarkOff",
  "TablerBookmark",
  "TablerBookmarks",
  "TablerBorderAll",
  "TablerBorderBottom",
  "TablerBorderHorizontal",
  "TablerBorderInner",
  "TablerBorderLeft",
  "TablerBorderNone",
  "TablerBorderOuter",
  "TablerBorderRadius",
  "TablerBorderRight",
  "TablerBorderStyle2",
  "TablerBorderStyle",
  "TablerBorderTop",
  "TablerBorderVertical",
  "TablerBottle",
  "TablerBoxMargin",
  "TablerBoxModel2",
  "TablerBoxModel",
  "TablerBoxMultiple0",
  "TablerBoxMultiple1",
  "TablerBoxMultiple2",
  "TablerBoxMultiple3",
  "TablerBoxMultiple4",
  "TablerBoxMultiple5",
  "TablerBoxMultiple6",
  "TablerBoxMultiple7",
  "TablerBoxMultiple8",
  "TablerBoxMultiple9",
  "TablerBoxMultiple",
  "TablerBoxPadding",
  "TablerBox",
  "TablerBraces",
  "TablerBrackets",
  "TablerBrandAirbnb",
  "TablerBrandAirtable",
  "TablerBrandAndroid",
  "TablerBrandAngular",
  "TablerBrandAppleArcade",
  "TablerBrandApple",
  "TablerBrandAppstore",
  "TablerBrandAsana",
  "TablerBrandBehance",
  "TablerBrandBing",
  "TablerBrandBitbucket",
  "TablerBrandBooking",
  "TablerBrandBootstrap",
  "TablerBrandChrome",
  "TablerBrandCodepen",
  "TablerBrandCodesandbox",
  "TablerBrandCss3",
  "TablerBrandCucumber",
  "TablerBrandDebian",
  "TablerBrandDeviantart",
  "TablerBrandDiscord",
  "TablerBrandDisqus",
  "TablerBrandDocker",
  "TablerBrandDoctrine",
  "TablerBrandDribbble",
  "TablerBrandEdge",
  "TablerBrandFacebook",
  "TablerBrandFigma",
  "TablerBrandFirebase",
  "TablerBrandFirefox",
  "TablerBrandFlickr",
  "TablerBrandFoursquare",
  "TablerBrandFramer",
  "TablerBrandGit",
  "TablerBrandGithub",
  "TablerBrandGitlab",
  "TablerBrandGmail",
  "TablerBrandGoogleAnalytics",
  "TablerBrandGoogleDrive",
  "TablerBrandGooglePlay",
  "TablerBrandGoogle",
  "TablerBrandGravatar",
  "TablerBrandHipchat",
  "TablerBrandHtml5",
  "TablerBrandInstagram",
  "TablerBrandJavascript",
  "TablerBrandKickstarter",
  "TablerBrandKotlin",
  "TablerBrandLinkedin",
  "TablerBrandLoom",
  "TablerBrandMastercard",
  "TablerBrandMedium",
  "TablerBrandMessenger",
  "TablerBrandMeta",
  "TablerBrandNetbeans",
  "TablerBrandNetflix",
  "TablerBrandNotion",
  "TablerBrandNytimes",
  "TablerBrandOpenSource",
  "TablerBrandOpera",
  "TablerBrandPagekit",
  "TablerBrandPatreon",
  "TablerBrandPaypal",
  "TablerBrandPhp",
  "TablerBrandPinterest",
  "TablerBrandPocket",
  "TablerBrandProducthunt",
  "TablerBrandPython",
  "TablerBrandReactNative",
  "TablerBrandReddit",
  "TablerBrandSafari",
  "TablerBrandSass",
  "TablerBrandSentry",
  "TablerBrandShazam",
  "TablerBrandSketch",
  "TablerBrandSkype",
  "TablerBrandSlack",
  "TablerBrandSnapchat",
  "TablerBrandSoundcloud",
  "TablerBrandSpotify",
  "TablerBrandStackoverflow",
  "TablerBrandSteam",
  "TablerBrandStripe",
  "TablerBrandSublimeText",
  "TablerBrandTabler",
  "TablerBrandTailwind",
  "TablerBrandTelegram",
  "TablerBrandTidal",
  "TablerBrandTiktok",
  "TablerBrandTinder",
  "TablerBrandTumblr",
  "TablerBrandTwitch",
  "TablerBrandTwitter",
  "TablerBrandUber",
  "TablerBrandUbuntu",
  "TablerBrandUnsplash",
  "TablerBrandVercel",
  "TablerBrandVimeo",
  "TablerBrandVisualStudio",
  "TablerBrandVk",
  "TablerBrandWhatsapp",
  "TablerBrandWindows",
  "TablerBrandYahoo",
  "TablerBrandYcombinator",
  "TablerBrandYoutube",
  "TablerBread",
  "TablerBriefcase",
  "TablerBrightness2",
  "TablerBrightnessDown",
  "TablerBrightnessHalf",
  "TablerBrightnessUp",
  "TablerBrightness",
  "TablerBrowser",
  "TablerBrush",
  "TablerBucket",
  "TablerBug",
  "TablerBuildingArch",
  "TablerBuildingBank",
  "TablerBuildingBridge2",
  "TablerBuildingBridge",
  "TablerBuildingCarousel",
  "TablerBuildingCastle",
  "TablerBuildingChurch",
  "TablerBuildingCommunity",
  "TablerBuildingCottage",
  "TablerBuildingFactory",
  "TablerBuildingFortress",
  "TablerBuildingHospital",
  "TablerBuildingLighthouse",
  "TablerBuildingMonument",
  "TablerBuildingPavilon",
  "TablerBuildingSkyscraper",
  "TablerBuildingStore",
  "TablerBuildingWarehouse",
  "TablerBuilding",
  "TablerBulbOff",
  "TablerBulb",
  "TablerBulldozer",
  "TablerBus",
  "TablerBusinessplan",
  "TablerCalculator",
  "TablerCalendarEvent",
  "TablerCalendarMinus",
  "TablerCalendarOff",
  "TablerCalendarPlus",
  "TablerCalendarStats",
  "TablerCalendarTime",
  "TablerCalendar",
  "TablerCameraMinus",
  "TablerCameraOff",
  "TablerCameraPlus",
  "TablerCameraRotate",
  "TablerCameraSelfie",
  "TablerCamera",
  "TablerCandle",
  "TablerCandy",
  "TablerCapture",
  "TablerCarCrane",
  "TablerCarCrash",
  "TablerCar",
  "TablerCaravan",
  "TablerCardboards",
  "TablerCaretDown",
  "TablerCaretLeft",
  "TablerCaretRight",
  "TablerCaretUp",
  "TablerCashBanknoteOff",
  "TablerCashBanknote",
  "TablerCash",
  "TablerCast",
  "TablerCe",
  "TablerCertificate",
  "TablerChargingPile",
  "TablerChartArcs3",
  "TablerChartArcs",
  "TablerChartAreaLine",
  "TablerChartArea",
  "TablerChartArrowsVertical",
  "TablerChartArrows",
  "TablerChartBar",
  "TablerChartBubble",
  "TablerChartCandle",
  "TablerChartCircles",
  "TablerChartDonut2",
  "TablerChartDonut3",
  "TablerChartDonut4",
  "TablerChartDonut",
  "TablerChartDots",
  "TablerChartInfographic",
  "TablerChartLine",
  "TablerChartPie2",
  "TablerChartPie3",
  "TablerChartPie4",
  "TablerChartPie",
  "TablerChartRadar",
  "TablerCheck",
  "TablerCheckbox",
  "TablerChecks",
  "TablerCheckupList",
  "TablerCheese",
  "TablerChevronDownLeft",
  "TablerChevronDownRight",
  "TablerChevronDown",
  "TablerChevronLeft",
  "TablerChevronRight",
  "TablerChevronUpLeft",
  "TablerChevronUpRight",
  "TablerChevronUp",
  "TablerChevronsDownLeft",
  "TablerChevronsDownRight",
  "TablerChevronsDown",
  "TablerChevronsLeft",
  "TablerChevronsRight",
  "TablerChevronsUpLeft",
  "TablerChevronsUpRight",
  "TablerChevronsUp",
  "TablerChristmasTree",
  "TablerCircle0",
  "TablerCircle1",
  "TablerCircle2",
  "TablerCircle3",
  "TablerCircle4",
  "TablerCircle5",
  "TablerCircle6",
  "TablerCircle7",
  "TablerCircle8",
  "TablerCircle9",
  "TablerCircleCheck",
  "TablerCircleDashed",
  "TablerCircleDot",
  "TablerCircleDotted",
  "TablerCircleHalfVertical",
  "TablerCircleHalf",
  "TablerCircleMinus",
  "TablerCircleOff",
  "TablerCirclePlus",
  "TablerCircleSquare",
  "TablerCircleX",
  "TablerCircle",
  "TablerCircles",
  "TablerClearAll",
  "TablerClearFormatting",
  "TablerClick",
  "TablerClipboardCheck",
  "TablerClipboardList",
  "TablerClipboardPlus",
  "TablerClipboardX",
  "TablerClipboard",
  "TablerClock",
  "TablerCloudDownload",
  "TablerCloudFog",
  "TablerCloudOff",
  "TablerCloudRain",
  "TablerCloudSnow",
  "TablerCloudStorm",
  "TablerCloudUpload",
  "TablerCloud",
  "TablerCodeMinus",
  "TablerCodePlus",
  "TablerCode",
  "TablerCoffee",
  "TablerCoin",
  "TablerColorPicker",
  "TablerColorSwatch",
  "TablerColumnInsertLeft",
  "TablerColumnInsertRight",
  "TablerColumns",
  "TablerComet",
  "TablerCommand",
  "TablerCompass",
  "TablerComponents",
  "TablerConfetti",
  "TablerContainer",
  "TablerContrast2",
  "TablerContrast",
  "TablerCookie",
  "TablerCopy",
  "TablerCopyleft",
  "TablerCopyright",
  "TablerCornerDownLeftDouble",
  "TablerCornerDownLeft",
  "TablerCornerDownRightDouble",
  "TablerCornerDownRight",
  "TablerCornerLeftDownDouble",
  "TablerCornerLeftDown",
  "TablerCornerLeftUpDouble",
  "TablerCornerLeftUp",
  "TablerCornerRightDownDouble",
  "TablerCornerRightDown",
  "TablerCornerRightUpDouble",
  "TablerCornerRightUp",
  "TablerCornerUpLeftDouble",
  "TablerCornerUpLeft",
  "TablerCornerUpRightDouble",
  "TablerCornerUpRight",
  "TablerCpu",
  "TablerCrane",
  "TablerCreativeCommons",
  "TablerCreditCardOff",
  "TablerCreditCard",
  "TablerCrop",
  "TablerCross",
  "TablerCrosshair",
  "TablerCrownOff",
  "TablerCrown",
  "TablerCrutches",
  "TablerCup",
  "TablerCurling",
  "TablerCurlyLoop",
  "TablerCurrencyBahraini",
  "TablerCurrencyBath",
  "TablerCurrencyBitcoin",
  "TablerCurrencyCent",
  "TablerCurrencyDinar",
  "TablerCurrencyDirham",
  "TablerCurrencyDogecoin",
  "TablerCurrencyDollarAustralian",
  "TablerCurrencyDollarCanadian",
  "TablerCurrencyDollarSingapore",
  "TablerCurrencyDollar",
  "TablerCurrencyEthereum",
  "TablerCurrencyEuro",
  "TablerCurrencyForint",
  "TablerCurrencyFrank",
  "TablerCurrencyKroneCzech",
  "TablerCurrencyKroneDanish",
  "TablerCurrencyKroneSwedish",
  "TablerCurrencyLeu",
  "TablerCurrencyLira",
  "TablerCurrencyLitecoin",
  "TablerCurrencyNaira",
  "TablerCurrencyPound",
  "TablerCurrencyReal",
  "TablerCurrencyRenminbi",
  "TablerCurrencyRipple",
  "TablerCurrencyRiyal",
  "TablerCurrencyRubel",
  "TablerCurrencyRupee",
  "TablerCurrencyShekel",
  "TablerCurrencyTaka",
  "TablerCurrencyTugrik",
  "TablerCurrencyWon",
  "TablerCurrencyYen",
  "TablerCurrencyZloty",
  "TablerCurrency",
  "TablerCurrentLocation",
  "TablerCursorText",
  "TablerCut",
  "TablerDashboard",
  "TablerDatabaseExport",
  "TablerDatabaseImport",
  "TablerDatabaseOff",
  "TablerDatabase",
  "TablerDetails",
  "TablerDeviceAnalytics",
  "TablerDeviceAudioTape",
  "TablerDeviceCctv",
  "TablerDeviceComputerCameraOff",
  "TablerDeviceComputerCamera",
  "TablerDeviceDesktopAnalytics",
  "TablerDeviceDesktopOff",
  "TablerDeviceDesktop",
  "TablerDeviceFloppy",
  "TablerDeviceGamepad",
  "TablerDeviceLaptop",
  "TablerDeviceMobileMessage",
  "TablerDeviceMobileRotated",
  "TablerDeviceMobileVibration",
  "TablerDeviceMobile",
  "TablerDeviceSpeaker",
  "TablerDeviceTablet",
  "TablerDeviceTv",
  "TablerDeviceWatchStats2",
  "TablerDeviceWatchStats",
  "TablerDeviceWatch",
  "TablerDevices2",
  "TablerDevicesPc",
  "TablerDevices",
  "TablerDiamond",
  "TablerDice",
  "TablerDimensions",
  "TablerDirectionHorizontal",
  "TablerDirection",
  "TablerDirections",
  "TablerDisabled2",
  "TablerDisabled",
  "TablerDisc",
  "TablerDiscount2",
  "TablerDiscount",
  "TablerDivide",
  "TablerDna2",
  "TablerDna",
  "TablerDogBowl",
  "TablerDoorEnter",
  "TablerDoorExit",
  "TablerDoor",
  "TablerDotsCircleHorizontal",
  "TablerDotsDiagonal2",
  "TablerDotsDiagonal",
  "TablerDotsVertical",
  "TablerDots",
  "TablerDownload",
  "TablerDragDrop2",
  "TablerDragDrop",
  "TablerDroneOff",
  "TablerDrone",
  "TablerDropletFilled2",
  "TablerDropletFilled",
  "TablerDropletHalf2",
  "TablerDropletHalf",
  "TablerDropletOff",
  "TablerDroplet",
  "TablerEarOff",
  "TablerEar",
  "TablerEditCircle",
  "TablerEdit",
  "TablerEgg",
  "TablerEmergencyBed",
  "TablerEmphasis",
  "TablerEngine",
  "TablerEqualNot",
  "TablerEqual",
  "TablerEraser",
  "TablerExchange",
  "TablerExclamationMark",
  "TablerExposure",
  "TablerExternalLink",
  "TablerEyeCheck",
  "TablerEyeOff",
  "TablerEyeTable",
  "TablerEye",
  "TablerEyeglass2",
  "TablerEyeglass",
  "TablerFaceIdError",
  "TablerFaceId",
  "TablerFaceMask",
  "TablerFall",
  "TablerFeather",
  "TablerFence",
  "TablerFileAlert",
  "TablerFileAnalytics",
  "TablerFileCertificate",
  "TablerFileCheck",
  "TablerFileCode2",
  "TablerFileCode",
  "TablerFileDiff",
  "TablerFileDigit",
  "TablerFileDislike",
  "TablerFileDownload",
  "TablerFileExport",
  "TablerFileHorizontal",
  "TablerFileImport",
  "TablerFileInfo",
  "TablerFileInvoice",
  "TablerFileLike",
  "TablerFileMinus",
  "TablerFileMusic",
  "TablerFileOff",
  "TablerFilePhone",
  "TablerFilePlus",
  "TablerFileReport",
  "TablerFileSearch",
  "TablerFileShredder",
  "TablerFileSymlink",
  "TablerFileText",
  "TablerFileUpload",
  "TablerFileX",
  "TablerFileZip",
  "TablerFile",
  "TablerFilesOff",
  "TablerFiles",
  "TablerFilterOff",
  "TablerFilter",
  "TablerFingerprint",
  "TablerFiretruck",
  "TablerFirstAidKit",
  "TablerFish",
  "TablerFlag2",
  "TablerFlag3",
  "TablerFlag",
  "TablerFlame",
  "TablerFlare",
  "TablerFlask2",
  "TablerFlask",
  "TablerFlipHorizontal",
  "TablerFlipVertical",
  "TablerFloatCenter",
  "TablerFloatLeft",
  "TablerFloatNone",
  "TablerFloatRight",
  "TablerFocus2",
  "TablerFocus",
  "TablerFoldDown",
  "TablerFoldUp",
  "TablerFold",
  "TablerFolderMinus",
  "TablerFolderOff",
  "TablerFolderPlus",
  "TablerFolderX",
  "TablerFolder",
  "TablerFolders",
  "TablerForbid2",
  "TablerForbid",
  "TablerForklift",
  "TablerForms",
  "TablerFrame",
  "TablerFreeRights",
  "TablerFriends",
  "TablerGasStation",
  "TablerGauge",
  "TablerGavel",
  "TablerGeometry",
  "TablerGhost",
  "TablerGift",
  "TablerGitBranch",
  "TablerGitCommit",
  "TablerGitCompare",
  "TablerGitFork",
  "TablerGitMerge",
  "TablerGitPullRequestClosed",
  "TablerGitPullRequestDraft",
  "TablerGitPullRequest",
  "TablerGlassFull",
  "TablerGlassOff",
  "TablerGlass",
  "TablerGlobe",
  "TablerGolf",
  "TablerGps",
  "TablerGrain",
  "TablerGridDots",
  "TablerGridPattern",
  "TablerGrill",
  "TablerGripHorizontal",
  "TablerGripVertical",
  "TablerGrowth",
  "TablerH1",
  "TablerH2",
  "TablerH3",
  "TablerH4",
  "TablerH5",
  "TablerH6",
  "TablerHammer",
  "TablerHandClick",
  "TablerHandFinger",
  "TablerHandLittleFinger",
  "TablerHandMiddleFinger",
  "TablerHandMove",
  "TablerHandOff",
  "TablerHandRingFinger",
  "TablerHandRock",
  "TablerHandStop",
  "TablerHandThreeFingers",
  "TablerHandTwoFingers",
  "TablerHanger",
  "TablerHash",
  "TablerHaze",
  "TablerHeading",
  "TablerHeadphonesOff",
  "TablerHeadphones",
  "TablerHeadset",
  "TablerHeartBroken",
  "TablerHeartRateMonitor",
  "TablerHeart",
  "TablerHeartbeat",
  "TablerHelicopterLanding",
  "TablerHelicopter",
  "TablerHelmet",
  "TablerHelp",
  "TablerHexagonOff",
  "TablerHexagon",
  "TablerHierarchy2",
  "TablerHierarchy",
  "TablerHighlight",
  "TablerHistory",
  "TablerHome2",
  "TablerHome",
  "TablerHotelService",
  "TablerHourglass",
  "TablerIceCream2",
  "TablerIceCream",
  "TablerIceSkating",
  "TablerId",
  "TablerInbox",
  "TablerIndentDecrease",
  "TablerIndentIncrease",
  "TablerInfinity",
  "TablerInfoCircle",
  "TablerInfoSquare",
  "TablerItalic",
  "TablerJumpRope",
  "TablerKarate",
  "TablerKering",
  "TablerKey",
  "TablerKeyboardHide",
  "TablerKeyboardOff",
  "TablerKeyboardShow",
  "TablerKeyboard",
  "TablerLamp",
  "TablerLanguageHiragana",
  "TablerLanguageKatakana",
  "TablerLanguage",
  "TablerLasso",
  "TablerLayersDifference",
  "TablerLayersIntersect",
  "TablerLayersLinked",
  "TablerLayersSubtract",
  "TablerLayersUnion",
  "TablerLayout2",
  "TablerLayoutAlignBottom",
  "TablerLayoutAlignCenter",
  "TablerLayoutAlignLeft",
  "TablerLayoutAlignMiddle",
  "TablerLayoutAlignRight",
  "TablerLayoutAlignTop",
  "TablerLayoutBoardSplit",
  "TablerLayoutBoard",
  "TablerLayoutBottombar",
  "TablerLayoutCards",
  "TablerLayoutColumns",
  "TablerLayoutDistributeHorizontal",
  "TablerLayoutDistributeVertical",
  "TablerLayoutGridAdd",
  "TablerLayoutGrid",
  "TablerLayoutKanban",
  "TablerLayoutList",
  "TablerLayoutNavbar",
  "TablerLayoutRows",
  "TablerLayoutSidebarRight",
  "TablerLayoutSidebar",
  "TablerLayout",
  "TablerLeaf",
  "TablerLego",
  "TablerLemon2",
  "TablerLemon",
  "TablerLetterA",
  "TablerLetterB",
  "TablerLetterC",
  "TablerLetterCaseLower",
  "TablerLetterCaseToggle",
  "TablerLetterCaseUpper",
  "TablerLetterCase",
  "TablerLetterD",
  "TablerLetterE",
  "TablerLetterF",
  "TablerLetterG",
  "TablerLetterH",
  "TablerLetterI",
  "TablerLetterJ",
  "TablerLetterK",
  "TablerLetterL",
  "TablerLetterM",
  "TablerLetterN",
  "TablerLetterO",
  "TablerLetterP",
  "TablerLetterQ",
  "TablerLetterR",
  "TablerLetterS",
  "TablerLetterSpacing",
  "TablerLetterT",
  "TablerLetterU",
  "TablerLetterV",
  "TablerLetterW",
  "TablerLetterX",
  "TablerLetterY",
  "TablerLetterZ",
  "TablerLettersCase",
  "TablerLicense",
  "TablerLifebuoy",
  "TablerLineDashed",
  "TablerLineDotted",
  "TablerLineHeight",
  "TablerLine",
  "TablerLink",
  "TablerListCheck",
  "TablerListDetails",
  "TablerListNumbers",
  "TablerListSearch",
  "TablerList",
  "TablerLivePhoto",
  "TablerLiveView",
  "TablerLoaderQuarter",
  "TablerLoader",
  "TablerLocation",
  "TablerLockAccess",
  "TablerLockOff",
  "TablerLockOpen",
  "TablerLockSquare",
  "TablerLock",
  "TablerLogin",
  "TablerLogout",
  "TablerLollipop",
  "TablerLuggage",
  "TablerLungs",
  "TablerMacro",
  "TablerMagnet",
  "TablerMailForward",
  "TablerMailOpened",
  "TablerMail",
  "TablerMailbox",
  "TablerMan",
  "TablerManualGearbox",
  "TablerMap2",
  "TablerMapPinOff",
  "TablerMapPin",
  "TablerMapPins",
  "TablerMapSearch",
  "TablerMap",
  "TablerMarkdown",
  "TablerMarquee2",
  "TablerMarquee",
  "TablerMars",
  "TablerMaskOff",
  "TablerMask",
  "TablerMassage",
  "TablerMathFunction",
  "TablerMathSymbols",
  "TablerMath",
  "TablerMaximize",
  "TablerMeat",
  "TablerMedal2",
  "TablerMedal",
  "TablerMedicalCross",
  "TablerMedicineSyrup",
  "TablerMenu2",
  "TablerMenu",
  "TablerMessage2",
  "TablerMessageCircle2",
  "TablerMessageCircleOff",
  "TablerMessageCircle",
  "TablerMessageDots",
  "TablerMessageLanguage",
  "TablerMessageOff",
  "TablerMessagePlus",
  "TablerMessageReport",
  "TablerMessage",
  "TablerMessagesOff",
  "TablerMessages",
  "TablerMicrophone2",
  "TablerMicrophoneOff",
  "TablerMicrophone",
  "TablerMicroscope",
  "TablerMiliratyAward",
  "TablerMilitaryRank",
  "TablerMilk",
  "TablerMinimize",
  "TablerMinusVertical",
  "TablerMinus",
  "TablerMist",
  "TablerMoodBoy",
  "TablerMoodConfuzed",
  "TablerMoodCrazyHappy",
  "TablerMoodCry",
  "TablerMoodEmpty",
  "TablerMoodHappy",
  "TablerMoodKid",
  "TablerMoodNervous",
  "TablerMoodNeutral",
  "TablerMoodSad",
  "TablerMoodSmile",
  "TablerMoodSuprised",
  "TablerMoodTongue",
  "TablerMoon2",
  "TablerMoonStars",
  "TablerMoon",
  "TablerMoped",
  "TablerMotorbike",
  "TablerMountain",
  "TablerMouse",
  "TablerMovie",
  "TablerMug",
  "TablerMultiplier05x",
  "TablerMultiplier15x",
  "TablerMultiplier1x",
  "TablerMultiplier2x",
  "TablerMushroom",
  "TablerMusic",
  "TablerNewSection",
  "TablerNews",
  "TablerNfc",
  "TablerNoCopyright",
  "TablerNoCreativeCommons",
  "TablerNoDerivatives",
  "TablerNote",
  "TablerNotebook",
  "TablerNotes",
  "TablerNotification",
  "TablerNumber0",
  "TablerNumber1",
  "TablerNumber2",
  "TablerNumber3",
  "TablerNumber4",
  "TablerNumber5",
  "TablerNumber6",
  "TablerNumber7",
  "TablerNumber8",
  "TablerNumber9",
  "TablerNurse",
  "TablerOctagonOff",
  "TablerOctagon",
  "TablerOld",
  "TablerOlympics",
  "TablerOmega",
  "TablerOutlet",
  "TablerOverline",
  "TablerPackage",
  "TablerPacman",
  "TablerPageBreak",
  "TablerPaint",
  "TablerPalette",
  "TablerPanoramaHorizontal",
  "TablerPanoramaVertical",
  "TablerPaperclip",
  "TablerParachute",
  "TablerParentheses",
  "TablerParking",
  "TablerPeace",
  "TablerPencil",
  "TablerPennant",
  "TablerPepper",
  "TablerPercentage",
  "TablerPerspective",
  "TablerPhoneCall",
  "TablerPhoneCalling",
  "TablerPhoneCheck",
  "TablerPhoneIncoming",
  "TablerPhoneOff",
  "TablerPhoneOutgoing",
  "TablerPhonePause",
  "TablerPhonePlus",
  "TablerPhoneX",
  "TablerPhone",
  "TablerPhotoOff",
  "TablerPhoto",
  "TablerPhysotherapist",
  "TablerPictureInPictureOff",
  "TablerPictureInPictureOn",
  "TablerPictureInPicture",
  "TablerPig",
  "TablerPill",
  "TablerPills",
  "TablerPin",
  "TablerPinnedOff",
  "TablerPinned",
  "TablerPizza",
  "TablerPlaneArrival",
  "TablerPlaneDeparture",
  "TablerPlaneInflight",
  "TablerPlane",
  "TablerPlanet",
  "TablerPlant2",
  "TablerPlant",
  "TablerPlayCard",
  "TablerPlayerEject",
  "TablerPlayerPause",
  "TablerPlayerPlay",
  "TablerPlayerRecord",
  "TablerPlayerSkipBack",
  "TablerPlayerSkipForward",
  "TablerPlayerStop",
  "TablerPlayerTrackNext",
  "TablerPlayerTrackPrev",
  "TablerPlaylist",
  "TablerPlug",
  "TablerPlus",
  "TablerPoint",
  "TablerPokeball",
  "TablerPolaroid",
  "TablerPolygon",
  "TablerPool",
  "TablerPower",
  "TablerPray",
  "TablerPremiumRights",
  "TablerPrescription",
  "TablerPresentationAnalytics",
  "TablerPresentation",
  "TablerPrinter",
  "TablerPrison",
  "TablerPrompt",
  "TablerPropeller",
  "TablerPuzzle2",
  "TablerPuzzle",
  "TablerPyramid",
  "TablerQrcode",
  "TablerQuestionMark",
  "TablerQuote",
  "TablerRadio",
  "TablerRadioactive",
  "TablerRadiusBottomLeft",
  "TablerRadiusBottomRight",
  "TablerRadiusTopLeft",
  "TablerRadiusTopRight",
  "TablerRainbow",
  "TablerReceipt2",
  "TablerReceiptOff",
  "TablerReceiptRefund",
  "TablerReceiptTax",
  "TablerReceipt",
  "TablerRecharging",
  "TablerRecordMail",
  "TablerRectangleVertical",
  "TablerRectangle",
  "TablerRecycle",
  "TablerRefreshAlert",
  "TablerRefreshDot",
  "TablerRefresh",
  "TablerRegistered",
  "TablerRelationManyToMany",
  "TablerRelationOneToMany",
  "TablerRelationOneToOne",
  "TablerRepeatOnce",
  "TablerRepeat",
  "TablerReplace",
  "TablerReportAnalytics",
  "TablerReportMedical",
  "TablerReportMoney",
  "TablerReportSearch",
  "TablerReport",
  "TablerResize",
  "TablerRipple",
  "TablerRoadSign",
  "TablerRocket",
  "TablerRollerSkating",
  "TablerRotate2",
  "TablerRotate360",
  "TablerRotateClockwise2",
  "TablerRotateClockwise",
  "TablerRotateRectangle",
  "TablerRotate",
  "TablerRoute",
  "TablerRouter",
  "TablerRowInsertBottom",
  "TablerRowInsertTop",
  "TablerRss",
  "TablerRuler2",
  "TablerRuler",
  "TablerRun",
  "TablerSailboat",
  "TablerSalt",
  "TablerSatellite",
  "TablerSausage",
  "TablerScaleOutline",
  "TablerScale",
  "TablerScan",
  "TablerSchool",
  "TablerScissors",
  "TablerScooterElectric",
  "TablerScooter",
  "TablerScreenShareOff",
  "TablerScreenShare",
  "TablerScubaMask",
  "TablerSearch",
  "TablerSection",
  "TablerSeeding",
  "TablerSelect",
  "TablerSelector",
  "TablerSend",
  "TablerSeparatorHorizontal",
  "TablerSeparatorVertical",
  "TablerSeparator",
  "TablerServer",
  "TablerServicemark",
  "TablerSettingsAutomation",
  "TablerSettings",
  "TablerShadowOff",
  "TablerShadow",
  "TablerShape2",
  "TablerShape3",
  "TablerShape",
  "TablerShare",
  "TablerShieldCheck",
  "TablerShieldCheckered",
  "TablerShieldChevron",
  "TablerShieldLock",
  "TablerShieldOff",
  "TablerShieldX",
  "TablerShield",
  "TablerShip",
  "TablerShirt",
  "TablerShoe",
  "TablerShoppingCartDiscount",
  "TablerShoppingCartOff",
  "TablerShoppingCartPlus",
  "TablerShoppingCartX",
  "TablerShoppingCart",
  "TablerShredder",
  "TablerSignature",
  "TablerSitemap",
  "TablerSkateboard",
  "TablerSleigh",
  "TablerSlice",
  "TablerSlideshow",
  "TablerSmartHome",
  "TablerSmokingNo",
  "TablerSmoking",
  "TablerSnowflake",
  "TablerSoccerField",
  "TablerSocial",
  "TablerSock",
  "TablerSofa",
  "TablerSortAscending2",
  "TablerSortAscendingLetters",
  "TablerSortAscendingNumbers",
  "TablerSortAscending",
  "TablerSortDescending2",
  "TablerSortDescendingLetters",
  "TablerSortDescendingNumbers",
  "TablerSortDescending",
  "TablerSoup",
  "TablerSpace",
  "TablerSpacingHorizontal",
  "TablerSpacingVertical",
  "TablerSpeakerphone",
  "TablerSpeedboat",
  "TablerSportBillard",
  "TablerSquare0",
  "TablerSquare1",
  "TablerSquare2",
  "TablerSquare3",
  "TablerSquare4",
  "TablerSquare5",
  "TablerSquare6",
  "TablerSquare7",
  "TablerSquare8",
  "TablerSquare9",
  "TablerSquareCheck",
  "TablerSquareDot",
  "TablerSquareForbid2",
  "TablerSquareForbid",
  "TablerSquareMinus",
  "TablerSquareOff",
  "TablerSquarePlus",
  "TablerSquareRoot2",
  "TablerSquareRoot",
  "TablerSquareRotatedOff",
  "TablerSquareRotated",
  "TablerSquareToggleHorizontal",
  "TablerSquareToggle",
  "TablerSquareX",
  "TablerSquare",
  "TablerSquaresDiagonal",
  "TablerSquaresFilled",
  "TablerStack2",
  "TablerStack3",
  "TablerStack",
  "TablerStairsDown",
  "TablerStairsUp",
  "TablerStairs",
  "TablerStarHalf",
  "TablerStarOff",
  "TablerStar",
  "TablerStars",
  "TablerSteeringWheel",
  "TablerStepInto",
  "TablerStepOut",
  "TablerStethoscope",
  "TablerSticker",
  "TablerStrikethrough",
  "TablerSubmarine",
  "TablerSubscript",
  "TablerSubtask",
  "TablerSum",
  "TablerSunOff",
  "TablerSun",
  "TablerSunrise",
  "TablerSunset",
  "TablerSuperscript",
  "TablerSwimming",
  "TablerSwitch2",
  "TablerSwitch3",
  "TablerSwitchHorizontal",
  "TablerSwitchVertical",
  "TablerSwitch",
  "TablerTableExport",
  "TablerTableImport",
  "TablerTableOff",
  "TablerTable",
  "TablerTagOff",
  "TablerTag",
  "TablerTagsOff",
  "TablerTags",
  "TablerTallymark1",
  "TablerTallymark2",
  "TablerTallymark3",
  "TablerTallymark4",
  "TablerTallymarks",
  "TablerTank",
  "TablerTarget",
  "TablerTemperatureCelsius",
  "TablerTemperatureFahrenheit",
  "TablerTemperatureMinus",
  "TablerTemperaturePlus",
  "TablerTemperature",
  "TablerTemplate",
  "TablerTent",
  "TablerTerminal2",
  "TablerTerminal",
  "TablerTestPipe",
  "TablerTextDirectionLtr",
  "TablerTextDirectionRtl",
  "TablerTextResize",
  "TablerTextWrapDisabled",
  "TablerTextWrap",
  "TablerThermometer",
  "TablerThumbDown",
  "TablerThumbUp",
  "TablerTicket",
  "TablerTiltShift",
  "TablerTir",
  "TablerToggleLeft",
  "TablerToggleRight",
  "TablerToiletPaper",
  "TablerTool",
  "TablerToolsKitchen2",
  "TablerToolsKitchen",
  "TablerTools",
  "TablerTornado",
  "TablerTournament",
  "TablerTrack",
  "TablerTractor",
  "TablerTrademark",
  "TablerTrafficCone",
  "TablerTrafficLights",
  "TablerTrain",
  "TablerTransferIn",
  "TablerTransferOut",
  "TablerTrashOff",
  "TablerTrashX",
  "TablerTrash",
  "TablerTree",
  "TablerTrees",
  "TablerTrendingDown2",
  "TablerTrendingDown3",
  "TablerTrendingDown",
  "TablerTrendingUp2",
  "TablerTrendingUp3",
  "TablerTrendingUp",
  "TablerTriangleOff",
  "TablerTriangleSquareCircle",
  "TablerTriangle",
  "TablerTrident",
  "TablerTrophy",
  "TablerTruckDelivery",
  "TablerTruckOff",
  "TablerTruckReturn",
  "TablerTruck",
  "TablerTypography",
  "TablerUmbrella",
  "TablerUnderline",
  "TablerUnlink",
  "TablerUpload",
  "TablerUrgent",
  "TablerUserCheck",
  "TablerUserCircle",
  "TablerUserExclamation",
  "TablerUserMinus",
  "TablerUserOff",
  "TablerUserPlus",
  "TablerUserSearch",
  "TablerUserX",
  "TablerUser",
  "TablerUsers",
  "TablerVaccineBottle",
  "TablerVaccine",
  "TablerVariable",
  "TablerVectorBeizer2",
  "TablerVectorBezier",
  "TablerVectorTriangle",
  "TablerVector",
  "TablerVenus",
  "TablerVersions",
  "TablerVideoMinus",
  "TablerVideoOff",
  "TablerVideoPlus",
  "TablerVideo",
  "TablerView360",
  "TablerViewfinder",
  "TablerViewportNarrow",
  "TablerViewportWide",
  "TablerVirusOff",
  "TablerVirusSearch",
  "TablerVirus",
  "TablerVocabulary",
  "TablerVolume2",
  "TablerVolume3",
  "TablerVolume",
  "TablerWalk",
  "TablerWall",
  "TablerWallet",
  "TablerWallpaper",
  "TablerWand",
  "TablerWaveSawTool",
  "TablerWaveSine",
  "TablerWaveSquare",
  "TablerWifi0",
  "TablerWifi1",
  "TablerWifi2",
  "TablerWifiOff",
  "TablerWifi",
  "TablerWind",
  "TablerWindmill",
  "TablerWindow",
  "TablerWiperWash",
  "TablerWiper",
  "TablerWoman",
  "TablerWorldDownload",
  "TablerWorldLatitude",
  "TablerWorldLongitude",
  "TablerWorldUpload",
  "TablerWorld",
  "TablerWreckingBall",
  "TablerWritingSign",
  "TablerWriting",
  "TablerX",
  "TablerYinYang",
  "TablerZodiacAquarius",
  "TablerZodiacAries",
  "TablerZodiacCancer",
  "TablerZodiacCapricorn",
  "TablerZodiacGemini",
  "TablerZodiacLeo",
  "TablerZodiacLibra",
  "TablerZodiacPisces",
  "TablerZodiacSagittarius",
  "TablerZodiacScorpio",
  "TablerZodiacTaurus",
  "TablerZodiacVirgo",
  "TablerZoomCancel",
  "TablerZoomCheck",
  "TablerZoomIn",
  "TablerZoomMoney",
  "TablerZoomOut",
  "TablerZoomQuestion",
]
`;
