// Jest Snapshot v1, https://goo.gl/fbAQLP

exports[`CryptocurrencyIcons Icons should ensure the export names have not changed unexpectedly 1`] = `
Array [
  "cryptoPac",
  "crypto0xbtc",
  "crypto1inch",
  "crypto2give",
  "cryptoAave",
  "cryptoAbt",
  "cryptoAct",
  "cryptoActn",
  "cryptoAda",
  "cryptoAdd",
  "cryptoAdx",
  "cryptoAe",
  "cryptoAeon",
  "cryptoAeur",
  "cryptoAgi",
  "cryptoAgrs",
  "cryptoAion",
  "cryptoAlgo",
  "cryptoAmb",
  "cryptoAmp",
  "cryptoAmpl",
  "cryptoAnkr",
  "cryptoAnt",
  "cryptoApe",
  "cryptoApex",
  "cryptoAppc",
  "cryptoArdr",
  "cryptoArg",
  "cryptoArk",
  "cryptoArn",
  "cryptoArnx",
  "cryptoAry",
  "cryptoAst",
  "cryptoAtlas",
  "cryptoAtm",
  "cryptoAtom",
  "cryptoAudr",
  "cryptoAury",
  "cryptoAuto",
  "cryptoAvax",
  "cryptoAywa",
  "cryptoBab",
  "cryptoBal",
  "cryptoBand",
  "cryptoBat",
  "cryptoBay",
  "cryptoBcbc",
  "cryptoBcc",
  "cryptoBcd",
  "cryptoBch",
  "cryptoBcio",
  "cryptoBcn",
  "cryptoBco",
  "cryptoBcpt",
  "cryptoBdl",
  "cryptoBeam",
  "cryptoBela",
  "cryptoBix",
  "cryptoBlcn",
  "cryptoBlk",
  "cryptoBlock",
  "cryptoBlz",
  "cryptoBnb",
  "cryptoBnt",
  "cryptoBnty",
  "cryptoBooty",
  "cryptoBos",
  "cryptoBpt",
  "cryptoBq",
  "cryptoBrd",
  "cryptoBsd",
  "cryptoBsv",
  "cryptoBtc",
  "cryptoBtcd",
  "cryptoBtch",
  "cryptoBtcp",
  "cryptoBtcz",
  "cryptoBtdx",
  "cryptoBtg",
  "cryptoBtm",
  "cryptoBts",
  "cryptoBtt",
  "cryptoBtx",
  "cryptoBurst",
  "cryptoBze",
  "cryptoCall",
  "cryptoCc",
  "cryptoCdn",
  "cryptoCdt",
  "cryptoCenz",
  "cryptoChain",
  "cryptoChat",
  "cryptoChips",
  "cryptoChsb",
  "cryptoChz",
  "cryptoCix",
  "cryptoClam",
  "cryptoCloak",
  "cryptoCmm",
  "cryptoCmt",
  "cryptoCnd",
  "cryptoCnx",
  "cryptoCny",
  "cryptoCob",
  "cryptoColx",
  "cryptoComp",
  "cryptoCoqui",
  "cryptoCred",
  "cryptoCrpt",
  "cryptoCrv",
  "cryptoCrw",
  "cryptoCs",
  "cryptoCtr",
  "cryptoCtxc",
  "cryptoCvc",
  "cryptoD",
  "cryptoDai",
  "cryptoDash",
  "cryptoDat",
  "cryptoData",
  "cryptoDbc",
  "cryptoDcn",
  "cryptoDcr",
  "cryptoDeez",
  "cryptoDent",
  "cryptoDew",
  "cryptoDgb",
  "cryptoDgd",
  "cryptoDlt",
  "cryptoDnt",
  "cryptoDock",
  "cryptoDoge",
  "cryptoDot",
  "cryptoDrgn",
  "cryptoDrop",
  "cryptoDta",
  "cryptoDth",
  "cryptoDtr",
  "cryptoEbst",
  "cryptoEca",
  "cryptoEdg",
  "cryptoEdo",
  "cryptoEdoge",
  "cryptoEla",
  "cryptoElec",
  "cryptoElf",
  "cryptoElix",
  "cryptoElla",
  "cryptoEmb",
  "cryptoEmc",
  "cryptoEmc2",
  "cryptoEng",
  "cryptoEnj",
  "cryptoEntrp",
  "cryptoEon",
  "cryptoEop",
  "cryptoEos",
  "cryptoEqli",
  "cryptoEqua",
  "cryptoEtc",
  "cryptoEth",
  "cryptoEthos",
  "cryptoEtn",
  "cryptoEtp",
  "cryptoEur",
  "cryptoEvx",
  "cryptoExmo",
  "cryptoExp",
  "cryptoFair",
  "cryptoFct",
  "cryptoFida",
  "cryptoFil",
  "cryptoFjc",
  "cryptoFldc",
  "cryptoFlo",
  "cryptoFlux",
  "cryptoFsn",
  "cryptoFtc",
  "cryptoFuel",
  "cryptoFun",
  "cryptoGame",
  "cryptoGas",
  "cryptoGbp",
  "cryptoGbx",
  "cryptoGbyte",
  "cryptoGeneric",
  "cryptoGin",
  "cryptoGlxt",
  "cryptoGmr",
  "cryptoGmt",
  "cryptoGno",
  "cryptoGnt",
  "cryptoGold",
  "cryptoGrc",
  "cryptoGrin",
  "cryptoGrs",
  "cryptoGrt",
  "cryptoGsc",
  "cryptoGto",
  "cryptoGup",
  "cryptoGusd",
  "cryptoGvt",
  "cryptoGxs",
  "cryptoGzr",
  "cryptoHight",
  "cryptoHns",
  "cryptoHodl",
  "cryptoHot",
  "cryptoHpb",
  "cryptoHsr",
  "cryptoHt",
  "cryptoHtml",
  "cryptoHuc",
  "cryptoHusd",
  "cryptoHush",
  "cryptoIcn",
  "cryptoIcp",
  "cryptoIcx",
  "cryptoIgnis",
  "cryptoIlk",
  "cryptoInk",
  "cryptoIns",
  "cryptoIon",
  "cryptoIop",
  "cryptoIost",
  "cryptoIotx",
  "cryptoIq",
  "cryptoItc",
  "cryptoJnt",
  "cryptoJpy",
  "cryptoKcs",
  "cryptoKin",
  "cryptoKlown",
  "cryptoKmd",
  "cryptoKnc",
  "cryptoKrb",
  "cryptoKsm",
  "cryptoLbc",
  "cryptoLend",
  "cryptoLeo",
  "cryptoLink",
  "cryptoLkk",
  "cryptoLoom",
  "cryptoLpt",
  "cryptoLrc",
  "cryptoLsk",
  "cryptoLtc",
  "cryptoLun",
  "cryptoMaid",
  "cryptoMana",
  "cryptoMatic",
  "cryptoMax",
  "cryptoMcap",
  "cryptoMco",
  "cryptoMda",
  "cryptoMds",
  "cryptoMed",
  "cryptoMeetone",
  "cryptoMft",
  "cryptoMiota",
  "cryptoMith",
  "cryptoMkr",
  "cryptoMln",
  "cryptoMnx",
  "cryptoMnz",
  "cryptoMoac",
  "cryptoMod",
  "cryptoMona",
  "cryptoMsr",
  "cryptoMth",
  "cryptoMtl",
  "cryptoMusic",
  "cryptoMzc",
  "cryptoNano",
  "cryptoNas",
  "cryptoNav",
  "cryptoNcash",
  "cryptoNdz",
  "cryptoNebl",
  "cryptoNeo",
  "cryptoNeos",
  "cryptoNeu",
  "cryptoNexo",
  "cryptoNgc",
  "cryptoNio",
  "cryptoNkn",
  "cryptoNlc2",
  "cryptoNlg",
  "cryptoNmc",
  "cryptoNmr",
  "cryptoNpxs",
  "cryptoNtbc",
  "cryptoNuls",
  "cryptoNxs",
  "cryptoNxt",
  "cryptoOax",
  "cryptoOk",
  "cryptoOmg",
  "cryptoOmni",
  "cryptoOne",
  "cryptoOng",
  "cryptoOnt",
  "cryptoOot",
  "cryptoOst",
  "cryptoOx",
  "cryptoOxt",
  "cryptoOxy",
  "cryptoPart",
  "cryptoPasc",
  "cryptoPasl",
  "cryptoPax",
  "cryptoPaxg",
  "cryptoPay",
  "cryptoPayx",
  "cryptoPink",
  "cryptoPirl",
  "cryptoPivx",
  "cryptoPlr",
  "cryptoPoa",
  "cryptoPoe",
  "cryptoPolis",
  "cryptoPoly",
  "cryptoPot",
  "cryptoPowr",
  "cryptoPpc",
  "cryptoPpp",
  "cryptoPpt",
  "cryptoPre",
  "cryptoPrl",
  "cryptoPungo",
  "cryptoPura",
  "cryptoQash",
  "cryptoQiwi",
  "cryptoQlc",
  "cryptoQnt",
  "cryptoQrl",
  "cryptoQsp",
  "cryptoQtum",
  "cryptoR",
  "cryptoRads",
  "cryptoRap",
  "cryptoRay",
  "cryptoRcn",
  "cryptoRdd",
  "cryptoRdn",
  "cryptoRen",
  "cryptoRep",
  "cryptoRepv2",
  "cryptoReq",
  "cryptoRhoc",
  "cryptoRic",
  "cryptoRise",
  "cryptoRlc",
  "cryptoRpx",
  "cryptoRub",
  "cryptoRvn",
  "cryptoRyo",
  "cryptoSafe",
  "cryptoSafemoon",
  "cryptoSai",
  "cryptoSalt",
  "cryptoSan",
  "cryptoSand",
  "cryptoSbd",
  "cryptoSberbank",
  "cryptoSc",
  "cryptoSer",
  "cryptoShift",
  "cryptoSib",
  "cryptoSin",
  "cryptoSkl",
  "cryptoSky",
  "cryptoSlr",
  "cryptoSls",
  "cryptoSmart",
  "cryptoSngls",
  "cryptoSnm",
  "cryptoSnt",
  "cryptoSnx",
  "cryptoSoc",
  "cryptoSol",
  "cryptoSpacehbit",
  "cryptoSpank",
  "cryptoSphtx",
  "cryptoSrn",
  "cryptoStak",
  "cryptoStart",
  "cryptoSteem",
  "cryptoStorj",
  "cryptoStorm",
  "cryptoStox",
  "cryptoStq",
  "cryptoStrat",
  "cryptoStx",
  "cryptoSub",
  "cryptoSumo",
  "cryptoSushi",
  "cryptoSys",
  "cryptoTaas",
  "cryptoTau",
  "cryptoTbx",
  "cryptoTel",
  "cryptoTen",
  "cryptoTern",
  "cryptoTgch",
  "cryptoTheta",
  "cryptoTix",
  "cryptoTkn",
  "cryptoTks",
  "cryptoTnb",
  "cryptoTnc",
  "cryptoTnt",
  "cryptoTomo",
  "cryptoTpay",
  "cryptoTrig",
  "cryptoTrtl",
  "cryptoTrx",
  "cryptoTusd",
  "cryptoTzc",
  "cryptoUbq",
  "cryptoUma",
  "cryptoUni",
  "cryptoUnity",
  "cryptoUsd",
  "cryptoUsdc",
  "cryptoUsdt",
  "cryptoUtk",
  "cryptoVeri",
  "cryptoVet",
  "cryptoVia",
  "cryptoVib",
  "cryptoVibe",
  "cryptoVivo",
  "cryptoVrc",
  "cryptoVrsc",
  "cryptoVtc",
  "cryptoVtho",
  "cryptoWabi",
  "cryptoWan",
  "cryptoWaves",
  "cryptoWax",
  "cryptoWbtc",
  "cryptoWgr",
  "cryptoWicc",
  "cryptoWings",
  "cryptoWpr",
  "cryptoWtc",
  "cryptoX",
  "cryptoXas",
  "cryptoXbc",
  "cryptoXbp",
  "cryptoXby",
  "cryptoXcp",
  "cryptoXdn",
  "cryptoXem",
  "cryptoXin",
  "cryptoXlm",
  "cryptoXmcc",
  "cryptoXmg",
  "cryptoXmo",
  "cryptoXmr",
  "cryptoXmy",
  "cryptoXp",
  "cryptoXpa",
  "cryptoXpm",
  "cryptoXpr",
  "cryptoXrp",
  "cryptoXsg",
  "cryptoXtz",
  "cryptoXuc",
  "cryptoXvc",
  "cryptoXvg",
  "cryptoXzc",
  "cryptoYfi",
  "cryptoYoyow",
  "cryptoZcl",
  "cryptoZec",
  "cryptoZel",
  "cryptoZen",
  "cryptoZest",
  "cryptoZil",
  "cryptoZilla",
  "cryptoZrx",
]
`;
