// Jest Snapshot v1, https://goo.gl/fbAQLP

exports[`Feather Icons should ensure the export names have not changed unexpectedly 1`] = `
Array [
  "featherActivity",
  "featherAirplay",
  "featherAlertCircle",
  "featherAlertOctagon",
  "featherAlertTriangle",
  "featherAlignCenter",
  "featherAlignJustify",
  "featherAlignLeft",
  "featherAlignRight",
  "featherAnchor",
  "featherAperture",
  "featherArchive",
  "featherArrowDownCircle",
  "featherArrowDownLeft",
  "featherArrowDownRight",
  "featherArrowDown",
  "featherArrowLeftCircle",
  "featherArrowLeft",
  "featherArrowRightCircle",
  "featherArrowRight",
  "featherArrowUpCircle",
  "featherArrowUpLeft",
  "featherArrowUpRight",
  "featherArrowUp",
  "featherAtSign",
  "featherAward",
  "featherBarChart2",
  "featherBarChart",
  "featherBatteryCharging",
  "featherBattery",
  "featherBellOff",
  "featherBell",
  "featherBluetooth",
  "featherBold",
  "featherBookOpen",
  "featherBook",
  "featherBookmark",
  "featherBox",
  "featherBriefcase",
  "featherCalendar",
  "featherCameraOff",
  "featherCamera",
  "featherCast",
  "featherCheckCircle",
  "featherCheckSquare",
  "featherCheck",
  "featherChevronDown",
  "featherChevronLeft",
  "featherChevronRight",
  "featherChevronUp",
  "featherChevronsDown",
  "featherChevronsLeft",
  "featherChevronsRight",
  "featherChevronsUp",
  "featherChrome",
  "featherCircle",
  "featherClipboard",
  "featherClock",
  "featherCloudDrizzle",
  "featherCloudLightning",
  "featherCloudOff",
  "featherCloudRain",
  "featherCloudSnow",
  "featherCloud",
  "featherCode",
  "featherCodepen",
  "featherCodesandbox",
  "featherCoffee",
  "featherColumns",
  "featherCommand",
  "featherCompass",
  "featherCopy",
  "featherCornerDownLeft",
  "featherCornerDownRight",
  "featherCornerLeftDown",
  "featherCornerLeftUp",
  "featherCornerRightDown",
  "featherCornerRightUp",
  "featherCornerUpLeft",
  "featherCornerUpRight",
  "featherCpu",
  "featherCreditCard",
  "featherCrop",
  "featherCrosshair",
  "featherDatabase",
  "featherDelete",
  "featherDisc",
  "featherDivideCircle",
  "featherDivideSquare",
  "featherDivide",
  "featherDollarSign",
  "featherDownloadCloud",
  "featherDownload",
  "featherDribbble",
  "featherDroplet",
  "featherEdit2",
  "featherEdit3",
  "featherEdit",
  "featherExternalLink",
  "featherEyeOff",
  "featherEye",
  "featherFacebook",
  "featherFastForward",
  "featherFeather",
  "featherFigma",
  "featherFileMinus",
  "featherFilePlus",
  "featherFileText",
  "featherFile",
  "featherFilm",
  "featherFilter",
  "featherFlag",
  "featherFolderMinus",
  "featherFolderPlus",
  "featherFolder",
  "featherFramer",
  "featherFrown",
  "featherGift",
  "featherGitBranch",
  "featherGitCommit",
  "featherGitMerge",
  "featherGitPullRequest",
  "featherGithub",
  "featherGitlab",
  "featherGlobe",
  "featherGrid",
  "featherHardDrive",
  "featherHash",
  "featherHeadphones",
  "featherHeart",
  "featherHelpCircle",
  "featherHexagon",
  "featherHome",
  "featherImage",
  "featherInbox",
  "featherInfo",
  "featherInstagram",
  "featherItalic",
  "featherKey",
  "featherLayers",
  "featherLayout",
  "featherLifeBuoy",
  "featherLink2",
  "featherLink",
  "featherLinkedin",
  "featherList",
  "featherLoader",
  "featherLock",
  "featherLogIn",
  "featherLogOut",
  "featherMail",
  "featherMapPin",
  "featherMap",
  "featherMaximize2",
  "featherMaximize",
  "featherMeh",
  "featherMenu",
  "featherMessageCircle",
  "featherMessageSquare",
  "featherMicOff",
  "featherMic",
  "featherMinimize2",
  "featherMinimize",
  "featherMinusCircle",
  "featherMinusSquare",
  "featherMinus",
  "featherMonitor",
  "featherMoon",
  "featherMoreHorizontal",
  "featherMoreVertical",
  "featherMousePointer",
  "featherMove",
  "featherMusic",
  "featherNavigation2",
  "featherNavigation",
  "featherOctagon",
  "featherPackage",
  "featherPaperclip",
  "featherPauseCircle",
  "featherPause",
  "featherPenTool",
  "featherPercent",
  "featherPhoneCall",
  "featherPhoneForwarded",
  "featherPhoneIncoming",
  "featherPhoneMissed",
  "featherPhoneOff",
  "featherPhoneOutgoing",
  "featherPhone",
  "featherPieChart",
  "featherPlayCircle",
  "featherPlay",
  "featherPlusCircle",
  "featherPlusSquare",
  "featherPlus",
  "featherPocket",
  "featherPower",
  "featherPrinter",
  "featherRadio",
  "featherRefreshCcw",
  "featherRefreshCw",
  "featherRepeat",
  "featherRewind",
  "featherRotateCcw",
  "featherRotateCw",
  "featherRss",
  "featherSave",
  "featherScissors",
  "featherSearch",
  "featherSend",
  "featherServer",
  "featherSettings",
  "featherShare2",
  "featherShare",
  "featherShieldOff",
  "featherShield",
  "featherShoppingBag",
  "featherShoppingCart",
  "featherShuffle",
  "featherSidebar",
  "featherSkipBack",
  "featherSkipForward",
  "featherSlack",
  "featherSlash",
  "featherSliders",
  "featherSmartphone",
  "featherSmile",
  "featherSpeaker",
  "featherSquare",
  "featherStar",
  "featherStopCircle",
  "featherSun",
  "featherSunrise",
  "featherSunset",
  "featherTable",
  "featherTablet",
  "featherTag",
  "featherTarget",
  "featherTerminal",
  "featherThermometer",
  "featherThumbsDown",
  "featherThumbsUp",
  "featherToggleLeft",
  "featherToggleRight",
  "featherTool",
  "featherTrash2",
  "featherTrash",
  "featherTrello",
  "featherTrendingDown",
  "featherTrendingUp",
  "featherTriangle",
  "featherTruck",
  "featherTv",
  "featherTwitch",
  "featherTwitter",
  "featherType",
  "featherUmbrella",
  "featherUnderline",
  "featherUnlock",
  "featherUploadCloud",
  "featherUpload",
  "featherUserCheck",
  "featherUserMinus",
  "featherUserPlus",
  "featherUserX",
  "featherUser",
  "featherUsers",
  "featherVideoOff",
  "featherVideo",
  "featherVoicemail",
  "featherVolume1",
  "featherVolume2",
  "featherVolumeX",
  "featherVolume",
  "featherWatch",
  "featherWifiOff",
  "featherWifi",
  "featherWind",
  "featherXCircle",
  "featherXOctagon",
  "featherXSquare",
  "featherX",
  "featherYoutube",
  "featherZapOff",
  "featherZap",
  "featherZoomIn",
  "featherZoomOut",
]
`;
