// Jest Snapshot v1, https://goo.gl/fbAQLP

exports[`TdesignIcons Icons should ensure the export names have not changed unexpectedly 1`] = `
Array [
  "tdesignActivity",
  "tdesignAddAndSubtract",
  "tdesignAddCircle",
  "tdesignAddRectangle",
  "tdesignAdd",
  "tdesignAddressBook",
  "tdesignAdjustment",
  "tdesignAirplayWave",
  "tdesignAlarmAdd",
  "tdesignAlarmOff",
  "tdesignAlarm",
  "tdesignAlignTop",
  "tdesignAlignVertical",
  "tdesignAlpha",
  "tdesignAnalytics",
  "tdesignAnchor",
  "tdesignAngry",
  "tdesignAnimation1",
  "tdesignAnimation",
  "tdesignAnticlockwise",
  "tdesignApi",
  "tdesignApp",
  "tdesignApple",
  "tdesignApplication",
  "tdesignArchitectureHuiStyle",
  "tdesignArchway1",
  "tdesignArchway",
  "tdesignArrowDownCircle",
  "tdesignArrowDownRectangle",
  "tdesignArrowDown",
  "tdesignArrowLeftCircle",
  "tdesignArrowLeftDownCircle",
  "tdesignArrowLeftDown",
  "tdesignArrowLeftRight1",
  "tdesignArrowLeftRight2",
  "tdesignArrowLeftRight3",
  "tdesignArrowLeftRightCircle",
  "tdesignArrowLeftUpCircle",
  "tdesignArrowLeftUp",
  "tdesignArrowLeft",
  "tdesignArrowRightCircle",
  "tdesignArrowRightDownCircle",
  "tdesignArrowRightDown",
  "tdesignArrowRightUpCircle",
  "tdesignArrowRightUp",
  "tdesignArrowRight",
  "tdesignArrowTriangleDownFilled",
  "tdesignArrowTriangleDown",
  "tdesignArrowTriangleUpFilled",
  "tdesignArrowTriangleUp",
  "tdesignArrowUpCircle",
  "tdesignArrowUpDown1",
  "tdesignArrowUpDown2",
  "tdesignArrowUpDown3",
  "tdesignArrowUpDownCircle",
  "tdesignArrowUp",
  "tdesignArtboard",
  "tdesignArticle",
  "tdesignAssignmentChecked",
  "tdesignAssignmentCode",
  "tdesignAssignmentError",
  "tdesignAssignmentUser",
  "tdesignAssignment",
  "tdesignAttach",
  "tdesignAttic1",
  "tdesignAttic",
  "tdesignAudio",
  "tdesignAwkward",
  "tdesignBacktopRectangle",
  "tdesignBacktop",
  "tdesignBackup",
  "tdesignBackward",
  "tdesignBadLaugh",
  "tdesignBambooShoot",
  "tdesignBanana",
  "tdesignBarbecue",
  "tdesignBarcode1",
  "tdesignBarcode",
  "tdesignBaseStation",
  "tdesignBatteryAdd",
  "tdesignBatteryCharging",
  "tdesignBatteryLow",
  "tdesignBattery",
  "tdesignBean",
  "tdesignBeer",
  "tdesignBeta",
  "tdesignBifurcate",
  "tdesignBill",
  "tdesignBlockchain",
  "tdesignBluetooth",
  "tdesignBone",
  "tdesignBookOpen",
  "tdesignBook",
  "tdesignBookmarkAdd",
  "tdesignBookmarkChecked",
  "tdesignBookmarkDouble",
  "tdesignBookmarkMinus",
  "tdesignBookmark",
  "tdesignBooks",
  "tdesignBraces",
  "tdesignBrackets",
  "tdesignBread",
  "tdesignBridge1",
  "tdesignBridge2",
  "tdesignBridge3",
  "tdesignBridge4",
  "tdesignBridge5",
  "tdesignBridge6",
  "tdesignBridge",
  "tdesignBrightness1",
  "tdesignBrightness",
  "tdesignBroccoli",
  "tdesignBrowseGallery",
  "tdesignBrowseOff",
  "tdesignBrowse",
  "tdesignBrush",
  "tdesignBugReport",
  "tdesignBug",
  "tdesignBuilding1",
  "tdesignBuilding2",
  "tdesignBuilding3",
  "tdesignBuilding4",
  "tdesignBuilding5",
  "tdesignBuilding",
  "tdesignBulletpoint",
  "tdesignButton",
  "tdesignCabbage",
  "tdesignCake",
  "tdesignCalculation1",
  "tdesignCalculation",
  "tdesignCalculator1",
  "tdesignCalculator",
  "tdesignCalendar1",
  "tdesignCalendar2",
  "tdesignCalendarEdit",
  "tdesignCalendarEvent",
  "tdesignCalendar",
  "tdesignCall1",
  "tdesignCallCancel",
  "tdesignCallForwarded",
  "tdesignCallIncoming",
  "tdesignCallOff",
  "tdesignCall",
  "tdesignCalm1",
  "tdesignCalm",
  "tdesignCamera1",
  "tdesignCamera2",
  "tdesignCameraOff",
  "tdesignCamera",
  "tdesignCandy",
  "tdesignCard",
  "tdesignCardmembership",
  "tdesignCaretDownSmall",
  "tdesignCaretDown",
  "tdesignCaretLeftSmall",
  "tdesignCaretLeft",
  "tdesignCaretRightSmall",
  "tdesignCaretRight",
  "tdesignCaretUpSmall",
  "tdesignCaretUp",
  "tdesignCartAdd",
  "tdesignCart",
  "tdesignCast",
  "tdesignCastle1",
  "tdesignCastle2",
  "tdesignCastle3",
  "tdesignCastle4",
  "tdesignCastle5",
  "tdesignCastle6",
  "tdesignCastle7",
  "tdesignCastle",
  "tdesignCat",
  "tdesignCatalog",
  "tdesignCd",
  "tdesignCelsius",
  "tdesignCenterFocusStrong",
  "tdesignCentimeter",
  "tdesignCertificate1",
  "tdesignCertificate",
  "tdesignChart3d",
  "tdesignChartAdd",
  "tdesignChartAnalytics",
  "tdesignChartAreaMulti",
  "tdesignChartArea",
  "tdesignChartBar",
  "tdesignChartBubble",
  "tdesignChartColum",
  "tdesignChartCombo",
  "tdesignChartLineData1",
  "tdesignChartLineData",
  "tdesignChartLineMulti",
  "tdesignChartLine",
  "tdesignChartMaximum",
  "tdesignChartMedian",
  "tdesignChartMinimum",
  "tdesignChartPie",
  "tdesignChartRadar",
  "tdesignChartRadial",
  "tdesignChartRing1",
  "tdesignChartRing",
  "tdesignChartScatter",
  "tdesignChartStacked",
  "tdesignChart",
  "tdesignChatAdd",
  "tdesignChatBubble1",
  "tdesignChatBubbleAdd",
  "tdesignChatBubbleError",
  "tdesignChatBubbleHelp",
  "tdesignChatBubbleHistory",
  "tdesignChatBubbleLocked",
  "tdesignChatBubbleSmile",
  "tdesignChatBubble",
  "tdesignChatChecked",
  "tdesignChatClear",
  "tdesignChatDouble",
  "tdesignChatError",
  "tdesignChatHeart",
  "tdesignChatMessage",
  "tdesignChatOff",
  "tdesignChatPoll",
  "tdesignChatSetting",
  "tdesignChat",
  "tdesignCheckCircleFilled",
  "tdesignCheckCircle",
  "tdesignCheckDouble",
  "tdesignCheckRectangleFilled",
  "tdesignCheckRectangle",
  "tdesignCheck",
  "tdesignCheese",
  "tdesignCherry",
  "tdesignChevronDownCircle",
  "tdesignChevronDownDoubleS",
  "tdesignChevronDownDouble",
  "tdesignChevronDownRectangle",
  "tdesignChevronDownS",
  "tdesignChevronDown",
  "tdesignChevronLeftCircle",
  "tdesignChevronLeftDoubleS",
  "tdesignChevronLeftDouble",
  "tdesignChevronLeftRectangle",
  "tdesignChevronLeftS",
  "tdesignChevronLeft",
  "tdesignChevronRightCircle",
  "tdesignChevronRightDoubleS",
  "tdesignChevronRightDouble",
  "tdesignChevronRightRectangle",
  "tdesignChevronRightS",
  "tdesignChevronRight",
  "tdesignChevronUpCircle",
  "tdesignChevronUpDoubleS",
  "tdesignChevronUpDouble",
  "tdesignChevronUpRectangle",
  "tdesignChevronUpS",
  "tdesignChevronUp",
  "tdesignChicken",
  "tdesignChili",
  "tdesignChimney1",
  "tdesignChimney2",
  "tdesignChimney",
  "tdesignChineseCabbage",
  "tdesignChurch",
  "tdesignCircle",
  "tdesignCity1",
  "tdesignCity10",
  "tdesignCity11",
  "tdesignCity12",
  "tdesignCity13",
  "tdesignCity14",
  "tdesignCity15",
  "tdesignCity2",
  "tdesignCity3",
  "tdesignCity4",
  "tdesignCity5",
  "tdesignCity6",
  "tdesignCity7",
  "tdesignCity8",
  "tdesignCity9",
  "tdesignCityAncient1",
  "tdesignCityAncient2",
  "tdesignCityAncient",
  "tdesignCity",
  "tdesignClearFormatting1",
  "tdesignClearFormatting",
  "tdesignClear",
  "tdesignCloseCircleFilled",
  "tdesignCloseCircle",
  "tdesignCloseOctagon",
  "tdesignCloseRectangle",
  "tdesignClose",
  "tdesignCloudDownload",
  "tdesignCloudUpload",
  "tdesignCloud",
  "tdesignCloudyDay",
  "tdesignCloudyNightRain",
  "tdesignCloudyNight",
  "tdesignCloudyRain",
  "tdesignCloudySunny",
  "tdesignCode1",
  "tdesignCodeOff",
  "tdesignCode",
  "tdesignCola",
  "tdesignCollage",
  "tdesignCollection",
  "tdesignColorInvert",
  "tdesignCombination",
  "tdesignCommand",
  "tdesignCompass1",
  "tdesignCompass",
  "tdesignComponentBreadcrumb",
  "tdesignComponentCheckbox",
  "tdesignComponentDividerHorizontal",
  "tdesignComponentDividerVertical",
  "tdesignComponentDropdown",
  "tdesignComponentGrid",
  "tdesignComponentInput",
  "tdesignComponentLayout",
  "tdesignComponentRadio",
  "tdesignComponentSpace",
  "tdesignComponentSteps",
  "tdesignComponentSwitch",
  "tdesignConstraint",
  "tdesignContrast1",
  "tdesignContrast",
  "tdesignControlPlatform",
  "tdesignCooperate",
  "tdesignCoordinateSystem",
  "tdesignCopy",
  "tdesignCopyright",
  "tdesignCorn",
  "tdesignCoupon",
  "tdesignCourse",
  "tdesignCpu",
  "tdesignCrack",
  "tdesignCreditcardAdd",
  "tdesignCreditcardOff",
  "tdesignCreditcard",
  "tdesignCrookedSmile",
  "tdesignCryAndLaugh",
  "tdesignCryLoudly",
  "tdesignCss3",
  "tdesignCucumber",
  "tdesignCurrencyExchange",
  "tdesignCursor",
  "tdesignCurtain",
  "tdesignCurve",
  "tdesignCut1",
  "tdesignCut",
  "tdesignDam1",
  "tdesignDam2",
  "tdesignDam3",
  "tdesignDam4",
  "tdesignDam5",
  "tdesignDam6",
  "tdesignDam7",
  "tdesignDam",
  "tdesignDartBoard",
  "tdesignDashboard1",
  "tdesignDashboard",
  "tdesignDataBase",
  "tdesignDataChecked",
  "tdesignDataDisplay",
  "tdesignDataError",
  "tdesignDataSearch",
  "tdesignData",
  "tdesignDelete1",
  "tdesignDeleteTime",
  "tdesignDelete",
  "tdesignDelta",
  "tdesignDepressed",
  "tdesignDesktop1",
  "tdesignDesktop",
  "tdesignDespise",
  "tdesignDevice",
  "tdesignDiscountFilled",
  "tdesignDiscount",
  "tdesignDissatisfaction",
  "tdesignDivide",
  "tdesignDividers1",
  "tdesignDividers",
  "tdesignDoge",
  "tdesignDoubleStorey",
  "tdesignDownload1",
  "tdesignDownload",
  "tdesignDownscale",
  "tdesignDragDrop",
  "tdesignDragMove",
  "tdesignDrink",
  "tdesignDrumstick",
  "tdesignDv",
  "tdesignDvd",
  "tdesignEarphone",
  "tdesignEarth",
  "tdesignEdit1",
  "tdesignEdit2",
  "tdesignEditOff",
  "tdesignEdit",
  "tdesignEducation",
  "tdesignEggplant",
  "tdesignEllipsis",
  "tdesignEmoEmotional",
  "tdesignEnter",
  "tdesignEqual",
  "tdesignErrorCircleFilled",
  "tdesignErrorCircle",
  "tdesignErrorTriangle",
  "tdesignError",
  "tdesignExcited1",
  "tdesignExcited",
  "tdesignExpandHorizontal",
  "tdesignExpandVertical",
  "tdesignExploreOff",
  "tdesignExplore",
  "tdesignExposure",
  "tdesignExtensionOff",
  "tdesignExtension",
  "tdesignFaceRetouching",
  "tdesignFactCheck",
  "tdesignFahrenheitScale",
  "tdesignFeature",
  "tdesignFeelAtEase",
  "tdesignFerocious",
  "tdesignFerrisWheel",
  "tdesignFile1",
  "tdesignFileAdd1",
  "tdesignFileAdd",
  "tdesignFileAttachment",
  "tdesignFileBlocked",
  "tdesignFileCode1",
  "tdesignFileCode",
  "tdesignFileCopy",
  "tdesignFileDownload",
  "tdesignFileExcel",
  "tdesignFileExport",
  "tdesignFileIcon",
  "tdesignFileImage",
  "tdesignFileImport",
  "tdesignFileLocked",
  "tdesignFileMinus",
  "tdesignFileMusic",
  "tdesignFileOnenote",
  "tdesignFileOutlook",
  "tdesignFilePaste",
  "tdesignFilePdf",
  "tdesignFilePowerpoint",
  "tdesignFileRestore",
  "tdesignFileSafety",
  "tdesignFileSearch",
  "tdesignFileSetting",
  "tdesignFileTeams",
  "tdesignFileUnknown",
  "tdesignFileUnlocked",
  "tdesignFileWord",
  "tdesignFileZip",
  "tdesignFile",
  "tdesignFillColor1",
  "tdesignFillColor",
  "tdesignFilm1",
  "tdesignFilm",
  "tdesignFilter1",
  "tdesignFilter2",
  "tdesignFilter3",
  "tdesignFilterClear",
  "tdesignFilterOff",
  "tdesignFilter",
  "tdesignFingerprint1",
  "tdesignFingerprint2",
  "tdesignFingerprint3",
  "tdesignFingerprint",
  "tdesignFish",
  "tdesignFlag1",
  "tdesignFlag2",
  "tdesignFlag3",
  "tdesignFlag4",
  "tdesignFlag",
  "tdesignFlashlight",
  "tdesignFlightLanding",
  "tdesignFlightTakeoff",
  "tdesignFlipSmilingFace",
  "tdesignFlipToBack",
  "tdesignFlipToFront",
  "tdesignFocus",
  "tdesignFogNight",
  "tdesignFogSunny",
  "tdesignFog",
  "tdesignFolder1",
  "tdesignFolderAdd1",
  "tdesignFolderAdd",
  "tdesignFolderBlocked",
  "tdesignFolderDetails",
  "tdesignFolderExport",
  "tdesignFolderImport",
  "tdesignFolderLocked",
  "tdesignFolderMinus",
  "tdesignFolderMove",
  "tdesignFolderOff",
  "tdesignFolderOpen1",
  "tdesignFolderOpen",
  "tdesignFolderSearch",
  "tdesignFolderSetting",
  "tdesignFolderShared",
  "tdesignFolderUnlocked",
  "tdesignFolderZip",
  "tdesignFolder",
  "tdesignForest",
  "tdesignFork",
  "tdesignForm",
  "tdesignFormatHorizontalAlignBottom",
  "tdesignFormatHorizontalAlignCenter",
  "tdesignFormatHorizontalAlignTop",
  "tdesignFormatVerticalAlignCenter",
  "tdesignFormatVerticalAlignLeft",
  "tdesignFormatVerticalAlignRight",
  "tdesignForward",
  "tdesignFrame1",
  "tdesignFrame",
  "tdesignFries",
  "tdesignFullscreen1",
  "tdesignFullscreen2",
  "tdesignFullscreenExit1",
  "tdesignFullscreenExit",
  "tdesignFullscreen",
  "tdesignFunctionAdd",
  "tdesignFunctionCurve",
  "tdesignFunctions1",
  "tdesignFunctions",
  "tdesignGamepad1",
  "tdesignGamepad",
  "tdesignGamma",
  "tdesignGarlic",
  "tdesignGenderFemale",
  "tdesignGenderMale",
  "tdesignGestureApplause",
  "tdesignGestureClick",
  "tdesignGestureDown",
  "tdesignGestureExpansion",
  "tdesignGestureLeftSlip",
  "tdesignGestureLeft",
  "tdesignGesturePray1",
  "tdesignGesturePray",
  "tdesignGesturePress",
  "tdesignGestureRanslation1",
  "tdesignGestureRanslation",
  "tdesignGestureRightSlip",
  "tdesignGestureRight",
  "tdesignGestureSlideUp",
  "tdesignGestureUp1",
  "tdesignGestureUp2",
  "tdesignGestureUpAndDown",
  "tdesignGestureUp",
  "tdesignGestureWipeDown",
  "tdesignGift",
  "tdesignGiggle",
  "tdesignGitBranch",
  "tdesignGitCommit",
  "tdesignGitMerge",
  "tdesignGitPullRequest",
  "tdesignGitRepositoryCommits",
  "tdesignGitRepositoryPrivate",
  "tdesignGitRepository",
  "tdesignGps",
  "tdesignGrape",
  "tdesignGreaterThanOrEqual",
  "tdesignGreaterThan",
  "tdesignGreenOnion",
  "tdesignGridAdd",
  "tdesignGridView",
  "tdesignGuitar",
  "tdesignHamburger",
  "tdesignHappy",
  "tdesignHardDiskStorage",
  "tdesignHardDrive",
  "tdesignHashtag",
  "tdesignHd",
  "tdesignHeartFilled",
  "tdesignHeart",
  "tdesignHelpCircleFilled",
  "tdesignHelpCircle",
  "tdesignHelpRectangle",
  "tdesignHelp",
  "tdesignHighlight1",
  "tdesignHighlight",
  "tdesignHistorySetting",
  "tdesignHistory",
  "tdesignHome",
  "tdesignHospital1",
  "tdesignHospital",
  "tdesignHotspotWave",
  "tdesignHourglass",
  "tdesignHouses1",
  "tdesignHouses2",
  "tdesignHouses",
  "tdesignHtml5",
  "tdesignHttps",
  "tdesignIceCream",
  "tdesignIcon",
  "tdesignImage1",
  "tdesignImageAdd",
  "tdesignImageEdit",
  "tdesignImageError",
  "tdesignImageOff",
  "tdesignImageSearch",
  "tdesignImage",
  "tdesignIndentLeft",
  "tdesignIndentRight",
  "tdesignIndicator",
  "tdesignInfoCircleFilled",
  "tdesignInfoCircle",
  "tdesignInk",
  "tdesignInstallDesktop",
  "tdesignInstallMobile",
  "tdesignInstall",
  "tdesignInstitutionChecked",
  "tdesignInstitution",
  "tdesignInternet",
  "tdesignIpod",
  "tdesignJoyful",
  "tdesignJumpOff",
  "tdesignJump",
  "tdesignKeyboard",
  "tdesignLaptop",
  "tdesignLayers",
  "tdesignLayout",
  "tdesignLeaderboard",
  "tdesignLemonSlice",
  "tdesignLemon",
  "tdesignLessThanOrEqual",
  "tdesignLessThan",
  "tdesignLettersA",
  "tdesignLettersB",
  "tdesignLettersC",
  "tdesignLettersD",
  "tdesignLettersE",
  "tdesignLettersF",
  "tdesignLettersG",
  "tdesignLettersH",
  "tdesignLettersI",
  "tdesignLettersJ",
  "tdesignLettersK",
  "tdesignLettersL",
  "tdesignLettersM",
  "tdesignLettersN",
  "tdesignLettersO",
  "tdesignLettersP",
  "tdesignLettersQ",
  "tdesignLettersR",
  "tdesignLettersS",
  "tdesignLettersT",
  "tdesignLettersU",
  "tdesignLettersV",
  "tdesignLettersW",
  "tdesignLettersX",
  "tdesignLettersY",
  "tdesignLettersZ",
  "tdesignLightbulbCircle",
  "tdesignLightbulb",
  "tdesignLighthouse1",
  "tdesignLighthouse2",
  "tdesignLighthouse",
  "tdesignLightingCircle",
  "tdesignLineHeight",
  "tdesignLink1",
  "tdesignLinkUnlink",
  "tdesignLink",
  "tdesignLiquor",
  "tdesignList",
  "tdesignLoad",
  "tdesignLoading",
  "tdesignLocation1",
  "tdesignLocationEnlargement",
  "tdesignLocationError",
  "tdesignLocationParkingPlace",
  "tdesignLocationReduction",
  "tdesignLocationSetting",
  "tdesignLocation",
  "tdesignLockOff",
  "tdesignLockOn",
  "tdesignLockTime",
  "tdesignLogin",
  "tdesignLogoAdobeIllustrate",
  "tdesignLogoAdobePhotoshop1",
  "tdesignLogoAdobePhotoshop",
  "tdesignLogoAndroid",
  "tdesignLogoAppleFilled",
  "tdesignLogoApple",
  "tdesignLogoBehance",
  "tdesignLogoChromeFilled",
  "tdesignLogoChrome",
  "tdesignLogoCinema4d",
  "tdesignLogoCodepen",
  "tdesignLogoCodesandbox",
  "tdesignLogoDribbble",
  "tdesignLogoFacebook",
  "tdesignLogoFigma",
  "tdesignLogoFramer",
  "tdesignLogoGithubFilled",
  "tdesignLogoGithub",
  "tdesignLogoGitlab",
  "tdesignLogoIeFilled",
  "tdesignLogoIe",
  "tdesignLogoInstagram",
  "tdesignLogoQq",
  "tdesignLogoTwitter",
  "tdesignLogoWechatStroke",
  "tdesignLogoWechat",
  "tdesignLogoWecom",
  "tdesignLogoWindowsFilled",
  "tdesignLogoWindows",
  "tdesignLogoYoutube",
  "tdesignLogout",
  "tdesignLookAround",
  "tdesignLoudspeaker",
  "tdesignMail",
  "tdesignMap3d",
  "tdesignMapAdd",
  "tdesignMapAiming",
  "tdesignMapBlocked",
  "tdesignMapBubble",
  "tdesignMapCancel",
  "tdesignMapChat",
  "tdesignMapChecked",
  "tdesignMapCollection",
  "tdesignMapConnection",
  "tdesignMapDistance",
  "tdesignMapDouble",
  "tdesignMapEdit",
  "tdesignMapGrid",
  "tdesignMapInformation1",
  "tdesignMapInformation2",
  "tdesignMapInformation",
  "tdesignMapLocation",
  "tdesignMapLocked",
  "tdesignMapMarked",
  "tdesignMapNavigation",
  "tdesignMapOutline",
  "tdesignMapRoutePlanning",
  "tdesignMapRuler",
  "tdesignMapSafety",
  "tdesignMapSearch1",
  "tdesignMapSearch",
  "tdesignMapSetting",
  "tdesignMapUnlocked",
  "tdesignMap",
  "tdesignMarkAsUnread",
  "tdesignMarkup",
  "tdesignMathematics",
  "tdesignMeasurement1",
  "tdesignMeasurement2",
  "tdesignMeasurement",
  "tdesignMeatPepper",
  "tdesignMediaLibrary",
  "tdesignMember",
  "tdesignMenuApplication",
  "tdesignMenuFold",
  "tdesignMenuUnfold",
  "tdesignMenu",
  "tdesignMergeCells",
  "tdesignMicrophone1",
  "tdesignMicrophone2",
  "tdesignMicrophone",
  "tdesignMilk",
  "tdesignMinusCircleFilled",
  "tdesignMinusCircle",
  "tdesignMinusRectangleFilled",
  "tdesignMinusRectangle",
  "tdesignMinus",
  "tdesignMirror",
  "tdesignMobileBlocked",
  "tdesignMobileList",
  "tdesignMobileNavigation",
  "tdesignMobileShortcut",
  "tdesignMobileVibrate",
  "tdesignMobile",
  "tdesignModeDark",
  "tdesignModeLight",
  "tdesignModule",
  "tdesignMoneyCircle",
  "tdesignMoney",
  "tdesignMonument",
  "tdesignMoonFall",
  "tdesignMoonRising",
  "tdesignMoon",
  "tdesignMore",
  "tdesignMosque1",
  "tdesignMosque",
  "tdesignMouse",
  "tdesignMove1",
  "tdesignMove",
  "tdesignMovieClapper",
  "tdesignMultiply",
  "tdesignMuseum1",
  "tdesignMuseum2",
  "tdesignMuseum",
  "tdesignMushroom1",
  "tdesignMushroom",
  "tdesignMusic1",
  "tdesignMusic2",
  "tdesignMusicRectangleAdd",
  "tdesignMusic",
  "tdesignNavigationArrow",
  "tdesignNext",
  "tdesignNoExpression",
  "tdesignNoodle",
  "tdesignNotificationAdd",
  "tdesignNotificationCircle",
  "tdesignNotificationError",
  "tdesignNotificationFilled",
  "tdesignNotification",
  "tdesignNumbers01",
  "tdesignNumbers0",
  "tdesignNumbers11",
  "tdesignNumbers1",
  "tdesignNumbers21",
  "tdesignNumbers2",
  "tdesignNumbers31",
  "tdesignNumbers3",
  "tdesignNumbers41",
  "tdesignNumbers4",
  "tdesignNumbers51",
  "tdesignNumbers5",
  "tdesignNumbers61",
  "tdesignNumbers6",
  "tdesignNumbers71",
  "tdesignNumbers7",
  "tdesignNumbers81",
  "tdesignNumbers8",
  "tdesignNumbers91",
  "tdesignNumbers9",
  "tdesignNut",
  "tdesignObjectStorage",
  "tdesignOpenMouth",
  "tdesignOpera",
  "tdesignOrderAdjustmentColumn",
  "tdesignOrderAscending",
  "tdesignOrderDescending",
  "tdesignOutbox",
  "tdesignPageFirst",
  "tdesignPageHead",
  "tdesignPageLast",
  "tdesignPalace1",
  "tdesignPalace2",
  "tdesignPalace3",
  "tdesignPalace4",
  "tdesignPalace",
  "tdesignPalette1",
  "tdesignPalette",
  "tdesignPanoramaHorizontal",
  "tdesignPanoramaVertical",
  "tdesignPantone",
  "tdesignParabola",
  "tdesignParentheses",
  "tdesignPaste",
  "tdesignPatio",
  "tdesignPauseCircleFilled",
  "tdesignPauseCircleStroke",
  "tdesignPauseCircle",
  "tdesignPause",
  "tdesignPea",
  "tdesignPeach",
  "tdesignPear",
  "tdesignPearlOfTheOrient",
  "tdesignPenBall",
  "tdesignPenBrush",
  "tdesignPenMark",
  "tdesignPenQuill",
  "tdesignPen",
  "tdesignPending",
  "tdesignPercent",
  "tdesignPersonalInformation",
  "tdesignPhoneLocked",
  "tdesignPhoneSearch",
  "tdesignPhoto",
  "tdesignPi",
  "tdesignPiano",
  "tdesignPinFilled",
  "tdesignPin",
  "tdesignPlayCircleFilled",
  "tdesignPlayCircleStrokeAdd",
  "tdesignPlayCircleStroke",
  "tdesignPlayCircle",
  "tdesignPlayDemo",
  "tdesignPlayRectangle",
  "tdesignPlay",
  "tdesignPlus",
  "tdesignPopsicle",
  "tdesignPortrait",
  "tdesignPout",
  "tdesignPoweroff",
  "tdesignPreciseMonitor",
  "tdesignPrevious",
  "tdesignPrint",
  "tdesignPumpkin",
  "tdesignPyramidMaya",
  "tdesignPyramid",
  "tdesignQrcode",
  "tdesignQuadratic",
  "tdesignQuestionnaire",
  "tdesignQueue",
  "tdesignRadar",
  "tdesignRadio1",
  "tdesignRadio2",
  "tdesignRadish",
  "tdesignRainHeavy",
  "tdesignRainLight",
  "tdesignRainMedium",
  "tdesignRainbow",
  "tdesignRectangle",
  "tdesignRefresh",
  "tdesignRelation",
  "tdesignRelativity",
  "tdesignRemoteWave",
  "tdesignRemove",
  "tdesignReplay",
  "tdesignRiceBall",
  "tdesignRice",
  "tdesignRoast",
  "tdesignRocket",
  "tdesignRollback",
  "tdesignRollfront",
  "tdesignRootList",
  "tdesignRotateLocked",
  "tdesignRotate",
  "tdesignRotation",
  "tdesignRound",
  "tdesignRouterWave",
  "tdesignRss",
  "tdesignRuler",
  "tdesignSailingHotel",
  "tdesignSandwich",
  "tdesignSaturation",
  "tdesignSausage",
  "tdesignSave",
  "tdesignSavingPot",
  "tdesignScan",
  "tdesignScreen4k",
  "tdesignScreencast",
  "tdesignScreenshot",
  "tdesignScrollBar",
  "tdesignSdCard1",
  "tdesignSdCard",
  "tdesignSearchError",
  "tdesignSearch",
  "tdesignSecured",
  "tdesignSendCancel",
  "tdesignSend",
  "tdesignSensors1",
  "tdesignSensors2",
  "tdesignSensorsOff",
  "tdesignSensors",
  "tdesignSerenity",
  "tdesignServer",
  "tdesignService",
  "tdesignSetting1",
  "tdesignSetting",
  "tdesignShare1",
  "tdesignShare",
  "tdesignSharpness",
  "tdesignShieldError",
  "tdesignShimen",
  "tdesignShop1",
  "tdesignShop2",
  "tdesignShop3",
  "tdesignShop4",
  "tdesignShop5",
  "tdesignShop",
  "tdesignShrimp",
  "tdesignShrinkHorizontal",
  "tdesignShrinkVertical",
  "tdesignShutter",
  "tdesignShutup",
  "tdesignSimCard1",
  "tdesignSimCard2",
  "tdesignSimCard",
  "tdesignSinisterSmile",
  "tdesignSip",
  "tdesignSlash",
  "tdesignSleep",
  "tdesignSlice",
  "tdesignSlideshow",
  "tdesignSmile",
  "tdesignSneer",
  "tdesignSnowflake",
  "tdesignSonic",
  "tdesignSoundDown",
  "tdesignSoundHigh",
  "tdesignSoundLow",
  "tdesignSoundMute1",
  "tdesignSoundMute",
  "tdesignSoundUp",
  "tdesignSound",
  "tdesignSpace",
  "tdesignSpeechless1",
  "tdesignStarFilled",
  "tdesignStar",
  "tdesignStatueOfJesus",
  "tdesignStickyNote",
  "tdesignStopCircle1",
  "tdesignStopCircleFilled",
  "tdesignStopCircleStroke",
  "tdesignStopCircle",
  "tdesignStop",
  "tdesignStore",
  "tdesignStreetRoad1",
  "tdesignStreetRoad",
  "tdesignSubtitle",
  "tdesignSubwayLine",
  "tdesignSum",
  "tdesignSunFall",
  "tdesignSunRising",
  "tdesignSunny",
  "tdesignSupport",
  "tdesignSurprised1",
  "tdesignSurprised",
  "tdesignSwapLeft",
  "tdesignSwapRight",
  "tdesignSwap",
  "tdesignSwear1",
  "tdesignSwear2",
  "tdesignSystem2",
  "tdesignSystem3",
  "tdesignSystemApplication",
  "tdesignSystemBlocked",
  "tdesignSystemCode",
  "tdesignSystemComponents",
  "tdesignSystemCoordinate",
  "tdesignSystemDevice",
  "tdesignSystemInterface",
  "tdesignSystemLocation",
  "tdesignSystemLocked",
  "tdesignSystemLog",
  "tdesignSystemMarked",
  "tdesignSystemMessages",
  "tdesignSystemRegulation",
  "tdesignSystemSearch",
  "tdesignSystemSetting",
  "tdesignSystemStorage",
  "tdesignSystemSum",
  "tdesignSystemUnlocked",
  "tdesignTab",
  "tdesignTable1",
  "tdesignTable2",
  "tdesignTableAdd",
  "tdesignTableSplit",
  "tdesignTable",
  "tdesignTag",
  "tdesignTangerinr",
  "tdesignTape",
  "tdesignTask1",
  "tdesignTaskAdd1",
  "tdesignTaskAdd",
  "tdesignTaskChecked",
  "tdesignTaskError",
  "tdesignTaskLocation",
  "tdesignTaskMarked",
  "tdesignTaskSetting",
  "tdesignTaskVisible",
  "tdesignTask",
  "tdesignTea",
  "tdesignTeahouse",
  "tdesignTemplate",
  "tdesignTemple",
  "tdesignTerminalRectangle1",
  "tdesignTerminalRectangle",
  "tdesignTerminalWindow",
  "tdesignTerminal",
  "tdesignTextbox",
  "tdesignTextformatBold",
  "tdesignTextformatColor",
  "tdesignTextformatItalic",
  "tdesignTextformatStrikethrough",
  "tdesignTextformatUnderline",
  "tdesignTextformatWrap",
  "tdesignTheaters",
  "tdesignThumbDown1",
  "tdesignThumbDown2",
  "tdesignThumbDown",
  "tdesignThumbUp1",
  "tdesignThumbUp2",
  "tdesignThumbUp",
  "tdesignThunder",
  "tdesignThunderstormNight",
  "tdesignThunderstormSunny",
  "tdesignThunderstorm",
  "tdesignTicket",
  "tdesignTimeFilled",
  "tdesignTime",
  "tdesignTipsDouble",
  "tdesignTips",
  "tdesignTomato",
  "tdesignToolsCircle",
  "tdesignTools",
  "tdesignTornado",
  "tdesignTower1",
  "tdesignTower2",
  "tdesignTower3",
  "tdesignTowerClock",
  "tdesignTower",
  "tdesignTown",
  "tdesignTrafficEvents",
  "tdesignTraffic",
  "tdesignTransform1",
  "tdesignTransform2",
  "tdesignTransform3",
  "tdesignTransform",
  "tdesignTranslate1",
  "tdesignTranslate",
  "tdesignTreeList",
  "tdesignTreeRoundDotVertical",
  "tdesignTreeRoundDot",
  "tdesignTreeSquareDotVertical",
  "tdesignTreeSquareDot",
  "tdesignTrendingDown",
  "tdesignTrendingUp",
  "tdesignTv1",
  "tdesignTv2",
  "tdesignTv",
  "tdesignTypography",
  "tdesignUncomfortable1",
  "tdesignUncomfortable2",
  "tdesignUncomfortable",
  "tdesignUndertakeDelivery",
  "tdesignUndertakeEnvironmentProtection",
  "tdesignUndertakeHoldUp",
  "tdesignUndertakeTransaction",
  "tdesignUndertake",
  "tdesignUnfoldLess",
  "tdesignUnfoldMore",
  "tdesignUnhappy1",
  "tdesignUnhappy",
  "tdesignUninstall",
  "tdesignUpload1",
  "tdesignUpload",
  "tdesignUpscale",
  "tdesignUsb",
  "tdesignUser1",
  "tdesignUserAdd",
  "tdesignUserArrowDown",
  "tdesignUserArrowLeft",
  "tdesignUserArrowRight",
  "tdesignUserArrowUp",
  "tdesignUserAvatar",
  "tdesignUserBlocked",
  "tdesignUserBusiness",
  "tdesignUserChecked1",
  "tdesignUserChecked",
  "tdesignUserCircle",
  "tdesignUserClear",
  "tdesignUserError1",
  "tdesignUserInvisible",
  "tdesignUserList",
  "tdesignUserLocked",
  "tdesignUserMarked",
  "tdesignUserPassword",
  "tdesignUserSafety",
  "tdesignUserSearch",
  "tdesignUserSetting",
  "tdesignUserTalk1",
  "tdesignUserTalkOff1",
  "tdesignUserTalk",
  "tdesignUserTime",
  "tdesignUserTransmit",
  "tdesignUserUnknown",
  "tdesignUserUnlocked",
  "tdesignUserVip",
  "tdesignUserVisible",
  "tdesignUser",
  "tdesignUsergroupAdd",
  "tdesignUsergroupClear",
  "tdesignUsergroup",
  "tdesignVehicle",
  "tdesignVerified",
  "tdesignVerify",
  "tdesignVideoCamera1",
  "tdesignVideoCamera2",
  "tdesignVideoCameraDollar",
  "tdesignVideoCameraMinus",
  "tdesignVideoCameraMusic",
  "tdesignVideoCameraOff",
  "tdesignVideoCamera",
  "tdesignVideoLibrary",
  "tdesignVideo",
  "tdesignViewAgenda",
  "tdesignViewColumn",
  "tdesignViewInAr",
  "tdesignViewList",
  "tdesignViewModule",
  "tdesignVisualRecognition",
  "tdesignWallet",
  "tdesignWatch",
  "tdesignWatermelon",
  "tdesignWaveLeft",
  "tdesignWaveRight",
  "tdesignWealth1",
  "tdesignWealth",
  "tdesignWidget",
  "tdesignWifi1",
  "tdesignWifiOff1",
  "tdesignWifiOff",
  "tdesignWifi",
  "tdesignWindow1",
  "tdesignWindow",
  "tdesignWindyRain",
  "tdesignWindy",
  "tdesignWink",
  "tdesignWorkHistory",
  "tdesignWorkOff",
  "tdesignWork",
  "tdesignWrySmile",
  "tdesignZoomIn",
  "tdesignZoomOut",
]
`;
